Archive member included because of file (symbol)

c:/altera/12.1sp1/nios2eds/bin/gnu/h-i686-mingw32/bin/../lib/gcc/nios2-elf/4.1.2/../../../../nios2-elf/lib\libc.a(lib_a-fgets.o)
                              obj/default/main.o (fgets)
c:/altera/12.1sp1/nios2eds/bin/gnu/h-i686-mingw32/bin/../lib/gcc/nios2-elf/4.1.2/../../../../nios2-elf/lib\libc.a(lib_a-findfp.o)
                              c:/altera/12.1sp1/nios2eds/bin/gnu/h-i686-mingw32/bin/../lib/gcc/nios2-elf/4.1.2/../../../../nios2-elf/lib\libc.a(lib_a-fgets.o) (__sinit)
c:/altera/12.1sp1/nios2eds/bin/gnu/h-i686-mingw32/bin/../lib/gcc/nios2-elf/4.1.2/../../../../nios2-elf/lib\libc.a(lib_a-fopen.o)
                              obj/default/main.o (fopen)
c:/altera/12.1sp1/nios2eds/bin/gnu/h-i686-mingw32/bin/../lib/gcc/nios2-elf/4.1.2/../../../../nios2-elf/lib\libc.a(lib_a-fseek.o)
                              c:/altera/12.1sp1/nios2eds/bin/gnu/h-i686-mingw32/bin/../lib/gcc/nios2-elf/4.1.2/../../../../nios2-elf/lib\libc.a(lib_a-fopen.o) (_fseek_r)
c:/altera/12.1sp1/nios2eds/bin/gnu/h-i686-mingw32/bin/../lib/gcc/nios2-elf/4.1.2/../../../../nios2-elf/lib\libc.a(lib_a-fstatr.o)
                              c:/altera/12.1sp1/nios2eds/bin/gnu/h-i686-mingw32/bin/../lib/gcc/nios2-elf/4.1.2/../../../../nios2-elf/lib\libc.a(lib_a-fseek.o) (_fstat_r)
c:/altera/12.1sp1/nios2eds/bin/gnu/h-i686-mingw32/bin/../lib/gcc/nios2-elf/4.1.2/../../../../nios2-elf/lib\libc.a(lib_a-fwalk.o)
                              c:/altera/12.1sp1/nios2eds/bin/gnu/h-i686-mingw32/bin/../lib/gcc/nios2-elf/4.1.2/../../../../nios2-elf/lib\libc.a(lib_a-findfp.o) (_fwalk)
c:/altera/12.1sp1/nios2eds/bin/gnu/h-i686-mingw32/bin/../lib/gcc/nios2-elf/4.1.2/../../../../nios2-elf/lib\libc.a(lib_a-fwrite.o)
                              obj/default/main.o (fwrite)
c:/altera/12.1sp1/nios2eds/bin/gnu/h-i686-mingw32/bin/../lib/gcc/nios2-elf/4.1.2/../../../../nios2-elf/lib\libc.a(lib_a-impure.o)
                              c:/altera/12.1sp1/nios2eds/bin/gnu/h-i686-mingw32/bin/../lib/gcc/nios2-elf/4.1.2/../../../../nios2-elf/lib\libc.a(lib_a-fgets.o) (_impure_ptr)
c:/altera/12.1sp1/nios2eds/bin/gnu/h-i686-mingw32/bin/../lib/gcc/nios2-elf/4.1.2/../../../../nios2-elf/lib\libc.a(lib_a-int_errno.o)
                              c:/altera/12.1sp1/nios2eds/bin/gnu/h-i686-mingw32/bin/../lib/gcc/nios2-elf/4.1.2/../../../../nios2-elf/lib\libc.a(lib_a-fstatr.o) (errno)
c:/altera/12.1sp1/nios2eds/bin/gnu/h-i686-mingw32/bin/../lib/gcc/nios2-elf/4.1.2/../../../../nios2-elf/lib\libc.a(lib_a-makebuf.o)
                              c:/altera/12.1sp1/nios2eds/bin/gnu/h-i686-mingw32/bin/../lib/gcc/nios2-elf/4.1.2/../../../../nios2-elf/lib\libc.a(lib_a-fseek.o) (__smakebuf_r)
c:/altera/12.1sp1/nios2eds/bin/gnu/h-i686-mingw32/bin/../lib/gcc/nios2-elf/4.1.2/../../../../nios2-elf/lib\libc.a(lib_a-mallocr.o)
                              c:/altera/12.1sp1/nios2eds/bin/gnu/h-i686-mingw32/bin/../lib/gcc/nios2-elf/4.1.2/../../../../nios2-elf/lib\libc.a(lib_a-findfp.o) (_malloc_r)
c:/altera/12.1sp1/nios2eds/bin/gnu/h-i686-mingw32/bin/../lib/gcc/nios2-elf/4.1.2/../../../../nios2-elf/lib\libc.a(lib_a-memchr.o)
                              c:/altera/12.1sp1/nios2eds/bin/gnu/h-i686-mingw32/bin/../lib/gcc/nios2-elf/4.1.2/../../../../nios2-elf/lib\libc.a(lib_a-fgets.o) (memchr)
c:/altera/12.1sp1/nios2eds/bin/gnu/h-i686-mingw32/bin/../lib/gcc/nios2-elf/4.1.2/../../../../nios2-elf/lib\libc.a(lib_a-memcpy.o)
                              c:/altera/12.1sp1/nios2eds/bin/gnu/h-i686-mingw32/bin/../lib/gcc/nios2-elf/4.1.2/../../../../nios2-elf/lib\libc.a(lib_a-fgets.o) (memcpy)
c:/altera/12.1sp1/nios2eds/bin/gnu/h-i686-mingw32/bin/../lib/gcc/nios2-elf/4.1.2/../../../../nios2-elf/lib\libc.a(lib_a-memset.o)
                              c:/altera/12.1sp1/nios2eds/bin/gnu/h-i686-mingw32/bin/../lib/gcc/nios2-elf/4.1.2/../../../../nios2-elf/lib\libc.a(lib_a-findfp.o) (memset)
c:/altera/12.1sp1/nios2eds/bin/gnu/h-i686-mingw32/bin/../lib/gcc/nios2-elf/4.1.2/../../../../nios2-elf/lib\libc.a(lib_a-openr.o)
                              c:/altera/12.1sp1/nios2eds/bin/gnu/h-i686-mingw32/bin/../lib/gcc/nios2-elf/4.1.2/../../../../nios2-elf/lib\libc.a(lib_a-fopen.o) (_open_r)
c:/altera/12.1sp1/nios2eds/bin/gnu/h-i686-mingw32/bin/../lib/gcc/nios2-elf/4.1.2/../../../../nios2-elf/lib\libc.a(lib_a-printf.o)
                              obj/default/main.o (printf)
c:/altera/12.1sp1/nios2eds/bin/gnu/h-i686-mingw32/bin/../lib/gcc/nios2-elf/4.1.2/../../../../nios2-elf/lib\libc.a(lib_a-puts.o)
                              obj/default/main.o (puts)
c:/altera/12.1sp1/nios2eds/bin/gnu/h-i686-mingw32/bin/../lib/gcc/nios2-elf/4.1.2/../../../../nios2-elf/lib\libc.a(lib_a-refill.o)
                              c:/altera/12.1sp1/nios2eds/bin/gnu/h-i686-mingw32/bin/../lib/gcc/nios2-elf/4.1.2/../../../../nios2-elf/lib\libc.a(lib_a-fgets.o) (__srefill_r)
[...]
Memory Configuration

Name             Origin             Length             Attributes
reset            0x02000000         0x00000020
sdram            0x02000020         0x01ffffe0
epcs_flash_controller 0x04000800         0x00000800
*default*        0x00000000         0xffffffff

Linker script and memory map

LOAD ../WifiTest_bsp//obj/HAL/src/crt0.o
LOAD obj/default/main.o
LOAD c:/altera/12.1sp1/nios2eds/bin/gnu/h-i686-mingw32/bin/../lib/gcc/nios2-elf/4.1.2/../../../../nios2-elf/lib\libstdc++.a
LOAD c:/altera/12.1sp1/nios2eds/bin/gnu/h-i686-mingw32/bin/../lib/gcc/nios2-elf/4.1.2/../../../../nios2-elf/lib\libm.a
LOAD c:/altera/12.1sp1/nios2eds/bin/gnu/h-i686-mingw32/bin/../lib/gcc/nios2-elf/4.1.2\libgcc.a
START GROUP
LOAD c:/altera/12.1sp1/nios2eds/bin/gnu/h-i686-mingw32/bin/../lib/gcc/nios2-elf/4.1.2/../../../../nios2-elf/lib\libc.a
LOAD c:/altera/12.1sp1/nios2eds/bin/gnu/h-i686-mingw32/bin/../lib/gcc/nios2-elf/4.1.2\libgcc.a
LOAD ../WifiTest_bsp/\libucosii_bsp.a
END GROUP
LOAD c:/altera/12.1sp1/nios2eds/bin/gnu/h-i686-mingw32/bin/../lib/gcc/nios2-elf/4.1.2\libgcc.a
                0x02000000                __alt_mem_sdram = 0x2000000
                0x04000800                __alt_mem_epcs_flash_controller = 0x4000800

.entry          0x02000000       0x20
 *(.entry)
 .entry         0x02000000       0x20 ../WifiTest_bsp//obj/HAL/src/crt0.o
                0x02000000                __reset

.exceptions     0x02000020      0x19c
                0x02000020                PROVIDE (__ram_exceptions_start, ABSOLUTE (.))
                0x02000020                . = ALIGN (0x20)
 *(.irq)
 *(.exceptions.entry.label)
 .exceptions.entry.label
                0x02000020        0x0 ../WifiTest_bsp/\libucosii_bsp.a(alt_irq_entry.o)
                0x02000020                alt_irq_entry
 .exceptions.entry.label
                0x02000020        0x0 ../WifiTest_bsp/\libucosii_bsp.a(alt_exception_entry.o)
                0x02000020                alt_exception
 *(.exceptions.entry.user)
 *(.exceptions.entry)
 .exceptions.entry
                0x02000020       0x54 ../WifiTest_bsp/\libucosii_bsp.a(alt_exception_entry.o)
 *(.exceptions.irqtest.user)
 *(.exceptions.irqtest)
 .exceptions.irqtest
                0x02000074       0x10 ../WifiTest_bsp/\libucosii_bsp.a(alt_irq_entry.o)
 *(.exceptions.irqhandler.user)
 *(.exceptions.irqhandler)
 .exceptions.irqhandler
                0x02000084        0x4 ../WifiTest_bsp/\libucosii_bsp.a(alt_irq_entry.o)
 *(.exceptions.irqreturn.user)
 *(.exceptions.irqreturn)
 .exceptions.irqreturn
                0x02000088        0x4 ../WifiTest_bsp/\libucosii_bsp.a(alt_irq_entry.o)
 *(.exceptions.notirq.label)
 .exceptions.notirq.label
                0x0200008c        0x0 ../WifiTest_bsp/\libucosii_bsp.a(alt_irq_entry.o)
 *(.exceptions.notirq.user)
 *(.exceptions.notirq)
 .exceptions.notirq
                0x0200008c        0x8 ../WifiTest_bsp/\libucosii_bsp.a(alt_exception_entry.o)
 *(.exceptions.soft.user)
 *(.exceptions.soft)
 *(.exceptions.unknown.user)
 *(.exceptions.unknown)
 .exceptions.unknown
                0x02000094        0x4 ../WifiTest_bsp/\libucosii_bsp.a(alt_exception_entry.o)
 *(.exceptions.exit.label)
 .exceptions.exit.label
                0x02000098        0x0 ../WifiTest_bsp/\libucosii_bsp.a(alt_irq_entry.o)
 .exceptions.exit.label
                0x02000098        0x0 ../WifiTest_bsp/\libucosii_bsp.a(alt_exception_entry.o)
 *(.exceptions.exit.user)
 *(.exceptions.exit)
 .exceptions.exit
                0x02000098       0x54 ../WifiTest_bsp/\libucosii_bsp.a(alt_exception_entry.o)
 *(.exceptions)
 .exceptions    0x020000ec       0xd0 ../WifiTest_bsp/\libucosii_bsp.a(alt_irq_handler.o)
                0x020000ec                alt_irq_handler
                0x020001bc                PROVIDE (__ram_exceptions_end, ABSOLUTE (.))
                0x02000020                PROVIDE (__flash_exceptions_start, LOADADDR (.exceptions))

.text           0x020001bc    0x17bfc
                0x020001bc                PROVIDE (stext, ABSOLUTE (.))
 *(.interp)
 *(.hash)
 *(.dynsym)
 *(.dynstr)
 *(.gnu.version)
 *(.gnu.version_d)
 *(.gnu.version_r)
 *(.rel.init)
 *(.rela.init)
 *(.rel.text .rel.text.* .rel.gnu.linkonce.t.*)
 *(.rela.text .rela.text.* .rela.gnu.linkonce.t.*)
 *(.rel.fini)
 *(.rela.fini)
 *(.rel.rodata .rel.rodata.* .rel.gnu.linkonce.r.*)
 *(.rela.rodata .rela.rodata.* .rela.gnu.linkonce.r.*)
 *(.rel.data .rel.data.* .rel.gnu.linkonce.d.*)
 *(.rela.data .rela.data.* .rela.gnu.linkonce.d.*)
 *(.rel.tdata .rel.tdata.* .rel.gnu.linkonce.td.*)
 *(.rela.tdata .rela.tdata.* .rela.gnu.linkonce.td.*)
 *(.rel.tbss .rel.tbss.* .rel.gnu.linkonce.tb.*)
 *(.rela.tbss .rela.tbss.* .rela.gnu.linkonce.tb.*)
 *(.rel.ctors)
 *(.rela.ctors)
 *(.rel.dtors)
 *(.rela.dtors)
 *(.rel.got)
 *(.rela.got)
 *(.rel.sdata .rel.sdata.* .rel.gnu.linkonce.s.*)
 *(.rela.sdata .rela.sdata.* .rela.gnu.linkonce.s.*)
 *(.rel.sbss .rel.sbss.* .rel.gnu.linkonce.sb.*)
 *(.rela.sbss .rela.sbss.* .rela.gnu.linkonce.sb.*)
 *(.rel.sdata2 .rel.sdata2.* .rel.gnu.linkonce.s2.*)
 *(.rela.sdata2 .rela.sdata2.* .rela.gnu.linkonce.s2.*)
 *(.rel.sbss2 .rel.sbss2.* .rel.gnu.linkonce.sb2.*)
 *(.rela.sbss2 .rela.sbss2.* .rela.gnu.linkonce.sb2.*)
 *(.rel.bss .rel.bss.* .rel.gnu.linkonce.b.*)
 *(.rela.bss .rela.bss.* .rela.gnu.linkonce.b.*)
 *(.rel.plt)
 *(.rela.plt)
 *(.rel.dyn)
 *(.init)
 *(.plt)
 *(.text .stub .text.* .gnu.linkonce.t.*)
 .text          0x020001bc       0x4c ../WifiTest_bsp//obj/HAL/src/crt0.o
                0x020001bc                _start
 .text          0x02000208      0x2c0 obj/default/main.o
                0x02000208                task1
                0x02000240                task2
                0x02000278                wifi_wait
                0x020002b0                wifi_write
                0x02000320                wifi_read
                0x02000364                wifi_write_task
                0x020003b0                wifi_read_task
                0x02000404                main
 .text          0x020004c8      0x16c c:/altera/12.1sp1/nios2eds/bin/gnu/h-i686-mingw32/bin/../lib/gcc/nios2-elf/4.1.2/../../../../nios2-elf/lib\libc.a(lib_a-fgets.o)
                0x020004c8                _fgets_r
                0x02000610                fgets
 .text          0x02000634      0x2c0 c:/altera/12.1sp1/nios2eds/bin/gnu/h-i686-mingw32/bin/../lib/gcc/nios2-elf/4.1.2/../../../../nios2-elf/lib\libc.a(lib_a-findfp.o)
                0x0200068c                __sfp_lock_acquire
                0x02000690                __sfp_lock_release
                0x02000694                __sinit_lock_acquire
                0x02000698                __sinit_lock_release
                0x0200069c                __sinit
                0x02000750                __fp_unlock_all
                0x02000768                __fp_lock_all
                0x02000780                _cleanup_r
                0x0200078c                _cleanup
                0x0200079c                __sfmoreglue
                0x02000804                __sfp
 .text          0x020008f4      0x110 c:/altera/12.1sp1/nios2eds/bin/gnu/h-i686-mingw32/bin/../lib/gcc/nios2-elf/4.1.2/../../../../nios2-elf/lib\libc.a(lib_a-fopen.o)
                0x020008f4                _fopen_r
                0x020009e8                fopen
 .text          0x02000a04      0x460 c:/altera/12.1sp1/nios2eds/bin/gnu/h-i686-mingw32/bin/../lib/gcc/nios2-elf/4.1.2/../../../../nios2-elf/lib\libc.a(lib_a-fseek.o)
                0x02000a04                _fseek_r
                0x02000e40                fseek
 .text          0x02000e64       0x74 c:/altera/12.1sp1/nios2eds/bin/gnu/h-i686-mingw32/bin/../lib/gcc/nios2-elf/4.1.2/../../../../nios2-elf/lib\libc.a(lib_a-fstatr.o)
                0x02000e64                _fstat_r
 .text          0x02000ed8      0x180 c:/altera/12.1sp1/nios2eds/bin/gnu/h-i686-mingw32/bin/../lib/gcc/nios2-elf/4.1.2/../../../../nios2-elf/lib\libc.a(lib_a-fwalk.o)
                0x02000ed8                _fwalk_reent
                0x02000fa0                _fwalk
 .text          0x02001058       0xdc c:/altera/12.1sp1/nios2eds/bin/gnu/h-i686-mingw32/bin/../lib/gcc/nios2-elf/4.1.2/../../../../nios2-elf/lib\libc.a(lib_a-fwrite.o)
                0x02001058                _fwrite_r
                0x020010f4                fwrite
 .text          0x02001134        0x0 c:/altera/12.1sp1/nios2eds/bin/gnu/h-i686-mingw32/bin/../lib/gcc/nios2-elf/4.1.2/../../../../nios2-elf/lib\libc.a(lib_a-impure.o)
 .text          0x02001134        0x0 c:/altera/12.1sp1/nios2eds/bin/gnu/h-i686-mingw32/bin/../lib/gcc/nios2-elf/4.1.2/../../../../nios2-elf/lib\libc.a(lib_a-int_errno.o)
 .text          0x02001134      0x194 c:/altera/12.1sp1/nios2eds/bin/gnu/h-i686-mingw32/bin/../lib/gcc/nios2-elf/4.1.2/../../../../nios2-elf/lib\libc.a(lib_a-makebuf.o)
                0x02001134                __smakebuf_r
 .text          0x020012c8      0x740 c:/altera/12.1sp1/nios2eds/bin/gnu/h-i686-mingw32/bin/../lib/gcc/nios2-elf/4.1.2/../../../../nios2-elf/lib\libc.a(lib_a-mallocr.o)
                0x020012c8                _malloc_r
 .text          0x02001a08       0xe4 c:/altera/12.1sp1/nios2eds/bin/gnu/h-i686-mingw32/bin/../lib/gcc/nios2-elf/4.1.2/../../../../nios2-elf/lib\libc.a(lib_a-memchr.o)
                0x02001a08                memchr
 .text          0x02001aec       0xa0 c:/altera/12.1sp1/nios2eds/bin/gnu/h-i686-mingw32/bin/../lib/gcc/nios2-elf/4.1.2/../../../../nios2-elf/lib\libc.a(lib_a-memcpy.o)
                0x02001aec                memcpy
 .text          0x02001b8c       0x98 c:/altera/12.1sp1/nios2eds/bin/gnu/h-i686-mingw32/bin/../lib/gcc/nios2-elf/4.1.2/../../../../nios2-elf/lib\libc.a(lib_a-memset.o)
                0x02001b8c                memset
 .text          0x02001c24       0x78 c:/altera/12.1sp1/nios2eds/bin/gnu/h-i686-mingw32/bin/../lib/gcc/nios2-elf/4.1.2/../../../../nios2-elf/lib\libc.a(lib_a-openr.o)
                0x02001c24                _open_r
 .text          0x02001c9c       0x78 c:/altera/12.1sp1/nios2eds/bin/gnu/h-i686-mingw32/bin/../lib/gcc/nios2-elf/4.1.2/../../../../nios2-elf/lib\libc.a(lib_a-printf.o)
                0x02001c9c                printf
                0x02001ce0                _printf_r
 .text          0x02001d14       0xb4 c:/altera/12.1sp1/nios2eds/bin/gnu/h-i686-mingw32/bin/../lib/gcc/nios2-elf/4.1.2/../../../../nios2-elf/lib\libc.a(lib_a-puts.o)
                0x02001d14                _puts_r
                0x02001db4                puts
 .text          0x02001dc8      0x1e0 c:/altera/12.1sp1/nios2eds/bin/gnu/h-i686-mingw32/bin/../lib/gcc/nios2-elf/4.1.2/../../../../nios2-elf/lib\libc.a(lib_a-refill.o)
                0x02001dc8                __srefill_r
 .text          0x02001fa8       0x70 c:/altera/12.1sp1/nios2eds/bin/gnu/h-i686-mingw32/bin/../lib/gcc/nios2-elf/4.1.2/../../../../nios2-elf/lib\libc.a(lib_a-sbrkr.o)
                0x02001fa8                _sbrk_r
 .text          0x02002018      0x14c c:/altera/12.1sp1/nios2eds/bin/gnu/h-i686-mingw32/bin/../lib/gcc/nios2-elf/4.1.2/../../../../nios2-elf/lib\libc.a(lib_a-stdio.o)
                0x02002018                __sclose
                0x02002020                __sseek
                0x02002088                __swrite
                0x02002104                __sread
 .text          0x02002164       0x74 c:/altera/12.1sp1/nios2eds/bin/gnu/h-i686-mingw32/bin/../lib/gcc/nios2-elf/4.1.2/../../../../nios2-elf/lib\libc.a(lib_a-strlen.o)
                0x02002164                strlen
 .text          0x020021d8     0x1f28 c:/altera/12.1sp1/nios2eds/bin/gnu/h-i686-mingw32/bin/../lib/gcc/nios2-elf/4.1.2/../../../../nios2-elf/lib\libc.a(lib_a-vfprintf.o)
                0x02002230                ___vfprintf_internal_r
                0x020040dc                __vfprintf_internal
 .text          0x02004100       0x78 c:/altera/12.1sp1/nios2eds/bin/gnu/h-i686-mingw32/bin/../lib/gcc/nios2-elf/4.1.2/../../../../nios2-elf/lib\libc.a(lib_a-writer.o)
                0x02004100                _write_r
 .text          0x02004178      0x13c c:/altera/12.1sp1/nios2eds/bin/gnu/h-i686-mingw32/bin/../lib/gcc/nios2-elf/4.1.2/../../../../nios2-elf/lib\libc.a(lib_a-wsetup.o)
                0x02004178                __swsetup_r
 .text          0x020042b4       0x70 c:/altera/12.1sp1/nios2eds/bin/gnu/h-i686-mingw32/bin/../lib/gcc/nios2-elf/4.1.2/../../../../nios2-elf/lib\libc.a(lib_a-closer.o)
                0x020042b4                _close_r
 .text          0x02004324     0x17cc c:/altera/12.1sp1/nios2eds/bin/gnu/h-i686-mingw32/bin/../lib/gcc/nios2-elf/4.1.2/../../../../nios2-elf/lib\libc.a(lib_a-dtoa.o)
                0x0200453c                _dtoa_r
 .text          0x02005af0      0x124 c:/altera/12.1sp1/nios2eds/bin/gnu/h-i686-mingw32/bin/../lib/gcc/nios2-elf/4.1.2/../../../../nios2-elf/lib\libc.a(lib_a-fclose.o)
                0x02005af0                _fclose_r
                0x02005c00                fclose
 .text          0x02005c14      0x230 c:/altera/12.1sp1/nios2eds/bin/gnu/h-i686-mingw32/bin/../lib/gcc/nios2-elf/4.1.2/../../../../nios2-elf/lib\libc.a(lib_a-fflush.o)
                0x02005c14                _fflush_r
                0x02005e10                fflush
 .text          0x02005e44       0xa0 c:/altera/12.1sp1/nios2eds/bin/gnu/h-i686-mingw32/bin/../lib/gcc/nios2-elf/4.1.2/../../../../nios2-elf/lib\libc.a(lib_a-flags.o)
                0x02005e44                __sflags
 .text          0x02005ee4      0x440 c:/altera/12.1sp1/nios2eds/bin/gnu/h-i686-mingw32/bin/../lib/gcc/nios2-elf/4.1.2/../../../../nios2-elf/lib\libc.a(lib_a-freer.o)
                0x02005ee4                _malloc_trim_r
                0x02006010                _free_r
 .text          0x02006324      0x49c c:/altera/12.1sp1/nios2eds/bin/gnu/h-i686-mingw32/bin/../lib/gcc/nios2-elf/4.1.2/../../../../nios2-elf/lib\libc.a(lib_a-fvwrite.o)
                0x02006324                __sfvwrite_r
 .text          0x020067c0       0x70 c:/altera/12.1sp1/nios2eds/bin/gnu/h-i686-mingw32/bin/../lib/gcc/nios2-elf/4.1.2/../../../../nios2-elf/lib\libc.a(lib_a-isattyr.o)
                0x020067c0                _isatty_r
 .text          0x02006830       0xc4 c:/altera/12.1sp1/nios2eds/bin/gnu/h-i686-mingw32/bin/../lib/gcc/nios2-elf/4.1.2/../../../../nios2-elf/lib\libc.a(lib_a-locale.o)
                0x02006830                __locale_charset
                0x02006838                _localeconv_r
                0x02006844                localeconv
                0x02006854                _setlocale_r
                0x020068d8                setlocale
 .text          0x020068f4       0x78 c:/altera/12.1sp1/nios2eds/bin/gnu/h-i686-mingw32/bin/../lib/gcc/nios2-elf/4.1.2/../../../../nios2-elf/lib\libc.a(lib_a-lseekr.o)
                0x020068f4                _lseek_r
 .text          0x0200696c       0xe0 c:/altera/12.1sp1/nios2eds/bin/gnu/h-i686-mingw32/bin/../lib/gcc/nios2-elf/4.1.2/../../../../nios2-elf/lib\libc.a(lib_a-memmove.o)
                0x0200696c                memmove
 .text          0x02006a4c      0xff4 c:/altera/12.1sp1/nios2eds/bin/gnu/h-i686-mingw32/bin/../lib/gcc/nios2-elf/4.1.2/../../../../nios2-elf/lib\libc.a(lib_a-mprec.o)
                0x02006a4c                _Bfree
                0x02006a74                __hi0bits
                0x02006ae4                __lo0bits
                0x02006ba8                __mcmp
                0x02006c08                __ulp
                0x02006c88                __b2d
                0x02006da8                __ratio
                0x02006e58                _mprec_log10
                0x02006eec                __copybits
                0x02006f44                __any_on
                0x02006fcc                _Balloc
                0x02007088                __d2b
                0x02007204                __mdiff
                0x02007390                __lshift
                0x020074dc                __multiply
                0x020076c4                __i2b
                0x02007700                __multadd
                0x02007800                __pow5mult
                0x02007920                __s2b
 .text          0x02007a40       0x78 c:/altera/12.1sp1/nios2eds/bin/gnu/h-i686-mingw32/bin/../lib/gcc/nios2-elf/4.1.2/../../../../nios2-elf/lib\libc.a(lib_a-readr.o)
                0x02007a40                _read_r
 .text          0x02007ab8      0x5f4 c:/altera/12.1sp1/nios2eds/bin/gnu/h-i686-mingw32/bin/../lib/gcc/nios2-elf/4.1.2/../../../../nios2-elf/lib\libc.a(lib_a-reallocr.o)
                0x02007ab8                _realloc_r
 .text          0x020080ac       0x40 c:/altera/12.1sp1/nios2eds/bin/gnu/h-i686-mingw32/bin/../lib/gcc/nios2-elf/4.1.2/../../../../nios2-elf/lib\libc.a(lib_a-s_isinfd.o)
                0x020080ac                __isinfd
 .text          0x020080ec       0x30 c:/altera/12.1sp1/nios2eds/bin/gnu/h-i686-mingw32/bin/../lib/gcc/nios2-elf/4.1.2/../../../../nios2-elf/lib\libc.a(lib_a-s_isnand.o)
                0x020080ec                __isnand
 .text          0x0200811c       0xbc c:/altera/12.1sp1/nios2eds/bin/gnu/h-i686-mingw32/bin/../lib/gcc/nios2-elf/4.1.2/../../../../nios2-elf/lib\libc.a(lib_a-strcmp.o)
                0x0200811c                strcmp
 .text          0x020081d8       0xb4 c:/altera/12.1sp1/nios2eds/bin/gnu/h-i686-mingw32/bin/../lib/gcc/nios2-elf/4.1.2/../../../../nios2-elf/lib\libc.a(lib_a-callocr.o)
                0x020081d8                _calloc_r
 .text          0x0200828c      0x5dc c:/altera/12.1sp1/nios2eds/bin/gnu/h-i686-mingw32/bin/../lib/gcc/nios2-elf/4.1.2\libgcc.a(_udivdi3.o)
                0x0200828c                __udivdi3
 .text          0x02008868      0x5b0 c:/altera/12.1sp1/nios2eds/bin/gnu/h-i686-mingw32/bin/../lib/gcc/nios2-elf/4.1.2\libgcc.a(_umoddi3.o)
                0x02008868                __umoddi3
 .text          0x02008e18      0x504 c:/altera/12.1sp1/nios2eds/bin/gnu/h-i686-mingw32/bin/../lib/gcc/nios2-elf/4.1.2\libgcc.a(_addsub_df.o)
                0x02009228                __subdf3
                0x020092a8                __adddf3
 .text          0x0200931c      0x3c4 c:/altera/12.1sp1/nios2eds/bin/gnu/h-i686-mingw32/bin/../lib/gcc/nios2-elf/4.1.2\libgcc.a(_mul_df.o)
                0x0200931c                __muldf3
 .text          0x020096e0      0x258 c:/altera/12.1sp1/nios2eds/bin/gnu/h-i686-mingw32/bin/../lib/gcc/nios2-elf/4.1.2\libgcc.a(_div_df.o)
                0x020096e0                __divdf3
 .text          0x02009938       0x88 c:/altera/12.1sp1/nios2eds/bin/gnu/h-i686-mingw32/bin/../lib/gcc/nios2-elf/4.1.2\libgcc.a(_eq_df.o)
                0x02009938                __eqdf2
 .text          0x020099c0       0x88 c:/altera/12.1sp1/nios2eds/bin/gnu/h-i686-mingw32/bin/../lib/gcc/nios2-elf/4.1.2\libgcc.a(_ne_df.o)
                0x020099c0                __nedf2
 .text          0x02009a48       0x88 c:/altera/12.1sp1/nios2eds/bin/gnu/h-i686-mingw32/bin/../lib/gcc/nios2-elf/4.1.2\libgcc.a(_gt_df.o)
                0x02009a48                __gtdf2
 .text          0x02009ad0       0x88 c:/altera/12.1sp1/nios2eds/bin/gnu/h-i686-mingw32/bin/../lib/gcc/nios2-elf/4.1.2\libgcc.a(_ge_df.o)
                0x02009ad0                __gedf2
 .text          0x02009b58       0x88 c:/altera/12.1sp1/nios2eds/bin/gnu/h-i686-mingw32/bin/../lib/gcc/nios2-elf/4.1.2\libgcc.a(_lt_df.o)
                0x02009b58                __ltdf2
 .text          0x02009be0       0xf8 c:/altera/12.1sp1/nios2eds/bin/gnu/h-i686-mingw32/bin/../lib/gcc/nios2-elf/4.1.2\libgcc.a(_si_to_df.o)
                0x02009be0                __floatsidf
 .text          0x02009cd8       0xd8 c:/altera/12.1sp1/nios2eds/bin/gnu/h-i686-mingw32/bin/../lib/gcc/nios2-elf/4.1.2\libgcc.a(_df_to_si.o)
                0x02009cd8                __fixdfsi
 .text          0x02009db0        0x0 c:/altera/12.1sp1/nios2eds/bin/gnu/h-i686-mingw32/bin/../lib/gcc/nios2-elf/4.1.2\libgcc.a(_thenan_df.o)
 .text          0x02009db0      0x194 c:/altera/12.1sp1/nios2eds/bin/gnu/h-i686-mingw32/bin/../lib/gcc/nios2-elf/4.1.2\libgcc.a(_usi_to_df.o)
                0x02009db0                __floatunsidf
 .text          0x02009f44      0x14c c:/altera/12.1sp1/nios2eds/bin/gnu/h-i686-mingw32/bin/../lib/gcc/nios2-elf/4.1.2\libgcc.a(lib2-divmod.o)
                0x02009fc0                __divsi3
                0x0200a020                __modsi3
                0x0200a080                __udivsi3
                0x0200a088                __umodsi3
 .text          0x0200a090       0x98 c:/altera/12.1sp1/nios2eds/bin/gnu/h-i686-mingw32/bin/../lib/gcc/nios2-elf/4.1.2\libgcc.a(_muldi3.o)
                0x0200a090                __muldi3
 .text          0x0200a128        0x0 c:/altera/12.1sp1/nios2eds/bin/gnu/h-i686-mingw32/bin/../lib/gcc/nios2-elf/4.1.2\libgcc.a(_clz.o)
 .text          0x0200a128       0x80 c:/altera/12.1sp1/nios2eds/bin/gnu/h-i686-mingw32/bin/../lib/gcc/nios2-elf/4.1.2\libgcc.a(_clzsi2.o)
                0x0200a128                __clzsi2
 .text          0x0200a1a8      0x314 c:/altera/12.1sp1/nios2eds/bin/gnu/h-i686-mingw32/bin/../lib/gcc/nios2-elf/4.1.2\libgcc.a(_pack_df.o)
                0x0200a1a8                __pack_d
 .text          0x0200a4bc      0x138 c:/altera/12.1sp1/nios2eds/bin/gnu/h-i686-mingw32/bin/../lib/gcc/nios2-elf/4.1.2\libgcc.a(_unpack_df.o)
                0x0200a4bc                __unpack_d
 .text          0x0200a5f4       0xc8 c:/altera/12.1sp1/nios2eds/bin/gnu/h-i686-mingw32/bin/../lib/gcc/nios2-elf/4.1.2\libgcc.a(_fpcmp_parts_df.o)
                0x0200a5f4                __fpcmp_parts_d
 .text          0x0200a6bc      0x15c ../WifiTest_bsp/\libucosii_bsp.a(alt_close.o)
                0x0200a6bc                close
 .text          0x0200a818       0x2c ../WifiTest_bsp/\libucosii_bsp.a(alt_dev.o)
 .text          0x0200a844        0x0 ../WifiTest_bsp/\libucosii_bsp.a(alt_errno.o)
 .text          0x0200a844      0x134 ../WifiTest_bsp/\libucosii_bsp.a(alt_fstat.o)
                0x0200a844                fstat
 .text          0x0200a978      0x120 ../WifiTest_bsp/\libucosii_bsp.a(alt_isatty.o)
                0x0200a978                isatty
 .text          0x0200aa98       0xec ../WifiTest_bsp/\libucosii_bsp.a(alt_load.o)
                0x0200aa98                alt_load
 .text          0x0200ab84      0x150 ../WifiTest_bsp/\libucosii_bsp.a(alt_lseek.o)
                0x0200ab84                lseek
 .text          0x0200acd4       0xac ../WifiTest_bsp/\libucosii_bsp.a(alt_main.o)
                0x0200acd4                alt_main
 .text          0x0200ad80      0x2c4 ../WifiTest_bsp/\libucosii_bsp.a(alt_open.o)
                0x0200ae5c                open
 .text          0x0200b044      0x180 ../WifiTest_bsp/\libucosii_bsp.a(alt_read.o)
                0x0200b044                read
 .text          0x0200b1c4       0x60 ../WifiTest_bsp/\libucosii_bsp.a(alt_release_fd.o)
                0x0200b1c4                alt_release_fd
 .text          0x0200b224       0xbc ../WifiTest_bsp/\libucosii_bsp.a(alt_sbrk.o)
                0x0200b224                sbrk
 .text          0x0200b2e0      0x180 ../WifiTest_bsp/\libucosii_bsp.a(alt_write.o)
                0x0200b2e0                write
 .text          0x0200b460      0x108 ../WifiTest_bsp/\libucosii_bsp.a(alt_env_lock.o)
                0x0200b460                __env_lock
                0x0200b50c                __env_unlock
 .text          0x0200b568      0x1d8 ../WifiTest_bsp/\libucosii_bsp.a(alt_malloc_lock.o)
                0x0200b568                __malloc_lock
                0x0200b670                __malloc_unlock
 .text          0x0200b740     0x2128 ../WifiTest_bsp/\libucosii_bsp.a(os_core.o)
                0x0200b740                OSEventNameGet
                0x0200b870                OSEventNameSet
                0x0200b9b4                OSEventPendMulti
                0x0200c068                OSInit
                0x0200c0bc                OSIntEnter
                0x0200c138                OSIntExit
                0x0200c238                OSSchedLock
                0x0200c2c4                OSSchedUnlock
                0x0200c3a8                OSStart
                0x0200c418                OSStatInit
                0x0200c4c4                OSTimeTick
                0x0200c704                OSVersion
                0x0200c724                OS_Dummy
                0x0200c740                OS_EventTaskRdy
                0x0200c8d4                OS_EventTaskWait
                0x0200c9e4                OS_EventTaskWaitMulti
                0x0200cb38                OS_EventTaskRemove
                0x0200cbf0                OS_EventTaskRemoveMulti
                0x0200ccf4                OS_EventWaitListInit
                0x0200d0c0                OS_MemClr
                0x0200d114                OS_MemCopy
                0x0200d180                OS_Sched
                0x0200d2c4                OS_StrCopy
                0x0200d344                OS_StrLen
                0x0200d39c                OS_TaskIdle
                0x0200d3f8                OS_TaskStat
                0x0200d4c0                OS_TaskStatStkChk
                0x0200d588                OS_TCBInit
 .text          0x0200d868      0x18c ../WifiTest_bsp/\libucosii_bsp.a(os_dbg.o)
                0x0200d868                OSDebugInit
 .text          0x0200d9f4     0x193c ../WifiTest_bsp/\libucosii_bsp.a(os_flag.o)
                0x0200d9f4                OSFlagAccept
                0x0200dd28                OSFlagCreate
                0x0200de64                OSFlagDel
                0x0200e10c                OSFlagNameGet
                0x0200e250                OSFlagNameSet
                0x0200e3a4                OSFlagPend
                0x0200e9e8                OSFlagPendGetFlagsRdy
                0x0200ea50                OSFlagPost
                0x0200edf8                OSFlagQuery
                0x0200f090                OS_FlagInit
                0x0200f284                OS_FlagUnlink
 .text          0x0200f330      0x808 ../WifiTest_bsp/\libucosii_bsp.a(os_mem.o)
                0x0200f330                OSMemCreate
                0x0200f54c                OSMemGet
                0x0200f650                OSMemNameGet
                0x0200f75c                OSMemNameSet
                0x0200f87c                OSMemPut
                0x0200f96c                OSMemQuery
                0x0200fa68                OS_MemInit
 .text          0x0200fb38     0x1334 ../WifiTest_bsp/\libucosii_bsp.a(os_q.o)
                0x0200fb38                OSQAccept
                0x0200fc8c                OSQCreate
                0x0200fea0                OSQDel
                0x020101a0                OSQFlush
                0x02010268                OSQPend
                0x02010588                OSQPendAbort
                0x02010704                OSQPost
                0x02010884                OSQPostFront
                0x02010a0c                OSQPostOpt
                0x02010c40                OSQQuery
                0x02010dc0                OS_QInit
 .text          0x02010e6c      0xbc8 ../WifiTest_bsp/\libucosii_bsp.a(os_sem.o)
                0x02010e6c                OSSemAccept
                0x02010f2c                OSSemCreate
                0x02011040                OSSemDel
                0x020112e0                OSSemPend
                0x0201155c                OSSemPendAbort
                0x020116d8                OSSemPost
                0x02011800                OSSemQuery
                0x02011930                OSSemSet
 .text          0x02011a34     0x1a40 ../WifiTest_bsp/\libucosii_bsp.a(os_task.o)
                0x02011a34                OSTaskChangePrio
                0x02011fa8                OSTaskCreate
                0x0201217c                OSTaskCreateExt
                0x0201237c                OSTaskDel
                0x02012788                OSTaskDelReq
                0x020128f8                OSTaskNameGet
                0x02012ab0                OSTaskNameSet
                0x02012c74                OSTaskResume
                0x02012e8c                OSTaskStkChk
                0x02013088                OSTaskSuspend
                0x020132b4                OSTaskQuery
                0x020133f8                OS_TaskStkClr
 .text          0x02013474      0x598 ../WifiTest_bsp/\libucosii_bsp.a(os_time.o)
                0x02013474                OSTimeDly
                0x020135c0                OSTimeDlyHMSM
                0x02013734                OSTimeDlyResume
                0x02013944                OSTimeGet
                0x020139a8                OSTimeSet
 .text          0x02013a0c       0xf4 ../WifiTest_bsp/\libucosii_bsp.a(alt_sys_init.o)
                0x02013a0c                alt_irq_init
                0x02013a40                alt_sys_init
 .text          0x02013b00      0x9e4 ../WifiTest_bsp/\libucosii_bsp.a(altera_avalon_epcs_flash_controller.o)
                0x02013b00                alt_epcs_flash_init
                0x02013f1c                alt_epcs_flash_write
                0x0201419c                alt_epcs_flash_get_info
                0x0201422c                alt_epcs_flash_erase_block
                0x02014330                alt_epcs_flash_write_block
                0x0201444c                alt_epcs_flash_read
 .text          0x020144e4      0x148 ../WifiTest_bsp/\libucosii_bsp.a(altera_avalon_jtag_uart_fd.o)
                0x020144e4                altera_avalon_jtag_uart_read_fd
                0x0201453c                altera_avalon_jtag_uart_write_fd
                0x02014594                altera_avalon_jtag_uart_close_fd
                0x020145dc                altera_avalon_jtag_uart_ioctl_fd
 .text          0x0201462c      0x584 ../WifiTest_bsp/\libucosii_bsp.a(altera_avalon_jtag_uart_init.o)
                0x0201462c                altera_avalon_jtag_uart_init
                0x02014b3c                altera_avalon_jtag_uart_close
 .text          0x02014bb0       0xf4 ../WifiTest_bsp/\libucosii_bsp.a(altera_avalon_jtag_uart_ioctl.o)
                0x02014bb0                altera_avalon_jtag_uart_ioctl
 .text          0x02014ca4      0x2c0 ../WifiTest_bsp/\libucosii_bsp.a(altera_avalon_jtag_uart_read.o)
                0x02014ca4                altera_avalon_jtag_uart_read
 .text          0x02014f64      0x2dc ../WifiTest_bsp/\libucosii_bsp.a(altera_avalon_jtag_uart_write.o)
                0x02014f64                altera_avalon_jtag_uart_write
 .text          0x02015240      0x100 ../WifiTest_bsp/\libucosii_bsp.a(altera_avalon_timer_sc.o)
                0x020152b0                alt_avalon_timer_sc_init
 .text          0x02015340       0xf8 ../WifiTest_bsp/\libucosii_bsp.a(altera_avalon_uart_fd.o)
                0x02015340                altera_avalon_uart_read_fd
                0x02015398                altera_avalon_uart_write_fd
                0x020153f0                altera_avalon_uart_close_fd
 .text          0x02015438      0x57c ../WifiTest_bsp/\libucosii_bsp.a(altera_avalon_uart_init.o)
                0x02015438                altera_avalon_uart_init
                0x02015954                altera_avalon_uart_close
 .text          0x020159b4      0x310 ../WifiTest_bsp/\libucosii_bsp.a(altera_avalon_uart_read.o)
                0x020159b4                altera_avalon_uart_read
 .text          0x02015cc4      0x2a8 ../WifiTest_bsp/\libucosii_bsp.a(altera_avalon_uart_write.o)
                0x02015cc4                altera_avalon_uart_write
 .text          0x02015f6c      0x6d4 ../WifiTest_bsp/\libucosii_bsp.a(epcs_commands.o)
                0x02015f6c                epcs_read_status_register
                0x02015fcc                epcs_sector_erase
                0x02016134                epcs_read_buffer
                0x02016280                epcs_write_enable
                0x020162d0                epcs_write_status_register
                0x02016334                epcs_write_buffer
                0x020164a4                epcs_read_electronic_signature
                0x02016510                epcs_read_device_id
                0x02016590                epcs_enter_4_bytes_mode
                0x020165e8                epcs_exit_4_bytes_mode
 .text          0x02016640      0x154 ../WifiTest_bsp/\libucosii_bsp.a(alt_alarm_start.o)
                0x02016640                alt_alarm_start
 .text          0x02016794       0x44 ../WifiTest_bsp/\libucosii_bsp.a(alt_dcache_flush_all.o)
                0x02016794                alt_dcache_flush_all
 .text          0x020167d8      0x114 ../WifiTest_bsp/\libucosii_bsp.a(alt_dev_llist_insert.o)
                0x020167d8                alt_dev_llist_insert
 .text          0x020168ec       0x64 ../WifiTest_bsp/\libucosii_bsp.a(alt_do_ctors.o)
                0x020168ec                _do_ctors
 .text          0x02016950       0x64 ../WifiTest_bsp/\libucosii_bsp.a(alt_do_dtors.o)
                0x02016950                _do_dtors
 .text          0x020169b4       0x94 ../WifiTest_bsp/\libucosii_bsp.a(alt_find_dev.o)
                0x020169b4                alt_find_dev
 .text          0x02016a48      0x120 ../WifiTest_bsp/\libucosii_bsp.a(alt_find_file.o)
                0x02016a48                alt_find_file
 .text          0x02016b68       0xd0 ../WifiTest_bsp/\libucosii_bsp.a(alt_flash_dev.o)
                0x02016b68                alt_flash_open_dev
                0x02016be4                alt_flash_close_dev
 .text          0x02016c38       0xf4 ../WifiTest_bsp/\libucosii_bsp.a(alt_get_fd.o)
                0x02016c38                alt_get_fd
 .text          0x02016d2c       0x30 ../WifiTest_bsp/\libucosii_bsp.a(alt_icache_flush_all.o)
                0x02016d2c                alt_icache_flush_all
 .text          0x02016d5c      0x1d4 ../WifiTest_bsp/\libucosii_bsp.a(alt_iic.o)
                0x02016d5c                alt_ic_isr_register
                0x02016dac                alt_ic_irq_enable
                0x02016e48                alt_ic_irq_disable
                0x02016ee8                alt_ic_irq_enabled
 .text          0x02016f30       0xf8 ../WifiTest_bsp/\libucosii_bsp.a(alt_iic_isr_register.o)
                0x02016f30                alt_iic_isr_register
 .text          0x02017028        0x0 ../WifiTest_bsp/\libucosii_bsp.a(alt_irq_entry.o)
 .text          0x02017028        0x0 ../WifiTest_bsp/\libucosii_bsp.a(alt_irq_handler.o)
 .text          0x02017028        0x0 ../WifiTest_bsp/\libucosii_bsp.a(alt_irq_vars.o)
 .text          0x02017028      0x1a8 ../WifiTest_bsp/\libucosii_bsp.a(alt_tick.o)
                0x02017028                alt_alarm_stop
                0x020170c0                alt_tick
 .text          0x020171d0       0x20 ../WifiTest_bsp/\libucosii_bsp.a(altera_nios2_qsys_irq.o)
                0x020171d0                altera_nios2_qsys_irq_init
 .text          0x020171f0       0xd0 ../WifiTest_bsp/\libucosii_bsp.a(os_cpu_a.o)
                0x020171f0                OSCtxSw
                0x020171f0                OSIntCtxSw
                0x0201727c                OSStartHighRdy
                0x0201729c                OSStartTsk
 .text          0x020172c0      0x418 ../WifiTest_bsp/\libucosii_bsp.a(os_cpu_c.o)
                0x020172c0                OSTaskStkInit
                0x020175d0                OSTaskCreateHook
                0x020175f0                OSTaskDelHook
                0x02017610                OSTaskSwHook
                0x0201762c                OSTaskStatHook
                0x02017648                OSTimeTickHook
                0x02017664                OSInitHookBegin
                0x02017680                OSInitHookEnd
                0x0201769c                OSTaskIdleHook
                0x020176b8                OSTCBInitHook
 .text          0x020176d8      0x238 ../WifiTest_bsp/\libucosii_bsp.a(altera_avalon_spi.o)
                0x020176d8                alt_avalon_spi_command
 .text          0x02017910        0x0 ../WifiTest_bsp/\libucosii_bsp.a(alt_exception_entry.o)
 .text          0x02017910       0x90 ../WifiTest_bsp/\libucosii_bsp.a(alt_icache_flush.o)
                0x02017910                alt_icache_flush
 .text          0x020179a0       0x14 c:/altera/12.1sp1/nios2eds/bin/gnu/h-i686-mingw32/bin/../lib/gcc/nios2-elf/4.1.2/../../../../nios2-elf/lib\libc.a(lib_a-atexit.o)
                0x020179a0                atexit
 .text          0x020179b4       0x38 c:/altera/12.1sp1/nios2eds/bin/gnu/h-i686-mingw32/bin/../lib/gcc/nios2-elf/4.1.2/../../../../nios2-elf/lib\libc.a(lib_a-exit.o)
                0x020179b4                exit
 .text          0x020179ec       0x74 c:/altera/12.1sp1/nios2eds/bin/gnu/h-i686-mingw32/bin/../lib/gcc/nios2-elf/4.1.2/../../../../nios2-elf/lib\libc.a(lib_a-memcmp.o)
                0x020179ec                memcmp
 .text          0x02017a60      0x134 c:/altera/12.1sp1/nios2eds/bin/gnu/h-i686-mingw32/bin/../lib/gcc/nios2-elf/4.1.2/../../../../nios2-elf/lib\libc.a(lib_a-__atexit.o)
                0x02017a60                __register_exitproc
 .text          0x02017b94      0x1b4 c:/altera/12.1sp1/nios2eds/bin/gnu/h-i686-mingw32/bin/../lib/gcc/nios2-elf/4.1.2/../../../../nios2-elf/lib\libc.a(lib_a-__call_atexit.o)
                0x02017b98                __call_exitprocs
 .text          0x02017d48       0x6c ../WifiTest_bsp/\libucosii_bsp.a(alt_exit.o)
                0x02017d88                _exit
 *(.gnu.warning.*)
 *(.fini)
                0x02017db4                PROVIDE (__etext, ABSOLUTE (.))
                0x02017db4                PROVIDE (_etext, ABSOLUTE (.))
                0x02017db4                PROVIDE (etext, ABSOLUTE (.))
 *(.eh_frame_hdr)
                0x02017db4                . = ALIGN (0x4)
                0x02017db4                PROVIDE (__preinit_array_start, ABSOLUTE (.))
 *(.preinit_array)
                0x02017db4                PROVIDE (__preinit_array_end, ABSOLUTE (.))
                0x02017db4                PROVIDE (__init_array_start, ABSOLUTE (.))
 *(.init_array)
                0x02017db4                PROVIDE (__init_array_end, ABSOLUTE (.))
                0x02017db4                PROVIDE (__fini_array_start, ABSOLUTE (.))
 *(.fini_array)
                0x02017db4                PROVIDE (__fini_array_end, ABSOLUTE (.))
 *(.eh_frame)
 *(.gcc_except_table)
 *(.dynamic)
                0x02017db4                PROVIDE (__CTOR_LIST__, ABSOLUTE (.))
 *(.ctors)
 *(SORT(.ctors.*))
 .ctors.65535   0x02017db4        0x4 c:/altera/12.1sp1/nios2eds/bin/gnu/h-i686-mingw32/bin/../lib/gcc/nios2-elf/4.1.2/../../../../nios2-elf/lib\libc.a(lib_a-__call_atexit.o)
                0x02017db8                PROVIDE (__CTOR_END__, ABSOLUTE (.))
                0x02017db8                PROVIDE (__DTOR_LIST__, ABSOLUTE (.))
 *(.dtors)
 *(SORT(.dtors.*))
                0x02017db8                PROVIDE (__DTOR_END__, ABSOLUTE (.))
 *(.jcr)
                0x02017db8                . = ALIGN (0x4)

.rodata         0x02017db8      0x504
                0x02017db8                PROVIDE (__ram_rodata_start, ABSOLUTE (.))
                0x02017db8                . = ALIGN (0x4)
 *(.rodata .rodata.* .gnu.linkonce.r.*)
 .rodata        0x02017db8       0x84 obj/default/main.o
 .rodata.str1.4
                0x02017e3c        0x2 c:/altera/12.1sp1/nios2eds/bin/gnu/h-i686-mingw32/bin/../lib/gcc/nios2-elf/4.1.2/../../../../nios2-elf/lib\libc.a(lib_a-impure.o)
                                  0x4 (size before relaxing)
 *fill*         0x02017e3e        0x2 00
 .rodata.str1.4
                0x02017e40        0x2 c:/altera/12.1sp1/nios2eds/bin/gnu/h-i686-mingw32/bin/../lib/gcc/nios2-elf/4.1.2/../../../../nios2-elf/lib\libc.a(lib_a-puts.o)
                                  0x4 (size before relaxing)
 *fill*         0x02017e42        0x2 00
 .rodata.str1.4
                0x02017e44       0x5e c:/altera/12.1sp1/nios2eds/bin/gnu/h-i686-mingw32/bin/../lib/gcc/nios2-elf/4.1.2/../../../../nios2-elf/lib\libc.a(lib_a-vfprintf.o)
                                 0x60 (size before relaxing)
 .rodata        0x02017ea2       0x20 c:/altera/12.1sp1/nios2eds/bin/gnu/h-i686-mingw32/bin/../lib/gcc/nios2-elf/4.1.2/../../../../nios2-elf/lib\libc.a(lib_a-vfprintf.o)
 *fill*         0x02017ec2        0x2 00
 .rodata.str1.4
                0x02017ec4       0x10 c:/altera/12.1sp1/nios2eds/bin/gnu/h-i686-mingw32/bin/../lib/gcc/nios2-elf/4.1.2/../../../../nios2-elf/lib\libc.a(lib_a-dtoa.o)
                                 0x14 (size before relaxing)
 .rodata.str1.4
                0x02017ed4       0x10 c:/altera/12.1sp1/nios2eds/bin/gnu/h-i686-mingw32/bin/../lib/gcc/nios2-elf/4.1.2/../../../../nios2-elf/lib\libc.a(lib_a-locale.o)
                                 0x18 (size before relaxing)
 .rodata        0x02017ee4       0x30 c:/altera/12.1sp1/nios2eds/bin/gnu/h-i686-mingw32/bin/../lib/gcc/nios2-elf/4.1.2/../../../../nios2-elf/lib\libc.a(lib_a-locale.o)
 .rodata        0x02017f14      0x124 c:/altera/12.1sp1/nios2eds/bin/gnu/h-i686-mingw32/bin/../lib/gcc/nios2-elf/4.1.2/../../../../nios2-elf/lib\libc.a(lib_a-mprec.o)
                0x02017f14                __mprec_tens
                0x02017fdc                __mprec_bigtens
                0x02018004                __mprec_tinytens
 .rodata        0x02018038       0x14 c:/altera/12.1sp1/nios2eds/bin/gnu/h-i686-mingw32/bin/../lib/gcc/nios2-elf/4.1.2\libgcc.a(_thenan_df.o)
                0x02018038                __thenan_df
 .rodata        0x0201804c      0x100 c:/altera/12.1sp1/nios2eds/bin/gnu/h-i686-mingw32/bin/../lib/gcc/nios2-elf/4.1.2\libgcc.a(_clz.o)
                0x0201804c                __clz_tab
 .rodata        0x0201814c        0xc ../WifiTest_bsp/\libucosii_bsp.a(alt_dev.o)
 .rodata        0x02018158      0x120 ../WifiTest_bsp/\libucosii_bsp.a(os_core.o)
                0x02018158                OSUnMapTbl
 .rodata        0x02018278       0x40 ../WifiTest_bsp/\libucosii_bsp.a(alt_sys_init.o)
 .rodata        0x020182b8        0x4 ../WifiTest_bsp/\libucosii_bsp.a(os_cpu_c.o)
 *(.rodata1)
                0x020182bc                . = ALIGN (0x4)
                0x020182bc                PROVIDE (__ram_rodata_end, ABSOLUTE (.))
                0x02017db8                PROVIDE (__flash_rodata_start, LOADADDR (.rodata))

.rwdata         0x020182bc     0x1c84 load address 0x02019f40
                0x020182bc                PROVIDE (__ram_rwdata_start, ABSOLUTE (.))
                0x020182bc                . = ALIGN (0x4)
 *(.got.plt)
 *(.got)
 *(.data1)
 *(.data .data.* .gnu.linkonce.d.*)
 .data          0x020182bc        0x0 ../WifiTest_bsp//obj/HAL/src/crt0.o
 .data          0x020182bc        0x0 obj/default/main.o
 .data          0x020182bc        0x0 c:/altera/12.1sp1/nios2eds/bin/gnu/h-i686-mingw32/bin/../lib/gcc/nios2-elf/4.1.2/../../../../nios2-elf/lib\libc.a(lib_a-fgets.o)
 .data          0x020182bc        0x0 c:/altera/12.1sp1/nios2eds/bin/gnu/h-i686-mingw32/bin/../lib/gcc/nios2-elf/4.1.2/../../../../nios2-elf/lib\libc.a(lib_a-findfp.o)
 .data          0x020182bc        0x0 c:/altera/12.1sp1/nios2eds/bin/gnu/h-i686-mingw32/bin/../lib/gcc/nios2-elf/4.1.2/../../../../nios2-elf/lib\libc.a(lib_a-fopen.o)
 .data          0x020182bc        0x0 c:/altera/12.1sp1/nios2eds/bin/gnu/h-i686-mingw32/bin/../lib/gcc/nios2-elf/4.1.2/../../../../nios2-elf/lib\libc.a(lib_a-fseek.o)
 .data          0x020182bc        0x0 c:/altera/12.1sp1/nios2eds/bin/gnu/h-i686-mingw32/bin/../lib/gcc/nios2-elf/4.1.2/../../../../nios2-elf/lib\libc.a(lib_a-fstatr.o)
 .data          0x020182bc        0x0 c:/altera/12.1sp1/nios2eds/bin/gnu/h-i686-mingw32/bin/../lib/gcc/nios2-elf/4.1.2/../../../../nios2-elf/lib\libc.a(lib_a-fwalk.o)
 .data          0x020182bc        0x0 c:/altera/12.1sp1/nios2eds/bin/gnu/h-i686-mingw32/bin/../lib/gcc/nios2-elf/4.1.2/../../../../nios2-elf/lib\libc.a(lib_a-fwrite.o)
 .data          0x020182bc      0x400 c:/altera/12.1sp1/nios2eds/bin/gnu/h-i686-mingw32/bin/../lib/gcc/nios2-elf/4.1.2/../../../../nios2-elf/lib\libc.a(lib_a-impure.o)
 .data          0x020186bc        0x0 c:/altera/12.1sp1/nios2eds/bin/gnu/h-i686-mingw32/bin/../lib/gcc/nios2-elf/4.1.2/../../../../nios2-elf/lib\libc.a(lib_a-int_errno.o)
 .data          0x020186bc        0x0 c:/altera/12.1sp1/nios2eds/bin/gnu/h-i686-mingw32/bin/../lib/gcc/nios2-elf/4.1.2/../../../../nios2-elf/lib\libc.a(lib_a-makebuf.o)
 .data          0x020186bc      0x408 c:/altera/12.1sp1/nios2eds/bin/gnu/h-i686-mingw32/bin/../lib/gcc/nios2-elf/4.1.2/../../../../nios2-elf/lib\libc.a(lib_a-mallocr.o)
                0x020186bc                __malloc_av_
 .data          0x02018ac4        0x0 c:/altera/12.1sp1/nios2eds/bin/gnu/h-i686-mingw32/bin/../lib/gcc/nios2-elf/4.1.2/../../../../nios2-elf/lib\libc.a(lib_a-memchr.o)
 .data          0x02018ac4        0x0 c:/altera/12.1sp1/nios2eds/bin/gnu/h-i686-mingw32/bin/../lib/gcc/nios2-elf/4.1.2/../../../../nios2-elf/lib\libc.a(lib_a-memcpy.o)
 .data          0x02018ac4        0x0 c:/altera/12.1sp1/nios2eds/bin/gnu/h-i686-mingw32/bin/../lib/gcc/nios2-elf/4.1.2/../../../../nios2-elf/lib\libc.a(lib_a-memset.o)
 .data          0x02018ac4        0x0 c:/altera/12.1sp1/nios2eds/bin/gnu/h-i686-mingw32/bin/../lib/gcc/nios2-elf/4.1.2/../../../../nios2-elf/lib\libc.a(lib_a-openr.o)
 .data          0x02018ac4        0x0 c:/altera/12.1sp1/nios2eds/bin/gnu/h-i686-mingw32/bin/../lib/gcc/nios2-elf/4.1.2/../../../../nios2-elf/lib\libc.a(lib_a-printf.o)
 .data          0x02018ac4        0x0 c:/altera/12.1sp1/nios2eds/bin/gnu/h-i686-mingw32/bin/../lib/gcc/nios2-elf/4.1.2/../../../../nios2-elf/lib\libc.a(lib_a-puts.o)
 .data          0x02018ac4        0x0 c:/altera/12.1sp1/nios2eds/bin/gnu/h-i686-mingw32/bin/../lib/gcc/nios2-elf/4.1.2/../../../../nios2-elf/lib\libc.a(lib_a-refill.o)
 .data          0x02018ac4        0x0 c:/altera/12.1sp1/nios2eds/bin/gnu/h-i686-mingw32/bin/../lib/gcc/nios2-elf/4.1.2/../../../../nios2-elf/lib\libc.a(lib_a-sbrkr.o)
 .data          0x02018ac4        0x0 c:/altera/12.1sp1/nios2eds/bin/gnu/h-i686-mingw32/bin/../lib/gcc/nios2-elf/4.1.2/../../../../nios2-elf/lib\libc.a(lib_a-stdio.o)
 .data          0x02018ac4        0x0 c:/altera/12.1sp1/nios2eds/bin/gnu/h-i686-mingw32/bin/../lib/gcc/nios2-elf/4.1.2/../../../../nios2-elf/lib\libc.a(lib_a-strlen.o)
 .data          0x02018ac4        0x0 c:/altera/12.1sp1/nios2eds/bin/gnu/h-i686-mingw32/bin/../lib/gcc/nios2-elf/4.1.2/../../../../nios2-elf/lib\libc.a(lib_a-vfprintf.o)
 .data          0x02018ac4        0x0 c:/altera/12.1sp1/nios2eds/bin/gnu/h-i686-mingw32/bin/../lib/gcc/nios2-elf/4.1.2/../../../../nios2-elf/lib\libc.a(lib_a-writer.o)
 .data          0x02018ac4        0x0 c:/altera/12.1sp1/nios2eds/bin/gnu/h-i686-mingw32/bin/../lib/gcc/nios2-elf/4.1.2/../../../../nios2-elf/lib\libc.a(lib_a-wsetup.o)
 .data          0x02018ac4        0x0 c:/altera/12.1sp1/nios2eds/bin/gnu/h-i686-mingw32/bin/../lib/gcc/nios2-elf/4.1.2/../../../../nios2-elf/lib\libc.a(lib_a-closer.o)
 .data          0x02018ac4        0x0 c:/altera/12.1sp1/nios2eds/bin/gnu/h-i686-mingw32/bin/../lib/gcc/nios2-elf/4.1.2/../../../../nios2-elf/lib\libc.a(lib_a-dtoa.o)
 .data          0x02018ac4        0x0 c:/altera/12.1sp1/nios2eds/bin/gnu/h-i686-mingw32/bin/../lib/gcc/nios2-elf/4.1.2/../../../../nios2-elf/lib\libc.a(lib_a-fclose.o)
 .data          0x02018ac4        0x0 c:/altera/12.1sp1/nios2eds/bin/gnu/h-i686-mingw32/bin/../lib/gcc/nios2-elf/4.1.2/../../../../nios2-elf/lib\libc.a(lib_a-fflush.o)
 .data          0x02018ac4        0x0 c:/altera/12.1sp1/nios2eds/bin/gnu/h-i686-mingw32/bin/../lib/gcc/nios2-elf/4.1.2/../../../../nios2-elf/lib\libc.a(lib_a-flags.o)
 .data          0x02018ac4        0x0 c:/altera/12.1sp1/nios2eds/bin/gnu/h-i686-mingw32/bin/../lib/gcc/nios2-elf/4.1.2/../../../../nios2-elf/lib\libc.a(lib_a-freer.o)
 .data          0x02018ac4        0x0 c:/altera/12.1sp1/nios2eds/bin/gnu/h-i686-mingw32/bin/../lib/gcc/nios2-elf/4.1.2/../../../../nios2-elf/lib\libc.a(lib_a-fvwrite.o)
 .data          0x02018ac4        0x0 c:/altera/12.1sp1/nios2eds/bin/gnu/h-i686-mingw32/bin/../lib/gcc/nios2-elf/4.1.2/../../../../nios2-elf/lib\libc.a(lib_a-isattyr.o)
 .data          0x02018ac4        0xc c:/altera/12.1sp1/nios2eds/bin/gnu/h-i686-mingw32/bin/../lib/gcc/nios2-elf/4.1.2/../../../../nios2-elf/lib\libc.a(lib_a-locale.o)
                0x02018ac4                __lc_ctype
 .data          0x02018ad0        0x0 c:/altera/12.1sp1/nios2eds/bin/gnu/h-i686-mingw32/bin/../lib/gcc/nios2-elf/4.1.2/../../../../nios2-elf/lib\libc.a(lib_a-lseekr.o)
 .data          0x02018ad0        0x0 c:/altera/12.1sp1/nios2eds/bin/gnu/h-i686-mingw32/bin/../lib/gcc/nios2-elf/4.1.2/../../../../nios2-elf/lib\libc.a(lib_a-memmove.o)
 .data          0x02018ad0        0x0 c:/altera/12.1sp1/nios2eds/bin/gnu/h-i686-mingw32/bin/../lib/gcc/nios2-elf/4.1.2/../../../../nios2-elf/lib\libc.a(lib_a-mprec.o)
 .data          0x02018ad0        0x0 c:/altera/12.1sp1/nios2eds/bin/gnu/h-i686-mingw32/bin/../lib/gcc/nios2-elf/4.1.2/../../../../nios2-elf/lib\libc.a(lib_a-readr.o)
 .data          0x02018ad0        0x0 c:/altera/12.1sp1/nios2eds/bin/gnu/h-i686-mingw32/bin/../lib/gcc/nios2-elf/4.1.2/../../../../nios2-elf/lib\libc.a(lib_a-reallocr.o)
 .data          0x02018ad0        0x0 c:/altera/12.1sp1/nios2eds/bin/gnu/h-i686-mingw32/bin/../lib/gcc/nios2-elf/4.1.2/../../../../nios2-elf/lib\libc.a(lib_a-s_isinfd.o)
 .data          0x02018ad0        0x0 c:/altera/12.1sp1/nios2eds/bin/gnu/h-i686-mingw32/bin/../lib/gcc/nios2-elf/4.1.2/../../../../nios2-elf/lib\libc.a(lib_a-s_isnand.o)
 .data          0x02018ad0        0x0 c:/altera/12.1sp1/nios2eds/bin/gnu/h-i686-mingw32/bin/../lib/gcc/nios2-elf/4.1.2/../../../../nios2-elf/lib\libc.a(lib_a-strcmp.o)
 .data          0x02018ad0        0x0 c:/altera/12.1sp1/nios2eds/bin/gnu/h-i686-mingw32/bin/../lib/gcc/nios2-elf/4.1.2/../../../../nios2-elf/lib\libc.a(lib_a-callocr.o)
 .data          0x02018ad0        0x0 c:/altera/12.1sp1/nios2eds/bin/gnu/h-i686-mingw32/bin/../lib/gcc/nios2-elf/4.1.2\libgcc.a(_udivdi3.o)
 .data          0x02018ad0        0x0 c:/altera/12.1sp1/nios2eds/bin/gnu/h-i686-mingw32/bin/../lib/gcc/nios2-elf/4.1.2\libgcc.a(_umoddi3.o)
 .data          0x02018ad0        0x0 c:/altera/12.1sp1/nios2eds/bin/gnu/h-i686-mingw32/bin/../lib/gcc/nios2-elf/4.1.2\libgcc.a(_addsub_df.o)
 .data          0x02018ad0        0x0 c:/altera/12.1sp1/nios2eds/bin/gnu/h-i686-mingw32/bin/../lib/gcc/nios2-elf/4.1.2\libgcc.a(_mul_df.o)
 .data          0x02018ad0        0x0 c:/altera/12.1sp1/nios2eds/bin/gnu/h-i686-mingw32/bin/../lib/gcc/nios2-elf/4.1.2\libgcc.a(_div_df.o)
 .data          0x02018ad0        0x0 c:/altera/12.1sp1/nios2eds/bin/gnu/h-i686-mingw32/bin/../lib/gcc/nios2-elf/4.1.2\libgcc.a(_eq_df.o)
 .data          0x02018ad0        0x0 c:/altera/12.1sp1/nios2eds/bin/gnu/h-i686-mingw32/bin/../lib/gcc/nios2-elf/4.1.2\libgcc.a(_ne_df.o)
 .data          0x02018ad0        0x0 c:/altera/12.1sp1/nios2eds/bin/gnu/h-i686-mingw32/bin/../lib/gcc/nios2-elf/4.1.2\libgcc.a(_gt_df.o)
 .data          0x02018ad0        0x0 c:/altera/12.1sp1/nios2eds/bin/gnu/h-i686-mingw32/bin/../lib/gcc/nios2-elf/4.1.2\libgcc.a(_ge_df.o)
 .data          0x02018ad0        0x0 c:/altera/12.1sp1/nios2eds/bin/gnu/h-i686-mingw32/bin/../lib/gcc/nios2-elf/4.1.2\libgcc.a(_lt_df.o)
 .data          0x02018ad0        0x0 c:/altera/12.1sp1/nios2eds/bin/gnu/h-i686-mingw32/bin/../lib/gcc/nios2-elf/4.1.2\libgcc.a(_si_to_df.o)
 .data          0x02018ad0        0x0 c:/altera/12.1sp1/nios2eds/bin/gnu/h-i686-mingw32/bin/../lib/gcc/nios2-elf/4.1.2\libgcc.a(_df_to_si.o)
 .data          0x02018ad0        0x0 c:/altera/12.1sp1/nios2eds/bin/gnu/h-i686-mingw32/bin/../lib/gcc/nios2-elf/4.1.2\libgcc.a(_thenan_df.o)
 .data          0x02018ad0        0x0 c:/altera/12.1sp1/nios2eds/bin/gnu/h-i686-mingw32/bin/../lib/gcc/nios2-elf/4.1.2\libgcc.a(_usi_to_df.o)
 .data          0x02018ad0        0x0 c:/altera/12.1sp1/nios2eds/bin/gnu/h-i686-mingw32/bin/../lib/gcc/nios2-elf/4.1.2\libgcc.a(lib2-divmod.o)
 .data          0x02018ad0        0x0 c:/altera/12.1sp1/nios2eds/bin/gnu/h-i686-mingw32/bin/../lib/gcc/nios2-elf/4.1.2\libgcc.a(_muldi3.o)
 .data          0x02018ad0        0x0 c:/altera/12.1sp1/nios2eds/bin/gnu/h-i686-mingw32/bin/../lib/gcc/nios2-elf/4.1.2\libgcc.a(_clz.o)
 .data          0x02018ad0        0x0 c:/altera/12.1sp1/nios2eds/bin/gnu/h-i686-mingw32/bin/../lib/gcc/nios2-elf/4.1.2\libgcc.a(_clzsi2.o)
 .data          0x02018ad0        0x0 c:/altera/12.1sp1/nios2eds/bin/gnu/h-i686-mingw32/bin/../lib/gcc/nios2-elf/4.1.2\libgcc.a(_pack_df.o)
 .data          0x02018ad0        0x0 c:/altera/12.1sp1/nios2eds/bin/gnu/h-i686-mingw32/bin/../lib/gcc/nios2-elf/4.1.2\libgcc.a(_unpack_df.o)
 .data          0x02018ad0        0x0 c:/altera/12.1sp1/nios2eds/bin/gnu/h-i686-mingw32/bin/../lib/gcc/nios2-elf/4.1.2\libgcc.a(_fpcmp_parts_df.o)
 .data          0x02018ad0        0x0 ../WifiTest_bsp/\libucosii_bsp.a(alt_close.o)
 .data          0x02018ad0      0x1a8 ../WifiTest_bsp/\libucosii_bsp.a(alt_dev.o)
                0x02018ad0                alt_dev_null
                0x02018af8                alt_fd_list
 .data          0x02018c78        0x0 ../WifiTest_bsp/\libucosii_bsp.a(alt_errno.o)
 .data          0x02018c78        0x0 ../WifiTest_bsp/\libucosii_bsp.a(alt_fstat.o)
 .data          0x02018c78        0x0 ../WifiTest_bsp/\libucosii_bsp.a(alt_isatty.o)
 .data          0x02018c78        0x0 ../WifiTest_bsp/\libucosii_bsp.a(alt_load.o)
 .data          0x02018c78        0x0 ../WifiTest_bsp/\libucosii_bsp.a(alt_lseek.o)
 .data          0x02018c78        0x0 ../WifiTest_bsp/\libucosii_bsp.a(alt_main.o)
 .data          0x02018c78        0x0 ../WifiTest_bsp/\libucosii_bsp.a(alt_open.o)
 .data          0x02018c78        0x0 ../WifiTest_bsp/\libucosii_bsp.a(alt_read.o)
 .data          0x02018c78        0x0 ../WifiTest_bsp/\libucosii_bsp.a(alt_release_fd.o)
 .data          0x02018c78        0x0 ../WifiTest_bsp/\libucosii_bsp.a(alt_sbrk.o)
 .data          0x02018c78        0x0 ../WifiTest_bsp/\libucosii_bsp.a(alt_write.o)
 .data          0x02018c78        0x0 ../WifiTest_bsp/\libucosii_bsp.a(alt_env_lock.o)
 .data          0x02018c78        0x0 ../WifiTest_bsp/\libucosii_bsp.a(alt_malloc_lock.o)
 .data          0x02018c78        0x0 ../WifiTest_bsp/\libucosii_bsp.a(os_core.o)
 .data          0x02018c78        0x0 ../WifiTest_bsp/\libucosii_bsp.a(os_dbg.o)
 .data          0x02018c78        0x0 ../WifiTest_bsp/\libucosii_bsp.a(os_flag.o)
 .data          0x02018c78        0x0 ../WifiTest_bsp/\libucosii_bsp.a(os_mem.o)
 .data          0x02018c78        0x0 ../WifiTest_bsp/\libucosii_bsp.a(os_q.o)
 .data          0x02018c78        0x0 ../WifiTest_bsp/\libucosii_bsp.a(os_sem.o)
 .data          0x02018c78        0x0 ../WifiTest_bsp/\libucosii_bsp.a(os_task.o)
 .data          0x02018c78        0x0 ../WifiTest_bsp/\libucosii_bsp.a(os_time.o)
 .data          0x02018c78     0x1204 ../WifiTest_bsp/\libucosii_bsp.a(alt_sys_init.o)
 .data          0x02019e7c        0x0 ../WifiTest_bsp/\libucosii_bsp.a(altera_avalon_epcs_flash_controller.o)
 .data          0x02019e7c        0x0 ../WifiTest_bsp/\libucosii_bsp.a(altera_avalon_jtag_uart_fd.o)
 .data          0x02019e7c        0x0 ../WifiTest_bsp/\libucosii_bsp.a(altera_avalon_jtag_uart_init.o)
 .data          0x02019e7c        0x0 ../WifiTest_bsp/\libucosii_bsp.a(altera_avalon_jtag_uart_ioctl.o)
 .data          0x02019e7c        0x0 ../WifiTest_bsp/\libucosii_bsp.a(altera_avalon_jtag_uart_read.o)
 .data          0x02019e7c        0x0 ../WifiTest_bsp/\libucosii_bsp.a(altera_avalon_jtag_uart_write.o)
 .data          0x02019e7c        0x0 ../WifiTest_bsp/\libucosii_bsp.a(altera_avalon_timer_sc.o)
 .data          0x02019e7c        0x0 ../WifiTest_bsp/\libucosii_bsp.a(altera_avalon_uart_fd.o)
 .data          0x02019e7c        0x0 ../WifiTest_bsp/\libucosii_bsp.a(altera_avalon_uart_init.o)
 .data          0x02019e7c        0x0 ../WifiTest_bsp/\libucosii_bsp.a(altera_avalon_uart_read.o)
 .data          0x02019e7c        0x0 ../WifiTest_bsp/\libucosii_bsp.a(altera_avalon_uart_write.o)
 .data          0x02019e7c        0x0 ../WifiTest_bsp/\libucosii_bsp.a(epcs_commands.o)
 .data          0x02019e7c        0x0 ../WifiTest_bsp/\libucosii_bsp.a(alt_alarm_start.o)
 .data          0x02019e7c        0x0 ../WifiTest_bsp/\libucosii_bsp.a(alt_dcache_flush_all.o)
 .data          0x02019e7c        0x0 ../WifiTest_bsp/\libucosii_bsp.a(alt_dev_llist_insert.o)
 .data          0x02019e7c        0x0 ../WifiTest_bsp/\libucosii_bsp.a(alt_do_ctors.o)
 .data          0x02019e7c        0x0 ../WifiTest_bsp/\libucosii_bsp.a(alt_do_dtors.o)
 .data          0x02019e7c        0x0 ../WifiTest_bsp/\libucosii_bsp.a(alt_find_dev.o)
 .data          0x02019e7c        0x0 ../WifiTest_bsp/\libucosii_bsp.a(alt_find_file.o)
 .data          0x02019e7c        0x0 ../WifiTest_bsp/\libucosii_bsp.a(alt_flash_dev.o)
 .data          0x02019e7c        0x0 ../WifiTest_bsp/\libucosii_bsp.a(alt_get_fd.o)
 .data          0x02019e7c        0x0 ../WifiTest_bsp/\libucosii_bsp.a(alt_icache_flush_all.o)
 .data          0x02019e7c        0x0 ../WifiTest_bsp/\libucosii_bsp.a(alt_iic.o)
 .data          0x02019e7c        0x0 ../WifiTest_bsp/\libucosii_bsp.a(alt_iic_isr_register.o)
 .data          0x02019e7c        0x0 ../WifiTest_bsp/\libucosii_bsp.a(alt_irq_entry.o)
 .data          0x02019e7c        0x0 ../WifiTest_bsp/\libucosii_bsp.a(alt_irq_handler.o)
 .data          0x02019e7c        0x0 ../WifiTest_bsp/\libucosii_bsp.a(alt_irq_vars.o)
 .data          0x02019e7c        0x0 ../WifiTest_bsp/\libucosii_bsp.a(alt_tick.o)
 .data          0x02019e7c        0x0 ../WifiTest_bsp/\libucosii_bsp.a(altera_nios2_qsys_irq.o)
 .data          0x02019e7c        0x0 ../WifiTest_bsp/\libucosii_bsp.a(os_cpu_a.o)
 .data          0x02019e7c        0x0 ../WifiTest_bsp/\libucosii_bsp.a(os_cpu_c.o)
 .data          0x02019e7c        0x0 ../WifiTest_bsp/\libucosii_bsp.a(altera_avalon_spi.o)
 .data          0x02019e7c        0x0 ../WifiTest_bsp/\libucosii_bsp.a(alt_exception_entry.o)
 .data          0x02019e7c        0x0 ../WifiTest_bsp/\libucosii_bsp.a(alt_icache_flush.o)
 .data          0x02019e7c        0x0 c:/altera/12.1sp1/nios2eds/bin/gnu/h-i686-mingw32/bin/../lib/gcc/nios2-elf/4.1.2/../../../../nios2-elf/lib\libc.a(lib_a-atexit.o)
 .data          0x02019e7c        0x0 c:/altera/12.1sp1/nios2eds/bin/gnu/h-i686-mingw32/bin/../lib/gcc/nios2-elf/4.1.2/../../../../nios2-elf/lib\libc.a(lib_a-exit.o)
 .data          0x02019e7c        0x0 c:/altera/12.1sp1/nios2eds/bin/gnu/h-i686-mingw32/bin/../lib/gcc/nios2-elf/4.1.2/../../../../nios2-elf/lib\libc.a(lib_a-memcmp.o)
 .data          0x02019e7c        0x0 c:/altera/12.1sp1/nios2eds/bin/gnu/h-i686-mingw32/bin/../lib/gcc/nios2-elf/4.1.2/../../../../nios2-elf/lib\libc.a(lib_a-__atexit.o)
 .data          0x02019e7c        0x0 c:/altera/12.1sp1/nios2eds/bin/gnu/h-i686-mingw32/bin/../lib/gcc/nios2-elf/4.1.2/../../../../nios2-elf/lib\libc.a(lib_a-__call_atexit.o)
 .data          0x02019e7c        0x0 ../WifiTest_bsp/\libucosii_bsp.a(alt_exit.o)
                0x02021e7c                _gp = ABSOLUTE ((. + 0x8000))
                0x02021e7c                PROVIDE (gp, _gp)
 *(.rwdata .rwdata.*)
 *(.sdata .sdata.* .gnu.linkonce.s.*)
 .sdata         0x02019e7c        0x8 c:/altera/12.1sp1/nios2eds/bin/gnu/h-i686-mingw32/bin/../lib/gcc/nios2-elf/4.1.2/../../../../nios2-elf/lib\libc.a(lib_a-impure.o)
                0x02019e7c                _impure_ptr
                0x02019e80                _global_impure_ptr
 .sdata         0x02019e84        0x8 c:/altera/12.1sp1/nios2eds/bin/gnu/h-i686-mingw32/bin/../lib/gcc/nios2-elf/4.1.2/../../../../nios2-elf/lib\libc.a(lib_a-mallocr.o)
                0x02019e84                __malloc_trim_threshold
                0x02019e88                __malloc_sbrk_base
 .sdata         0x02019e8c        0x8 c:/altera/12.1sp1/nios2eds/bin/gnu/h-i686-mingw32/bin/../lib/gcc/nios2-elf/4.1.2/../../../../nios2-elf/lib\libc.a(lib_a-locale.o)
                0x02019e8c                __mb_cur_max
 .sdata         0x02019e94       0x14 ../WifiTest_bsp/\libucosii_bsp.a(alt_dev.o)
                0x02019e94                alt_fs_list
                0x02019e9c                alt_dev_list
                0x02019ea4                alt_max_fd
 .sdata         0x02019ea8        0x4 ../WifiTest_bsp/\libucosii_bsp.a(alt_errno.o)
                0x02019ea8                alt_errno
 .sdata         0x02019eac        0x4 ../WifiTest_bsp/\libucosii_bsp.a(alt_sbrk.o)
 .sdata         0x02019eb0        0x4 ../WifiTest_bsp/\libucosii_bsp.a(alt_env_lock.o)
 .sdata         0x02019eb4        0x4 ../WifiTest_bsp/\libucosii_bsp.a(alt_malloc_lock.o)
 .sdata         0x02019eb8       0x74 ../WifiTest_bsp/\libucosii_bsp.a(os_dbg.o)
                0x02019eb8                OSDebugEn
                0x02019ebc                OSEndiannessTest
                0x02019ec0                OSEventEn
                0x02019ec2                OSEventMax
                0x02019ec4                OSEventNameSize
                0x02019ec6                OSEventSize
                0x02019ec8                OSEventTblSize
                0x02019eca                OSEventMultiEn
                0x02019ecc                OSFlagEn
                0x02019ece                OSFlagGrpSize
                0x02019ed0                OSFlagNodeSize
                0x02019ed2                OSFlagWidth
                0x02019ed4                OSFlagMax
                0x02019ed6                OSFlagNameSize
                0x02019ed8                OSLowestPrio
                0x02019eda                OSMboxEn
                0x02019edc                OSMemEn
                0x02019ede                OSMemMax
                0x02019ee0                OSMemNameSize
                0x02019ee2                OSMemSize
                0x02019ee4                OSMemTblSize
                0x02019ee6                OSMutexEn
                0x02019ee8                OSPtrSize
                0x02019eea                OSQEn
                0x02019eec                OSQMax
                0x02019eee                OSQSize
                0x02019ef0                OSRdyTblSize
                0x02019ef2                OSSemEn
                0x02019ef4                OSStkWidth
                0x02019ef6                OSTaskCreateEn
                0x02019ef8                OSTaskCreateExtEn
                0x02019efa                OSTaskDelEn
                0x02019efc                OSTaskIdleStkSize
                0x02019efe                OSTaskProfileEn
                0x02019f00                OSTaskMax
                0x02019f02                OSTaskNameSize
                0x02019f04                OSTaskStatEn
                0x02019f06                OSTaskStatStkSize
                0x02019f08                OSTaskStatStkChkEn
                0x02019f0a                OSTaskSwHookEn
                0x02019f0c                OSTCBPrioTblMax
                0x02019f0e                OSTCBSize
                0x02019f10                OSTicksPerSec
                0x02019f12                OSTimeTickHookEn
                0x02019f14                OSVersionNbr
                0x02019f16                OSTmrEn
                0x02019f18                OSTmrCfgMax
                0x02019f1a                OSTmrCfgNameSize
                0x02019f1c                OSTmrCfgWheelSize
                0x02019f1e                OSTmrCfgTicksPerSec
                0x02019f20                OSTmrSize
                0x02019f22                OSTmrTblSize
                0x02019f24                OSTmrWheelSize
                0x02019f26                OSTmrWheelTblSize
                0x02019f28                OSDataSize
 .sdata         0x02019f2c        0x8 ../WifiTest_bsp/\libucosii_bsp.a(alt_flash_dev.o)
                0x02019f2c                alt_flash_dev_list
 .sdata         0x02019f34        0x4 ../WifiTest_bsp/\libucosii_bsp.a(alt_irq_vars.o)
                0x02019f34                alt_priority_mask
 .sdata         0x02019f38        0x8 ../WifiTest_bsp/\libucosii_bsp.a(alt_tick.o)
                0x02019f38                alt_alarm_list
 *(.sdata2 .sdata2.* .gnu.linkonce.s2.*)
                0x02019f40                . = ALIGN (0x4)
                0x02019f40                _edata = ABSOLUTE (.)
                0x02019f40                PROVIDE (edata, ABSOLUTE (.))
                0x02019f40                PROVIDE (__ram_rwdata_end, ABSOLUTE (.))
                0x02019f40                PROVIDE (__flash_rwdata_start, LOADADDR (.rwdata))

.bss            0x0201bbc4     0x7578
                0x0201bbc4                __bss_start = ABSOLUTE (.)
                0x0201bbc4                PROVIDE (__sbss_start, ABSOLUTE (.))
                0x0201bbc4                PROVIDE (___sbss_start, ABSOLUTE (.))
 *(.dynsbss)
 *(.sbss .sbss.* .gnu.linkonce.sb.*)
 .sbss          0x0201bbc4        0x4 obj/default/main.o
                0x0201bbc4                wifi
 .sbss          0x0201bbc8        0x4 c:/altera/12.1sp1/nios2eds/bin/gnu/h-i686-mingw32/bin/../lib/gcc/nios2-elf/4.1.2/../../../../nios2-elf/lib\libc.a(lib_a-int_errno.o)
                0x0201bbc8                errno
 .sbss          0x0201bbcc        0xc c:/altera/12.1sp1/nios2eds/bin/gnu/h-i686-mingw32/bin/../lib/gcc/nios2-elf/4.1.2/../../../../nios2-elf/lib\libc.a(lib_a-mallocr.o)
                0x0201bbcc                __malloc_top_pad
                0x0201bbd0                __malloc_max_sbrked_mem
                0x0201bbd4                __malloc_max_total_mem
 .sbss          0x0201bbd8        0xc c:/altera/12.1sp1/nios2eds/bin/gnu/h-i686-mingw32/bin/../lib/gcc/nios2-elf/4.1.2/../../../../nios2-elf/lib\libc.a(lib_a-locale.o)
                0x0201bbd8                __nlocale_changed
                0x0201bbdc                __mlocale_changed
                0x0201bbe0                _PathLocale
 .sbss          0x0201bbe4        0x4 ../WifiTest_bsp/\libucosii_bsp.a(alt_dev.o)
                0x0201bbe4                alt_fd_list_lock
 .sbss          0x0201bbe8        0xc ../WifiTest_bsp/\libucosii_bsp.a(alt_main.o)
                0x0201bbe8                alt_argc
                0x0201bbec                alt_argv
                0x0201bbf0                alt_envp
 .sbss          0x0201bbf4        0x8 ../WifiTest_bsp/\libucosii_bsp.a(alt_env_lock.o)
                0x0201bbf8                alt_envsem
 .sbss          0x0201bbfc        0x8 ../WifiTest_bsp/\libucosii_bsp.a(alt_malloc_lock.o)
                0x0201bc00                alt_heapsem
 .sbss          0x0201bc04       0x50 ../WifiTest_bsp/\libucosii_bsp.a(os_core.o)
                0x0201bc04                OSLockNesting
                0x0201bc05                OSRunning
                0x0201bc08                OSIdleCtr
                0x0201bc0c                OSPrioHighRdy
                0x0201bc0d                OSPrioCur
                0x0201bc10                OSTCBList
                0x0201bc14                OSTickStepState
                0x0201bc18                OSCtxSwCtr
                0x0201bc1c                OSIdleCtrMax
                0x0201bc20                OSTCBFreeList
                0x0201bc24                OSCPUUsage
                0x0201bc25                OSTaskCtr
                0x0201bc28                OSMemFreeList
                0x0201bc2c                OSTCBHighRdy
                0x0201bc30                OSQFreeList
                0x0201bc34                OSRdyGrp
                0x0201bc35                OSRdyTbl
                0x0201bc38                OSEventFreeList
                0x0201bc3c                OSIntNesting
                0x0201bc40                OSTCBCur
                0x0201bc44                OSTime
                0x0201bc48                OSFlagFreeList
                0x0201bc4c                OSStatRdy
                0x0201bc50                OSIdleCtrRun
 .sbss          0x0201bc54        0x4 ../WifiTest_bsp/\libucosii_bsp.a(alt_irq_vars.o)
                0x0201bc54                alt_irq_active
 .sbss          0x0201bc58        0x8 ../WifiTest_bsp/\libucosii_bsp.a(alt_tick.o)
                0x0201bc58                _alt_tick_rate
                0x0201bc5c                _alt_nticks
 *(.sbss2 .sbss2.* .gnu.linkonce.sb2.*)
 *(.scommon)
                0x0201bc60                PROVIDE (__sbss_end, ABSOLUTE (.))
                0x0201bc60                PROVIDE (___sbss_end, ABSOLUTE (.))
 *(.dynbss)
 *(.bss .bss.* .gnu.linkonce.b.*)
 .bss           0x0201bc60        0x0 ../WifiTest_bsp//obj/HAL/src/crt0.o
 .bss           0x0201bc60        0x0 obj/default/main.o
 .bss           0x0201bc60        0x0 c:/altera/12.1sp1/nios2eds/bin/gnu/h-i686-mingw32/bin/../lib/gcc/nios2-elf/4.1.2/../../../../nios2-elf/lib\libc.a(lib_a-fgets.o)
 .bss           0x0201bc60        0x0 c:/altera/12.1sp1/nios2eds/bin/gnu/h-i686-mingw32/bin/../lib/gcc/nios2-elf/4.1.2/../../../../nios2-elf/lib\libc.a(lib_a-findfp.o)
 .bss           0x0201bc60        0x0 c:/altera/12.1sp1/nios2eds/bin/gnu/h-i686-mingw32/bin/../lib/gcc/nios2-elf/4.1.2/../../../../nios2-elf/lib\libc.a(lib_a-fopen.o)
 .bss           0x0201bc60        0x0 c:/altera/12.1sp1/nios2eds/bin/gnu/h-i686-mingw32/bin/../lib/gcc/nios2-elf/4.1.2/../../../../nios2-elf/lib\libc.a(lib_a-fseek.o)
 .bss           0x0201bc60        0x0 c:/altera/12.1sp1/nios2eds/bin/gnu/h-i686-mingw32/bin/../lib/gcc/nios2-elf/4.1.2/../../../../nios2-elf/lib\libc.a(lib_a-fstatr.o)
 .bss           0x0201bc60        0x0 c:/altera/12.1sp1/nios2eds/bin/gnu/h-i686-mingw32/bin/../lib/gcc/nios2-elf/4.1.2/../../../../nios2-elf/lib\libc.a(lib_a-fwalk.o)
 .bss           0x0201bc60        0x0 c:/altera/12.1sp1/nios2eds/bin/gnu/h-i686-mingw32/bin/../lib/gcc/nios2-elf/4.1.2/../../../../nios2-elf/lib\libc.a(lib_a-fwrite.o)
 .bss           0x0201bc60        0x0 c:/altera/12.1sp1/nios2eds/bin/gnu/h-i686-mingw32/bin/../lib/gcc/nios2-elf/4.1.2/../../../../nios2-elf/lib\libc.a(lib_a-impure.o)
 .bss           0x0201bc60        0x0 c:/altera/12.1sp1/nios2eds/bin/gnu/h-i686-mingw32/bin/../lib/gcc/nios2-elf/4.1.2/../../../../nios2-elf/lib\libc.a(lib_a-int_errno.o)
 .bss           0x0201bc60        0x0 c:/altera/12.1sp1/nios2eds/bin/gnu/h-i686-mingw32/bin/../lib/gcc/nios2-elf/4.1.2/../../../../nios2-elf/lib\libc.a(lib_a-makebuf.o)
 .bss           0x0201bc60       0x28 c:/altera/12.1sp1/nios2eds/bin/gnu/h-i686-mingw32/bin/../lib/gcc/nios2-elf/4.1.2/../../../../nios2-elf/lib\libc.a(lib_a-mallocr.o)
                0x0201bc60                __malloc_current_mallinfo
 .bss           0x0201bc88        0x0 c:/altera/12.1sp1/nios2eds/bin/gnu/h-i686-mingw32/bin/../lib/gcc/nios2-elf/4.1.2/../../../../nios2-elf/lib\libc.a(lib_a-memchr.o)
 .bss           0x0201bc88        0x0 c:/altera/12.1sp1/nios2eds/bin/gnu/h-i686-mingw32/bin/../lib/gcc/nios2-elf/4.1.2/../../../../nios2-elf/lib\libc.a(lib_a-memcpy.o)
 .bss           0x0201bc88        0x0 c:/altera/12.1sp1/nios2eds/bin/gnu/h-i686-mingw32/bin/../lib/gcc/nios2-elf/4.1.2/../../../../nios2-elf/lib\libc.a(lib_a-memset.o)
 .bss           0x0201bc88        0x0 c:/altera/12.1sp1/nios2eds/bin/gnu/h-i686-mingw32/bin/../lib/gcc/nios2-elf/4.1.2/../../../../nios2-elf/lib\libc.a(lib_a-openr.o)
 .bss           0x0201bc88        0x0 c:/altera/12.1sp1/nios2eds/bin/gnu/h-i686-mingw32/bin/../lib/gcc/nios2-elf/4.1.2/../../../../nios2-elf/lib\libc.a(lib_a-printf.o)
 .bss           0x0201bc88        0x0 c:/altera/12.1sp1/nios2eds/bin/gnu/h-i686-mingw32/bin/../lib/gcc/nios2-elf/4.1.2/../../../../nios2-elf/lib\libc.a(lib_a-puts.o)
 .bss           0x0201bc88        0x0 c:/altera/12.1sp1/nios2eds/bin/gnu/h-i686-mingw32/bin/../lib/gcc/nios2-elf/4.1.2/../../../../nios2-elf/lib\libc.a(lib_a-refill.o)
 .bss           0x0201bc88        0x0 c:/altera/12.1sp1/nios2eds/bin/gnu/h-i686-mingw32/bin/../lib/gcc/nios2-elf/4.1.2/../../../../nios2-elf/lib\libc.a(lib_a-sbrkr.o)
 .bss           0x0201bc88        0x0 c:/altera/12.1sp1/nios2eds/bin/gnu/h-i686-mingw32/bin/../lib/gcc/nios2-elf/4.1.2/../../../../nios2-elf/lib\libc.a(lib_a-stdio.o)
 .bss           0x0201bc88        0x0 c:/altera/12.1sp1/nios2eds/bin/gnu/h-i686-mingw32/bin/../lib/gcc/nios2-elf/4.1.2/../../../../nios2-elf/lib\libc.a(lib_a-strlen.o)
 .bss           0x0201bc88        0x0 c:/altera/12.1sp1/nios2eds/bin/gnu/h-i686-mingw32/bin/../lib/gcc/nios2-elf/4.1.2/../../../../nios2-elf/lib\libc.a(lib_a-vfprintf.o)
 .bss           0x0201bc88        0x0 c:/altera/12.1sp1/nios2eds/bin/gnu/h-i686-mingw32/bin/../lib/gcc/nios2-elf/4.1.2/../../../../nios2-elf/lib\libc.a(lib_a-writer.o)
 .bss           0x0201bc88        0x0 c:/altera/12.1sp1/nios2eds/bin/gnu/h-i686-mingw32/bin/../lib/gcc/nios2-elf/4.1.2/../../../../nios2-elf/lib\libc.a(lib_a-wsetup.o)
 .bss           0x0201bc88        0x0 c:/altera/12.1sp1/nios2eds/bin/gnu/h-i686-mingw32/bin/../lib/gcc/nios2-elf/4.1.2/../../../../nios2-elf/lib\libc.a(lib_a-closer.o)
 .bss           0x0201bc88        0x0 c:/altera/12.1sp1/nios2eds/bin/gnu/h-i686-mingw32/bin/../lib/gcc/nios2-elf/4.1.2/../../../../nios2-elf/lib\libc.a(lib_a-dtoa.o)
 .bss           0x0201bc88        0x0 c:/altera/12.1sp1/nios2eds/bin/gnu/h-i686-mingw32/bin/../lib/gcc/nios2-elf/4.1.2/../../../../nios2-elf/lib\libc.a(lib_a-fclose.o)
 .bss           0x0201bc88        0x0 c:/altera/12.1sp1/nios2eds/bin/gnu/h-i686-mingw32/bin/../lib/gcc/nios2-elf/4.1.2/../../../../nios2-elf/lib\libc.a(lib_a-fflush.o)
 .bss           0x0201bc88        0x0 c:/altera/12.1sp1/nios2eds/bin/gnu/h-i686-mingw32/bin/../lib/gcc/nios2-elf/4.1.2/../../../../nios2-elf/lib\libc.a(lib_a-flags.o)
 .bss           0x0201bc88        0x0 c:/altera/12.1sp1/nios2eds/bin/gnu/h-i686-mingw32/bin/../lib/gcc/nios2-elf/4.1.2/../../../../nios2-elf/lib\libc.a(lib_a-freer.o)
 .bss           0x0201bc88        0x0 c:/altera/12.1sp1/nios2eds/bin/gnu/h-i686-mingw32/bin/../lib/gcc/nios2-elf/4.1.2/../../../../nios2-elf/lib\libc.a(lib_a-fvwrite.o)
 .bss           0x0201bc88        0x0 c:/altera/12.1sp1/nios2eds/bin/gnu/h-i686-mingw32/bin/../lib/gcc/nios2-elf/4.1.2/../../../../nios2-elf/lib\libc.a(lib_a-isattyr.o)
 .bss           0x0201bc88        0x0 c:/altera/12.1sp1/nios2eds/bin/gnu/h-i686-mingw32/bin/../lib/gcc/nios2-elf/4.1.2/../../../../nios2-elf/lib\libc.a(lib_a-locale.o)
 .bss           0x0201bc88        0x0 c:/altera/12.1sp1/nios2eds/bin/gnu/h-i686-mingw32/bin/../lib/gcc/nios2-elf/4.1.2/../../../../nios2-elf/lib\libc.a(lib_a-lseekr.o)
 .bss           0x0201bc88        0x0 c:/altera/12.1sp1/nios2eds/bin/gnu/h-i686-mingw32/bin/../lib/gcc/nios2-elf/4.1.2/../../../../nios2-elf/lib\libc.a(lib_a-memmove.o)
 .bss           0x0201bc88        0x0 c:/altera/12.1sp1/nios2eds/bin/gnu/h-i686-mingw32/bin/../lib/gcc/nios2-elf/4.1.2/../../../../nios2-elf/lib\libc.a(lib_a-mprec.o)
 .bss           0x0201bc88        0x0 c:/altera/12.1sp1/nios2eds/bin/gnu/h-i686-mingw32/bin/../lib/gcc/nios2-elf/4.1.2/../../../../nios2-elf/lib\libc.a(lib_a-readr.o)
 .bss           0x0201bc88        0x0 c:/altera/12.1sp1/nios2eds/bin/gnu/h-i686-mingw32/bin/../lib/gcc/nios2-elf/4.1.2/../../../../nios2-elf/lib\libc.a(lib_a-reallocr.o)
 .bss           0x0201bc88        0x0 c:/altera/12.1sp1/nios2eds/bin/gnu/h-i686-mingw32/bin/../lib/gcc/nios2-elf/4.1.2/../../../../nios2-elf/lib\libc.a(lib_a-s_isinfd.o)
 .bss           0x0201bc88        0x0 c:/altera/12.1sp1/nios2eds/bin/gnu/h-i686-mingw32/bin/../lib/gcc/nios2-elf/4.1.2/../../../../nios2-elf/lib\libc.a(lib_a-s_isnand.o)
 .bss           0x0201bc88        0x0 c:/altera/12.1sp1/nios2eds/bin/gnu/h-i686-mingw32/bin/../lib/gcc/nios2-elf/4.1.2/../../../../nios2-elf/lib\libc.a(lib_a-strcmp.o)
 .bss           0x0201bc88        0x0 c:/altera/12.1sp1/nios2eds/bin/gnu/h-i686-mingw32/bin/../lib/gcc/nios2-elf/4.1.2/../../../../nios2-elf/lib\libc.a(lib_a-callocr.o)
 .bss           0x0201bc88        0x0 c:/altera/12.1sp1/nios2eds/bin/gnu/h-i686-mingw32/bin/../lib/gcc/nios2-elf/4.1.2\libgcc.a(_udivdi3.o)
 .bss           0x0201bc88        0x0 c:/altera/12.1sp1/nios2eds/bin/gnu/h-i686-mingw32/bin/../lib/gcc/nios2-elf/4.1.2\libgcc.a(_umoddi3.o)
 .bss           0x0201bc88        0x0 c:/altera/12.1sp1/nios2eds/bin/gnu/h-i686-mingw32/bin/../lib/gcc/nios2-elf/4.1.2\libgcc.a(_addsub_df.o)
 .bss           0x0201bc88        0x0 c:/altera/12.1sp1/nios2eds/bin/gnu/h-i686-mingw32/bin/../lib/gcc/nios2-elf/4.1.2\libgcc.a(_mul_df.o)
 .bss           0x0201bc88        0x0 c:/altera/12.1sp1/nios2eds/bin/gnu/h-i686-mingw32/bin/../lib/gcc/nios2-elf/4.1.2\libgcc.a(_div_df.o)
 .bss           0x0201bc88        0x0 c:/altera/12.1sp1/nios2eds/bin/gnu/h-i686-mingw32/bin/../lib/gcc/nios2-elf/4.1.2\libgcc.a(_eq_df.o)
 .bss           0x0201bc88        0x0 c:/altera/12.1sp1/nios2eds/bin/gnu/h-i686-mingw32/bin/../lib/gcc/nios2-elf/4.1.2\libgcc.a(_ne_df.o)
 .bss           0x0201bc88        0x0 c:/altera/12.1sp1/nios2eds/bin/gnu/h-i686-mingw32/bin/../lib/gcc/nios2-elf/4.1.2\libgcc.a(_gt_df.o)
 .bss           0x0201bc88        0x0 c:/altera/12.1sp1/nios2eds/bin/gnu/h-i686-mingw32/bin/../lib/gcc/nios2-elf/4.1.2\libgcc.a(_ge_df.o)
 .bss           0x0201bc88        0x0 c:/altera/12.1sp1/nios2eds/bin/gnu/h-i686-mingw32/bin/../lib/gcc/nios2-elf/4.1.2\libgcc.a(_lt_df.o)
 .bss           0x0201bc88        0x0 c:/altera/12.1sp1/nios2eds/bin/gnu/h-i686-mingw32/bin/../lib/gcc/nios2-elf/4.1.2\libgcc.a(_si_to_df.o)
 .bss           0x0201bc88        0x0 c:/altera/12.1sp1/nios2eds/bin/gnu/h-i686-mingw32/bin/../lib/gcc/nios2-elf/4.1.2\libgcc.a(_df_to_si.o)
 .bss           0x0201bc88        0x0 c:/altera/12.1sp1/nios2eds/bin/gnu/h-i686-mingw32/bin/../lib/gcc/nios2-elf/4.1.2\libgcc.a(_thenan_df.o)
 .bss           0x0201bc88        0x0 c:/altera/12.1sp1/nios2eds/bin/gnu/h-i686-mingw32/bin/../lib/gcc/nios2-elf/4.1.2\libgcc.a(_usi_to_df.o)
 .bss           0x0201bc88        0x0 c:/altera/12.1sp1/nios2eds/bin/gnu/h-i686-mingw32/bin/../lib/gcc/nios2-elf/4.1.2\libgcc.a(lib2-divmod.o)
 .bss           0x0201bc88        0x0 c:/altera/12.1sp1/nios2eds/bin/gnu/h-i686-mingw32/bin/../lib/gcc/nios2-elf/4.1.2\libgcc.a(_muldi3.o)
 .bss           0x0201bc88        0x0 c:/altera/12.1sp1/nios2eds/bin/gnu/h-i686-mingw32/bin/../lib/gcc/nios2-elf/4.1.2\libgcc.a(_clz.o)
 .bss           0x0201bc88        0x0 c:/altera/12.1sp1/nios2eds/bin/gnu/h-i686-mingw32/bin/../lib/gcc/nios2-elf/4.1.2\libgcc.a(_clzsi2.o)
 .bss           0x0201bc88        0x0 c:/altera/12.1sp1/nios2eds/bin/gnu/h-i686-mingw32/bin/../lib/gcc/nios2-elf/4.1.2\libgcc.a(_pack_df.o)
 .bss           0x0201bc88        0x0 c:/altera/12.1sp1/nios2eds/bin/gnu/h-i686-mingw32/bin/../lib/gcc/nios2-elf/4.1.2\libgcc.a(_unpack_df.o)
 .bss           0x0201bc88        0x0 c:/altera/12.1sp1/nios2eds/bin/gnu/h-i686-mingw32/bin/../lib/gcc/nios2-elf/4.1.2\libgcc.a(_fpcmp_parts_df.o)
 .bss           0x0201bc88        0x0 ../WifiTest_bsp/\libucosii_bsp.a(alt_close.o)
 .bss           0x0201bc88        0x0 ../WifiTest_bsp/\libucosii_bsp.a(alt_dev.o)
 .bss           0x0201bc88        0x0 ../WifiTest_bsp/\libucosii_bsp.a(alt_errno.o)
 .bss           0x0201bc88        0x0 ../WifiTest_bsp/\libucosii_bsp.a(alt_fstat.o)
 .bss           0x0201bc88        0x0 ../WifiTest_bsp/\libucosii_bsp.a(alt_isatty.o)
 .bss           0x0201bc88        0x0 ../WifiTest_bsp/\libucosii_bsp.a(alt_load.o)
 .bss           0x0201bc88        0x0 ../WifiTest_bsp/\libucosii_bsp.a(alt_lseek.o)
 .bss           0x0201bc88        0x0 ../WifiTest_bsp/\libucosii_bsp.a(alt_main.o)
 .bss           0x0201bc88        0x0 ../WifiTest_bsp/\libucosii_bsp.a(alt_open.o)
 .bss           0x0201bc88        0x0 ../WifiTest_bsp/\libucosii_bsp.a(alt_read.o)
 .bss           0x0201bc88        0x0 ../WifiTest_bsp/\libucosii_bsp.a(alt_release_fd.o)
 .bss           0x0201bc88        0x0 ../WifiTest_bsp/\libucosii_bsp.a(alt_sbrk.o)
 .bss           0x0201bc88        0x0 ../WifiTest_bsp/\libucosii_bsp.a(alt_write.o)
 .bss           0x0201bc88        0x0 ../WifiTest_bsp/\libucosii_bsp.a(alt_env_lock.o)
 .bss           0x0201bc88        0x0 ../WifiTest_bsp/\libucosii_bsp.a(alt_malloc_lock.o)
 .bss           0x0201bc88        0x0 ../WifiTest_bsp/\libucosii_bsp.a(os_core.o)
 .bss           0x0201bc88        0x0 ../WifiTest_bsp/\libucosii_bsp.a(os_dbg.o)
 .bss           0x0201bc88        0x0 ../WifiTest_bsp/\libucosii_bsp.a(os_flag.o)
 .bss           0x0201bc88        0x0 ../WifiTest_bsp/\libucosii_bsp.a(os_mem.o)
 .bss           0x0201bc88        0x0 ../WifiTest_bsp/\libucosii_bsp.a(os_q.o)
 .bss           0x0201bc88        0x0 ../WifiTest_bsp/\libucosii_bsp.a(os_sem.o)
 .bss           0x0201bc88        0x0 ../WifiTest_bsp/\libucosii_bsp.a(os_task.o)
 .bss           0x0201bc88        0x0 ../WifiTest_bsp/\libucosii_bsp.a(os_time.o)
 .bss           0x0201bc88        0x0 ../WifiTest_bsp/\libucosii_bsp.a(alt_sys_init.o)
 .bss           0x0201bc88        0x0 ../WifiTest_bsp/\libucosii_bsp.a(altera_avalon_epcs_flash_controller.o)
 .bss           0x0201bc88        0x0 ../WifiTest_bsp/\libucosii_bsp.a(altera_avalon_jtag_uart_fd.o)
 .bss           0x0201bc88        0x0 ../WifiTest_bsp/\libucosii_bsp.a(altera_avalon_jtag_uart_init.o)
 .bss           0x0201bc88        0x0 ../WifiTest_bsp/\libucosii_bsp.a(altera_avalon_jtag_uart_ioctl.o)
 .bss           0x0201bc88        0x0 ../WifiTest_bsp/\libucosii_bsp.a(altera_avalon_jtag_uart_read.o)
 .bss           0x0201bc88        0x0 ../WifiTest_bsp/\libucosii_bsp.a(altera_avalon_jtag_uart_write.o)
 .bss           0x0201bc88        0x0 ../WifiTest_bsp/\libucosii_bsp.a(altera_avalon_timer_sc.o)
 .bss           0x0201bc88        0x0 ../WifiTest_bsp/\libucosii_bsp.a(altera_avalon_uart_fd.o)
 .bss           0x0201bc88        0x0 ../WifiTest_bsp/\libucosii_bsp.a(altera_avalon_uart_init.o)
 .bss           0x0201bc88        0x0 ../WifiTest_bsp/\libucosii_bsp.a(altera_avalon_uart_read.o)
 .bss           0x0201bc88        0x0 ../WifiTest_bsp/\libucosii_bsp.a(altera_avalon_uart_write.o)
 .bss           0x0201bc88        0x0 ../WifiTest_bsp/\libucosii_bsp.a(epcs_commands.o)
 .bss           0x0201bc88        0x0 ../WifiTest_bsp/\libucosii_bsp.a(alt_alarm_start.o)
 .bss           0x0201bc88        0x0 ../WifiTest_bsp/\libucosii_bsp.a(alt_dcache_flush_all.o)
 .bss           0x0201bc88        0x0 ../WifiTest_bsp/\libucosii_bsp.a(alt_dev_llist_insert.o)
 .bss           0x0201bc88        0x0 ../WifiTest_bsp/\libucosii_bsp.a(alt_do_ctors.o)
 .bss           0x0201bc88        0x0 ../WifiTest_bsp/\libucosii_bsp.a(alt_do_dtors.o)
 .bss           0x0201bc88        0x0 ../WifiTest_bsp/\libucosii_bsp.a(alt_find_dev.o)
 .bss           0x0201bc88        0x0 ../WifiTest_bsp/\libucosii_bsp.a(alt_find_file.o)
 .bss           0x0201bc88        0x0 ../WifiTest_bsp/\libucosii_bsp.a(alt_flash_dev.o)
 .bss           0x0201bc88        0x0 ../WifiTest_bsp/\libucosii_bsp.a(alt_get_fd.o)
 .bss           0x0201bc88        0x0 ../WifiTest_bsp/\libucosii_bsp.a(alt_icache_flush_all.o)
 .bss           0x0201bc88        0x0 ../WifiTest_bsp/\libucosii_bsp.a(alt_iic.o)
 .bss           0x0201bc88        0x0 ../WifiTest_bsp/\libucosii_bsp.a(alt_iic_isr_register.o)
 .bss           0x0201bc88        0x0 ../WifiTest_bsp/\libucosii_bsp.a(alt_irq_entry.o)
 .bss           0x0201bc88        0x0 ../WifiTest_bsp/\libucosii_bsp.a(alt_irq_handler.o)
 .bss           0x0201bc88        0x0 ../WifiTest_bsp/\libucosii_bsp.a(alt_irq_vars.o)
 .bss           0x0201bc88        0x0 ../WifiTest_bsp/\libucosii_bsp.a(alt_tick.o)
 .bss           0x0201bc88        0x0 ../WifiTest_bsp/\libucosii_bsp.a(altera_nios2_qsys_irq.o)
 .bss           0x0201bc88        0x0 ../WifiTest_bsp/\libucosii_bsp.a(os_cpu_a.o)
 .bss           0x0201bc88        0x0 ../WifiTest_bsp/\libucosii_bsp.a(os_cpu_c.o)
 .bss           0x0201bc88        0x0 ../WifiTest_bsp/\libucosii_bsp.a(altera_avalon_spi.o)
 .bss           0x0201bc88        0x0 ../WifiTest_bsp/\libucosii_bsp.a(alt_exception_entry.o)
 .bss           0x0201bc88        0x0 ../WifiTest_bsp/\libucosii_bsp.a(alt_icache_flush.o)
 .bss           0x0201bc88        0x0 c:/altera/12.1sp1/nios2eds/bin/gnu/h-i686-mingw32/bin/../lib/gcc/nios2-elf/4.1.2/../../../../nios2-elf/lib\libc.a(lib_a-atexit.o)
 .bss           0x0201bc88        0x0 c:/altera/12.1sp1/nios2eds/bin/gnu/h-i686-mingw32/bin/../lib/gcc/nios2-elf/4.1.2/../../../../nios2-elf/lib\libc.a(lib_a-exit.o)
 .bss           0x0201bc88        0x0 c:/altera/12.1sp1/nios2eds/bin/gnu/h-i686-mingw32/bin/../lib/gcc/nios2-elf/4.1.2/../../../../nios2-elf/lib\libc.a(lib_a-memcmp.o)
 .bss           0x0201bc88        0x0 c:/altera/12.1sp1/nios2eds/bin/gnu/h-i686-mingw32/bin/../lib/gcc/nios2-elf/4.1.2/../../../../nios2-elf/lib\libc.a(lib_a-__atexit.o)
 .bss           0x0201bc88        0x0 c:/altera/12.1sp1/nios2eds/bin/gnu/h-i686-mingw32/bin/../lib/gcc/nios2-elf/4.1.2/../../../../nios2-elf/lib\libc.a(lib_a-__call_atexit.o)
 .bss           0x0201bc88        0x0 ../WifiTest_bsp/\libucosii_bsp.a(alt_exit.o)
 *(COMMON)
 COMMON         0x0201bc88     0x4000 obj/default/main.o
                0x0201bc88                task1_stk
                0x0201dc88                task2_stk
 COMMON         0x0201fc88     0x3224 ../WifiTest_bsp/\libucosii_bsp.a(os_core.o)
                0x0201fc88                OSFlagTbl
                0x0201fff8                OSMemTbl
                0x02020c28                OSTaskStatStk
                0x02021428                OSQTbl
                0x02021608                OSTaskIdleStk
                0x02021e08                OSEventTbl
                0x02022948                OSTCBTbl
                0x02022e58                OSTCBPrioTbl
 COMMON         0x02022eac      0x100 ../WifiTest_bsp/\libucosii_bsp.a(alt_irq_handler.o)
                0x02022eac                alt_irq
 COMMON         0x02022fac      0x190 c:/altera/12.1sp1/nios2eds/bin/gnu/h-i686-mingw32/bin/../lib/gcc/nios2-elf/4.1.2/../../../../nios2-elf/lib\libc.a(lib_a-atexit.o)
                0x02022fac                _atexit0
                0x0202313c                . = ALIGN (0x4)
                0x0202313c                __bss_end = ABSOLUTE (.)

.sdram          0x0202313c        0x0
                0x0202313c                PROVIDE (_alt_partition_sdram_start, ABSOLUTE (.))
 *(.sdram. sdram.*)
                0x0202313c                . = ALIGN (0x4)
                0x0202313c                PROVIDE (_alt_partition_sdram_end, ABSOLUTE (.))
                0x0202313c                _end = ABSOLUTE (.)
                0x0202313c                end = ABSOLUTE (.)
                0x0202313c                __alt_stack_base = ABSOLUTE (.)
                0x0202313c                PROVIDE (_alt_partition_sdram_load_addr, LOADADDR (.sdram))

.epcs_flash_controller
                0x04000800        0x0 load address 0x0202313c
                0x04000800                PROVIDE (_alt_partition_epcs_flash_controller_start, ABSOLUTE (.))
 *(.epcs_flash_controller. epcs_flash_controller.*)
                0x04000800                . = ALIGN (0x4)
                0x04000800                PROVIDE (_alt_partition_epcs_flash_controller_end, ABSOLUTE (.))
                0x0202313c                PROVIDE (_alt_partition_epcs_flash_controller_load_addr, LOADADDR (.epcs_flash_controller))

.stab
 *(.stab)

.stabstr
 *(.stabstr)

.stab.excl
 *(.stab.excl)

.stab.exclstr
 *(.stab.exclstr)

.stab.index
 *(.stab.index)

.stab.indexstr
 *(.stab.indexstr)

.comment        0x00000000       0x26
 *(.comment)
 .comment       0x00000000       0x26 obj/default/main.o
                                 0x27 (size before relaxing)
 .comment       0x00000000       0x27 c:/altera/12.1sp1/nios2eds/bin/gnu/h-i686-mingw32/bin/../lib/gcc/nios2-elf/4.1.2/../../../../nios2-elf/lib\libc.a(lib_a-fgets.o)
 .comment       0x00000000       0x27 c:/altera/12.1sp1/nios2eds/bin/gnu/h-i686-mingw32/bin/../lib/gcc/nios2-elf/4.1.2/../../../../nios2-elf/lib\libc.a(lib_a-findfp.o)
 .comment       0x00000000       0x27 c:/altera/12.1sp1/nios2eds/bin/gnu/h-i686-mingw32/bin/../lib/gcc/nios2-elf/4.1.2/../../../../nios2-elf/lib\libc.a(lib_a-fopen.o)
 .comment       0x00000000       0x27 c:/altera/12.1sp1/nios2eds/bin/gnu/h-i686-mingw32/bin/../lib/gcc/nios2-elf/4.1.2/../../../../nios2-elf/lib\libc.a(lib_a-fseek.o)
 .comment       0x00000000       0x27 c:/altera/12.1sp1/nios2eds/bin/gnu/h-i686-mingw32/bin/../lib/gcc/nios2-elf/4.1.2/../../../../nios2-elf/lib\libc.a(lib_a-fstatr.o)
 .comment       0x00000000       0x27 c:/altera/12.1sp1/nios2eds/bin/gnu/h-i686-mingw32/bin/../lib/gcc/nios2-elf/4.1.2/../../../../nios2-elf/lib\libc.a(lib_a-fwalk.o)
 .comment       0x00000000       0x27 c:/altera/12.1sp1/nios2eds/bin/gnu/h-i686-mingw32/bin/../lib/gcc/nios2-elf/4.1.2/../../../../nios2-elf/lib\libc.a(lib_a-fwrite.o)
 .comment       0x00000000       0x27 c:/altera/12.1sp1/nios2eds/bin/gnu/h-i686-mingw32/bin/../lib/gcc/nios2-elf/4.1.2/../../../../nios2-elf/lib\libc.a(lib_a-impure.o)
 .comment       0x00000000       0x27 c:/altera/12.1sp1/nios2eds/bin/gnu/h-i686-mingw32/bin/../lib/gcc/nios2-elf/4.1.2/../../../../nios2-elf/lib\libc.a(lib_a-int_errno.o)
 .comment       0x00000000       0x27 c:/altera/12.1sp1/nios2eds/bin/gnu/h-i686-mingw32/bin/../lib/gcc/nios2-elf/4.1.2/../../../../nios2-elf/lib\libc.a(lib_a-makebuf.o)
 .comment       0x00000000       0x27 c:/altera/12.1sp1/nios2eds/bin/gnu/h-i686-mingw32/bin/../lib/gcc/nios2-elf/4.1.2/../../../../nios2-elf/lib\libc.a(lib_a-mallocr.o)
 .comment       0x00000000       0x27 c:/altera/12.1sp1/nios2eds/bin/gnu/h-i686-mingw32/bin/../lib/gcc/nios2-elf/4.1.2/../../../../nios2-elf/lib\libc.a(lib_a-memchr.o)
 .comment       0x00000000       0x27 c:/altera/12.1sp1/nios2eds/bin/gnu/h-i686-mingw32/bin/../lib/gcc/nios2-elf/4.1.2/../../../../nios2-elf/lib\libc.a(lib_a-memcpy.o)
 .comment       0x00000000       0x27 c:/altera/12.1sp1/nios2eds/bin/gnu/h-i686-mingw32/bin/../lib/gcc/nios2-elf/4.1.2/../../../../nios2-elf/lib\libc.a(lib_a-memset.o)
 .comment       0x00000000       0x27 c:/altera/12.1sp1/nios2eds/bin/gnu/h-i686-mingw32/bin/../lib/gcc/nios2-elf/4.1.2/../../../../nios2-elf/lib\libc.a(lib_a-openr.o)
 .comment       0x00000000       0x27 c:/altera/12.1sp1/nios2eds/bin/gnu/h-i686-mingw32/bin/../lib/gcc/nios2-elf/4.1.2/../../../../nios2-elf/lib\libc.a(lib_a-printf.o)
 .comment       0x00000000       0x27 c:/altera/12.1sp1/nios2eds/bin/gnu/h-i686-mingw32/bin/../lib/gcc/nios2-elf/4.1.2/../../../../nios2-elf/lib\libc.a(lib_a-puts.o)
 .comment       0x00000000       0x27 c:/altera/12.1sp1/nios2eds/bin/gnu/h-i686-mingw32/bin/../lib/gcc/nios2-elf/4.1.2/../../../../nios2-elf/lib\libc.a(lib_a-refill.o)
 .comment       0x00000000       0x27 c:/altera/12.1sp1/nios2eds/bin/gnu/h-i686-mingw32/bin/../lib/gcc/nios2-elf/4.1.2/../../../../nios2-elf/lib\libc.a(lib_a-sbrkr.o)
 .comment       0x00000000       0x27 c:/altera/12.1sp1/nios2eds/bin/gnu/h-i686-mingw32/bin/../lib/gcc/nios2-elf/4.1.2/../../../../nios2-elf/lib\libc.a(lib_a-stdio.o)
 .comment       0x00000000       0x27 c:/altera/12.1sp1/nios2eds/bin/gnu/h-i686-mingw32/bin/../lib/gcc/nios2-elf/4.1.2/../../../../nios2-elf/lib\libc.a(lib_a-strlen.o)
 .comment       0x00000000       0x27 c:/altera/12.1sp1/nios2eds/bin/gnu/h-i686-mingw32/bin/../lib/gcc/nios2-elf/4.1.2/../../../../nios2-elf/lib\libc.a(lib_a-vfprintf.o)
 .comment       0x00000000       0x27 c:/altera/12.1sp1/nios2eds/bin/gnu/h-i686-mingw32/bin/../lib/gcc/nios2-elf/4.1.2/../../../../nios2-elf/lib\libc.a(lib_a-writer.o)
 .comment       0x00000000       0x27 c:/altera/12.1sp1/nios2eds/bin/gnu/h-i686-mingw32/bin/../lib/gcc/nios2-elf/4.1.2/../../../../nios2-elf/lib\libc.a(lib_a-wsetup.o)
 .comment       0x00000000       0x27 c:/altera/12.1sp1/nios2eds/bin/gnu/h-i686-mingw32/bin/../lib/gcc/nios2-elf/4.1.2/../../../../nios2-elf/lib\libc.a(lib_a-closer.o)
 .comment       0x00000000       0x27 c:/altera/12.1sp1/nios2eds/bin/gnu/h-i686-mingw32/bin/../lib/gcc/nios2-elf/4.1.2/../../../../nios2-elf/lib\libc.a(lib_a-dtoa.o)
 .comment       0x00000000       0x27 c:/altera/12.1sp1/nios2eds/bin/gnu/h-i686-mingw32/bin/../lib/gcc/nios2-elf/4.1.2/../../../../nios2-elf/lib\libc.a(lib_a-fclose.o)
 .comment       0x00000000       0x27 c:/altera/12.1sp1/nios2eds/bin/gnu/h-i686-mingw32/bin/../lib/gcc/nios2-elf/4.1.2/../../../../nios2-elf/lib\libc.a(lib_a-fflush.o)
 .comment       0x00000000       0x27 c:/altera/12.1sp1/nios2eds/bin/gnu/h-i686-mingw32/bin/../lib/gcc/nios2-elf/4.1.2/../../../../nios2-elf/lib\libc.a(lib_a-flags.o)
 .comment       0x00000000       0x27 c:/altera/12.1sp1/nios2eds/bin/gnu/h-i686-mingw32/bin/../lib/gcc/nios2-elf/4.1.2/../../../../nios2-elf/lib\libc.a(lib_a-freer.o)
 .comment       0x00000000       0x27 c:/altera/12.1sp1/nios2eds/bin/gnu/h-i686-mingw32/bin/../lib/gcc/nios2-elf/4.1.2/../../../../nios2-elf/lib\libc.a(lib_a-fvwrite.o)
 .comment       0x00000000       0x27 c:/altera/12.1sp1/nios2eds/bin/gnu/h-i686-mingw32/bin/../lib/gcc/nios2-elf/4.1.2/../../../../nios2-elf/lib\libc.a(lib_a-isattyr.o)
 .comment       0x00000000       0x27 c:/altera/12.1sp1/nios2eds/bin/gnu/h-i686-mingw32/bin/../lib/gcc/nios2-elf/4.1.2/../../../../nios2-elf/lib\libc.a(lib_a-locale.o)
 .comment       0x00000000       0x27 c:/altera/12.1sp1/nios2eds/bin/gnu/h-i686-mingw32/bin/../lib/gcc/nios2-elf/4.1.2/../../../../nios2-elf/lib\libc.a(lib_a-lseekr.o)
 .comment       0x00000000       0x27 c:/altera/12.1sp1/nios2eds/bin/gnu/h-i686-mingw32/bin/../lib/gcc/nios2-elf/4.1.2/../../../../nios2-elf/lib\libc.a(lib_a-memmove.o)
 .comment       0x00000000       0x27 c:/altera/12.1sp1/nios2eds/bin/gnu/h-i686-mingw32/bin/../lib/gcc/nios2-elf/4.1.2/../../../../nios2-elf/lib\libc.a(lib_a-mprec.o)
 .comment       0x00000000       0x27 c:/altera/12.1sp1/nios2eds/bin/gnu/h-i686-mingw32/bin/../lib/gcc/nios2-elf/4.1.2/../../../../nios2-elf/lib\libc.a(lib_a-readr.o)
 .comment       0x00000000       0x27 c:/altera/12.1sp1/nios2eds/bin/gnu/h-i686-mingw32/bin/../lib/gcc/nios2-elf/4.1.2/../../../../nios2-elf/lib\libc.a(lib_a-reallocr.o)
 .comment       0x00000000       0x27 c:/altera/12.1sp1/nios2eds/bin/gnu/h-i686-mingw32/bin/../lib/gcc/nios2-elf/4.1.2/../../../../nios2-elf/lib\libc.a(lib_a-s_isinfd.o)
 .comment       0x00000000       0x27 c:/altera/12.1sp1/nios2eds/bin/gnu/h-i686-mingw32/bin/../lib/gcc/nios2-elf/4.1.2/../../../../nios2-elf/lib\libc.a(lib_a-s_isnand.o)
 .comment       0x00000000       0x27 c:/altera/12.1sp1/nios2eds/bin/gnu/h-i686-mingw32/bin/../lib/gcc/nios2-elf/4.1.2/../../../../nios2-elf/lib\libc.a(lib_a-strcmp.o)
 .comment       0x00000000       0x27 c:/altera/12.1sp1/nios2eds/bin/gnu/h-i686-mingw32/bin/../lib/gcc/nios2-elf/4.1.2/../../../../nios2-elf/lib\libc.a(lib_a-callocr.o)