Archive member included because of file (symbol)

c:/altera/12.1sp1/nios2eds/bin/gnu/h-i686-mingw32/bin/../lib/gcc/nios2-elf/4.1.2/../../../../nios2-elf/lib\libstdc++.a(class_type_info.o)
                              obj/default/SerialHandler.o (vtable for __cxxabiv1::__class_type_info)
c:/altera/12.1sp1/nios2eds/bin/gnu/h-i686-mingw32/bin/../lib/gcc/nios2-elf/4.1.2/../../../../nios2-elf/lib\libstdc++.a(eh_personality.o)
                              obj/default/main.o (__gxx_personality_sj0)
c:/altera/12.1sp1/nios2eds/bin/gnu/h-i686-mingw32/bin/../lib/gcc/nios2-elf/4.1.2/../../../../nios2-elf/lib\libstdc++.a(eh_terminate.o)
                              c:/altera/12.1sp1/nios2eds/bin/gnu/h-i686-mingw32/bin/../lib/gcc/nios2-elf/4.1.2/../../../../nios2-elf/lib\libstdc++.a(eh_personality.o) (__cxxabiv1::__terminate(void (*)()))
c:/altera/12.1sp1/nios2eds/bin/gnu/h-i686-mingw32/bin/../lib/gcc/nios2-elf/4.1.2/../../../../nios2-elf/lib\libstdc++.a(eh_term_handler.o)
                              c:/altera/12.1sp1/nios2eds/bin/gnu/h-i686-mingw32/bin/../lib/gcc/nios2-elf/4.1.2/../../../../nios2-elf/lib\libstdc++.a(eh_terminate.o) (__cxxabiv1::__terminate_handler)
c:/altera/12.1sp1/nios2eds/bin/gnu/h-i686-mingw32/bin/../lib/gcc/nios2-elf/4.1.2/../../../../nios2-elf/lib\libstdc++.a(eh_catch.o)
                              c:/altera/12.1sp1/nios2eds/bin/gnu/h-i686-mingw32/bin/../lib/gcc/nios2-elf/4.1.2/../../../../nios2-elf/lib\libstdc++.a(eh_personality.o) (__cxa_end_catch)
c:/altera/12.1sp1/nios2eds/bin/gnu/h-i686-mingw32/bin/../lib/gcc/nios2-elf/4.1.2/../../../../nios2-elf/lib\libstdc++.a(del_op.o)
                              obj/default/SerialHandler.o (operator delete(void*))
c:/altera/12.1sp1/nios2eds/bin/gnu/h-i686-mingw32/bin/../lib/gcc/nios2-elf/4.1.2/../../../../nios2-elf/lib\libstdc++.a(eh_throw.o)
                              c:/altera/12.1sp1/nios2eds/bin/gnu/h-i686-mingw32/bin/../lib/gcc/nios2-elf/4.1.2/../../../../nios2-elf/lib\libstdc++.a(eh_personality.o) (__cxa_rethrow)
c:/altera/12.1sp1/nios2eds/bin/gnu/h-i686-mingw32/bin/../lib/gcc/nios2-elf/4.1.2/../../../../nios2-elf/lib\libstdc++.a(si_class_type_info.o)
                              c:/altera/12.1sp1/nios2eds/bin/gnu/h-i686-mingw32/bin/../lib/gcc/nios2-elf/4.1.2/../../../../nios2-elf/lib\libstdc++.a(class_type_info.o) (vtable for __cxxabiv1::__si_class_type_info)
c:/altera/12.1sp1/nios2eds/bin/gnu/h-i686-mingw32/bin/../lib/gcc/nios2-elf/4.1.2/../../../../nios2-elf/lib\libstdc++.a(tinfo.o)
                              c:/altera/12.1sp1/nios2eds/bin/gnu/h-i686-mingw32/bin/../lib/gcc/nios2-elf/4.1.2/../../../../nios2-elf/lib\libstdc++.a(class_type_info.o) (std::type_info::__is_pointer_p() const)
c:/altera/12.1sp1/nios2eds/bin/gnu/h-i686-mingw32/bin/../lib/gcc/nios2-elf/4.1.2/../../../../nios2-elf/lib\libstdc++.a(eh_alloc.o)
                              c:/altera/12.1sp1/nios2eds/bin/gnu/h-i686-mingw32/bin/../lib/gcc/nios2-elf/4.1.2/../../../../nios2-elf/lib\libstdc++.a(eh_throw.o) (__cxa_free_exception)
c:/altera/12.1sp1/nios2eds/bin/gnu/h-i686-mingw32/bin/../lib/gcc/nios2-elf/4.1.2/../../../../nios2-elf/lib\libstdc++.a(new_op.o)
                              obj/default/main.o (operator new(unsigned long))
c:/altera/12.1sp1/nios2eds/bin/gnu/h-i686-mingw32/bin/../lib/gcc/nios2-elf/4.1.2/../../../../nios2-elf/lib\libstdc++.a(eh_exception.o)
                              c:/altera/12.1sp1/nios2eds/bin/gnu/h-i686-mingw32/bin/../lib/gcc/nios2-elf/4.1.2/../../../../nios2-elf/lib\libstdc++.a(eh_personality.o) (vtable for std::bad_exception)
c:/altera/12.1sp1/nios2eds/bin/gnu/h-i686-mingw32/bin/../lib/gcc/nios2-elf/4.1.2/../../../../nios2-elf/lib\libstdc++.a(eh_call.o)
                              c:/altera/12.1sp1/nios2eds/bin/gnu/h-i686-mingw32/bin/../lib/gcc/nios2-elf/4.1.2/../../../../nios2-elf/lib\libstdc++.a(eh_personality.o) (__cxa_call_terminate)
c:/altera/12.1sp1/nios2eds/bin/gnu/h-i686-mingw32/bin/../lib/gcc/nios2-elf/4.1.2/../../../../nios2-elf/lib\libstdc++.a(new_handler.o)
                              c:/altera/12.1sp1/nios2eds/bin/gnu/h-i686-mingw32/bin/../lib/gcc/nios2-elf/4.1.2/../../../../nios2-elf/lib\libstdc++.a(new_op.o) (__new_handler)
c:/altera/12.1sp1/nios2eds/bin/gnu/h-i686-mingw32/bin/../lib/gcc/nios2-elf/4.1.2/../../../../nios2-elf/lib\libstdc++.a(eh_globals.o)
                              c:/altera/12.1sp1/nios2eds/bin/gnu/h-i686-mingw32/bin/../lib/gcc/nios2-elf/4.1.2/../../../../nios2-elf/lib\libstdc++.a(eh_personality.o) (__cxa_get_globals_fast)
c:/altera/12.1sp1/nios2eds/bin/gnu/h-i686-mingw32/bin/../lib/gcc/nios2-elf/4.1.2/../../../../nios2-elf/lib\libstdc++.a(eh_unex_handler.o)
                              c:/altera/12.1sp1/nios2eds/bin/gnu/h-i686-mingw32/bin/../lib/gcc/nios2-elf/4.1.2/../../../../nios2-elf/lib\libstdc++.a(eh_terminate.o) (__cxxabiv1::__unexpected_handler)
c:/altera/12.1sp1/nios2eds/bin/gnu/h-i686-mingw32/bin/../lib/gcc/nios2-elf/4.1.2\libgcc.a(unwind-sjlj.o)
[...]
Memory Configuration

Name             Origin             Length             Attributes
reset            0x01000000         0x00000020
sdram            0x01000020         0x00ffffe0
*default*        0x00000000         0xffffffff

Linker script and memory map

LOAD ../MCandWifiController2_bsp//obj/HAL/src/crt0.o
LOAD obj/default/SerialHandler.o
LOAD obj/default/main.o
LOAD c:/altera/12.1sp1/nios2eds/bin/gnu/h-i686-mingw32/bin/../lib/gcc/nios2-elf/4.1.2/../../../../nios2-elf/lib\libstdc++.a
LOAD c:/altera/12.1sp1/nios2eds/bin/gnu/h-i686-mingw32/bin/../lib/gcc/nios2-elf/4.1.2/../../../../nios2-elf/lib\libm.a
LOAD c:/altera/12.1sp1/nios2eds/bin/gnu/h-i686-mingw32/bin/../lib/gcc/nios2-elf/4.1.2\libgcc.a
START GROUP
LOAD c:/altera/12.1sp1/nios2eds/bin/gnu/h-i686-mingw32/bin/../lib/gcc/nios2-elf/4.1.2/../../../../nios2-elf/lib\libc.a
LOAD c:/altera/12.1sp1/nios2eds/bin/gnu/h-i686-mingw32/bin/../lib/gcc/nios2-elf/4.1.2\libgcc.a
LOAD ../MCandWifiController2_bsp/\libucosii_bsp.a
END GROUP
LOAD c:/altera/12.1sp1/nios2eds/bin/gnu/h-i686-mingw32/bin/../lib/gcc/nios2-elf/4.1.2\libgcc.a
                0x01000000                __alt_mem_sdram = 0x1000000

.entry          0x01000000       0x20
 *(.entry)
 .entry         0x01000000       0x20 ../MCandWifiController2_bsp//obj/HAL/src/crt0.o
                0x01000000                __reset

.exceptions     0x01000020      0x1a0
                0x01000020                PROVIDE (__ram_exceptions_start, ABSOLUTE (.))
                0x01000020                . = ALIGN (0x20)
 *(.irq)
 *(.exceptions.entry.label)
 .exceptions.entry.label
                0x01000020        0x0 ../MCandWifiController2_bsp/\libucosii_bsp.a(alt_irq_entry.o)
                0x01000020                alt_irq_entry
 .exceptions.entry.label
                0x01000020        0x0 ../MCandWifiController2_bsp/\libucosii_bsp.a(alt_exception_entry.o)
                0x01000020                alt_exception
 *(.exceptions.entry.user)
 *(.exceptions.entry)
 .exceptions.entry
                0x01000020       0x54 ../MCandWifiController2_bsp/\libucosii_bsp.a(alt_exception_entry.o)
 *(.exceptions.irqtest.user)
 *(.exceptions.irqtest)
 .exceptions.irqtest
                0x01000074       0x10 ../MCandWifiController2_bsp/\libucosii_bsp.a(alt_irq_entry.o)
 *(.exceptions.irqhandler.user)
 *(.exceptions.irqhandler)
 .exceptions.irqhandler
                0x01000084        0x4 ../MCandWifiController2_bsp/\libucosii_bsp.a(alt_irq_entry.o)
 *(.exceptions.irqreturn.user)
 *(.exceptions.irqreturn)
 .exceptions.irqreturn
                0x01000088        0x4 ../MCandWifiController2_bsp/\libucosii_bsp.a(alt_irq_entry.o)
 *(.exceptions.notirq.label)
 .exceptions.notirq.label
                0x0100008c        0x0 ../MCandWifiController2_bsp/\libucosii_bsp.a(alt_irq_entry.o)
 *(.exceptions.notirq.user)
 *(.exceptions.notirq)
 .exceptions.notirq
                0x0100008c        0x8 ../MCandWifiController2_bsp/\libucosii_bsp.a(alt_exception_entry.o)
 *(.exceptions.soft.user)
 *(.exceptions.soft)
 *(.exceptions.unknown.user)
 *(.exceptions.unknown)
 .exceptions.unknown
                0x01000094        0x4 ../MCandWifiController2_bsp/\libucosii_bsp.a(alt_exception_entry.o)
 *(.exceptions.exit.label)
 .exceptions.exit.label
                0x01000098        0x0 ../MCandWifiController2_bsp/\libucosii_bsp.a(alt_irq_entry.o)
 .exceptions.exit.label
                0x01000098        0x0 ../MCandWifiController2_bsp/\libucosii_bsp.a(alt_exception_entry.o)
 *(.exceptions.exit.user)
 *(.exceptions.exit)
 .exceptions.exit
                0x01000098       0x54 ../MCandWifiController2_bsp/\libucosii_bsp.a(alt_exception_entry.o)
 *(.exceptions)
 .exceptions    0x010000ec       0xd4 ../MCandWifiController2_bsp/\libucosii_bsp.a(alt_irq_handler.o)
                0x010000ec                alt_irq_handler
                0x010001c0                PROVIDE (__ram_exceptions_end, ABSOLUTE (.))
                0x01000020                PROVIDE (__flash_exceptions_start, LOADADDR (.exceptions))

.text           0x010001c0    0x18ea0
                0x010001c0                PROVIDE (stext, ABSOLUTE (.))
 *(.interp)
 *(.hash)
 *(.dynsym)
 *(.dynstr)
 *(.gnu.version)
 *(.gnu.version_d)
 *(.gnu.version_r)
 *(.rel.init)
 *(.rela.init)
 *(.rel.text .rel.text.* .rel.gnu.linkonce.t.*)
 *(.rela.text .rela.text.* .rela.gnu.linkonce.t.*)
 *(.rel.fini)
 *(.rela.fini)
 *(.rel.rodata .rel.rodata.* .rel.gnu.linkonce.r.*)
 *(.rela.rodata .rela.rodata.* .rela.gnu.linkonce.r.*)
 *(.rel.data .rel.data.* .rel.gnu.linkonce.d.*)
 *(.rela.data .rela.data.* .rela.gnu.linkonce.d.*)
 *(.rel.tdata .rel.tdata.* .rel.gnu.linkonce.td.*)
 *(.rela.tdata .rela.tdata.* .rela.gnu.linkonce.td.*)
 *(.rel.tbss .rel.tbss.* .rel.gnu.linkonce.tb.*)
 *(.rela.tbss .rela.tbss.* .rela.gnu.linkonce.tb.*)
 *(.rel.ctors)
 *(.rela.ctors)
 *(.rel.dtors)
 *(.rela.dtors)
 *(.rel.got)
 *(.rela.got)
 *(.rel.sdata .rel.sdata.* .rel.gnu.linkonce.s.*)
 *(.rela.sdata .rela.sdata.* .rela.gnu.linkonce.s.*)
 *(.rel.sbss .rel.sbss.* .rel.gnu.linkonce.sb.*)
 *(.rela.sbss .rela.sbss.* .rela.gnu.linkonce.sb.*)
 *(.rel.sdata2 .rel.sdata2.* .rel.gnu.linkonce.s2.*)
 *(.rela.sdata2 .rela.sdata2.* .rela.gnu.linkonce.s2.*)
 *(.rel.sbss2 .rel.sbss2.* .rel.gnu.linkonce.sb2.*)
 *(.rela.sbss2 .rela.sbss2.* .rela.gnu.linkonce.sb2.*)
 *(.rel.bss .rel.bss.* .rel.gnu.linkonce.b.*)
 *(.rela.bss .rela.bss.* .rela.gnu.linkonce.b.*)
 *(.rel.plt)
 *(.rela.plt)
 *(.rel.dyn)
 *(.init)
 *(.plt)
 *(.text .stub .text.* .gnu.linkonce.t.*)
 .text          0x010001c0       0x4c ../MCandWifiController2_bsp//obj/HAL/src/crt0.o
                0x010001c0                _start
 .text          0x0100020c      0x1f8 obj/default/SerialHandler.o
                0x0100020c                SerialHandler::SerialHandler()
                0x0100023c                SerialHandler::SerialHandler()
                0x0100026c                SerialHandler::sendDataWifi(char*, int)
                0x010002e0                SerialHandler::sendByteMC(char)
                0x01000314                SerialHandler::~SerialHandler()
                0x01000364                SerialHandler::~SerialHandler()
                0x010003b4                SerialHandler::~SerialHandler()
 .text          0x01000404      0xb00 obj/default/main.o
                0x01000404                wifi_write(char*, int)
                0x01000474                queue_init()
                0x010004ac                main
                0x010005b8                mc_right()
                0x010006fc                mc_left()
                0x01000840                mc_backward()
                0x010009b4                mc_forward()
                0x01000b28                mc_task(void*)
                0x01000b50                mc_stop()
                0x01000cc4                wifi_wait()
                0x01000cfc                wifi_task(void*)
                0x01000e54                wifi_read()
                0x01000e98                ir_task(void*)
 .text          0x01000f04      0x1bc c:/altera/12.1sp1/nios2eds/bin/gnu/h-i686-mingw32/bin/../lib/gcc/nios2-elf/4.1.2/../../../../nios2-elf/lib\libstdc++.a(class_type_info.o)
                0x01000f04                __cxxabiv1::__class_type_info::__do_upcast(__cxxabiv1::__class_type_info const*, void**) const
                0x01000f70                __cxxabiv1::__class_type_info::__do_find_public_src(long, void const*, __cxxabiv1::__class_type_info const*, void const*) const
                0x01000f90                __cxxabiv1::__class_type_info::~__class_type_info()
                0x01000fc4                __cxxabiv1::__class_type_info::~__class_type_info()
                0x01000fd4                __cxxabiv1::__class_type_info::~__class_type_info()
                0x01000fe4                __cxxabiv1::__class_type_info::__do_catch(std::type_info const*, void**, unsigned int) const
                0x01001044                __cxxabiv1::__class_type_info::__do_upcast(__cxxabiv1::__class_type_info const*, void const*, __cxxabiv1::__class_type_info::__upcast_result&) const
                0x01001074                __cxxabiv1::__class_type_info::__do_dyncast(long, __cxxabiv1::__class_type_info::__sub_kind, __cxxabiv1::__class_type_info const*, void const*, __cxxabiv1::__class_type_info const*, void const*, __cxxabiv1::__class_type_info::__dyncast_result&) const
 .text          0x010010c0      0xbec c:/altera/12.1sp1/nios2eds/bin/gnu/h-i686-mingw32/bin/../lib/gcc/nios2-elf/4.1.2/../../../../nios2-elf/lib\libstdc++.a(eh_personality.o)
                0x0100164c                __cxa_call_unexpected
                0x010017cc                __gxx_personality_sj0
 .text          0x01001cac      0x10c c:/altera/12.1sp1/nios2eds/bin/gnu/h-i686-mingw32/bin/../lib/gcc/nios2-elf/4.1.2/../../../../nios2-elf/lib\libstdc++.a(eh_terminate.o)
                0x01001cac                std::set_terminate(void (*)())
                0x01001cc0                std::set_unexpected(void (*)())
                0x01001cd4                __cxxabiv1::__terminate(void (*)())
                0x01001d78                std::terminate()
                0x01001d90                __cxxabiv1::__unexpected(void (*)())
                0x01001da0                std::unexpected()
 .text          0x01001db8        0x0 c:/altera/12.1sp1/nios2eds/bin/gnu/h-i686-mingw32/bin/../lib/gcc/nios2-elf/4.1.2/../../../../nios2-elf/lib\libstdc++.a(eh_term_handler.o)
 .text          0x01001db8      0x1e4 c:/altera/12.1sp1/nios2eds/bin/gnu/h-i686-mingw32/bin/../lib/gcc/nios2-elf/4.1.2/../../../../nios2-elf/lib\libstdc++.a(eh_catch.o)
                0x01001db8                __cxa_get_exception_ptr
                0x01001dc0                std::uncaught_exception()
                0x01001de0                __cxa_end_catch
                0x01001e84                __cxa_begin_catch
 .text          0x01001f9c        0xc c:/altera/12.1sp1/nios2eds/bin/gnu/h-i686-mingw32/bin/../lib/gcc/nios2-elf/4.1.2/../../../../nios2-elf/lib\libstdc++.a(del_op.o)
                0x01001f9c                operator delete(void*)
 .text          0x01001fa8      0x148 c:/altera/12.1sp1/nios2eds/bin/gnu/h-i686-mingw32/bin/../lib/gcc/nios2-elf/4.1.2/../../../../nios2-elf/lib\libstdc++.a(eh_throw.o)
                0x01001fa8                __cxa_rethrow
                0x0100201c                __cxa_throw
 .text          0x010020f0      0x1c8 c:/altera/12.1sp1/nios2eds/bin/gnu/h-i686-mingw32/bin/../lib/gcc/nios2-elf/4.1.2/../../../../nios2-elf/lib\libstdc++.a(si_class_type_info.o)
                0x010020f0                __cxxabiv1::__si_class_type_info::__do_upcast(__cxxabiv1::__class_type_info const*, void const*, __cxxabiv1::__class_type_info::__upcast_result&) const
                0x01002168                __cxxabiv1::__si_class_type_info::~__si_class_type_info()
                0x0100219c                __cxxabiv1::__si_class_type_info::~__si_class_type_info()
                0x010021ac                __cxxabiv1::__si_class_type_info::~__si_class_type_info()
                0x010021bc                __cxxabiv1::__si_class_type_info::__do_find_public_src(long, void const*, __cxxabiv1::__class_type_info const*, void const*) const
                0x010021f0                __cxxabiv1::__si_class_type_info::__do_dyncast(long, __cxxabiv1::__class_type_info::__sub_kind, __cxxabiv1::__class_type_info const*, void const*, __cxxabiv1::__class_type_info const*, void const*, __cxxabiv1::__class_type_info::__dyncast_result&) const
 .text          0x010022b8       0x58 c:/altera/12.1sp1/nios2eds/bin/gnu/h-i686-mingw32/bin/../lib/gcc/nios2-elf/4.1.2/../../../../nios2-elf/lib\libstdc++.a(tinfo.o)
                0x010022b8                std::type_info::__is_pointer_p() const
                0x010022c0                std::type_info::__is_function_p() const
                0x010022c8                std::type_info::__do_catch(std::type_info const*, void**, unsigned int) const
                0x010022d8                std::type_info::__do_upcast(__cxxabiv1::__class_type_info const*, void**) const
                0x010022e0                std::type_info::~type_info()
                0x010022f0                std::type_info::~type_info()
                0x01002300                std::type_info::~type_info()
 .text          0x01002310      0x174 c:/altera/12.1sp1/nios2eds/bin/gnu/h-i686-mingw32/bin/../lib/gcc/nios2-elf/4.1.2/../../../../nios2-elf/lib\libstdc++.a(eh_alloc.o)
                0x01002310                __cxa_free_exception
                0x01002350                __cxa_allocate_exception
 .text          0x01002484      0x100 c:/altera/12.1sp1/nios2eds/bin/gnu/h-i686-mingw32/bin/../lib/gcc/nios2-elf/4.1.2/../../../../nios2-elf/lib\libstdc++.a(new_op.o)
                0x01002484                operator new(unsigned long)
 .text          0x01002584       0x94 c:/altera/12.1sp1/nios2eds/bin/gnu/h-i686-mingw32/bin/../lib/gcc/nios2-elf/4.1.2/../../../../nios2-elf/lib\libstdc++.a(eh_exception.o)
                0x01002584                std::exception::what() const
                0x01002594                std::exception::~exception()
                0x010025a4                std::exception::~exception()
                0x010025b4                std::exception::~exception()
                0x010025c4                std::bad_exception::~bad_exception()
                0x010025f8                std::bad_exception::~bad_exception()
                0x01002608                std::bad_exception::~bad_exception()
 .text          0x01002618       0x44 c:/altera/12.1sp1/nios2eds/bin/gnu/h-i686-mingw32/bin/../lib/gcc/nios2-elf/4.1.2/../../../../nios2-elf/lib\libstdc++.a(eh_call.o)
                0x01002618                __cxa_call_terminate
 .text          0x0100265c       0x60 c:/altera/12.1sp1/nios2eds/bin/gnu/h-i686-mingw32/bin/../lib/gcc/nios2-elf/4.1.2/../../../../nios2-elf/lib\libstdc++.a(new_handler.o)
                0x0100265c                std::set_new_handler(void (*)())
                0x01002668                std::bad_alloc::~bad_alloc()
                0x0100269c                std::bad_alloc::~bad_alloc()
                0x010026ac                std::bad_alloc::~bad_alloc()
 .text          0x010026bc       0x10 c:/altera/12.1sp1/nios2eds/bin/gnu/h-i686-mingw32/bin/../lib/gcc/nios2-elf/4.1.2/../../../../nios2-elf/lib\libstdc++.a(eh_globals.o)
                0x010026bc                __cxa_get_globals_fast
                0x010026c4                __cxa_get_globals
 .text          0x010026cc        0x0 c:/altera/12.1sp1/nios2eds/bin/gnu/h-i686-mingw32/bin/../lib/gcc/nios2-elf/4.1.2/../../../../nios2-elf/lib\libstdc++.a(eh_unex_handler.o)
 .text          0x010026cc      0x548 c:/altera/12.1sp1/nios2eds/bin/gnu/h-i686-mingw32/bin/../lib/gcc/nios2-elf/4.1.2\libgcc.a(unwind-sjlj.o)
                0x010026cc                _Unwind_SjLj_Register
                0x010026dc                _Unwind_SjLj_Unregister
                0x010026e8                _Unwind_GetGR
                0x01002700                _Unwind_GetCFA
                0x01002714                _Unwind_SetGR
                0x0100272c                _Unwind_GetIP
                0x0100273c                _Unwind_GetIPInfo
                0x01002750                _Unwind_SetIP
                0x01002760                _Unwind_GetLanguageSpecificData
                0x0100276c                _Unwind_GetRegionStart
                0x01002774                _Unwind_FindEnclosingFunction
                0x0100277c                _Unwind_GetDataRelBase
                0x01002784                _Unwind_GetTextRelBase
                0x0100288c                _Unwind_DeleteException
                0x01002998                _Unwind_SjLj_Resume
                0x010029f4                _Unwind_SjLj_RaiseException
                0x01002aec                _Unwind_SjLj_ForcedUnwind
                0x01002b3c                _Unwind_Backtrace
                0x01002bbc                _Unwind_SjLj_Resume_or_Rethrow
 .text          0x01002c14       0x18 c:/altera/12.1sp1/nios2eds/bin/gnu/h-i686-mingw32/bin/../lib/gcc/nios2-elf/4.1.2/../../../../nios2-elf/lib\libc.a(lib_a-abort.o)
                0x01002c14                abort
 .text          0x01002c2c       0x28 c:/altera/12.1sp1/nios2eds/bin/gnu/h-i686-mingw32/bin/../lib/gcc/nios2-elf/4.1.2/../../../../nios2-elf/lib\libc.a(lib_a-malloc.o)
                0x01002c2c                free
                0x01002c40                malloc
 .text          0x01002c54      0x740 c:/altera/12.1sp1/nios2eds/bin/gnu/h-i686-mingw32/bin/../lib/gcc/nios2-elf/4.1.2/../../../../nios2-elf/lib\libc.a(lib_a-mallocr.o)
                0x01002c54                _malloc_r
 .text          0x01003394       0x98 c:/altera/12.1sp1/nios2eds/bin/gnu/h-i686-mingw32/bin/../lib/gcc/nios2-elf/4.1.2/../../../../nios2-elf/lib\libc.a(lib_a-memset.o)
                0x01003394                memset
 .text          0x0100342c       0x78 c:/altera/12.1sp1/nios2eds/bin/gnu/h-i686-mingw32/bin/../lib/gcc/nios2-elf/4.1.2/../../../../nios2-elf/lib\libc.a(lib_a-printf.o)
                0x0100342c                printf
                0x01003470                _printf_r
 .text          0x010034a4       0xb4 c:/altera/12.1sp1/nios2eds/bin/gnu/h-i686-mingw32/bin/../lib/gcc/nios2-elf/4.1.2/../../../../nios2-elf/lib\libc.a(lib_a-puts.o)
                0x010034a4                _puts_r
                0x01003544                puts
 .text          0x01003558       0x70 c:/altera/12.1sp1/nios2eds/bin/gnu/h-i686-mingw32/bin/../lib/gcc/nios2-elf/4.1.2/../../../../nios2-elf/lib\libc.a(lib_a-sbrkr.o)
                0x01003558                _sbrk_r
 .text          0x010035c8      0x2d8 c:/altera/12.1sp1/nios2eds/bin/gnu/h-i686-mingw32/bin/../lib/gcc/nios2-elf/4.1.2/../../../../nios2-elf/lib\libc.a(lib_a-signal.o)
                0x010035c8                _raise_r
                0x01003694                raise
                0x010036a8                _init_signal_r
                0x0100370c                _init_signal
                0x0100371c                __sigtramp_r
                0x010037d0                __sigtramp
                0x010037e4                _signal_r
                0x01003884                signal
 .text          0x010038a0       0x78 c:/altera/12.1sp1/nios2eds/bin/gnu/h-i686-mingw32/bin/../lib/gcc/nios2-elf/4.1.2/../../../../nios2-elf/lib\libc.a(lib_a-signalr.o)
                0x010038a0                _getpid_r
                0x010038a4                _kill_r
 .text          0x01003918       0x74 c:/altera/12.1sp1/nios2eds/bin/gnu/h-i686-mingw32/bin/../lib/gcc/nios2-elf/4.1.2/../../../../nios2-elf/lib\libc.a(lib_a-strlen.o)
                0x01003918                strlen
 .text          0x0100398c     0x1f28 c:/altera/12.1sp1/nios2eds/bin/gnu/h-i686-mingw32/bin/../lib/gcc/nios2-elf/4.1.2/../../../../nios2-elf/lib\libc.a(lib_a-vfprintf.o)
                0x010039e4                ___vfprintf_internal_r
                0x01005890                __vfprintf_internal
 .text          0x010058b4      0x13c c:/altera/12.1sp1/nios2eds/bin/gnu/h-i686-mingw32/bin/../lib/gcc/nios2-elf/4.1.2/../../../../nios2-elf/lib\libc.a(lib_a-wsetup.o)
                0x010058b4                __swsetup_r
 .text          0x010059f0     0x17cc c:/altera/12.1sp1/nios2eds/bin/gnu/h-i686-mingw32/bin/../lib/gcc/nios2-elf/4.1.2/../../../../nios2-elf/lib\libc.a(lib_a-dtoa.o)
                0x01005c08                _dtoa_r
 .text          0x010071bc      0x230 c:/altera/12.1sp1/nios2eds/bin/gnu/h-i686-mingw32/bin/../lib/gcc/nios2-elf/4.1.2/../../../../nios2-elf/lib\libc.a(lib_a-fflush.o)
                0x010071bc                _fflush_r
                0x010073b8                fflush
 .text          0x010073ec      0x2c0 c:/altera/12.1sp1/nios2eds/bin/gnu/h-i686-mingw32/bin/../lib/gcc/nios2-elf/4.1.2/../../../../nios2-elf/lib\libc.a(lib_a-findfp.o)
                0x01007444                __sfp_lock_acquire
                0x01007448                __sfp_lock_release
                0x0100744c                __sinit_lock_acquire
                0x01007450                __sinit_lock_release
                0x01007454                __sinit
                0x01007508                __fp_unlock_all
                0x01007520                __fp_lock_all
                0x01007538                _cleanup_r
                0x01007544                _cleanup
                0x01007554                __sfmoreglue
                0x010075bc                __sfp
 .text          0x010076ac      0x440 c:/altera/12.1sp1/nios2eds/bin/gnu/h-i686-mingw32/bin/../lib/gcc/nios2-elf/4.1.2/../../../../nios2-elf/lib\libc.a(lib_a-freer.o)
                0x010076ac                _malloc_trim_r
                0x010077d8                _free_r
 .text          0x01007aec      0x49c c:/altera/12.1sp1/nios2eds/bin/gnu/h-i686-mingw32/bin/../lib/gcc/nios2-elf/4.1.2/../../../../nios2-elf/lib\libc.a(lib_a-fvwrite.o)
                0x01007aec                __sfvwrite_r
 .text          0x01007f88      0x180 c:/altera/12.1sp1/nios2eds/bin/gnu/h-i686-mingw32/bin/../lib/gcc/nios2-elf/4.1.2/../../../../nios2-elf/lib\libc.a(lib_a-fwalk.o)
                0x01007f88                _fwalk_reent
                0x01008050                _fwalk
 .text          0x01008108        0x0 c:/altera/12.1sp1/nios2eds/bin/gnu/h-i686-mingw32/bin/../lib/gcc/nios2-elf/4.1.2/../../../../nios2-elf/lib\libc.a(lib_a-impure.o)
 .text          0x01008108        0x0 c:/altera/12.1sp1/nios2eds/bin/gnu/h-i686-mingw32/bin/../lib/gcc/nios2-elf/4.1.2/../../../../nios2-elf/lib\libc.a(lib_a-int_errno.o)
 .text          0x01008108       0xc4 c:/altera/12.1sp1/nios2eds/bin/gnu/h-i686-mingw32/bin/../lib/gcc/nios2-elf/4.1.2/../../../../nios2-elf/lib\libc.a(lib_a-locale.o)
                0x01008108                __locale_charset
                0x01008110                _localeconv_r
                0x0100811c                localeconv
                0x0100812c                _setlocale_r
                0x010081b0                setlocale
 .text          0x010081cc      0x194 c:/altera/12.1sp1/nios2eds/bin/gnu/h-i686-mingw32/bin/../lib/gcc/nios2-elf/4.1.2/../../../../nios2-elf/lib\libc.a(lib_a-makebuf.o)
                0x010081cc                __smakebuf_r
 .text          0x01008360       0xe4 c:/altera/12.1sp1/nios2eds/bin/gnu/h-i686-mingw32/bin/../lib/gcc/nios2-elf/4.1.2/../../../../nios2-elf/lib\libc.a(lib_a-memchr.o)
                0x01008360                memchr
 .text          0x01008444       0xa0 c:/altera/12.1sp1/nios2eds/bin/gnu/h-i686-mingw32/bin/../lib/gcc/nios2-elf/4.1.2/../../../../nios2-elf/lib\libc.a(lib_a-memcpy.o)
                0x01008444                memcpy
 .text          0x010084e4       0xe0 c:/altera/12.1sp1/nios2eds/bin/gnu/h-i686-mingw32/bin/../lib/gcc/nios2-elf/4.1.2/../../../../nios2-elf/lib\libc.a(lib_a-memmove.o)
                0x010084e4                memmove
 .text          0x010085c4      0xff4 c:/altera/12.1sp1/nios2eds/bin/gnu/h-i686-mingw32/bin/../lib/gcc/nios2-elf/4.1.2/../../../../nios2-elf/lib\libc.a(lib_a-mprec.o)
                0x010085c4                _Bfree
                0x010085ec                __hi0bits
                0x0100865c                __lo0bits
                0x01008720                __mcmp
                0x01008780                __ulp
                0x01008800                __b2d
                0x01008920                __ratio
                0x010089d0                _mprec_log10
                0x01008a64                __copybits
                0x01008abc                __any_on
                0x01008b44                _Balloc
                0x01008c00                __d2b
                0x01008d7c                __mdiff
                0x01008f08                __lshift
                0x01009054                __multiply
                0x0100923c                __i2b
                0x01009278                __multadd
                0x01009378                __pow5mult
                0x01009498                __s2b
 .text          0x010095b8      0x5f4 c:/altera/12.1sp1/nios2eds/bin/gnu/h-i686-mingw32/bin/../lib/gcc/nios2-elf/4.1.2/../../../../nios2-elf/lib\libc.a(lib_a-reallocr.o)
                0x010095b8                _realloc_r
 .text          0x01009bac       0x40 c:/altera/12.1sp1/nios2eds/bin/gnu/h-i686-mingw32/bin/../lib/gcc/nios2-elf/4.1.2/../../../../nios2-elf/lib\libc.a(lib_a-s_isinfd.o)
                0x01009bac                __isinfd
 .text          0x01009bec       0x30 c:/altera/12.1sp1/nios2eds/bin/gnu/h-i686-mingw32/bin/../lib/gcc/nios2-elf/4.1.2/../../../../nios2-elf/lib\libc.a(lib_a-s_isnand.o)
                0x01009bec                __isnand
 .text          0x01009c1c      0x14c c:/altera/12.1sp1/nios2eds/bin/gnu/h-i686-mingw32/bin/../lib/gcc/nios2-elf/4.1.2/../../../../nios2-elf/lib\libc.a(lib_a-stdio.o)
                0x01009c1c                __sclose
                0x01009c24                __sseek
                0x01009c8c                __swrite
                0x01009d08                __sread
 .text          0x01009d68       0xbc c:/altera/12.1sp1/nios2eds/bin/gnu/h-i686-mingw32/bin/../lib/gcc/nios2-elf/4.1.2/../../../../nios2-elf/lib\libc.a(lib_a-strcmp.o)
                0x01009d68                strcmp
 .text          0x01009e24       0x78 c:/altera/12.1sp1/nios2eds/bin/gnu/h-i686-mingw32/bin/../lib/gcc/nios2-elf/4.1.2/../../../../nios2-elf/lib\libc.a(lib_a-writer.o)
                0x01009e24                _write_r
 .text          0x01009e9c       0xb4 c:/altera/12.1sp1/nios2eds/bin/gnu/h-i686-mingw32/bin/../lib/gcc/nios2-elf/4.1.2/../../../../nios2-elf/lib\libc.a(lib_a-callocr.o)
                0x01009e9c                _calloc_r
 .text          0x01009f50       0x70 c:/altera/12.1sp1/nios2eds/bin/gnu/h-i686-mingw32/bin/../lib/gcc/nios2-elf/4.1.2/../../../../nios2-elf/lib\libc.a(lib_a-closer.o)
                0x01009f50                _close_r
 .text          0x01009fc0      0x124 c:/altera/12.1sp1/nios2eds/bin/gnu/h-i686-mingw32/bin/../lib/gcc/nios2-elf/4.1.2/../../../../nios2-elf/lib\libc.a(lib_a-fclose.o)
                0x01009fc0                _fclose_r
                0x0100a0d0                fclose
 .text          0x0100a0e4       0x74 c:/altera/12.1sp1/nios2eds/bin/gnu/h-i686-mingw32/bin/../lib/gcc/nios2-elf/4.1.2/../../../../nios2-elf/lib\libc.a(lib_a-fstatr.o)
                0x0100a0e4                _fstat_r
 .text          0x0100a158       0x70 c:/altera/12.1sp1/nios2eds/bin/gnu/h-i686-mingw32/bin/../lib/gcc/nios2-elf/4.1.2/../../../../nios2-elf/lib\libc.a(lib_a-isattyr.o)
                0x0100a158                _isatty_r
 .text          0x0100a1c8       0x78 c:/altera/12.1sp1/nios2eds/bin/gnu/h-i686-mingw32/bin/../lib/gcc/nios2-elf/4.1.2/../../../../nios2-elf/lib\libc.a(lib_a-lseekr.o)
                0x0100a1c8                _lseek_r
 .text          0x0100a240       0x78 c:/altera/12.1sp1/nios2eds/bin/gnu/h-i686-mingw32/bin/../lib/gcc/nios2-elf/4.1.2/../../../../nios2-elf/lib\libc.a(lib_a-readr.o)
                0x0100a240                _read_r
 .text          0x0100a2b8      0x5dc c:/altera/12.1sp1/nios2eds/bin/gnu/h-i686-mingw32/bin/../lib/gcc/nios2-elf/4.1.2\libgcc.a(_udivdi3.o)
                0x0100a2b8                __udivdi3
 .text          0x0100a894      0x5b0 c:/altera/12.1sp1/nios2eds/bin/gnu/h-i686-mingw32/bin/../lib/gcc/nios2-elf/4.1.2\libgcc.a(_umoddi3.o)
                0x0100a894                __umoddi3
 .text          0x0100ae44      0x504 c:/altera/12.1sp1/nios2eds/bin/gnu/h-i686-mingw32/bin/../lib/gcc/nios2-elf/4.1.2\libgcc.a(_addsub_df.o)
                0x0100b254                __subdf3
                0x0100b2d4                __adddf3
 .text          0x0100b348      0x3c4 c:/altera/12.1sp1/nios2eds/bin/gnu/h-i686-mingw32/bin/../lib/gcc/nios2-elf/4.1.2\libgcc.a(_mul_df.o)
                0x0100b348                __muldf3
 .text          0x0100b70c      0x258 c:/altera/12.1sp1/nios2eds/bin/gnu/h-i686-mingw32/bin/../lib/gcc/nios2-elf/4.1.2\libgcc.a(_div_df.o)
                0x0100b70c                __divdf3
 .text          0x0100b964       0x88 c:/altera/12.1sp1/nios2eds/bin/gnu/h-i686-mingw32/bin/../lib/gcc/nios2-elf/4.1.2\libgcc.a(_eq_df.o)
                0x0100b964                __eqdf2
 .text          0x0100b9ec       0x88 c:/altera/12.1sp1/nios2eds/bin/gnu/h-i686-mingw32/bin/../lib/gcc/nios2-elf/4.1.2\libgcc.a(_ne_df.o)
                0x0100b9ec                __nedf2
 .text          0x0100ba74       0x88 c:/altera/12.1sp1/nios2eds/bin/gnu/h-i686-mingw32/bin/../lib/gcc/nios2-elf/4.1.2\libgcc.a(_gt_df.o)
                0x0100ba74                __gtdf2
 .text          0x0100bafc       0x88 c:/altera/12.1sp1/nios2eds/bin/gnu/h-i686-mingw32/bin/../lib/gcc/nios2-elf/4.1.2\libgcc.a(_ge_df.o)
                0x0100bafc                __gedf2
 .text          0x0100bb84       0x88 c:/altera/12.1sp1/nios2eds/bin/gnu/h-i686-mingw32/bin/../lib/gcc/nios2-elf/4.1.2\libgcc.a(_lt_df.o)
                0x0100bb84                __ltdf2
 .text          0x0100bc0c       0xf8 c:/altera/12.1sp1/nios2eds/bin/gnu/h-i686-mingw32/bin/../lib/gcc/nios2-elf/4.1.2\libgcc.a(_si_to_df.o)
                0x0100bc0c                __floatsidf
 .text          0x0100bd04       0xd8 c:/altera/12.1sp1/nios2eds/bin/gnu/h-i686-mingw32/bin/../lib/gcc/nios2-elf/4.1.2\libgcc.a(_df_to_si.o)
                0x0100bd04                __fixdfsi
 .text          0x0100bddc        0x0 c:/altera/12.1sp1/nios2eds/bin/gnu/h-i686-mingw32/bin/../lib/gcc/nios2-elf/4.1.2\libgcc.a(_thenan_df.o)
 .text          0x0100bddc      0x194 c:/altera/12.1sp1/nios2eds/bin/gnu/h-i686-mingw32/bin/../lib/gcc/nios2-elf/4.1.2\libgcc.a(_usi_to_df.o)
                0x0100bddc                __floatunsidf
 .text          0x0100bf70      0x14c c:/altera/12.1sp1/nios2eds/bin/gnu/h-i686-mingw32/bin/../lib/gcc/nios2-elf/4.1.2\libgcc.a(lib2-divmod.o)
                0x0100bfec                __divsi3
                0x0100c04c                __modsi3
                0x0100c0ac                __udivsi3
                0x0100c0b4                __umodsi3
 .text          0x0100c0bc       0x98 c:/altera/12.1sp1/nios2eds/bin/gnu/h-i686-mingw32/bin/../lib/gcc/nios2-elf/4.1.2\libgcc.a(_muldi3.o)
                0x0100c0bc                __muldi3
 .text          0x0100c154        0x0 c:/altera/12.1sp1/nios2eds/bin/gnu/h-i686-mingw32/bin/../lib/gcc/nios2-elf/4.1.2\libgcc.a(_clz.o)
 .text          0x0100c154       0x80 c:/altera/12.1sp1/nios2eds/bin/gnu/h-i686-mingw32/bin/../lib/gcc/nios2-elf/4.1.2\libgcc.a(_clzsi2.o)
                0x0100c154                __clzsi2
 .text          0x0100c1d4      0x314 c:/altera/12.1sp1/nios2eds/bin/gnu/h-i686-mingw32/bin/../lib/gcc/nios2-elf/4.1.2\libgcc.a(_pack_df.o)
                0x0100c1d4                __pack_d
 .text          0x0100c4e8      0x138 c:/altera/12.1sp1/nios2eds/bin/gnu/h-i686-mingw32/bin/../lib/gcc/nios2-elf/4.1.2\libgcc.a(_unpack_df.o)
                0x0100c4e8                __unpack_d
 .text          0x0100c620       0xc8 c:/altera/12.1sp1/nios2eds/bin/gnu/h-i686-mingw32/bin/../lib/gcc/nios2-elf/4.1.2\libgcc.a(_fpcmp_parts_df.o)
                0x0100c620                __fpcmp_parts_d
 .text          0x0100c6e8      0x15c ../MCandWifiController2_bsp/\libucosii_bsp.a(alt_close.o)
                0x0100c6e8                close
 .text          0x0100c844       0x2c ../MCandWifiController2_bsp/\libucosii_bsp.a(alt_dev.o)
 .text          0x0100c870        0x0 ../MCandWifiController2_bsp/\libucosii_bsp.a(alt_errno.o)
 .text          0x0100c870       0x6c ../MCandWifiController2_bsp/\libucosii_bsp.a(alt_exit.o)
                0x0100c8b0                _exit
 .text          0x0100c8dc      0x134 ../MCandWifiController2_bsp/\libucosii_bsp.a(alt_fstat.o)
                0x0100c8dc                fstat
 .text          0x0100ca10       0x20 ../MCandWifiController2_bsp/\libucosii_bsp.a(alt_getpid.o)
                0x0100ca10                getpid
 .text          0x0100ca30      0x120 ../MCandWifiController2_bsp/\libucosii_bsp.a(alt_isatty.o)
                0x0100ca30                isatty
 .text          0x0100cb50      0x1a0 ../MCandWifiController2_bsp/\libucosii_bsp.a(alt_kill.o)
                0x0100cb50                kill
 .text          0x0100ccf0       0xec ../MCandWifiController2_bsp/\libucosii_bsp.a(alt_load.o)
                0x0100ccf0                alt_load
 .text          0x0100cddc      0x150 ../MCandWifiController2_bsp/\libucosii_bsp.a(alt_lseek.o)
                0x0100cddc                lseek
 .text          0x0100cf2c       0xc8 ../MCandWifiController2_bsp/\libucosii_bsp.a(alt_main.o)
                0x0100cf2c                alt_main
 .text          0x0100cff4      0x180 ../MCandWifiController2_bsp/\libucosii_bsp.a(alt_read.o)
                0x0100cff4                read
 .text          0x0100d174       0x60 ../MCandWifiController2_bsp/\libucosii_bsp.a(alt_release_fd.o)
                0x0100d174                alt_release_fd
 .text          0x0100d1d4       0xbc ../MCandWifiController2_bsp/\libucosii_bsp.a(alt_sbrk.o)
                0x0100d1d4                sbrk
 .text          0x0100d290      0x180 ../MCandWifiController2_bsp/\libucosii_bsp.a(alt_write.o)
                0x0100d290                write
 .text          0x0100d410      0x108 ../MCandWifiController2_bsp/\libucosii_bsp.a(alt_env_lock.o)
                0x0100d410                __env_lock
                0x0100d4bc                __env_unlock
 .text          0x0100d518      0x1d8 ../MCandWifiController2_bsp/\libucosii_bsp.a(alt_malloc_lock.o)
                0x0100d518                __malloc_lock
                0x0100d620                __malloc_unlock
 .text          0x0100d6f0     0x2128 ../MCandWifiController2_bsp/\libucosii_bsp.a(os_core.o)
                0x0100d6f0                OSEventNameGet
                0x0100d820                OSEventNameSet
                0x0100d964                OSEventPendMulti
                0x0100e018                OSInit
                0x0100e06c                OSIntEnter
                0x0100e0e8                OSIntExit
                0x0100e1e8                OSSchedLock
                0x0100e274                OSSchedUnlock
                0x0100e358                OSStart
                0x0100e3c8                OSStatInit
                0x0100e474                OSTimeTick
                0x0100e6b4                OSVersion
                0x0100e6d4                OS_Dummy
                0x0100e6f0                OS_EventTaskRdy
                0x0100e884                OS_EventTaskWait
                0x0100e994                OS_EventTaskWaitMulti
                0x0100eae8                OS_EventTaskRemove
                0x0100eba0                OS_EventTaskRemoveMulti
                0x0100eca4                OS_EventWaitListInit
                0x0100f070                OS_MemClr
                0x0100f0c4                OS_MemCopy
                0x0100f130                OS_Sched
                0x0100f274                OS_StrCopy
                0x0100f2f4                OS_StrLen
                0x0100f34c                OS_TaskIdle
                0x0100f3a8                OS_TaskStat
                0x0100f470                OS_TaskStatStkChk
                0x0100f538                OS_TCBInit
 .text          0x0100f818      0x18c ../MCandWifiController2_bsp/\libucosii_bsp.a(os_dbg.o)
                0x0100f818                OSDebugInit
 .text          0x0100f9a4     0x193c ../MCandWifiController2_bsp/\libucosii_bsp.a(os_flag.o)
                0x0100f9a4                OSFlagAccept
                0x0100fcd8                OSFlagCreate
                0x0100fe14                OSFlagDel
                0x010100bc                OSFlagNameGet
                0x01010200                OSFlagNameSet
                0x01010354                OSFlagPend
                0x01010998                OSFlagPendGetFlagsRdy
                0x01010a00                OSFlagPost
                0x01010da8                OSFlagQuery
                0x01011040                OS_FlagInit
                0x01011234                OS_FlagUnlink
 .text          0x010112e0      0x808 ../MCandWifiController2_bsp/\libucosii_bsp.a(os_mem.o)
                0x010112e0                OSMemCreate
                0x010114fc                OSMemGet
                0x01011600                OSMemNameGet
                0x0101170c                OSMemNameSet
                0x0101182c                OSMemPut
                0x0101191c                OSMemQuery
                0x01011a18                OS_MemInit
 .text          0x01011ae8     0x1334 ../MCandWifiController2_bsp/\libucosii_bsp.a(os_q.o)
                0x01011ae8                OSQAccept
                0x01011c3c                OSQCreate
                0x01011e50                OSQDel
                0x01012150                OSQFlush
                0x01012218                OSQPend
                0x01012538                OSQPendAbort
                0x010126b4                OSQPost
                0x01012834                OSQPostFront
                0x010129bc                OSQPostOpt
                0x01012bf0                OSQQuery
                0x01012d70                OS_QInit
 .text          0x01012e1c      0xbc8 ../MCandWifiController2_bsp/\libucosii_bsp.a(os_sem.o)
                0x01012e1c                OSSemAccept
                0x01012edc                OSSemCreate
                0x01012ff0                OSSemDel
                0x01013290                OSSemPend
                0x0101350c                OSSemPendAbort
                0x01013688                OSSemPost
                0x010137b0                OSSemQuery
                0x010138e0                OSSemSet
 .text          0x010139e4     0x1a40 ../MCandWifiController2_bsp/\libucosii_bsp.a(os_task.o)
                0x010139e4                OSTaskChangePrio
                0x01013f58                OSTaskCreate
                0x0101412c                OSTaskCreateExt
                0x0101432c                OSTaskDel
                0x01014738                OSTaskDelReq
                0x010148a8                OSTaskNameGet
                0x01014a60                OSTaskNameSet
                0x01014c24                OSTaskResume
                0x01014e3c                OSTaskStkChk
                0x01015038                OSTaskSuspend
                0x01015264                OSTaskQuery
                0x010153a8                OS_TaskStkClr
 .text          0x01015424      0x598 ../MCandWifiController2_bsp/\libucosii_bsp.a(os_time.o)
                0x01015424                OSTimeDly
                0x01015570                OSTimeDlyHMSM
                0x010156e4                OSTimeDlyResume
                0x010158f4                OSTimeGet
                0x01015958                OSTimeSet
 .text          0x010159bc      0x114 ../MCandWifiController2_bsp/\libucosii_bsp.a(alt_sys_init.o)
                0x010159bc                alt_irq_init
                0x010159f0                alt_sys_init
 .text          0x01015ad0      0x148 ../MCandWifiController2_bsp/\libucosii_bsp.a(altera_avalon_jtag_uart_fd.o)
                0x01015ad0                altera_avalon_jtag_uart_read_fd
                0x01015b28                altera_avalon_jtag_uart_write_fd
                0x01015b80                altera_avalon_jtag_uart_close_fd
                0x01015bc8                altera_avalon_jtag_uart_ioctl_fd
 .text          0x01015c18      0x580 ../MCandWifiController2_bsp/\libucosii_bsp.a(altera_avalon_jtag_uart_init.o)
                0x01015c18                altera_avalon_jtag_uart_init
                0x01016124                altera_avalon_jtag_uart_close
 .text          0x01016198       0xf4 ../MCandWifiController2_bsp/\libucosii_bsp.a(altera_avalon_jtag_uart_ioctl.o)
                0x01016198                altera_avalon_jtag_uart_ioctl
 .text          0x0101628c      0x2c0 ../MCandWifiController2_bsp/\libucosii_bsp.a(altera_avalon_jtag_uart_read.o)
                0x0101628c                altera_avalon_jtag_uart_read
 .text          0x0101654c      0x2dc ../MCandWifiController2_bsp/\libucosii_bsp.a(altera_avalon_jtag_uart_write.o)
                0x0101654c                altera_avalon_jtag_uart_write
 .text          0x01016828       0xfc ../MCandWifiController2_bsp/\libucosii_bsp.a(altera_avalon_timer_sc.o)
                0x0101689c                alt_avalon_timer_sc_init
 .text          0x01016924       0xf8 ../MCandWifiController2_bsp/\libucosii_bsp.a(altera_avalon_uart_fd.o)
                0x01016924                altera_avalon_uart_read_fd
                0x0101697c                altera_avalon_uart_write_fd
                0x010169d4                altera_avalon_uart_close_fd
 .text          0x01016a1c      0x578 ../MCandWifiController2_bsp/\libucosii_bsp.a(altera_avalon_uart_init.o)
                0x01016a1c                altera_avalon_uart_init
                0x01016f34                altera_avalon_uart_close
 .text          0x01016f94      0x310 ../MCandWifiController2_bsp/\libucosii_bsp.a(altera_avalon_uart_read.o)
                0x01016f94                altera_avalon_uart_read
 .text          0x010172a4      0x2a8 ../MCandWifiController2_bsp/\libucosii_bsp.a(altera_avalon_uart_write.o)
                0x010172a4                altera_avalon_uart_write
 .text          0x0101754c      0x398 ../MCandWifiController2_bsp/\libucosii_bsp.a(altera_up_avalon_rs232.o)
                0x0101754c                alt_up_rs232_enable_read_interrupt
                0x010175a0                alt_up_rs232_disable_read_interrupt
                0x010175f8                alt_up_rs232_get_used_space_in_read_FIFO
                0x01017634                alt_up_rs232_get_available_space_in_write_FIFO
                0x01017674                alt_up_rs232_check_parity
                0x010176c4                alt_up_rs232_write_data
                0x0101770c                alt_up_rs232_read_data
                0x01017780                alt_up_rs232_read_fd
                0x01017810                alt_up_rs232_write_fd
                0x010178a4                alt_up_rs232_open_dev
 .text          0x010178e4      0x154 ../MCandWifiController2_bsp/\libucosii_bsp.a(alt_alarm_start.o)
                0x010178e4                alt_alarm_start
 .text          0x01017a38       0x44 ../MCandWifiController2_bsp/\libucosii_bsp.a(alt_dcache_flush_all.o)
                0x01017a38                alt_dcache_flush_all
 .text          0x01017a7c      0x114 ../MCandWifiController2_bsp/\libucosii_bsp.a(alt_dev_llist_insert.o)
                0x01017a7c                alt_dev_llist_insert
 .text          0x01017b90       0x64 ../MCandWifiController2_bsp/\libucosii_bsp.a(alt_do_ctors.o)
                0x01017b90                _do_ctors
 .text          0x01017bf4       0x64 ../MCandWifiController2_bsp/\libucosii_bsp.a(alt_do_dtors.o)
                0x01017bf4                _do_dtors
 .text          0x01017c58       0x94 ../MCandWifiController2_bsp/\libucosii_bsp.a(alt_find_dev.o)
                0x01017c58                alt_find_dev
 .text          0x01017cec       0x30 ../MCandWifiController2_bsp/\libucosii_bsp.a(alt_icache_flush_all.o)
                0x01017cec                alt_icache_flush_all
 .text          0x01017d1c      0x13c ../MCandWifiController2_bsp/\libucosii_bsp.a(alt_io_redirect.o)
                0x01017de0                alt_io_redirect
 .text          0x01017e58      0x1c0 ../MCandWifiController2_bsp/\libucosii_bsp.a(alt_irq_register.o)
                0x01017e58                alt_irq_register
 .text          0x01018018        0x0 ../MCandWifiController2_bsp/\libucosii_bsp.a(alt_irq_vars.o)
 .text          0x01018018      0x2c4 ../MCandWifiController2_bsp/\libucosii_bsp.a(alt_open.o)
                0x010180f4                open
 .text          0x010182dc      0x1a8 ../MCandWifiController2_bsp/\libucosii_bsp.a(alt_tick.o)
                0x010182dc                alt_alarm_stop
                0x01018374                alt_tick
 .text          0x01018484       0x20 ../MCandWifiController2_bsp/\libucosii_bsp.a(altera_nios2_qsys_irq.o)
                0x01018484                altera_nios2_qsys_irq_init
 .text          0x010184a4       0xd0 ../MCandWifiController2_bsp/\libucosii_bsp.a(os_cpu_a.o)
                0x010184a4                OSCtxSw
                0x010184a4                OSIntCtxSw
                0x01018530                OSStartHighRdy
                0x01018550                OSStartTsk
 .text          0x01018574      0x418 ../MCandWifiController2_bsp/\libucosii_bsp.a(os_cpu_c.o)
                0x01018574                OSTaskStkInit
                0x01018884                OSTaskCreateHook
                0x010188a4                OSTaskDelHook
                0x010188c4                OSTaskSwHook
                0x010188e0                OSTaskStatHook
                0x010188fc                OSTimeTickHook
                0x01018918                OSInitHookBegin
                0x01018934                OSInitHookEnd
                0x01018950                OSTaskIdleHook
                0x0101896c                OSTCBInitHook
 .text          0x0101898c      0x120 ../MCandWifiController2_bsp/\libucosii_bsp.a(alt_find_file.o)
                0x0101898c                alt_find_file
 .text          0x01018aac       0xf4 ../MCandWifiController2_bsp/\libucosii_bsp.a(alt_get_fd.o)
                0x01018aac                alt_get_fd
 .text          0x01018ba0       0x90 ../MCandWifiController2_bsp/\libucosii_bsp.a(alt_icache_flush.o)
                0x01018ba0                alt_icache_flush
 .text          0x01018c30        0x0 ../MCandWifiController2_bsp/\libucosii_bsp.a(alt_irq_entry.o)
 .text          0x01018c30        0x0 ../MCandWifiController2_bsp/\libucosii_bsp.a(alt_irq_handler.o)
 .text          0x01018c30        0x0 ../MCandWifiController2_bsp/\libucosii_bsp.a(alt_exception_entry.o)
 .text          0x01018c30       0x14 c:/altera/12.1sp1/nios2eds/bin/gnu/h-i686-mingw32/bin/../lib/gcc/nios2-elf/4.1.2/../../../../nios2-elf/lib\libc.a(lib_a-atexit.o)
                0x01018c30                atexit
 .text          0x01018c44       0x38 c:/altera/12.1sp1/nios2eds/bin/gnu/h-i686-mingw32/bin/../lib/gcc/nios2-elf/4.1.2/../../../../nios2-elf/lib\libc.a(lib_a-exit.o)
                0x01018c44                exit
 .text          0x01018c7c       0x74 c:/altera/12.1sp1/nios2eds/bin/gnu/h-i686-mingw32/bin/../lib/gcc/nios2-elf/4.1.2/../../../../nios2-elf/lib\libc.a(lib_a-memcmp.o)
                0x01018c7c                memcmp
 .text          0x01018cf0      0x134 c:/altera/12.1sp1/nios2eds/bin/gnu/h-i686-mingw32/bin/../lib/gcc/nios2-elf/4.1.2/../../../../nios2-elf/lib\libc.a(lib_a-__atexit.o)
                0x01018cf0                __register_exitproc
 .text          0x01018e24      0x1b4 c:/altera/12.1sp1/nios2eds/bin/gnu/h-i686-mingw32/bin/../lib/gcc/nios2-elf/4.1.2/../../../../nios2-elf/lib\libc.a(lib_a-__call_atexit.o)
                0x01018e28                __call_exitprocs
 *(.gnu.warning.*)
 *(.fini)
                0x01018fd8                PROVIDE (__etext, ABSOLUTE (.))
                0x01018fd8                PROVIDE (_etext, ABSOLUTE (.))
                0x01018fd8                PROVIDE (etext, ABSOLUTE (.))
 *(.eh_frame_hdr)
                0x01018fd8                . = ALIGN (0x4)
                0x01018fd8                PROVIDE (__preinit_array_start, ABSOLUTE (.))
 *(.preinit_array)
                0x01018fd8                PROVIDE (__preinit_array_end, ABSOLUTE (.))
                0x01018fd8                PROVIDE (__init_array_start, ABSOLUTE (.))
 *(.init_array)
                0x01018fd8                PROVIDE (__init_array_end, ABSOLUTE (.))
                0x01018fd8                PROVIDE (__fini_array_start, ABSOLUTE (.))
 *(.fini_array)
                0x01018fd8                PROVIDE (__fini_array_end, ABSOLUTE (.))
 *(.eh_frame)
 *(.gcc_except_table)
 .gcc_except_table
                0x01018fd8       0x1e obj/default/main.o
 *fill*         0x01018ff6        0x2 3a880100
 .gcc_except_table
                0x01018ff8       0x20 c:/altera/12.1sp1/nios2eds/bin/gnu/h-i686-mingw32/bin/../lib/gcc/nios2-elf/4.1.2/../../../../nios2-elf/lib\libstdc++.a(eh_personality.o)
 .gcc_except_table
                0x01019018       0x10 c:/altera/12.1sp1/nios2eds/bin/gnu/h-i686-mingw32/bin/../lib/gcc/nios2-elf/4.1.2/../../../../nios2-elf/lib\libstdc++.a(eh_terminate.o)
 .gcc_except_table
                0x01019028       0x10 c:/altera/12.1sp1/nios2eds/bin/gnu/h-i686-mingw32/bin/../lib/gcc/nios2-elf/4.1.2/../../../../nios2-elf/lib\libstdc++.a(eh_catch.o)
 .gcc_except_table
                0x01019038       0x10 c:/altera/12.1sp1/nios2eds/bin/gnu/h-i686-mingw32/bin/../lib/gcc/nios2-elf/4.1.2/../../../../nios2-elf/lib\libstdc++.a(eh_alloc.o)
 .gcc_except_table
                0x01019048       0x14 c:/altera/12.1sp1/nios2eds/bin/gnu/h-i686-mingw32/bin/../lib/gcc/nios2-elf/4.1.2/../../../../nios2-elf/lib\libstdc++.a(new_op.o)
 *(.dynamic)
                0x0101905c                PROVIDE (__CTOR_LIST__, ABSOLUTE (.))
 *(.ctors)
 *(SORT(.ctors.*))
 .ctors.65535   0x0101905c        0x4 c:/altera/12.1sp1/nios2eds/bin/gnu/h-i686-mingw32/bin/../lib/gcc/nios2-elf/4.1.2/../../../../nios2-elf/lib\libc.a(lib_a-__call_atexit.o)
                0x01019060                PROVIDE (__CTOR_END__, ABSOLUTE (.))
                0x01019060                PROVIDE (__DTOR_LIST__, ABSOLUTE (.))
 *(.dtors)
 *(SORT(.dtors.*))
                0x01019060                PROVIDE (__DTOR_END__, ABSOLUTE (.))
 *(.jcr)
                0x01019060                . = ALIGN (0x4)

.rodata         0x01019060      0x6fc
                0x01019060                PROVIDE (__ram_rodata_start, ABSOLUTE (.))
                0x01019060                . = ALIGN (0x4)
 *(.rodata .rodata.* .gnu.linkonce.r.*)
 .rodata._ZTV13SerialHandler
                0x01019060       0x10 obj/default/SerialHandler.o
                0x01019060                vtable for SerialHandler
 .rodata._ZTS13SerialHandler
                0x01019070       0x10 obj/default/SerialHandler.o
                0x01019070                typeinfo name for SerialHandler
 .rodata        0x01019080       0xd0 obj/default/main.o
 .rodata._ZTVN10__cxxabiv117__class_type_infoE
                0x01019150       0x2c c:/altera/12.1sp1/nios2eds/bin/gnu/h-i686-mingw32/bin/../lib/gcc/nios2-elf/4.1.2/../../../../nios2-elf/lib\libstdc++.a(class_type_info.o)
                0x01019150                vtable for __cxxabiv1::__class_type_info
 .rodata._ZTSN10__cxxabiv117__class_type_infoE
                0x0101917c       0x24 c:/altera/12.1sp1/nios2eds/bin/gnu/h-i686-mingw32/bin/../lib/gcc/nios2-elf/4.1.2/../../../../nios2-elf/lib\libstdc++.a(class_type_info.o)
                0x0101917c                typeinfo name for __cxxabiv1::__class_type_info
 .rodata._ZTIN10__cxxabiv117__class_type_infoE
                0x010191a0        0xc c:/altera/12.1sp1/nios2eds/bin/gnu/h-i686-mingw32/bin/../lib/gcc/nios2-elf/4.1.2/../../../../nios2-elf/lib\libstdc++.a(class_type_info.o)
                0x010191a0                typeinfo for __cxxabiv1::__class_type_info
 .rodata._ZTVN10__cxxabiv120__si_class_type_infoE
                0x010191ac       0x2c c:/altera/12.1sp1/nios2eds/bin/gnu/h-i686-mingw32/bin/../lib/gcc/nios2-elf/4.1.2/../../../../nios2-elf/lib\libstdc++.a(si_class_type_info.o)
                0x010191ac                vtable for __cxxabiv1::__si_class_type_info
 .rodata._ZTSN10__cxxabiv120__si_class_type_infoE
                0x010191d8       0x28 c:/altera/12.1sp1/nios2eds/bin/gnu/h-i686-mingw32/bin/../lib/gcc/nios2-elf/4.1.2/../../../../nios2-elf/lib\libstdc++.a(si_class_type_info.o)
                0x010191d8                typeinfo name for __cxxabiv1::__si_class_type_info
 .rodata._ZTIN10__cxxabiv120__si_class_type_infoE
                0x01019200        0xc c:/altera/12.1sp1/nios2eds/bin/gnu/h-i686-mingw32/bin/../lib/gcc/nios2-elf/4.1.2/../../../../nios2-elf/lib\libstdc++.a(si_class_type_info.o)
                0x01019200                typeinfo for __cxxabiv1::__si_class_type_info
 .rodata._ZTVSt9type_info
                0x0101920c       0x20 c:/altera/12.1sp1/nios2eds/bin/gnu/h-i686-mingw32/bin/../lib/gcc/nios2-elf/4.1.2/../../../../nios2-elf/lib\libstdc++.a(tinfo.o)
                0x0101920c                vtable for std::type_info
 .rodata._ZTSSt9type_info
                0x0101922c       0x10 c:/altera/12.1sp1/nios2eds/bin/gnu/h-i686-mingw32/bin/../lib/gcc/nios2-elf/4.1.2/../../../../nios2-elf/lib\libstdc++.a(tinfo.o)
                0x0101922c                typeinfo name for std::type_info
 .rodata._ZTVSt13bad_exception
                0x0101923c       0x14 c:/altera/12.1sp1/nios2eds/bin/gnu/h-i686-mingw32/bin/../lib/gcc/nios2-elf/4.1.2/../../../../nios2-elf/lib\libstdc++.a(eh_exception.o)
                0x0101923c                vtable for std::bad_exception
 .rodata._ZTVSt9exception
                0x01019250       0x14 c:/altera/12.1sp1/nios2eds/bin/gnu/h-i686-mingw32/bin/../lib/gcc/nios2-elf/4.1.2/../../../../nios2-elf/lib\libstdc++.a(eh_exception.o)
                0x01019250                vtable for std::exception
 .rodata._ZTSSt13bad_exception
                0x01019264       0x14 c:/altera/12.1sp1/nios2eds/bin/gnu/h-i686-mingw32/bin/../lib/gcc/nios2-elf/4.1.2/../../../../nios2-elf/lib\libstdc++.a(eh_exception.o)
                0x01019264                typeinfo name for std::bad_exception
 .rodata._ZTISt13bad_exception
                0x01019278        0xc c:/altera/12.1sp1/nios2eds/bin/gnu/h-i686-mingw32/bin/../lib/gcc/nios2-elf/4.1.2/../../../../nios2-elf/lib\libstdc++.a(eh_exception.o)
                0x01019278                typeinfo for std::bad_exception
 .rodata._ZTSSt9exception
                0x01019284       0x10 c:/altera/12.1sp1/nios2eds/bin/gnu/h-i686-mingw32/bin/../lib/gcc/nios2-elf/4.1.2/../../../../nios2-elf/lib\libstdc++.a(eh_exception.o)
                0x01019284                typeinfo name for std::exception
 .rodata._ZTVSt9bad_alloc
                0x01019294       0x14 c:/altera/12.1sp1/nios2eds/bin/gnu/h-i686-mingw32/bin/../lib/gcc/nios2-elf/4.1.2/../../../../nios2-elf/lib\libstdc++.a(new_handler.o)
                0x01019294                vtable for std::bad_alloc
 .rodata._ZTSSt9bad_alloc
                0x010192a8       0x10 c:/altera/12.1sp1/nios2eds/bin/gnu/h-i686-mingw32/bin/../lib/gcc/nios2-elf/4.1.2/../../../../nios2-elf/lib\libstdc++.a(new_handler.o)
                0x010192a8                typeinfo name for std::bad_alloc
 .rodata._ZTISt9bad_alloc
                0x010192b8        0xc c:/altera/12.1sp1/nios2eds/bin/gnu/h-i686-mingw32/bin/../lib/gcc/nios2-elf/4.1.2/../../../../nios2-elf/lib\libstdc++.a(new_handler.o)
                0x010192b8                typeinfo for std::bad_alloc
 .rodata.str1.4
                0x010192c4        0x2 c:/altera/12.1sp1/nios2eds/bin/gnu/h-i686-mingw32/bin/../lib/gcc/nios2-elf/4.1.2/../../../../nios2-elf/lib\libc.a(lib_a-puts.o)
                                  0x4 (size before relaxing)
 *fill*         0x010192c6        0x2 00
 .rodata.str1.4
                0x010192c8       0x5e c:/altera/12.1sp1/nios2eds/bin/gnu/h-i686-mingw32/bin/../lib/gcc/nios2-elf/4.1.2/../../../../nios2-elf/lib\libc.a(lib_a-vfprintf.o)
                                 0x60 (size before relaxing)
 .rodata        0x01019326       0x20 c:/altera/12.1sp1/nios2eds/bin/gnu/h-i686-mingw32/bin/../lib/gcc/nios2-elf/4.1.2/../../../../nios2-elf/lib\libc.a(lib_a-vfprintf.o)
 *fill*         0x01019346        0x2 00
 .rodata.str1.4
                0x01019348       0x10 c:/altera/12.1sp1/nios2eds/bin/gnu/h-i686-mingw32/bin/../lib/gcc/nios2-elf/4.1.2/../../../../nios2-elf/lib\libc.a(lib_a-dtoa.o)
                                 0x14 (size before relaxing)
 .rodata.str1.4
                0x01019358        0x2 c:/altera/12.1sp1/nios2eds/bin/gnu/h-i686-mingw32/bin/../lib/gcc/nios2-elf/4.1.2/../../../../nios2-elf/lib\libc.a(lib_a-impure.o)
                                  0x4 (size before relaxing)
 *fill*         0x0101935a        0x2 00
 .rodata.str1.4
                0x0101935c       0x10 c:/altera/12.1sp1/nios2eds/bin/gnu/h-i686-mingw32/bin/../lib/gcc/nios2-elf/4.1.2/../../../../nios2-elf/lib\libc.a(lib_a-locale.o)
                                 0x18 (size before relaxing)
 .rodata        0x0101936c       0x30 c:/altera/12.1sp1/nios2eds/bin/gnu/h-i686-mingw32/bin/../lib/gcc/nios2-elf/4.1.2/../../../../nios2-elf/lib\libc.a(lib_a-locale.o)
 .rodata        0x0101939c      0x124 c:/altera/12.1sp1/nios2eds/bin/gnu/h-i686-mingw32/bin/../lib/gcc/nios2-elf/4.1.2/../../../../nios2-elf/lib\libc.a(lib_a-mprec.o)
                0x0101939c                __mprec_tens
                0x01019464                __mprec_bigtens
                0x0101948c                __mprec_tinytens
 .rodata        0x010194c0       0x14 c:/altera/12.1sp1/nios2eds/bin/gnu/h-i686-mingw32/bin/../lib/gcc/nios2-elf/4.1.2\libgcc.a(_thenan_df.o)
                0x010194c0                __thenan_df
 .rodata        0x010194d4      0x100 c:/altera/12.1sp1/nios2eds/bin/gnu/h-i686-mingw32/bin/../lib/gcc/nios2-elf/4.1.2\libgcc.a(_clz.o)
                0x010194d4                __clz_tab
 .rodata        0x010195d4        0xc ../MCandWifiController2_bsp/\libucosii_bsp.a(alt_dev.o)
 .rodata        0x010195e0       0x14 ../MCandWifiController2_bsp/\libucosii_bsp.a(alt_main.o)
 .rodata        0x010195f4      0x120 ../MCandWifiController2_bsp/\libucosii_bsp.a(os_core.o)
                0x010195f4                OSUnMapTbl
 .rodata        0x01019714       0x44 ../MCandWifiController2_bsp/\libucosii_bsp.a(alt_sys_init.o)
 .rodata        0x01019758        0x4 ../MCandWifiController2_bsp/\libucosii_bsp.a(os_cpu_c.o)
 *(.rodata1)
                0x0101975c                . = ALIGN (0x4)
                0x0101975c                PROVIDE (__ram_rodata_end, ABSOLUTE (.))
                0x01019060                PROVIDE (__flash_rodata_start, LOADADDR (.rodata))

.rwdata         0x0101975c     0x1cd4 load address 0x0101b430
                0x0101975c                PROVIDE (__ram_rwdata_start, ABSOLUTE (.))
                0x0101975c                . = ALIGN (0x4)
 *(.got.plt)
 *(.got)
 *(.data1)
 *(.data .data.* .gnu.linkonce.d.*)
 .data          0x0101975c        0x0 ../MCandWifiController2_bsp//obj/HAL/src/crt0.o
 .data          0x0101975c        0x0 obj/default/SerialHandler.o
 .data          0x0101975c        0x0 obj/default/main.o
 .data          0x0101975c        0x0 c:/altera/12.1sp1/nios2eds/bin/gnu/h-i686-mingw32/bin/../lib/gcc/nios2-elf/4.1.2/../../../../nios2-elf/lib\libstdc++.a(class_type_info.o)
 .data          0x0101975c        0x0 c:/altera/12.1sp1/nios2eds/bin/gnu/h-i686-mingw32/bin/../lib/gcc/nios2-elf/4.1.2/../../../../nios2-elf/lib\libstdc++.a(eh_personality.o)
 .data          0x0101975c        0x0 c:/altera/12.1sp1/nios2eds/bin/gnu/h-i686-mingw32/bin/../lib/gcc/nios2-elf/4.1.2/../../../../nios2-elf/lib\libstdc++.a(eh_terminate.o)
 .data          0x0101975c        0x0 c:/altera/12.1sp1/nios2eds/bin/gnu/h-i686-mingw32/bin/../lib/gcc/nios2-elf/4.1.2/../../../../nios2-elf/lib\libstdc++.a(eh_term_handler.o)
 .data          0x0101975c        0x0 c:/altera/12.1sp1/nios2eds/bin/gnu/h-i686-mingw32/bin/../lib/gcc/nios2-elf/4.1.2/../../../../nios2-elf/lib\libstdc++.a(eh_catch.o)
 .data          0x0101975c        0x0 c:/altera/12.1sp1/nios2eds/bin/gnu/h-i686-mingw32/bin/../lib/gcc/nios2-elf/4.1.2/../../../../nios2-elf/lib\libstdc++.a(del_op.o)
 .data          0x0101975c        0x0 c:/altera/12.1sp1/nios2eds/bin/gnu/h-i686-mingw32/bin/../lib/gcc/nios2-elf/4.1.2/../../../../nios2-elf/lib\libstdc++.a(eh_throw.o)
 .data          0x0101975c        0x0 c:/altera/12.1sp1/nios2eds/bin/gnu/h-i686-mingw32/bin/../lib/gcc/nios2-elf/4.1.2/../../../../nios2-elf/lib\libstdc++.a(si_class_type_info.o)
 .data          0x0101975c        0x0 c:/altera/12.1sp1/nios2eds/bin/gnu/h-i686-mingw32/bin/../lib/gcc/nios2-elf/4.1.2/../../../../nios2-elf/lib\libstdc++.a(tinfo.o)
 .data          0x0101975c        0x0 c:/altera/12.1sp1/nios2eds/bin/gnu/h-i686-mingw32/bin/../lib/gcc/nios2-elf/4.1.2/../../../../nios2-elf/lib\libstdc++.a(eh_alloc.o)
 .data          0x0101975c        0x0 c:/altera/12.1sp1/nios2eds/bin/gnu/h-i686-mingw32/bin/../lib/gcc/nios2-elf/4.1.2/../../../../nios2-elf/lib\libstdc++.a(new_op.o)
 .data          0x0101975c        0x0 c:/altera/12.1sp1/nios2eds/bin/gnu/h-i686-mingw32/bin/../lib/gcc/nios2-elf/4.1.2/../../../../nios2-elf/lib\libstdc++.a(eh_exception.o)
 .data          0x0101975c        0x0 c:/altera/12.1sp1/nios2eds/bin/gnu/h-i686-mingw32/bin/../lib/gcc/nios2-elf/4.1.2/../../../../nios2-elf/lib\libstdc++.a(eh_call.o)
 .data          0x0101975c        0x0 c:/altera/12.1sp1/nios2eds/bin/gnu/h-i686-mingw32/bin/../lib/gcc/nios2-elf/4.1.2/../../../../nios2-elf/lib\libstdc++.a(new_handler.o)
 .data          0x0101975c        0x0 c:/altera/12.1sp1/nios2eds/bin/gnu/h-i686-mingw32/bin/../lib/gcc/nios2-elf/4.1.2/../../../../nios2-elf/lib\libstdc++.a(eh_globals.o)
 .data          0x0101975c        0x0 c:/altera/12.1sp1/nios2eds/bin/gnu/h-i686-mingw32/bin/../lib/gcc/nios2-elf/4.1.2/../../../../nios2-elf/lib\libstdc++.a(eh_unex_handler.o)
 .data          0x0101975c        0x0 c:/altera/12.1sp1/nios2eds/bin/gnu/h-i686-mingw32/bin/../lib/gcc/nios2-elf/4.1.2\libgcc.a(unwind-sjlj.o)
 .data          0x0101975c        0x0 c:/altera/12.1sp1/nios2eds/bin/gnu/h-i686-mingw32/bin/../lib/gcc/nios2-elf/4.1.2/../../../../nios2-elf/lib\libc.a(lib_a-abort.o)
 .data          0x0101975c        0x0 c:/altera/12.1sp1/nios2eds/bin/gnu/h-i686-mingw32/bin/../lib/gcc/nios2-elf/4.1.2/../../../../nios2-elf/lib\libc.a(lib_a-malloc.o)
 .data          0x0101975c      0x408 c:/altera/12.1sp1/nios2eds/bin/gnu/h-i686-mingw32/bin/../lib/gcc/nios2-elf/4.1.2/../../../../nios2-elf/lib\libc.a(lib_a-mallocr.o)
                0x0101975c                __malloc_av_
 .data          0x01019b64        0x0 c:/altera/12.1sp1/nios2eds/bin/gnu/h-i686-mingw32/bin/../lib/gcc/nios2-elf/4.1.2/../../../../nios2-elf/lib\libc.a(lib_a-memset.o)
 .data          0x01019b64        0x0 c:/altera/12.1sp1/nios2eds/bin/gnu/h-i686-mingw32/bin/../lib/gcc/nios2-elf/4.1.2/../../../../nios2-elf/lib\libc.a(lib_a-printf.o)
 .data          0x01019b64        0x0 c:/altera/12.1sp1/nios2eds/bin/gnu/h-i686-mingw32/bin/../lib/gcc/nios2-elf/4.1.2/../../../../nios2-elf/lib\libc.a(lib_a-puts.o)
 .data          0x01019b64        0x0 c:/altera/12.1sp1/nios2eds/bin/gnu/h-i686-mingw32/bin/../lib/gcc/nios2-elf/4.1.2/../../../../nios2-elf/lib\libc.a(lib_a-sbrkr.o)
 .data          0x01019b64        0x0 c:/altera/12.1sp1/nios2eds/bin/gnu/h-i686-mingw32/bin/../lib/gcc/nios2-elf/4.1.2/../../../../nios2-elf/lib\libc.a(lib_a-signal.o)
 .data          0x01019b64        0x0 c:/altera/12.1sp1/nios2eds/bin/gnu/h-i686-mingw32/bin/../lib/gcc/nios2-elf/4.1.2/../../../../nios2-elf/lib\libc.a(lib_a-signalr.o)
 .data          0x01019b64        0x0 c:/altera/12.1sp1/nios2eds/bin/gnu/h-i686-mingw32/bin/../lib/gcc/nios2-elf/4.1.2/../../../../nios2-elf/lib\libc.a(lib_a-strlen.o)
 .data          0x01019b64        0x0 c:/altera/12.1sp1/nios2eds/bin/gnu/h-i686-mingw32/bin/../lib/gcc/nios2-elf/4.1.2/../../../../nios2-elf/lib\libc.a(lib_a-vfprintf.o)
 .data          0x01019b64        0x0 c:/altera/12.1sp1/nios2eds/bin/gnu/h-i686-mingw32/bin/../lib/gcc/nios2-elf/4.1.2/../../../../nios2-elf/lib\libc.a(lib_a-wsetup.o)
 .data          0x01019b64        0x0 c:/altera/12.1sp1/nios2eds/bin/gnu/h-i686-mingw32/bin/../lib/gcc/nios2-elf/4.1.2/../../../../nios2-elf/lib\libc.a(lib_a-dtoa.o)
 .data          0x01019b64        0x0 c:/altera/12.1sp1/nios2eds/bin/gnu/h-i686-mingw32/bin/../lib/gcc/nios2-elf/4.1.2/../../../../nios2-elf/lib\libc.a(lib_a-fflush.o)
 .data          0x01019b64        0x0 c:/altera/12.1sp1/nios2eds/bin/gnu/h-i686-mingw32/bin/../lib/gcc/nios2-elf/4.1.2/../../../../nios2-elf/lib\libc.a(lib_a-findfp.o)
 .data          0x01019b64        0x0 c:/altera/12.1sp1/nios2eds/bin/gnu/h-i686-mingw32/bin/../lib/gcc/nios2-elf/4.1.2/../../../../nios2-elf/lib\libc.a(lib_a-freer.o)
 .data          0x01019b64        0x0 c:/altera/12.1sp1/nios2eds/bin/gnu/h-i686-mingw32/bin/../lib/gcc/nios2-elf/4.1.2/../../../../nios2-elf/lib\libc.a(lib_a-fvwrite.o)
 .data          0x01019b64        0x0 c:/altera/12.1sp1/nios2eds/bin/gnu/h-i686-mingw32/bin/../lib/gcc/nios2-elf/4.1.2/../../../../nios2-elf/lib\libc.a(lib_a-fwalk.o)
 .data          0x01019b64      0x400 c:/altera/12.1sp1/nios2eds/bin/gnu/h-i686-mingw32/bin/../lib/gcc/nios2-elf/4.1.2/../../../../nios2-elf/lib\libc.a(lib_a-impure.o)
 .data          0x01019f64        0x0 c:/altera/12.1sp1/nios2eds/bin/gnu/h-i686-mingw32/bin/../lib/gcc/nios2-elf/4.1.2/../../../../nios2-elf/lib\libc.a(lib_a-int_errno.o)
 .data          0x01019f64        0xc c:/altera/12.1sp1/nios2eds/bin/gnu/h-i686-mingw32/bin/../lib/gcc/nios2-elf/4.1.2/../../../../nios2-elf/lib\libc.a(lib_a-locale.o)
                0x01019f64                __lc_ctype
 .data          0x01019f70        0x0 c:/altera/12.1sp1/nios2eds/bin/gnu/h-i686-mingw32/bin/../lib/gcc/nios2-elf/4.1.2/../../../../nios2-elf/lib\libc.a(lib_a-makebuf.o)
 .data          0x01019f70        0x0 c:/altera/12.1sp1/nios2eds/bin/gnu/h-i686-mingw32/bin/../lib/gcc/nios2-elf/4.1.2/../../../../nios2-elf/lib\libc.a(lib_a-memchr.o)
 .data          0x01019f70        0x0 c:/altera/12.1sp1/nios2eds/bin/gnu/h-i686-mingw32/bin/../lib/gcc/nios2-elf/4.1.2/../../../../nios2-elf/lib\libc.a(lib_a-memcpy.o)
 .data          0x01019f70        0x0 c:/altera/12.1sp1/nios2eds/bin/gnu/h-i686-mingw32/bin/../lib/gcc/nios2-elf/4.1.2/../../../../nios2-elf/lib\libc.a(lib_a-memmove.o)
 .data          0x01019f70        0x0 c:/altera/12.1sp1/nios2eds/bin/gnu/h-i686-mingw32/bin/../lib/gcc/nios2-elf/4.1.2/../../../../nios2-elf/lib\libc.a(lib_a-mprec.o)
 .data          0x01019f70        0x0 c:/altera/12.1sp1/nios2eds/bin/gnu/h-i686-mingw32/bin/../lib/gcc/nios2-elf/4.1.2/../../../../nios2-elf/lib\libc.a(lib_a-reallocr.o)
 .data          0x01019f70        0x0 c:/altera/12.1sp1/nios2eds/bin/gnu/h-i686-mingw32/bin/../lib/gcc/nios2-elf/4.1.2/../../../../nios2-elf/lib\libc.a(lib_a-s_isinfd.o)
 .data          0x01019f70        0x0 c:/altera/12.1sp1/nios2eds/bin/gnu/h-i686-mingw32/bin/../lib/gcc/nios2-elf/4.1.2/../../../../nios2-elf/lib\libc.a(lib_a-s_isnand.o)
 .data          0x01019f70        0x0 c:/altera/12.1sp1/nios2eds/bin/gnu/h-i686-mingw32/bin/../lib/gcc/nios2-elf/4.1.2/../../../../nios2-elf/lib\libc.a(lib_a-stdio.o)
 .data          0x01019f70        0x0 c:/altera/12.1sp1/nios2eds/bin/gnu/h-i686-mingw32/bin/../lib/gcc/nios2-elf/4.1.2/../../../../nios2-elf/lib\libc.a(lib_a-strcmp.o)
 .data          0x01019f70        0x0 c:/altera/12.1sp1/nios2eds/bin/gnu/h-i686-mingw32/bin/../lib/gcc/nios2-elf/4.1.2/../../../../nios2-elf/lib\libc.a(lib_a-writer.o)
 .data          0x01019f70        0x0 c:/altera/12.1sp1/nios2eds/bin/gnu/h-i686-mingw32/bin/../lib/gcc/nios2-elf/4.1.2/../../../../nios2-elf/lib\libc.a(lib_a-callocr.o)
 .data          0x01019f70        0x0 c:/altera/12.1sp1/nios2eds/bin/gnu/h-i686-mingw32/bin/../lib/gcc/nios2-elf/4.1.2/../../../../nios2-elf/lib\libc.a(lib_a-closer.o)
 .data          0x01019f70        0x0 c:/altera/12.1sp1/nios2eds/bin/gnu/h-i686-mingw32/bin/../lib/gcc/nios2-elf/4.1.2/../../../../nios2-elf/lib\libc.a(lib_a-fclose.o)
 .data          0x01019f70        0x0 c:/altera/12.1sp1/nios2eds/bin/gnu/h-i686-mingw32/bin/../lib/gcc/nios2-elf/4.1.2/../../../../nios2-elf/lib\libc.a(lib_a-fstatr.o)
 .data          0x01019f70        0x0 c:/altera/12.1sp1/nios2eds/bin/gnu/h-i686-mingw32/bin/../lib/gcc/nios2-elf/4.1.2/../../../../nios2-elf/lib\libc.a(lib_a-isattyr.o)
 .data          0x01019f70        0x0 c:/altera/12.1sp1/nios2eds/bin/gnu/h-i686-mingw32/bin/../lib/gcc/nios2-elf/4.1.2/../../../../nios2-elf/lib\libc.a(lib_a-lseekr.o)
 .data          0x01019f70        0x0 c:/altera/12.1sp1/nios2eds/bin/gnu/h-i686-mingw32/bin/../lib/gcc/nios2-elf/4.1.2/../../../../nios2-elf/lib\libc.a(lib_a-readr.o)
 .data          0x01019f70        0x0 c:/altera/12.1sp1/nios2eds/bin/gnu/h-i686-mingw32/bin/../lib/gcc/nios2-elf/4.1.2\libgcc.a(_udivdi3.o)
 .data          0x01019f70        0x0 c:/altera/12.1sp1/nios2eds/bin/gnu/h-i686-mingw32/bin/../lib/gcc/nios2-elf/4.1.2\libgcc.a(_umoddi3.o)
 .data          0x01019f70        0x0 c:/altera/12.1sp1/nios2eds/bin/gnu/h-i686-mingw32/bin/../lib/gcc/nios2-elf/4.1.2\libgcc.a(_addsub_df.o)
 .data          0x01019f70        0x0 c:/altera/12.1sp1/nios2eds/bin/gnu/h-i686-mingw32/bin/../lib/gcc/nios2-elf/4.1.2\libgcc.a(_mul_df.o)
 .data          0x01019f70        0x0 c:/altera/12.1sp1/nios2eds/bin/gnu/h-i686-mingw32/bin/../lib/gcc/nios2-elf/4.1.2\libgcc.a(_div_df.o)
 .data          0x01019f70        0x0 c:/altera/12.1sp1/nios2eds/bin/gnu/h-i686-mingw32/bin/../lib/gcc/nios2-elf/4.1.2\libgcc.a(_eq_df.o)
 .data          0x01019f70        0x0 c:/altera/12.1sp1/nios2eds/bin/gnu/h-i686-mingw32/bin/../lib/gcc/nios2-elf/4.1.2\libgcc.a(_ne_df.o)
 .data          0x01019f70        0x0 c:/altera/12.1sp1/nios2eds/bin/gnu/h-i686-mingw32/bin/../lib/gcc/nios2-elf/4.1.2\libgcc.a(_gt_df.o)
 .data          0x01019f70        0x0 c:/altera/12.1sp1/nios2eds/bin/gnu/h-i686-mingw32/bin/../lib/gcc/nios2-elf/4.1.2\libgcc.a(_ge_df.o)
 .data          0x01019f70        0x0 c:/altera/12.1sp1/nios2eds/bin/gnu/h-i686-mingw32/bin/../lib/gcc/nios2-elf/4.1.2\libgcc.a(_lt_df.o)
 .data          0x01019f70        0x0 c:/altera/12.1sp1/nios2eds/bin/gnu/h-i686-mingw32/bin/../lib/gcc/nios2-elf/4.1.2\libgcc.a(_si_to_df.o)
 .data          0x01019f70        0x0 c:/altera/12.1sp1/nios2eds/bin/gnu/h-i686-mingw32/bin/../lib/gcc/nios2-elf/4.1.2\libgcc.a(_df_to_si.o)
 .data          0x01019f70        0x0 c:/altera/12.1sp1/nios2eds/bin/gnu/h-i686-mingw32/bin/../lib/gcc/nios2-elf/4.1.2\libgcc.a(_thenan_df.o)
 .data          0x01019f70        0x0 c:/altera/12.1sp1/nios2eds/bin/gnu/h-i686-mingw32/bin/../lib/gcc/nios2-elf/4.1.2\libgcc.a(_usi_to_df.o)
 .data          0x01019f70        0x0 c:/altera/12.1sp1/nios2eds/bin/gnu/h-i686-mingw32/bin/../lib/gcc/nios2-elf/4.1.2\libgcc.a(lib2-divmod.o)
 .data          0x01019f70        0x0 c:/altera/12.1sp1/nios2eds/bin/gnu/h-i686-mingw32/bin/../lib/gcc/nios2-elf/4.1.2\libgcc.a(_muldi3.o)
 .data          0x01019f70        0x0 c:/altera/12.1sp1/nios2eds/bin/gnu/h-i686-mingw32/bin/../lib/gcc/nios2-elf/4.1.2\libgcc.a(_clz.o)
 .data          0x01019f70        0x0 c:/altera/12.1sp1/nios2eds/bin/gnu/h-i686-mingw32/bin/../lib/gcc/nios2-elf/4.1.2\libgcc.a(_clzsi2.o)
 .data          0x01019f70        0x0 c:/altera/12.1sp1/nios2eds/bin/gnu/h-i686-mingw32/bin/../lib/gcc/nios2-elf/4.1.2\libgcc.a(_pack_df.o)
 .data          0x01019f70        0x0 c:/altera/12.1sp1/nios2eds/bin/gnu/h-i686-mingw32/bin/../lib/gcc/nios2-elf/4.1.2\libgcc.a(_unpack_df.o)
 .data          0x01019f70        0x0 c:/altera/12.1sp1/nios2eds/bin/gnu/h-i686-mingw32/bin/../lib/gcc/nios2-elf/4.1.2\libgcc.a(_fpcmp_parts_df.o)
 .data          0x01019f70        0x0 ../MCandWifiController2_bsp/\libucosii_bsp.a(alt_close.o)
 .data          0x01019f70      0x1a8 ../MCandWifiController2_bsp/\libucosii_bsp.a(alt_dev.o)
                0x01019f70                alt_dev_null
                0x01019f98                alt_fd_list
 .data          0x0101a118        0x0 ../MCandWifiController2_bsp/\libucosii_bsp.a(alt_errno.o)
 .data          0x0101a118        0x0 ../MCandWifiController2_bsp/\libucosii_bsp.a(alt_exit.o)
 .data          0x0101a118        0x0 ../MCandWifiController2_bsp/\libucosii_bsp.a(alt_fstat.o)
 .data          0x0101a118        0x0 ../MCandWifiController2_bsp/\libucosii_bsp.a(alt_getpid.o)
 .data          0x0101a118        0x0 ../MCandWifiController2_bsp/\libucosii_bsp.a(alt_isatty.o)
 .data          0x0101a118        0x0 ../MCandWifiController2_bsp/\libucosii_bsp.a(alt_kill.o)
 .data          0x0101a118        0x0 ../MCandWifiController2_bsp/\libucosii_bsp.a(alt_load.o)
 .data          0x0101a118        0x0 ../MCandWifiController2_bsp/\libucosii_bsp.a(alt_lseek.o)
 .data          0x0101a118        0x0 ../MCandWifiController2_bsp/\libucosii_bsp.a(alt_main.o)
 .data          0x0101a118        0x0 ../MCandWifiController2_bsp/\libucosii_bsp.a(alt_read.o)
 .data          0x0101a118        0x0 ../MCandWifiController2_bsp/\libucosii_bsp.a(alt_release_fd.o)
 .data          0x0101a118        0x0 ../MCandWifiController2_bsp/\libucosii_bsp.a(alt_sbrk.o)
 .data          0x0101a118        0x0 ../MCandWifiController2_bsp/\libucosii_bsp.a(alt_write.o)
 .data          0x0101a118        0x0 ../MCandWifiController2_bsp/\libucosii_bsp.a(alt_env_lock.o)
 .data          0x0101a118        0x0 ../MCandWifiController2_bsp/\libucosii_bsp.a(alt_malloc_lock.o)
 .data          0x0101a118        0x0 ../MCandWifiController2_bsp/\libucosii_bsp.a(os_core.o)
 .data          0x0101a118        0x0 ../MCandWifiController2_bsp/\libucosii_bsp.a(os_dbg.o)
 .data          0x0101a118        0x0 ../MCandWifiController2_bsp/\libucosii_bsp.a(os_flag.o)
 .data          0x0101a118        0x0 ../MCandWifiController2_bsp/\libucosii_bsp.a(os_mem.o)
 .data          0x0101a118        0x0 ../MCandWifiController2_bsp/\libucosii_bsp.a(os_q.o)
 .data          0x0101a118        0x0 ../MCandWifiController2_bsp/\libucosii_bsp.a(os_sem.o)
 .data          0x0101a118        0x0 ../MCandWifiController2_bsp/\libucosii_bsp.a(os_task.o)
 .data          0x0101a118        0x0 ../MCandWifiController2_bsp/\libucosii_bsp.a(os_time.o)
 .data          0x0101a118     0x1238 ../MCandWifiController2_bsp/\libucosii_bsp.a(alt_sys_init.o)
 .data          0x0101b350        0x0 ../MCandWifiController2_bsp/\libucosii_bsp.a(altera_avalon_jtag_uart_fd.o)
 .data          0x0101b350        0x0 ../MCandWifiController2_bsp/\libucosii_bsp.a(altera_avalon_jtag_uart_init.o)
 .data          0x0101b350        0x0 ../MCandWifiController2_bsp/\libucosii_bsp.a(altera_avalon_jtag_uart_ioctl.o)
 .data          0x0101b350        0x0 ../MCandWifiController2_bsp/\libucosii_bsp.a(altera_avalon_jtag_uart_read.o)
 .data          0x0101b350        0x0 ../MCandWifiController2_bsp/\libucosii_bsp.a(altera_avalon_jtag_uart_write.o)
 .data          0x0101b350        0x0 ../MCandWifiController2_bsp/\libucosii_bsp.a(altera_avalon_timer_sc.o)
 .data          0x0101b350        0x0 ../MCandWifiController2_bsp/\libucosii_bsp.a(altera_avalon_uart_fd.o)
 .data          0x0101b350        0x0 ../MCandWifiController2_bsp/\libucosii_bsp.a(altera_avalon_uart_init.o)
 .data          0x0101b350        0x0 ../MCandWifiController2_bsp/\libucosii_bsp.a(altera_avalon_uart_read.o)
 .data          0x0101b350        0x0 ../MCandWifiController2_bsp/\libucosii_bsp.a(altera_avalon_uart_write.o)
 .data          0x0101b350        0x0 ../MCandWifiController2_bsp/\libucosii_bsp.a(altera_up_avalon_rs232.o)
 .data          0x0101b350        0x0 ../MCandWifiController2_bsp/\libucosii_bsp.a(alt_alarm_start.o)
 .data          0x0101b350        0x0 ../MCandWifiController2_bsp/\libucosii_bsp.a(alt_dcache_flush_all.o)
 .data          0x0101b350        0x0 ../MCandWifiController2_bsp/\libucosii_bsp.a(alt_dev_llist_insert.o)
 .data          0x0101b350        0x0 ../MCandWifiController2_bsp/\libucosii_bsp.a(alt_do_ctors.o)
 .data          0x0101b350        0x0 ../MCandWifiController2_bsp/\libucosii_bsp.a(alt_do_dtors.o)
 .data          0x0101b350        0x0 ../MCandWifiController2_bsp/\libucosii_bsp.a(alt_find_dev.o)
 .data          0x0101b350        0x0 ../MCandWifiController2_bsp/\libucosii_bsp.a(alt_icache_flush_all.o)
 .data          0x0101b350        0x0 ../MCandWifiController2_bsp/\libucosii_bsp.a(alt_io_redirect.o)
 .data          0x0101b350        0x0 ../MCandWifiController2_bsp/\libucosii_bsp.a(alt_irq_register.o)
 .data          0x0101b350        0x0 ../MCandWifiController2_bsp/\libucosii_bsp.a(alt_irq_vars.o)
 .data          0x0101b350        0x0 ../MCandWifiController2_bsp/\libucosii_bsp.a(alt_open.o)
 .data          0x0101b350        0x0 ../MCandWifiController2_bsp/\libucosii_bsp.a(alt_tick.o)
 .data          0x0101b350        0x0 ../MCandWifiController2_bsp/\libucosii_bsp.a(altera_nios2_qsys_irq.o)
 .data          0x0101b350        0x0 ../MCandWifiController2_bsp/\libucosii_bsp.a(os_cpu_a.o)
 .data          0x0101b350        0x0 ../MCandWifiController2_bsp/\libucosii_bsp.a(os_cpu_c.o)
 .data          0x0101b350        0x0 ../MCandWifiController2_bsp/\libucosii_bsp.a(alt_find_file.o)
 .data          0x0101b350        0x0 ../MCandWifiController2_bsp/\libucosii_bsp.a(alt_get_fd.o)
 .data          0x0101b350        0x0 ../MCandWifiController2_bsp/\libucosii_bsp.a(alt_icache_flush.o)
 .data          0x0101b350        0x0 ../MCandWifiController2_bsp/\libucosii_bsp.a(alt_irq_entry.o)
 .data          0x0101b350        0x0 ../MCandWifiController2_bsp/\libucosii_bsp.a(alt_irq_handler.o)
 .data          0x0101b350        0x0 ../MCandWifiController2_bsp/\libucosii_bsp.a(alt_exception_entry.o)
 .data          0x0101b350        0x0 c:/altera/12.1sp1/nios2eds/bin/gnu/h-i686-mingw32/bin/../lib/gcc/nios2-elf/4.1.2/../../../../nios2-elf/lib\libc.a(lib_a-atexit.o)
 .data          0x0101b350        0x0 c:/altera/12.1sp1/nios2eds/bin/gnu/h-i686-mingw32/bin/../lib/gcc/nios2-elf/4.1.2/../../../../nios2-elf/lib\libc.a(lib_a-exit.o)
 .data          0x0101b350        0x0 c:/altera/12.1sp1/nios2eds/bin/gnu/h-i686-mingw32/bin/../lib/gcc/nios2-elf/4.1.2/../../../../nios2-elf/lib\libc.a(lib_a-memcmp.o)
 .data          0x0101b350        0x0 c:/altera/12.1sp1/nios2eds/bin/gnu/h-i686-mingw32/bin/../lib/gcc/nios2-elf/4.1.2/../../../../nios2-elf/lib\libc.a(lib_a-__atexit.o)
 .data          0x0101b350        0x0 c:/altera/12.1sp1/nios2eds/bin/gnu/h-i686-mingw32/bin/../lib/gcc/nios2-elf/4.1.2/../../../../nios2-elf/lib\libc.a(lib_a-__call_atexit.o)
                0x01023350                _gp = ABSOLUTE ((. + 0x8000))
                0x01023350                PROVIDE (gp, _gp)
 *(.rwdata .rwdata.*)
 *(.sdata .sdata.* .gnu.linkonce.s.*)
 .sdata._ZTI13SerialHandler
                0x0101b350        0x8 obj/default/SerialHandler.o
                0x0101b350                typeinfo for SerialHandler
 .sdata         0x0101b358        0x4 c:/altera/12.1sp1/nios2eds/bin/gnu/h-i686-mingw32/bin/../lib/gcc/nios2-elf/4.1.2/../../../../nios2-elf/lib\libstdc++.a(eh_term_handler.o)
                0x0101b358                __cxxabiv1::__terminate_handler
 .sdata._ZTISt9type_info
                0x0101b35c        0x8 c:/altera/12.1sp1/nios2eds/bin/gnu/h-i686-mingw32/bin/../lib/gcc/nios2-elf/4.1.2/../../../../nios2-elf/lib\libstdc++.a(tinfo.o)
                0x0101b35c                typeinfo for std::type_info
 .sdata._ZTISt9exception
                0x0101b364        0x8 c:/altera/12.1sp1/nios2eds/bin/gnu/h-i686-mingw32/bin/../lib/gcc/nios2-elf/4.1.2/../../../../nios2-elf/lib\libstdc++.a(eh_exception.o)
                0x0101b364                typeinfo for std::exception
 .sdata         0x0101b36c        0x1 c:/altera/12.1sp1/nios2eds/bin/gnu/h-i686-mingw32/bin/../lib/gcc/nios2-elf/4.1.2/../../../../nios2-elf/lib\libstdc++.a(new_handler.o)
                0x0101b36c                std::nothrow
 *fill*         0x0101b36d        0x3 00
 .sdata         0x0101b370        0x4 c:/altera/12.1sp1/nios2eds/bin/gnu/h-i686-mingw32/bin/../lib/gcc/nios2-elf/4.1.2/../../../../nios2-elf/lib\libstdc++.a(eh_unex_handler.o)
                0x0101b370                __cxxabiv1::__unexpected_handler
 .sdata         0x0101b374        0x8 c:/altera/12.1sp1/nios2eds/bin/gnu/h-i686-mingw32/bin/../lib/gcc/nios2-elf/4.1.2/../../../../nios2-elf/lib\libc.a(lib_a-mallocr.o)
                0x0101b374                __malloc_trim_threshold
                0x0101b378                __malloc_sbrk_base
 .sdata         0x0101b37c        0x8 c:/altera/12.1sp1/nios2eds/bin/gnu/h-i686-mingw32/bin/../lib/gcc/nios2-elf/4.1.2/../../../../nios2-elf/lib\libc.a(lib_a-impure.o)
                0x0101b37c                _impure_ptr
                0x0101b380                _global_impure_ptr
 .sdata         0x0101b384        0x8 c:/altera/12.1sp1/nios2eds/bin/gnu/h-i686-mingw32/bin/../lib/gcc/nios2-elf/4.1.2/../../../../nios2-elf/lib\libc.a(lib_a-locale.o)
                0x0101b384                __mb_cur_max
 .sdata         0x0101b38c       0x14 ../MCandWifiController2_bsp/\libucosii_bsp.a(alt_dev.o)
                0x0101b38c                alt_fs_list
                0x0101b394                alt_dev_list
                0x0101b39c                alt_max_fd
 .sdata         0x0101b3a0        0x4 ../MCandWifiController2_bsp/\libucosii_bsp.a(alt_errno.o)
                0x0101b3a0                alt_errno
 .sdata         0x0101b3a4        0x4 ../MCandWifiController2_bsp/\libucosii_bsp.a(alt_sbrk.o)
 .sdata         0x0101b3a8        0x4 ../MCandWifiController2_bsp/\libucosii_bsp.a(alt_env_lock.o)
 .sdata         0x0101b3ac        0x4 ../MCandWifiController2_bsp/\libucosii_bsp.a(alt_malloc_lock.o)
 .sdata         0x0101b3b0       0x74 ../MCandWifiController2_bsp/\libucosii_bsp.a(os_dbg.o)
                0x0101b3b0                OSDebugEn
                0x0101b3b4                OSEndiannessTest
                0x0101b3b8                OSEventEn
                0x0101b3ba                OSEventMax
                0x0101b3bc                OSEventNameSize
                0x0101b3be                OSEventSize
                0x0101b3c0                OSEventTblSize
                0x0101b3c2                OSEventMultiEn
                0x0101b3c4                OSFlagEn
                0x0101b3c6                OSFlagGrpSize
                0x0101b3c8                OSFlagNodeSize
                0x0101b3ca                OSFlagWidth
                0x0101b3cc                OSFlagMax
                0x0101b3ce                OSFlagNameSize
                0x0101b3d0                OSLowestPrio
                0x0101b3d2                OSMboxEn
                0x0101b3d4                OSMemEn
                0x0101b3d6                OSMemMax
                0x0101b3d8                OSMemNameSize
                0x0101b3da                OSMemSize
                0x0101b3dc                OSMemTblSize
                0x0101b3de                OSMutexEn
                0x0101b3e0                OSPtrSize
                0x0101b3e2                OSQEn
                0x0101b3e4                OSQMax
                0x0101b3e6                OSQSize
                0x0101b3e8                OSRdyTblSize
                0x0101b3ea                OSSemEn
                0x0101b3ec                OSStkWidth
                0x0101b3ee                OSTaskCreateEn
                0x0101b3f0                OSTaskCreateExtEn
                0x0101b3f2                OSTaskDelEn
                0x0101b3f4                OSTaskIdleStkSize
                0x0101b3f6                OSTaskProfileEn
                0x0101b3f8                OSTaskMax
                0x0101b3fa                OSTaskNameSize
                0x0101b3fc                OSTaskStatEn
                0x0101b3fe                OSTaskStatStkSize
                0x0101b400                OSTaskStatStkChkEn
                0x0101b402                OSTaskSwHookEn
                0x0101b404                OSTCBPrioTblMax
                0x0101b406                OSTCBSize
                0x0101b408                OSTicksPerSec
                0x0101b40a                OSTimeTickHookEn
                0x0101b40c                OSVersionNbr
                0x0101b40e                OSTmrEn
                0x0101b410                OSTmrCfgMax
                0x0101b412                OSTmrCfgNameSize
                0x0101b414                OSTmrCfgWheelSize
                0x0101b416                OSTmrCfgTicksPerSec
                0x0101b418                OSTmrSize
                0x0101b41a                OSTmrTblSize
                0x0101b41c                OSTmrWheelSize
                0x0101b41e                OSTmrWheelTblSize
                0x0101b420                OSDataSize
 .sdata         0x0101b424        0x4 ../MCandWifiController2_bsp/\libucosii_bsp.a(alt_irq_vars.o)
                0x0101b424                alt_priority_mask
 .sdata         0x0101b428        0x8 ../MCandWifiController2_bsp/\libucosii_bsp.a(alt_tick.o)
                0x0101b428                alt_alarm_list
 *(.sdata2 .sdata2.* .gnu.linkonce.s2.*)
                0x0101b430                . = ALIGN (0x4)
                0x0101b430                _edata = ABSOLUTE (.)
                0x0101b430                PROVIDE (edata, ABSOLUTE (.))
                0x0101b430                PROVIDE (__ram_rwdata_end, ABSOLUTE (.))
                0x0101b430                PROVIDE (__flash_rwdata_start, LOADADDR (.rwdata))

.bss            0x0101d104     0x9da8
                0x0101d104                __bss_start = ABSOLUTE (.)
                0x0101d104                PROVIDE (__sbss_start, ABSOLUTE (.))
                0x0101d104                PROVIDE (___sbss_start, ABSOLUTE (.))
 *(.dynsbss)
 *(.sbss .sbss.* .gnu.linkonce.sb.*)
 .sbss          0x0101d104       0x10 obj/default/main.o
                0x0101d104                SWQ
                0x0101d108                RS232Q
                0x0101d10c                err
                0x0101d110                ir_queue
 .sbss          0x0101d114        0x4 c:/altera/12.1sp1/nios2eds/bin/gnu/h-i686-mingw32/bin/../lib/gcc/nios2-elf/4.1.2/../../../../nios2-elf/lib\libstdc++.a(eh_alloc.o)
 .sbss          0x0101d118        0x4 c:/altera/12.1sp1/nios2eds/bin/gnu/h-i686-mingw32/bin/../lib/gcc/nios2-elf/4.1.2/../../../../nios2-elf/lib\libstdc++.a(new_handler.o)
                0x0101d118                __new_handler
 .sbss          0x0101d11c        0x8 c:/altera/12.1sp1/nios2eds/bin/gnu/h-i686-mingw32/bin/../lib/gcc/nios2-elf/4.1.2/../../../../nios2-elf/lib\libstdc++.a(eh_globals.o)
 .sbss          0x0101d124        0x4 c:/altera/12.1sp1/nios2eds/bin/gnu/h-i686-mingw32/bin/../lib/gcc/nios2-elf/4.1.2\libgcc.a(unwind-sjlj.o)
 .sbss          0x0101d128        0xc c:/altera/12.1sp1/nios2eds/bin/gnu/h-i686-mingw32/bin/../lib/gcc/nios2-elf/4.1.2/../../../../nios2-elf/lib\libc.a(lib_a-mallocr.o)
                0x0101d128                __malloc_top_pad
                0x0101d12c                __malloc_max_sbrked_mem
                0x0101d130                __malloc_max_total_mem
 .sbss          0x0101d134        0x4 c:/altera/12.1sp1/nios2eds/bin/gnu/h-i686-mingw32/bin/../lib/gcc/nios2-elf/4.1.2/../../../../nios2-elf/lib\libc.a(lib_a-int_errno.o)
                0x0101d134                errno
 .sbss          0x0101d138        0xc c:/altera/12.1sp1/nios2eds/bin/gnu/h-i686-mingw32/bin/../lib/gcc/nios2-elf/4.1.2/../../../../nios2-elf/lib\libc.a(lib_a-locale.o)
                0x0101d138                __nlocale_changed
                0x0101d13c                __mlocale_changed
                0x0101d140                _PathLocale
 .sbss          0x0101d144        0x4 ../MCandWifiController2_bsp/\libucosii_bsp.a(alt_dev.o)
                0x0101d144                alt_fd_list_lock
 .sbss          0x0101d148        0xc ../MCandWifiController2_bsp/\libucosii_bsp.a(alt_main.o)
                0x0101d148                alt_argc
                0x0101d14c                alt_argv
                0x0101d150                alt_envp
 .sbss          0x0101d154        0x8 ../MCandWifiController2_bsp/\libucosii_bsp.a(alt_env_lock.o)
                0x0101d158                alt_envsem
 .sbss          0x0101d15c        0x8 ../MCandWifiController2_bsp/\libucosii_bsp.a(alt_malloc_lock.o)
                0x0101d160                alt_heapsem
 .sbss          0x0101d164       0x50 ../MCandWifiController2_bsp/\libucosii_bsp.a(os_core.o)
                0x0101d164                OSLockNesting
                0x0101d165                OSRunning
                0x0101d168                OSIdleCtr
                0x0101d16c                OSPrioHighRdy
                0x0101d16d                OSPrioCur
                0x0101d170                OSTCBList
                0x0101d174                OSTickStepState
                0x0101d178                OSCtxSwCtr
                0x0101d17c                OSIdleCtrMax
                0x0101d180                OSTCBFreeList
                0x0101d184                OSCPUUsage
                0x0101d185                OSTaskCtr
                0x0101d188                OSMemFreeList
                0x0101d18c                OSTCBHighRdy
                0x0101d190                OSQFreeList
                0x0101d194                OSRdyGrp
                0x0101d195                OSRdyTbl
                0x0101d198                OSEventFreeList
                0x0101d19c                OSIntNesting
                0x0101d1a0                OSTCBCur
                0x0101d1a4                OSTime
                0x0101d1a8                OSFlagFreeList
                0x0101d1ac                OSStatRdy
                0x0101d1b0                OSIdleCtrRun
 .sbss          0x0101d1b4        0x4 ../MCandWifiController2_bsp/\libucosii_bsp.a(alt_irq_vars.o)
                0x0101d1b4                alt_irq_active
 .sbss          0x0101d1b8        0x8 ../MCandWifiController2_bsp/\libucosii_bsp.a(alt_tick.o)
                0x0101d1b8                _alt_tick_rate
                0x0101d1bc                _alt_nticks
 *(.sbss2 .sbss2.* .gnu.linkonce.sb2.*)
 *(.scommon)
                0x0101d1c0                PROVIDE (__sbss_end, ABSOLUTE (.))
                0x0101d1c0                PROVIDE (___sbss_end, ABSOLUTE (.))
 *(.dynbss)
 *(.bss .bss.* .gnu.linkonce.b.*)
 .bss           0x0101d1c0        0x0 ../MCandWifiController2_bsp//obj/HAL/src/crt0.o
 .bss           0x0101d1c0        0x0 obj/default/SerialHandler.o
 .bss           0x0101d1c0     0x6010 obj/default/main.o
                0x0101d1c0                ir_task_stk
                0x0101f1c0                wifi_task_stk
                0x010211c0                mc_task_stk
                0x010231c0                ir_messages
 .bss           0x010231d0        0x0 c:/altera/12.1sp1/nios2eds/bin/gnu/h-i686-mingw32/bin/../lib/gcc/nios2-elf/4.1.2/../../../../nios2-elf/lib\libstdc++.a(class_type_info.o)
 .bss           0x010231d0        0x0 c:/altera/12.1sp1/nios2eds/bin/gnu/h-i686-mingw32/bin/../lib/gcc/nios2-elf/4.1.2/../../../../nios2-elf/lib\libstdc++.a(eh_personality.o)
 .bss           0x010231d0        0x0 c:/altera/12.1sp1/nios2eds/bin/gnu/h-i686-mingw32/bin/../lib/gcc/nios2-elf/4.1.2/../../../../nios2-elf/lib\libstdc++.a(eh_terminate.o)
 .bss           0x010231d0        0x0 c:/altera/12.1sp1/nios2eds/bin/gnu/h-i686-mingw32/bin/../lib/gcc/nios2-elf/4.1.2/../../../../nios2-elf/lib\libstdc++.a(eh_term_handler.o)
 .bss           0x010231d0        0x0 c:/altera/12.1sp1/nios2eds/bin/gnu/h-i686-mingw32/bin/../lib/gcc/nios2-elf/4.1.2/../../../../nios2-elf/lib\libstdc++.a(eh_catch.o)
 .bss           0x010231d0        0x0 c:/altera/12.1sp1/nios2eds/bin/gnu/h-i686-mingw32/bin/../lib/gcc/nios2-elf/4.1.2/../../../../nios2-elf/lib\libstdc++.a(del_op.o)
 .bss           0x010231d0        0x0 c:/altera/12.1sp1/nios2eds/bin/gnu/h-i686-mingw32/bin/../lib/gcc/nios2-elf/4.1.2/../../../../nios2-elf/lib\libstdc++.a(eh_throw.o)
 .bss           0x010231d0        0x0 c:/altera/12.1sp1/nios2eds/bin/gnu/h-i686-mingw32/bin/../lib/gcc/nios2-elf/4.1.2/../../../../nios2-elf/lib\libstdc++.a(si_class_type_info.o)
 .bss           0x010231d0        0x0 c:/altera/12.1sp1/nios2eds/bin/gnu/h-i686-mingw32/bin/../lib/gcc/nios2-elf/4.1.2/../../../../nios2-elf/lib\libstdc++.a(tinfo.o)
 .bss           0x010231d0      0x800 c:/altera/12.1sp1/nios2eds/bin/gnu/h-i686-mingw32/bin/../lib/gcc/nios2-elf/4.1.2/../../../../nios2-elf/lib\libstdc++.a(eh_alloc.o)
 .bss           0x010239d0        0x0 c:/altera/12.1sp1/nios2eds/bin/gnu/h-i686-mingw32/bin/../lib/gcc/nios2-elf/4.1.2/../../../../nios2-elf/lib\libstdc++.a(new_op.o)
 .bss           0x010239d0        0x0 c:/altera/12.1sp1/nios2eds/bin/gnu/h-i686-mingw32/bin/../lib/gcc/nios2-elf/4.1.2/../../../../nios2-elf/lib\libstdc++.a(eh_exception.o)
 .bss           0x010239d0        0x0 c:/altera/12.1sp1/nios2eds/bin/gnu/h-i686-mingw32/bin/../lib/gcc/nios2-elf/4.1.2/../../../../nios2-elf/lib\libstdc++.a(eh_call.o)
 .bss           0x010239d0        0x0 c:/altera/12.1sp1/nios2eds/bin/gnu/h-i686-mingw32/bin/../lib/gcc/nios2-elf/4.1.2/../../../../nios2-elf/lib\libstdc++.a(new_handler.o)
 .bss           0x010239d0        0x0 c:/altera/12.1sp1/nios2eds/bin/gnu/h-i686-mingw32/bin/../lib/gcc/nios2-elf/4.1.2/../../../../nios2-elf/lib\libstdc++.a(eh_globals.o)
 .bss           0x010239d0        0x0 c:/altera/12.1sp1/nios2eds/bin/gnu/h-i686-mingw32/bin/../lib/gcc/nios2-elf/4.1.2/../../../../nios2-elf/lib\libstdc++.a(eh_unex_handler.o)
 .bss           0x010239d0        0x0 c:/altera/12.1sp1/nios2eds/bin/gnu/h-i686-mingw32/bin/../lib/gcc/nios2-elf/4.1.2\libgcc.a(unwind-sjlj.o)
 .bss           0x010239d0        0x0 c:/altera/12.1sp1/nios2eds/bin/gnu/h-i686-mingw32/bin/../lib/gcc/nios2-elf/4.1.2/../../../../nios2-elf/lib\libc.a(lib_a-abort.o)
 .bss           0x010239d0        0x0 c:/altera/12.1sp1/nios2eds/bin/gnu/h-i686-mingw32/bin/../lib/gcc/nios2-elf/4.1.2/../../../../nios2-elf/lib\libc.a(lib_a-malloc.o)
 .bss           0x010239d0       0x28 c:/altera/12.1sp1/nios2eds/bin/gnu/h-i686-mingw32/bin/../lib/gcc/nios2-elf/4.1.2/../../../../nios2-elf/lib\libc.a(lib_a-mallocr.o)
                0x010239d0                __malloc_current_mallinfo
 .bss           0x010239f8        0x0 c:/altera/12.1sp1/nios2eds/bin/gnu/h-i686-mingw32/bin/../lib/gcc/nios2-elf/4.1.2/../../../../nios2-elf/lib\libc.a(lib_a-memset.o)
 .bss           0x010239f8        0x0 c:/altera/12.1sp1/nios2eds/bin/gnu/h-i686-mingw32/bin/../lib/gcc/nios2-elf/4.1.2/../../../../nios2-elf/lib\libc.a(lib_a-printf.o)
 .bss           0x010239f8        0x0 c:/altera/12.1sp1/nios2eds/bin/gnu/h-i686-mingw32/bin/../lib/gcc/nios2-elf/4.1.2/../../../../nios2-elf/lib\libc.a(lib_a-puts.o)
 .bss           0x010239f8        0x0 c:/altera/12.1sp1/nios2eds/bin/gnu/h-i686-mingw32/bin/../lib/gcc/nios2-elf/4.1.2/../../../../nios2-elf/lib\libc.a(lib_a-sbrkr.o)
 .bss           0x010239f8        0x0 c:/altera/12.1sp1/nios2eds/bin/gnu/h-i686-mingw32/bin/../lib/gcc/nios2-elf/4.1.2/../../../../nios2-elf/lib\libc.a(lib_a-signal.o)
 .bss           0x010239f8        0x0 c:/altera/12.1sp1/nios2eds/bin/gnu/h-i686-mingw32/bin/../lib/gcc/nios2-elf/4.1.2/../../../../nios2-elf/lib\libc.a(lib_a-signalr.o)