Flow report for de0_nano_system
Thu Mar 27 20:48:39 2014
Quartus II 64-Bit Version 12.1 Build 243 01/31/2013 Service Pack 1.33 SJ Full Version


---------------------
; Table of Contents ;
---------------------
  1. Legal Notice
  2. Flow Summary
  3. Flow Settings
  4. Flow Non-Default Global Settings
  5. Flow Elapsed Time
  6. Flow OS Summary
  7. Flow Log



----------------
; Legal Notice ;
----------------
Copyright (C) 1991-2012 Altera Corporation
Your use of Altera Corporation's design tools, logic functions 
and other software and tools, and its AMPP partner logic 
functions, and any output files from any of the foregoing 
(including device programming or simulation files), and any 
associated documentation or information are expressly subject 
to the terms and conditions of the Altera Program License 
Subscription Agreement, Altera MegaCore Function License 
Agreement, or other applicable license agreement, including, 
without limitation, that your use is for the sole purpose of 
programming logic devices manufactured by Altera and sold by 
Altera or its authorized distributors.  Please refer to the 
applicable agreement for further details.



+----------------------------------------------------------------------------------------+
; Flow Summary                                                                           ;
+------------------------------------+---------------------------------------------------+
; Flow Status                        ; Successful - Thu Mar 27 20:48:34 2014             ;
; Quartus II 64-Bit Version          ; 12.1 Build 243 01/31/2013 SP 1.33 SJ Full Version ;
; Revision Name                      ; de0_nano_system                                   ;
; Top-level Entity Name              ; de0_nano_system                                   ;
; Family                             ; Cyclone IV E                                      ;
; Device                             ; EP4CE22F17C6                                      ;
; Timing Models                      ; Final                                             ;
; Total logic elements               ; 3,671 / 22,320 ( 16 % )                           ;
;     Total combinational functions  ; 3,251 / 22,320 ( 15 % )                           ;
;     Dedicated logic registers      ; 2,110 / 22,320 ( 9 % )                            ;
; Total registers                    ; 2179                                              ;
; Total pins                         ; 132 / 154 ( 86 % )                                ;
; Total virtual pins                 ; 0                                                 ;
; Total memory bits                  ; 154,624 / 608,256 ( 25 % )                        ;
; Embedded Multiplier 9-bit elements ; 0 / 132 ( 0 % )                                   ;
; Total PLLs                         ; 1 / 4 ( 25 % )                                    ;
+------------------------------------+---------------------------------------------------+


+-----------------------------------------+
; Flow Settings                           ;
+-------------------+---------------------+
; Option            ; Setting             ;
+-------------------+---------------------+
; Start date & time ; 03/27/2014 20:47:42 ;
; Main task         ; Compilation         ;
; Revision Name     ; de0_nano_system     ;
+-------------------+---------------------+


+---------------------------------------------------------------------------------------------------------------------------------------------------------------+
; Flow Non-Default Global Settings                                                                                                                              ;
+-------------------------------------+----------------------------------------------------------+---------------+---------------------------------+------------+
; Assignment Name                     ; Value                                                    ; Default Value ; Entity Name                     ; Section Id ;
+-------------------------------------+----------------------------------------------------------+---------------+---------------------------------+------------+
; COMPILER_SIGNATURE_ID               ; 116530612622.139597486203692                             ; --            ; --                              ; --         ;
; IP_TOOL_ENV                         ; qsys                                                     ; --            ; altera_avalon_sc_fifo           ; --         ;
; IP_TOOL_ENV                         ; qsys                                                     ; --            ; altera_merlin_burst_adapter     ; --         ;
; IP_TOOL_ENV                         ; qsys                                                     ; --            ; altera_merlin_master_agent      ; --         ;
; IP_TOOL_ENV                         ; qsys                                                     ; --            ; altera_merlin_master_translator ; --         ;
; IP_TOOL_ENV                         ; qsys                                                     ; --            ; altera_merlin_slave_agent       ; --         ;
; IP_TOOL_ENV                         ; qsys                                                     ; --            ; altera_merlin_slave_translator  ; --         ;
; IP_TOOL_ENV                         ; qsys                                                     ; --            ; altera_merlin_width_adapter     ; --         ;
; IP_TOOL_ENV                         ; qsys                                                     ; --            ; altera_reset_controller         ; --         ;
; IP_TOOL_ENV                         ; qsys                                                     ; --            ; system                          ; --         ;
; IP_TOOL_ENV                         ; qsys                                                     ; --            ; system_addr_router              ; --         ;
; IP_TOOL_ENV                         ; qsys                                                     ; --            ; system_addr_router_001          ; --         ;
; IP_TOOL_ENV                         ; qsys                                                     ; --            ; system_cmd_xbar_demux           ; --         ;
; IP_TOOL_ENV                         ; qsys                                                     ; --            ; system_cmd_xbar_demux_001       ; --         ;
; IP_TOOL_ENV                         ; qsys                                                     ; --            ; system_cmd_xbar_mux             ; --         ;
; IP_TOOL_ENV                         ; qsys                                                     ; --            ; system_cpu                      ; --         ;
; IP_TOOL_ENV                         ; qsys                                                     ; --            ; system_epcs_flash_controller_0  ; --         ;
; IP_TOOL_ENV                         ; qsys                                                     ; --            ; system_id_router                ; --         ;
; IP_TOOL_ENV                         ; qsys                                                     ; --            ; system_id_router_001            ; --         ;
; IP_TOOL_ENV                         ; qsys                                                     ; --            ; system_id_router_004            ; --         ;
; IP_TOOL_ENV                         ; qsys                                                     ; --            ; system_irq_mapper               ; --         ;
; IP_TOOL_ENV                         ; qsys                                                     ; --            ; system_jtag_uart_0              ; --         ;
; IP_TOOL_ENV                         ; qsys                                                     ; --            ; system_onchip_memory2_0         ; --         ;
; IP_TOOL_ENV                         ; qsys                                                     ; --            ; system_pio_ir_emitter           ; --         ;
; IP_TOOL_ENV                         ; qsys                                                     ; --            ; system_pio_key_left             ; --         ;
; IP_TOOL_ENV                         ; qsys                                                     ; --            ; system_pio_led                  ; --         ;
; IP_TOOL_ENV                         ; qsys                                                     ; --            ; system_pio_sw                   ; --         ;
; IP_TOOL_ENV                         ; qsys                                                     ; --            ; system_rsp_xbar_demux           ; --         ;
; IP_TOOL_ENV                         ; qsys                                                     ; --            ; system_rsp_xbar_demux_004       ; --         ;
; IP_TOOL_ENV                         ; qsys                                                     ; --            ; system_rsp_xbar_mux             ; --         ;
; IP_TOOL_ENV                         ; qsys                                                     ; --            ; system_rsp_xbar_mux_001         ; --         ;
; IP_TOOL_ENV                         ; qsys                                                     ; --            ; system_sdram                    ; --         ;
; IP_TOOL_ENV                         ; qsys                                                     ; --            ; system_sys_clk_timer            ; --         ;
; IP_TOOL_ENV                         ; qsys                                                     ; --            ; system_sysid                    ; --         ;
; IP_TOOL_NAME                        ; ALTPLL                                                   ; --            ; --                              ; --         ;
; IP_TOOL_NAME                        ; altera_avalon_sc_fifo                                    ; --            ; altera_avalon_sc_fifo           ; --         ;
; IP_TOOL_NAME                        ; altera_merlin_burst_adapter                              ; --            ; altera_merlin_burst_adapter     ; --         ;
; IP_TOOL_NAME                        ; altera_merlin_master_agent                               ; --            ; altera_merlin_master_agent      ; --         ;
; IP_TOOL_NAME                        ; altera_merlin_master_translator                          ; --            ; altera_merlin_master_translator ; --         ;
; IP_TOOL_NAME                        ; altera_merlin_slave_agent                                ; --            ; altera_merlin_slave_agent       ; --         ;
; IP_TOOL_NAME                        ; altera_merlin_slave_translator                           ; --            ; altera_merlin_slave_translator  ; --         ;
; IP_TOOL_NAME                        ; altera_merlin_width_adapter                              ; --            ; altera_merlin_width_adapter     ; --         ;
; IP_TOOL_NAME                        ; altera_reset_controller                                  ; --            ; altera_reset_controller         ; --         ;
; IP_TOOL_NAME                        ; qsys                                                     ; --            ; system                          ; --         ;
; IP_TOOL_NAME                        ; altera_merlin_router                                     ; --            ; system_addr_router              ; --         ;
; IP_TOOL_NAME                        ; altera_merlin_router                                     ; --            ; system_addr_router_001          ; --         ;
; IP_TOOL_NAME                        ; altera_merlin_demultiplexer                              ; --            ; system_cmd_xbar_demux           ; --         ;
; IP_TOOL_NAME                        ; altera_merlin_demultiplexer                              ; --            ; system_cmd_xbar_demux_001       ; --         ;
; IP_TOOL_NAME                        ; altera_merlin_multiplexer                                ; --            ; system_cmd_xbar_mux             ; --         ;
; IP_TOOL_NAME                        ; altera_nios2_qsys                                        ; --            ; system_cpu                      ; --         ;
; IP_TOOL_NAME                        ; altera_avalon_epcs_flash_controller                      ; --            ; system_epcs_flash_controller_0  ; --         ;
; IP_TOOL_NAME                        ; altera_merlin_router                                     ; --            ; system_id_router                ; --         ;
; IP_TOOL_NAME                        ; altera_merlin_router                                     ; --            ; system_id_router_001            ; --         ;
; IP_TOOL_NAME                        ; altera_merlin_router                                     ; --            ; system_id_router_004            ; --         ;
; IP_TOOL_NAME                        ; altera_irq_mapper                                        ; --            ; system_irq_mapper               ; --         ;
; IP_TOOL_NAME                        ; altera_avalon_jtag_uart                                  ; --            ; system_jtag_uart_0              ; --         ;
; IP_TOOL_NAME                        ; altera_avalon_onchip_memory2                             ; --            ; system_onchip_memory2_0         ; --         ;
; IP_TOOL_NAME                        ; altera_avalon_pio                                        ; --            ; system_pio_ir_emitter           ; --         ;
; IP_TOOL_NAME                        ; altera_avalon_pio                                        ; --            ; system_pio_key_left             ; --         ;
; IP_TOOL_NAME                        ; altera_avalon_pio                                        ; --            ; system_pio_led                  ; --         ;
; IP_TOOL_NAME                        ; altera_avalon_pio                                        ; --            ; system_pio_sw                   ; --         ;
; IP_TOOL_NAME                        ; altera_merlin_demultiplexer                              ; --            ; system_rsp_xbar_demux           ; --         ;
; IP_TOOL_NAME                        ; altera_merlin_demultiplexer                              ; --            ; system_rsp_xbar_demux_004       ; --         ;
; IP_TOOL_NAME                        ; altera_merlin_multiplexer                                ; --            ; system_rsp_xbar_mux             ; --         ;
; IP_TOOL_NAME                        ; altera_merlin_multiplexer                                ; --            ; system_rsp_xbar_mux_001         ; --         ;
; IP_TOOL_NAME                        ; altera_avalon_new_sdram_controller                       ; --            ; system_sdram                    ; --         ;
; IP_TOOL_NAME                        ; altera_avalon_timer                                      ; --            ; system_sys_clk_timer            ; --         ;
; IP_TOOL_NAME                        ; altera_avalon_sysid_qsys                                 ; --            ; system_sysid                    ; --         ;
; IP_TOOL_VERSION                     ; 12.1                                                     ; --            ; --                              ; --         ;
; IP_TOOL_VERSION                     ; 12.1                                                     ; --            ; altera_avalon_sc_fifo           ; --         ;
; IP_TOOL_VERSION                     ; 12.1                                                     ; --            ; altera_merlin_burst_adapter     ; --         ;
; IP_TOOL_VERSION                     ; 12.1                                                     ; --            ; altera_merlin_master_agent      ; --         ;
; IP_TOOL_VERSION                     ; 12.1                                                     ; --            ; altera_merlin_master_translator ; --         ;
; IP_TOOL_VERSION                     ; 12.1                                                     ; --            ; altera_merlin_slave_agent       ; --         ;
; IP_TOOL_VERSION                     ; 12.1                                                     ; --            ; altera_merlin_slave_translator  ; --         ;
; IP_TOOL_VERSION                     ; 12.1                                                     ; --            ; altera_merlin_width_adapter     ; --         ;
; IP_TOOL_VERSION                     ; 12.1                                                     ; --            ; altera_reset_controller         ; --         ;
; IP_TOOL_VERSION                     ; 12.1sp1                                                  ; --            ; system                          ; --         ;
; IP_TOOL_VERSION                     ; 12.1                                                     ; --            ; system_addr_router              ; --         ;
; IP_TOOL_VERSION                     ; 12.1                                                     ; --            ; system_addr_router_001          ; --         ;
; IP_TOOL_VERSION                     ; 12.1                                                     ; --            ; system_cmd_xbar_demux           ; --         ;
; IP_TOOL_VERSION                     ; 12.1                                                     ; --            ; system_cmd_xbar_demux_001       ; --         ;
; IP_TOOL_VERSION                     ; 12.1                                                     ; --            ; system_cmd_xbar_mux             ; --         ;
; IP_TOOL_VERSION                     ; 12.1                                                     ; --            ; system_cpu                      ; --         ;
; IP_TOOL_VERSION                     ; 12.1                                                     ; --            ; system_epcs_flash_controller_0  ; --         ;
; IP_TOOL_VERSION                     ; 12.1                                                     ; --            ; system_id_router                ; --         ;
; IP_TOOL_VERSION                     ; 12.1                                                     ; --            ; system_id_router_001            ; --         ;
; IP_TOOL_VERSION                     ; 12.1                                                     ; --            ; system_id_router_004            ; --         ;
; IP_TOOL_VERSION                     ; 12.1                                                     ; --            ; system_irq_mapper               ; --         ;
; IP_TOOL_VERSION                     ; 12.1                                                     ; --            ; system_jtag_uart_0              ; --         ;
; IP_TOOL_VERSION                     ; 12.1                                                     ; --            ; system_onchip_memory2_0         ; --         ;
; IP_TOOL_VERSION                     ; 12.1                                                     ; --            ; system_pio_ir_emitter           ; --         ;
; IP_TOOL_VERSION                     ; 12.1                                                     ; --            ; system_pio_key_left             ; --         ;
; IP_TOOL_VERSION                     ; 12.1                                                     ; --            ; system_pio_led                  ; --         ;
; IP_TOOL_VERSION                     ; 12.1                                                     ; --            ; system_pio_sw                   ; --         ;
; IP_TOOL_VERSION                     ; 12.1                                                     ; --            ; system_rsp_xbar_demux           ; --         ;
; IP_TOOL_VERSION                     ; 12.1                                                     ; --            ; system_rsp_xbar_demux_004       ; --         ;
; IP_TOOL_VERSION                     ; 12.1                                                     ; --            ; system_rsp_xbar_mux             ; --         ;
; IP_TOOL_VERSION                     ; 12.1                                                     ; --            ; system_rsp_xbar_mux_001         ; --         ;
; IP_TOOL_VERSION                     ; 12.1                                                     ; --            ; system_sdram                    ; --         ;
; IP_TOOL_VERSION                     ; 12.1                                                     ; --            ; system_sys_clk_timer            ; --         ;
; IP_TOOL_VERSION                     ; 12.1                                                     ; --            ; system_sysid                    ; --         ;
; MAX_CORE_JUNCTION_TEMP              ; 85                                                       ; --            ; --                              ; --         ;
; MIN_CORE_JUNCTION_TEMP              ; 0                                                        ; --            ; --                              ; --         ;
; MISC_FILE                           ; system/synthesis/../../system.cmp                        ; --            ; --                              ; --         ;
; MISC_FILE                           ; system/synthesis/../../system.qsys                       ; --            ; --                              ; --         ;
; MISC_FILE                           ; pll_sys.cmp                                              ; --            ; --                              ; --         ;
; MISC_FILE                           ; pll_sys.ppf                                              ; --            ; --                              ; --         ;
; OUTPUT_IO_TIMING_FAR_END_VMEAS      ; Half Signal Swing                                        ; --            ; --                              ; --         ;
; OUTPUT_IO_TIMING_FAR_END_VMEAS      ; Half Signal Swing                                        ; --            ; --                              ; --         ;
; OUTPUT_IO_TIMING_NEAR_END_VMEAS     ; Half Vccio                                               ; --            ; --                              ; --         ;
; OUTPUT_IO_TIMING_NEAR_END_VMEAS     ; Half Vccio                                               ; --            ; --                              ; --         ;
; PARTITION_COLOR                     ; 16764057                                                 ; --            ; --                              ; Top        ;
; PARTITION_FITTER_PRESERVATION_LEVEL ; PLACEMENT_AND_ROUTING                                    ; --            ; --                              ; Top        ;
; PARTITION_NETLIST_TYPE              ; SOURCE                                                   ; --            ; --                              ; Top        ;
; POWER_BOARD_THERMAL_MODEL           ; None (CONSERVATIVE)                                      ; --            ; --                              ; --         ;
; POWER_PRESET_COOLING_SOLUTION       ; 23 MM HEAT SINK WITH 200 LFPM AIRFLOW                    ; --            ; --                              ; --         ;
; PROJECT_OUTPUT_DIRECTORY            ; output_files                                             ; --            ; --                              ; --         ;
; SLD_INFO                            ; QSYS_NAME system HAS_SOPCINFO 1 GENERATION_ID 1395959215 ; --            ; system                          ; --         ;
; SOPCINFO_FILE                       ; system/synthesis/../../system.sopcinfo                   ; --            ; --                              ; --         ;
; SYNTHESIS_ONLY_QIP                  ; On                                                       ; --            ; --                              ; --         ;
+-------------------------------------+----------------------------------------------------------+---------------+---------------------------------+------------+


+-------------------------------------------------------------------------------------------------------------------------------+
; Flow Elapsed Time                                                                                                             ;
+---------------------------+--------------+-------------------------+---------------------+------------------------------------+
; Module Name               ; Elapsed Time ; Average Processors Used ; Peak Virtual Memory ; Total CPU Time (on all processors) ;
+---------------------------+--------------+-------------------------+---------------------+------------------------------------+
; Analysis & Synthesis      ; 00:00:17     ; 1.0                     ; 612 MB              ; 00:00:17                           ;
; Fitter                    ; 00:00:28     ; 2.4                     ; 1028 MB             ; 00:00:35                           ;
; Assembler                 ; 00:00:03     ; 1.0                     ; 435 MB              ; 00:00:02                           ;
; TimeQuest Timing Analyzer ; 00:00:05     ; 1.0                     ; 558 MB              ; 00:00:05                           ;
; Total                     ; 00:00:53     ; --                      ; --                  ; 00:00:59                           ;
+---------------------------+--------------+-------------------------+---------------------+------------------------------------+


+----------------------------------------------------------------------------------------+
; Flow OS Summary                                                                        ;
+---------------------------+------------------+-----------+------------+----------------+
; Module Name               ; Machine Hostname ; OS Name   ; OS Version ; Processor type ;
+---------------------------+------------------+-----------+------------+----------------+
; Analysis & Synthesis      ; e3-11-10         ; Windows 7 ; 6.1        ; x86_64         ;
; Fitter                    ; e3-11-10         ; Windows 7 ; 6.1        ; x86_64         ;
; Assembler                 ; e3-11-10         ; Windows 7 ; 6.1        ; x86_64         ;
; TimeQuest Timing Analyzer ; e3-11-10         ; Windows 7 ; 6.1        ; x86_64         ;
+---------------------------+------------------+-----------+------------+----------------+


------------
; Flow Log ;
------------
quartus_map --read_settings_files=on --write_settings_files=off de0_nano_system -c de0_nano_system
quartus_fit --read_settings_files=off --write_settings_files=off de0_nano_system -c de0_nano_system
quartus_asm --read_settings_files=off --write_settings_files=off de0_nano_system -c de0_nano_system
quartus_sta de0_nano_system -c de0_nano_system



