Archive member included because of file (symbol)

c:/altera/12.1sp1/nios2eds/bin/gnu/h-i686-mingw32/bin/../lib/gcc/nios2-elf/4.1.2/../../../../nios2-elf/lib\libstdc++.a(class_type_info.o)
                              obj/default/MotorHandler.o (vtable for __cxxabiv1::__class_type_info)
c:/altera/12.1sp1/nios2eds/bin/gnu/h-i686-mingw32/bin/../lib/gcc/nios2-elf/4.1.2/../../../../nios2-elf/lib\libstdc++.a(eh_personality.o)
                              obj/default/main.o (__gxx_personality_sj0)
c:/altera/12.1sp1/nios2eds/bin/gnu/h-i686-mingw32/bin/../lib/gcc/nios2-elf/4.1.2/../../../../nios2-elf/lib\libstdc++.a(eh_terminate.o)
                              c:/altera/12.1sp1/nios2eds/bin/gnu/h-i686-mingw32/bin/../lib/gcc/nios2-elf/4.1.2/../../../../nios2-elf/lib\libstdc++.a(eh_personality.o) (__cxxabiv1::__terminate(void (*)()))
c:/altera/12.1sp1/nios2eds/bin/gnu/h-i686-mingw32/bin/../lib/gcc/nios2-elf/4.1.2/../../../../nios2-elf/lib\libstdc++.a(eh_term_handler.o)
                              c:/altera/12.1sp1/nios2eds/bin/gnu/h-i686-mingw32/bin/../lib/gcc/nios2-elf/4.1.2/../../../../nios2-elf/lib\libstdc++.a(eh_terminate.o) (__cxxabiv1::__terminate_handler)
c:/altera/12.1sp1/nios2eds/bin/gnu/h-i686-mingw32/bin/../lib/gcc/nios2-elf/4.1.2/../../../../nios2-elf/lib\libstdc++.a(eh_catch.o)
                              c:/altera/12.1sp1/nios2eds/bin/gnu/h-i686-mingw32/bin/../lib/gcc/nios2-elf/4.1.2/../../../../nios2-elf/lib\libstdc++.a(eh_personality.o) (__cxa_end_catch)
c:/altera/12.1sp1/nios2eds/bin/gnu/h-i686-mingw32/bin/../lib/gcc/nios2-elf/4.1.2/../../../../nios2-elf/lib\libstdc++.a(del_op.o)
                              obj/default/MotorHandler.o (operator delete(void*))
c:/altera/12.1sp1/nios2eds/bin/gnu/h-i686-mingw32/bin/../lib/gcc/nios2-elf/4.1.2/../../../../nios2-elf/lib\libstdc++.a(eh_throw.o)
                              c:/altera/12.1sp1/nios2eds/bin/gnu/h-i686-mingw32/bin/../lib/gcc/nios2-elf/4.1.2/../../../../nios2-elf/lib\libstdc++.a(eh_personality.o) (__cxa_rethrow)
c:/altera/12.1sp1/nios2eds/bin/gnu/h-i686-mingw32/bin/../lib/gcc/nios2-elf/4.1.2/../../../../nios2-elf/lib\libstdc++.a(si_class_type_info.o)
                              c:/altera/12.1sp1/nios2eds/bin/gnu/h-i686-mingw32/bin/../lib/gcc/nios2-elf/4.1.2/../../../../nios2-elf/lib\libstdc++.a(class_type_info.o) (vtable for __cxxabiv1::__si_class_type_info)
c:/altera/12.1sp1/nios2eds/bin/gnu/h-i686-mingw32/bin/../lib/gcc/nios2-elf/4.1.2/../../../../nios2-elf/lib\libstdc++.a(tinfo.o)
                              c:/altera/12.1sp1/nios2eds/bin/gnu/h-i686-mingw32/bin/../lib/gcc/nios2-elf/4.1.2/../../../../nios2-elf/lib\libstdc++.a(class_type_info.o) (std::type_info::__is_pointer_p() const)
c:/altera/12.1sp1/nios2eds/bin/gnu/h-i686-mingw32/bin/../lib/gcc/nios2-elf/4.1.2/../../../../nios2-elf/lib\libstdc++.a(eh_alloc.o)
                              c:/altera/12.1sp1/nios2eds/bin/gnu/h-i686-mingw32/bin/../lib/gcc/nios2-elf/4.1.2/../../../../nios2-elf/lib\libstdc++.a(eh_throw.o) (__cxa_free_exception)
c:/altera/12.1sp1/nios2eds/bin/gnu/h-i686-mingw32/bin/../lib/gcc/nios2-elf/4.1.2/../../../../nios2-elf/lib\libstdc++.a(new_op.o)
                              obj/default/main.o (operator new(unsigned long))
c:/altera/12.1sp1/nios2eds/bin/gnu/h-i686-mingw32/bin/../lib/gcc/nios2-elf/4.1.2/../../../../nios2-elf/lib\libstdc++.a(eh_exception.o)
                              c:/altera/12.1sp1/nios2eds/bin/gnu/h-i686-mingw32/bin/../lib/gcc/nios2-elf/4.1.2/../../../../nios2-elf/lib\libstdc++.a(eh_personality.o) (vtable for std::bad_exception)
c:/altera/12.1sp1/nios2eds/bin/gnu/h-i686-mingw32/bin/../lib/gcc/nios2-elf/4.1.2/../../../../nios2-elf/lib\libstdc++.a(eh_call.o)
                              c:/altera/12.1sp1/nios2eds/bin/gnu/h-i686-mingw32/bin/../lib/gcc/nios2-elf/4.1.2/../../../../nios2-elf/lib\libstdc++.a(eh_personality.o) (__cxa_call_terminate)
c:/altera/12.1sp1/nios2eds/bin/gnu/h-i686-mingw32/bin/../lib/gcc/nios2-elf/4.1.2/../../../../nios2-elf/lib\libstdc++.a(new_handler.o)
                              c:/altera/12.1sp1/nios2eds/bin/gnu/h-i686-mingw32/bin/../lib/gcc/nios2-elf/4.1.2/../../../../nios2-elf/lib\libstdc++.a(new_op.o) (__new_handler)
c:/altera/12.1sp1/nios2eds/bin/gnu/h-i686-mingw32/bin/../lib/gcc/nios2-elf/4.1.2/../../../../nios2-elf/lib\libstdc++.a(eh_globals.o)
                              c:/altera/12.1sp1/nios2eds/bin/gnu/h-i686-mingw32/bin/../lib/gcc/nios2-elf/4.1.2/../../../../nios2-elf/lib\libstdc++.a(eh_personality.o) (__cxa_get_globals_fast)
c:/altera/12.1sp1/nios2eds/bin/gnu/h-i686-mingw32/bin/../lib/gcc/nios2-elf/4.1.2/../../../../nios2-elf/lib\libstdc++.a(eh_unex_handler.o)
                              c:/altera/12.1sp1/nios2eds/bin/gnu/h-i686-mingw32/bin/../lib/gcc/nios2-elf/4.1.2/../../../../nios2-elf/lib\libstdc++.a(eh_terminate.o) (__cxxabiv1::__unexpected_handler)
c:/altera/12.1sp1/nios2eds/bin/gnu/h-i686-mingw32/bin/../lib/gcc/nios2-elf/4.1.2\libgcc.a(unwind-sjlj.o)
[...]
Memory Configuration

Name             Origin             Length             Attributes
reset            0x01000000         0x00000020
sdram            0x01000020         0x00ffffe0
*default*        0x00000000         0xffffffff

Linker script and memory map

LOAD ../MCTest_bsp//obj/HAL/src/crt0.o
LOAD obj/default/MotorHandler.o
LOAD obj/default/main.o
LOAD c:/altera/12.1sp1/nios2eds/bin/gnu/h-i686-mingw32/bin/../lib/gcc/nios2-elf/4.1.2/../../../../nios2-elf/lib\libstdc++.a
LOAD c:/altera/12.1sp1/nios2eds/bin/gnu/h-i686-mingw32/bin/../lib/gcc/nios2-elf/4.1.2/../../../../nios2-elf/lib\libm.a
LOAD c:/altera/12.1sp1/nios2eds/bin/gnu/h-i686-mingw32/bin/../lib/gcc/nios2-elf/4.1.2\libgcc.a
START GROUP
LOAD c:/altera/12.1sp1/nios2eds/bin/gnu/h-i686-mingw32/bin/../lib/gcc/nios2-elf/4.1.2/../../../../nios2-elf/lib\libc.a
LOAD c:/altera/12.1sp1/nios2eds/bin/gnu/h-i686-mingw32/bin/../lib/gcc/nios2-elf/4.1.2\libgcc.a
LOAD ../MCTest_bsp/\libucosii_bsp.a
END GROUP
LOAD c:/altera/12.1sp1/nios2eds/bin/gnu/h-i686-mingw32/bin/../lib/gcc/nios2-elf/4.1.2\libgcc.a
                0x01000000                __alt_mem_sdram = 0x1000000

.entry          0x01000000       0x20
 *(.entry)
 .entry         0x01000000       0x20 ../MCTest_bsp//obj/HAL/src/crt0.o
                0x01000000                __reset

.exceptions     0x01000020      0x1a0
                0x01000020                PROVIDE (__ram_exceptions_start, ABSOLUTE (.))
                0x01000020                . = ALIGN (0x20)
 *(.irq)
 *(.exceptions.entry.label)
 .exceptions.entry.label
                0x01000020        0x0 ../MCTest_bsp/\libucosii_bsp.a(alt_irq_entry.o)
                0x01000020                alt_irq_entry
 .exceptions.entry.label
                0x01000020        0x0 ../MCTest_bsp/\libucosii_bsp.a(alt_exception_entry.o)
                0x01000020                alt_exception
 *(.exceptions.entry.user)
 *(.exceptions.entry)
 .exceptions.entry
                0x01000020       0x54 ../MCTest_bsp/\libucosii_bsp.a(alt_exception_entry.o)
 *(.exceptions.irqtest.user)
 *(.exceptions.irqtest)
 .exceptions.irqtest
                0x01000074       0x10 ../MCTest_bsp/\libucosii_bsp.a(alt_irq_entry.o)
 *(.exceptions.irqhandler.user)
 *(.exceptions.irqhandler)
 .exceptions.irqhandler
                0x01000084        0x4 ../MCTest_bsp/\libucosii_bsp.a(alt_irq_entry.o)
 *(.exceptions.irqreturn.user)
 *(.exceptions.irqreturn)
 .exceptions.irqreturn
                0x01000088        0x4 ../MCTest_bsp/\libucosii_bsp.a(alt_irq_entry.o)
 *(.exceptions.notirq.label)
 .exceptions.notirq.label
                0x0100008c        0x0 ../MCTest_bsp/\libucosii_bsp.a(alt_irq_entry.o)
 *(.exceptions.notirq.user)
 *(.exceptions.notirq)
 .exceptions.notirq
                0x0100008c        0x8 ../MCTest_bsp/\libucosii_bsp.a(alt_exception_entry.o)
 *(.exceptions.soft.user)
 *(.exceptions.soft)
 *(.exceptions.unknown.user)
 *(.exceptions.unknown)
 .exceptions.unknown
                0x01000094        0x4 ../MCTest_bsp/\libucosii_bsp.a(alt_exception_entry.o)
 *(.exceptions.exit.label)
 .exceptions.exit.label
                0x01000098        0x0 ../MCTest_bsp/\libucosii_bsp.a(alt_irq_entry.o)
 .exceptions.exit.label
                0x01000098        0x0 ../MCTest_bsp/\libucosii_bsp.a(alt_exception_entry.o)
 *(.exceptions.exit.user)
 *(.exceptions.exit)
 .exceptions.exit
                0x01000098       0x54 ../MCTest_bsp/\libucosii_bsp.a(alt_exception_entry.o)
 *(.exceptions)
 .exceptions    0x010000ec       0xd4 ../MCTest_bsp/\libucosii_bsp.a(alt_irq_handler.o)
                0x010000ec                alt_irq_handler
                0x010001c0                PROVIDE (__ram_exceptions_end, ABSOLUTE (.))
                0x01000020                PROVIDE (__flash_exceptions_start, LOADADDR (.exceptions))

.text           0x010001c0    0x18a14
                0x010001c0                PROVIDE (stext, ABSOLUTE (.))
 *(.interp)
 *(.hash)
 *(.dynsym)
 *(.dynstr)
 *(.gnu.version)
 *(.gnu.version_d)
 *(.gnu.version_r)
 *(.rel.init)
 *(.rela.init)
 *(.rel.text .rel.text.* .rel.gnu.linkonce.t.*)
 *(.rela.text .rela.text.* .rela.gnu.linkonce.t.*)
 *(.rel.fini)
 *(.rela.fini)
 *(.rel.rodata .rel.rodata.* .rel.gnu.linkonce.r.*)
 *(.rela.rodata .rela.rodata.* .rela.gnu.linkonce.r.*)
 *(.rel.data .rel.data.* .rel.gnu.linkonce.d.*)
 *(.rela.data .rela.data.* .rela.gnu.linkonce.d.*)
 *(.rel.tdata .rel.tdata.* .rel.gnu.linkonce.td.*)
 *(.rela.tdata .rela.tdata.* .rela.gnu.linkonce.td.*)
 *(.rel.tbss .rel.tbss.* .rel.gnu.linkonce.tb.*)
 *(.rela.tbss .rela.tbss.* .rela.gnu.linkonce.tb.*)
 *(.rel.ctors)
 *(.rela.ctors)
 *(.rel.dtors)
 *(.rela.dtors)
 *(.rel.got)
 *(.rela.got)
 *(.rel.sdata .rel.sdata.* .rel.gnu.linkonce.s.*)
 *(.rela.sdata .rela.sdata.* .rela.gnu.linkonce.s.*)
 *(.rel.sbss .rel.sbss.* .rel.gnu.linkonce.sb.*)
 *(.rela.sbss .rela.sbss.* .rela.gnu.linkonce.sb.*)
 *(.rel.sdata2 .rel.sdata2.* .rel.gnu.linkonce.s2.*)
 *(.rela.sdata2 .rela.sdata2.* .rela.gnu.linkonce.s2.*)
 *(.rel.sbss2 .rel.sbss2.* .rel.gnu.linkonce.sb2.*)
 *(.rela.sbss2 .rela.sbss2.* .rela.gnu.linkonce.sb2.*)
 *(.rel.bss .rel.bss.* .rel.gnu.linkonce.b.*)
 *(.rela.bss .rela.bss.* .rela.gnu.linkonce.b.*)
 *(.rel.plt)
 *(.rela.plt)
 *(.rel.dyn)
 *(.init)
 *(.plt)
 *(.text .stub .text.* .gnu.linkonce.t.*)
 .text          0x010001c0       0x4c ../MCTest_bsp//obj/HAL/src/crt0.o
                0x010001c0                _start
 .text          0x0100020c      0x3cc obj/default/MotorHandler.o
                0x0100020c                MotorHandler::MotorHandler()
                0x0100023c                MotorHandler::MotorHandler()
                0x0100026c                MotorHandler::sendByteMC(char)
                0x010002a0                MotorHandler::mc_stop()
                0x01000328                MotorHandler::mc_right()
                0x01000380                MotorHandler::mc_left()
                0x010003d8                MotorHandler::mc_backward()
                0x01000460                MotorHandler::mc_forward()
                0x010004e8                MotorHandler::~MotorHandler()
                0x01000538                MotorHandler::~MotorHandler()
                0x01000588                MotorHandler::~MotorHandler()
 .text          0x010005d8      0x4b4 obj/default/main.o
                0x01000734                wifi_write(char*, int)
                0x010007a4                queue_init()
                0x010007dc                main
                0x010008e8                wifi_wait()
                0x01000920                mc_task(void*)
                0x0100096c                wifi_read()
                0x010009d0                wifi_task(void*)
                0x01000a20                ir_task(void*)
 .text          0x01000a8c      0x1bc c:/altera/12.1sp1/nios2eds/bin/gnu/h-i686-mingw32/bin/../lib/gcc/nios2-elf/4.1.2/../../../../nios2-elf/lib\libstdc++.a(class_type_info.o)
                0x01000a8c                __cxxabiv1::__class_type_info::__do_upcast(__cxxabiv1::__class_type_info const*, void**) const
                0x01000af8                __cxxabiv1::__class_type_info::__do_find_public_src(long, void const*, __cxxabiv1::__class_type_info const*, void const*) const
                0x01000b18                __cxxabiv1::__class_type_info::~__class_type_info()
                0x01000b4c                __cxxabiv1::__class_type_info::~__class_type_info()
                0x01000b5c                __cxxabiv1::__class_type_info::~__class_type_info()
                0x01000b6c                __cxxabiv1::__class_type_info::__do_catch(std::type_info const*, void**, unsigned int) const
                0x01000bcc                __cxxabiv1::__class_type_info::__do_upcast(__cxxabiv1::__class_type_info const*, void const*, __cxxabiv1::__class_type_info::__upcast_result&) const
                0x01000bfc                __cxxabiv1::__class_type_info::__do_dyncast(long, __cxxabiv1::__class_type_info::__sub_kind, __cxxabiv1::__class_type_info const*, void const*, __cxxabiv1::__class_type_info const*, void const*, __cxxabiv1::__class_type_info::__dyncast_result&) const
 .text          0x01000c48      0xbec c:/altera/12.1sp1/nios2eds/bin/gnu/h-i686-mingw32/bin/../lib/gcc/nios2-elf/4.1.2/../../../../nios2-elf/lib\libstdc++.a(eh_personality.o)
                0x010011d4                __cxa_call_unexpected
                0x01001354                __gxx_personality_sj0
 .text          0x01001834      0x10c c:/altera/12.1sp1/nios2eds/bin/gnu/h-i686-mingw32/bin/../lib/gcc/nios2-elf/4.1.2/../../../../nios2-elf/lib\libstdc++.a(eh_terminate.o)
                0x01001834                std::set_terminate(void (*)())
                0x01001848                std::set_unexpected(void (*)())
                0x0100185c                __cxxabiv1::__terminate(void (*)())
                0x01001900                std::terminate()
                0x01001918                __cxxabiv1::__unexpected(void (*)())
                0x01001928                std::unexpected()
 .text          0x01001940        0x0 c:/altera/12.1sp1/nios2eds/bin/gnu/h-i686-mingw32/bin/../lib/gcc/nios2-elf/4.1.2/../../../../nios2-elf/lib\libstdc++.a(eh_term_handler.o)
 .text          0x01001940      0x1e4 c:/altera/12.1sp1/nios2eds/bin/gnu/h-i686-mingw32/bin/../lib/gcc/nios2-elf/4.1.2/../../../../nios2-elf/lib\libstdc++.a(eh_catch.o)
                0x01001940                __cxa_get_exception_ptr
                0x01001948                std::uncaught_exception()
                0x01001968                __cxa_end_catch
                0x01001a0c                __cxa_begin_catch
 .text          0x01001b24        0xc c:/altera/12.1sp1/nios2eds/bin/gnu/h-i686-mingw32/bin/../lib/gcc/nios2-elf/4.1.2/../../../../nios2-elf/lib\libstdc++.a(del_op.o)
                0x01001b24                operator delete(void*)
 .text          0x01001b30      0x148 c:/altera/12.1sp1/nios2eds/bin/gnu/h-i686-mingw32/bin/../lib/gcc/nios2-elf/4.1.2/../../../../nios2-elf/lib\libstdc++.a(eh_throw.o)
                0x01001b30                __cxa_rethrow
                0x01001ba4                __cxa_throw
 .text          0x01001c78      0x1c8 c:/altera/12.1sp1/nios2eds/bin/gnu/h-i686-mingw32/bin/../lib/gcc/nios2-elf/4.1.2/../../../../nios2-elf/lib\libstdc++.a(si_class_type_info.o)
                0x01001c78                __cxxabiv1::__si_class_type_info::__do_upcast(__cxxabiv1::__class_type_info const*, void const*, __cxxabiv1::__class_type_info::__upcast_result&) const
                0x01001cf0                __cxxabiv1::__si_class_type_info::~__si_class_type_info()
                0x01001d24                __cxxabiv1::__si_class_type_info::~__si_class_type_info()
                0x01001d34                __cxxabiv1::__si_class_type_info::~__si_class_type_info()
                0x01001d44                __cxxabiv1::__si_class_type_info::__do_find_public_src(long, void const*, __cxxabiv1::__class_type_info const*, void const*) const
                0x01001d78                __cxxabiv1::__si_class_type_info::__do_dyncast(long, __cxxabiv1::__class_type_info::__sub_kind, __cxxabiv1::__class_type_info const*, void const*, __cxxabiv1::__class_type_info const*, void const*, __cxxabiv1::__class_type_info::__dyncast_result&) const
 .text          0x01001e40       0x58 c:/altera/12.1sp1/nios2eds/bin/gnu/h-i686-mingw32/bin/../lib/gcc/nios2-elf/4.1.2/../../../../nios2-elf/lib\libstdc++.a(tinfo.o)
                0x01001e40                std::type_info::__is_pointer_p() const
                0x01001e48                std::type_info::__is_function_p() const
                0x01001e50                std::type_info::__do_catch(std::type_info const*, void**, unsigned int) const
                0x01001e60                std::type_info::__do_upcast(__cxxabiv1::__class_type_info const*, void**) const
                0x01001e68                std::type_info::~type_info()
                0x01001e78                std::type_info::~type_info()
                0x01001e88                std::type_info::~type_info()
 .text          0x01001e98      0x174 c:/altera/12.1sp1/nios2eds/bin/gnu/h-i686-mingw32/bin/../lib/gcc/nios2-elf/4.1.2/../../../../nios2-elf/lib\libstdc++.a(eh_alloc.o)
                0x01001e98                __cxa_free_exception
                0x01001ed8                __cxa_allocate_exception
 .text          0x0100200c      0x100 c:/altera/12.1sp1/nios2eds/bin/gnu/h-i686-mingw32/bin/../lib/gcc/nios2-elf/4.1.2/../../../../nios2-elf/lib\libstdc++.a(new_op.o)
                0x0100200c                operator new(unsigned long)
 .text          0x0100210c       0x94 c:/altera/12.1sp1/nios2eds/bin/gnu/h-i686-mingw32/bin/../lib/gcc/nios2-elf/4.1.2/../../../../nios2-elf/lib\libstdc++.a(eh_exception.o)
                0x0100210c                std::exception::what() const
                0x0100211c                std::exception::~exception()
                0x0100212c                std::exception::~exception()
                0x0100213c                std::exception::~exception()
                0x0100214c                std::bad_exception::~bad_exception()
                0x01002180                std::bad_exception::~bad_exception()
                0x01002190                std::bad_exception::~bad_exception()
 .text          0x010021a0       0x44 c:/altera/12.1sp1/nios2eds/bin/gnu/h-i686-mingw32/bin/../lib/gcc/nios2-elf/4.1.2/../../../../nios2-elf/lib\libstdc++.a(eh_call.o)
                0x010021a0                __cxa_call_terminate
 .text          0x010021e4       0x60 c:/altera/12.1sp1/nios2eds/bin/gnu/h-i686-mingw32/bin/../lib/gcc/nios2-elf/4.1.2/../../../../nios2-elf/lib\libstdc++.a(new_handler.o)
                0x010021e4                std::set_new_handler(void (*)())
                0x010021f0                std::bad_alloc::~bad_alloc()
                0x01002224                std::bad_alloc::~bad_alloc()
                0x01002234                std::bad_alloc::~bad_alloc()
 .text          0x01002244       0x10 c:/altera/12.1sp1/nios2eds/bin/gnu/h-i686-mingw32/bin/../lib/gcc/nios2-elf/4.1.2/../../../../nios2-elf/lib\libstdc++.a(eh_globals.o)
                0x01002244                __cxa_get_globals_fast
                0x0100224c                __cxa_get_globals
 .text          0x01002254        0x0 c:/altera/12.1sp1/nios2eds/bin/gnu/h-i686-mingw32/bin/../lib/gcc/nios2-elf/4.1.2/../../../../nios2-elf/lib\libstdc++.a(eh_unex_handler.o)
 .text          0x01002254      0x548 c:/altera/12.1sp1/nios2eds/bin/gnu/h-i686-mingw32/bin/../lib/gcc/nios2-elf/4.1.2\libgcc.a(unwind-sjlj.o)
                0x01002254                _Unwind_SjLj_Register
                0x01002264                _Unwind_SjLj_Unregister
                0x01002270                _Unwind_GetGR
                0x01002288                _Unwind_GetCFA
                0x0100229c                _Unwind_SetGR
                0x010022b4                _Unwind_GetIP
                0x010022c4                _Unwind_GetIPInfo
                0x010022d8                _Unwind_SetIP
                0x010022e8                _Unwind_GetLanguageSpecificData
                0x010022f4                _Unwind_GetRegionStart
                0x010022fc                _Unwind_FindEnclosingFunction
                0x01002304                _Unwind_GetDataRelBase
                0x0100230c                _Unwind_GetTextRelBase
                0x01002414                _Unwind_DeleteException
                0x01002520                _Unwind_SjLj_Resume
                0x0100257c                _Unwind_SjLj_RaiseException
                0x01002674                _Unwind_SjLj_ForcedUnwind
                0x010026c4                _Unwind_Backtrace
                0x01002744                _Unwind_SjLj_Resume_or_Rethrow
 .text          0x0100279c       0x18 c:/altera/12.1sp1/nios2eds/bin/gnu/h-i686-mingw32/bin/../lib/gcc/nios2-elf/4.1.2/../../../../nios2-elf/lib\libc.a(lib_a-abort.o)
                0x0100279c                abort
 .text          0x010027b4       0x28 c:/altera/12.1sp1/nios2eds/bin/gnu/h-i686-mingw32/bin/../lib/gcc/nios2-elf/4.1.2/../../../../nios2-elf/lib\libc.a(lib_a-malloc.o)
                0x010027b4                free
                0x010027c8                malloc
 .text          0x010027dc      0x740 c:/altera/12.1sp1/nios2eds/bin/gnu/h-i686-mingw32/bin/../lib/gcc/nios2-elf/4.1.2/../../../../nios2-elf/lib\libc.a(lib_a-mallocr.o)
                0x010027dc                _malloc_r
 .text          0x01002f1c       0x98 c:/altera/12.1sp1/nios2eds/bin/gnu/h-i686-mingw32/bin/../lib/gcc/nios2-elf/4.1.2/../../../../nios2-elf/lib\libc.a(lib_a-memset.o)
                0x01002f1c                memset
 .text          0x01002fb4       0x78 c:/altera/12.1sp1/nios2eds/bin/gnu/h-i686-mingw32/bin/../lib/gcc/nios2-elf/4.1.2/../../../../nios2-elf/lib\libc.a(lib_a-printf.o)
                0x01002fb4                printf
                0x01002ff8                _printf_r
 .text          0x0100302c       0xb4 c:/altera/12.1sp1/nios2eds/bin/gnu/h-i686-mingw32/bin/../lib/gcc/nios2-elf/4.1.2/../../../../nios2-elf/lib\libc.a(lib_a-puts.o)
                0x0100302c                _puts_r
                0x010030cc                puts
 .text          0x010030e0       0x70 c:/altera/12.1sp1/nios2eds/bin/gnu/h-i686-mingw32/bin/../lib/gcc/nios2-elf/4.1.2/../../../../nios2-elf/lib\libc.a(lib_a-sbrkr.o)
                0x010030e0                _sbrk_r
 .text          0x01003150      0x2d8 c:/altera/12.1sp1/nios2eds/bin/gnu/h-i686-mingw32/bin/../lib/gcc/nios2-elf/4.1.2/../../../../nios2-elf/lib\libc.a(lib_a-signal.o)
                0x01003150                _raise_r
                0x0100321c                raise
                0x01003230                _init_signal_r
                0x01003294                _init_signal
                0x010032a4                __sigtramp_r
                0x01003358                __sigtramp
                0x0100336c                _signal_r
                0x0100340c                signal
 .text          0x01003428       0x78 c:/altera/12.1sp1/nios2eds/bin/gnu/h-i686-mingw32/bin/../lib/gcc/nios2-elf/4.1.2/../../../../nios2-elf/lib\libc.a(lib_a-signalr.o)
                0x01003428                _getpid_r
                0x0100342c                _kill_r
 .text          0x010034a0       0x74 c:/altera/12.1sp1/nios2eds/bin/gnu/h-i686-mingw32/bin/../lib/gcc/nios2-elf/4.1.2/../../../../nios2-elf/lib\libc.a(lib_a-strlen.o)
                0x010034a0                strlen
 .text          0x01003514     0x1f28 c:/altera/12.1sp1/nios2eds/bin/gnu/h-i686-mingw32/bin/../lib/gcc/nios2-elf/4.1.2/../../../../nios2-elf/lib\libc.a(lib_a-vfprintf.o)
                0x0100356c                ___vfprintf_internal_r
                0x01005418                __vfprintf_internal
 .text          0x0100543c      0x13c c:/altera/12.1sp1/nios2eds/bin/gnu/h-i686-mingw32/bin/../lib/gcc/nios2-elf/4.1.2/../../../../nios2-elf/lib\libc.a(lib_a-wsetup.o)
                0x0100543c                __swsetup_r
 .text          0x01005578     0x17cc c:/altera/12.1sp1/nios2eds/bin/gnu/h-i686-mingw32/bin/../lib/gcc/nios2-elf/4.1.2/../../../../nios2-elf/lib\libc.a(lib_a-dtoa.o)
                0x01005790                _dtoa_r
 .text          0x01006d44      0x230 c:/altera/12.1sp1/nios2eds/bin/gnu/h-i686-mingw32/bin/../lib/gcc/nios2-elf/4.1.2/../../../../nios2-elf/lib\libc.a(lib_a-fflush.o)
                0x01006d44                _fflush_r
                0x01006f40                fflush
 .text          0x01006f74      0x2c0 c:/altera/12.1sp1/nios2eds/bin/gnu/h-i686-mingw32/bin/../lib/gcc/nios2-elf/4.1.2/../../../../nios2-elf/lib\libc.a(lib_a-findfp.o)
                0x01006fcc                __sfp_lock_acquire
                0x01006fd0                __sfp_lock_release
                0x01006fd4                __sinit_lock_acquire
                0x01006fd8                __sinit_lock_release
                0x01006fdc                __sinit
                0x01007090                __fp_unlock_all
                0x010070a8                __fp_lock_all
                0x010070c0                _cleanup_r
                0x010070cc                _cleanup
                0x010070dc                __sfmoreglue
                0x01007144                __sfp
 .text          0x01007234      0x440 c:/altera/12.1sp1/nios2eds/bin/gnu/h-i686-mingw32/bin/../lib/gcc/nios2-elf/4.1.2/../../../../nios2-elf/lib\libc.a(lib_a-freer.o)
                0x01007234                _malloc_trim_r
                0x01007360                _free_r
 .text          0x01007674      0x49c c:/altera/12.1sp1/nios2eds/bin/gnu/h-i686-mingw32/bin/../lib/gcc/nios2-elf/4.1.2/../../../../nios2-elf/lib\libc.a(lib_a-fvwrite.o)
                0x01007674                __sfvwrite_r
 .text          0x01007b10      0x180 c:/altera/12.1sp1/nios2eds/bin/gnu/h-i686-mingw32/bin/../lib/gcc/nios2-elf/4.1.2/../../../../nios2-elf/lib\libc.a(lib_a-fwalk.o)
                0x01007b10                _fwalk_reent
                0x01007bd8                _fwalk
 .text          0x01007c90        0x0 c:/altera/12.1sp1/nios2eds/bin/gnu/h-i686-mingw32/bin/../lib/gcc/nios2-elf/4.1.2/../../../../nios2-elf/lib\libc.a(lib_a-impure.o)
 .text          0x01007c90        0x0 c:/altera/12.1sp1/nios2eds/bin/gnu/h-i686-mingw32/bin/../lib/gcc/nios2-elf/4.1.2/../../../../nios2-elf/lib\libc.a(lib_a-int_errno.o)
 .text          0x01007c90       0xc4 c:/altera/12.1sp1/nios2eds/bin/gnu/h-i686-mingw32/bin/../lib/gcc/nios2-elf/4.1.2/../../../../nios2-elf/lib\libc.a(lib_a-locale.o)
                0x01007c90                __locale_charset
                0x01007c98                _localeconv_r
                0x01007ca4                localeconv
                0x01007cb4                _setlocale_r
                0x01007d38                setlocale
 .text          0x01007d54      0x194 c:/altera/12.1sp1/nios2eds/bin/gnu/h-i686-mingw32/bin/../lib/gcc/nios2-elf/4.1.2/../../../../nios2-elf/lib\libc.a(lib_a-makebuf.o)
                0x01007d54                __smakebuf_r
 .text          0x01007ee8       0xe4 c:/altera/12.1sp1/nios2eds/bin/gnu/h-i686-mingw32/bin/../lib/gcc/nios2-elf/4.1.2/../../../../nios2-elf/lib\libc.a(lib_a-memchr.o)
                0x01007ee8                memchr
 .text          0x01007fcc       0xa0 c:/altera/12.1sp1/nios2eds/bin/gnu/h-i686-mingw32/bin/../lib/gcc/nios2-elf/4.1.2/../../../../nios2-elf/lib\libc.a(lib_a-memcpy.o)
                0x01007fcc                memcpy
 .text          0x0100806c       0xe0 c:/altera/12.1sp1/nios2eds/bin/gnu/h-i686-mingw32/bin/../lib/gcc/nios2-elf/4.1.2/../../../../nios2-elf/lib\libc.a(lib_a-memmove.o)
                0x0100806c                memmove
 .text          0x0100814c      0xff4 c:/altera/12.1sp1/nios2eds/bin/gnu/h-i686-mingw32/bin/../lib/gcc/nios2-elf/4.1.2/../../../../nios2-elf/lib\libc.a(lib_a-mprec.o)
                0x0100814c                _Bfree
                0x01008174                __hi0bits
                0x010081e4                __lo0bits
                0x010082a8                __mcmp
                0x01008308                __ulp
                0x01008388                __b2d
                0x010084a8                __ratio
                0x01008558                _mprec_log10
                0x010085ec                __copybits
                0x01008644                __any_on
                0x010086cc                _Balloc
                0x01008788                __d2b
                0x01008904                __mdiff
                0x01008a90                __lshift
                0x01008bdc                __multiply
                0x01008dc4                __i2b
                0x01008e00                __multadd
                0x01008f00                __pow5mult
                0x01009020                __s2b
 .text          0x01009140      0x5f4 c:/altera/12.1sp1/nios2eds/bin/gnu/h-i686-mingw32/bin/../lib/gcc/nios2-elf/4.1.2/../../../../nios2-elf/lib\libc.a(lib_a-reallocr.o)
                0x01009140                _realloc_r
 .text          0x01009734       0x40 c:/altera/12.1sp1/nios2eds/bin/gnu/h-i686-mingw32/bin/../lib/gcc/nios2-elf/4.1.2/../../../../nios2-elf/lib\libc.a(lib_a-s_isinfd.o)
                0x01009734                __isinfd
 .text          0x01009774       0x30 c:/altera/12.1sp1/nios2eds/bin/gnu/h-i686-mingw32/bin/../lib/gcc/nios2-elf/4.1.2/../../../../nios2-elf/lib\libc.a(lib_a-s_isnand.o)
                0x01009774                __isnand
 .text          0x010097a4      0x14c c:/altera/12.1sp1/nios2eds/bin/gnu/h-i686-mingw32/bin/../lib/gcc/nios2-elf/4.1.2/../../../../nios2-elf/lib\libc.a(lib_a-stdio.o)
                0x010097a4                __sclose
                0x010097ac                __sseek
                0x01009814                __swrite
                0x01009890                __sread
 .text          0x010098f0       0xbc c:/altera/12.1sp1/nios2eds/bin/gnu/h-i686-mingw32/bin/../lib/gcc/nios2-elf/4.1.2/../../../../nios2-elf/lib\libc.a(lib_a-strcmp.o)
                0x010098f0                strcmp
 .text          0x010099ac       0x78 c:/altera/12.1sp1/nios2eds/bin/gnu/h-i686-mingw32/bin/../lib/gcc/nios2-elf/4.1.2/../../../../nios2-elf/lib\libc.a(lib_a-writer.o)
                0x010099ac                _write_r
 .text          0x01009a24       0xb4 c:/altera/12.1sp1/nios2eds/bin/gnu/h-i686-mingw32/bin/../lib/gcc/nios2-elf/4.1.2/../../../../nios2-elf/lib\libc.a(lib_a-callocr.o)
                0x01009a24                _calloc_r
 .text          0x01009ad8       0x70 c:/altera/12.1sp1/nios2eds/bin/gnu/h-i686-mingw32/bin/../lib/gcc/nios2-elf/4.1.2/../../../../nios2-elf/lib\libc.a(lib_a-closer.o)
                0x01009ad8                _close_r
 .text          0x01009b48      0x124 c:/altera/12.1sp1/nios2eds/bin/gnu/h-i686-mingw32/bin/../lib/gcc/nios2-elf/4.1.2/../../../../nios2-elf/lib\libc.a(lib_a-fclose.o)
                0x01009b48                _fclose_r
                0x01009c58                fclose
 .text          0x01009c6c       0x74 c:/altera/12.1sp1/nios2eds/bin/gnu/h-i686-mingw32/bin/../lib/gcc/nios2-elf/4.1.2/../../../../nios2-elf/lib\libc.a(lib_a-fstatr.o)
                0x01009c6c                _fstat_r
 .text          0x01009ce0       0x70 c:/altera/12.1sp1/nios2eds/bin/gnu/h-i686-mingw32/bin/../lib/gcc/nios2-elf/4.1.2/../../../../nios2-elf/lib\libc.a(lib_a-isattyr.o)
                0x01009ce0                _isatty_r
 .text          0x01009d50       0x78 c:/altera/12.1sp1/nios2eds/bin/gnu/h-i686-mingw32/bin/../lib/gcc/nios2-elf/4.1.2/../../../../nios2-elf/lib\libc.a(lib_a-lseekr.o)
                0x01009d50                _lseek_r
 .text          0x01009dc8       0x78 c:/altera/12.1sp1/nios2eds/bin/gnu/h-i686-mingw32/bin/../lib/gcc/nios2-elf/4.1.2/../../../../nios2-elf/lib\libc.a(lib_a-readr.o)
                0x01009dc8                _read_r
 .text          0x01009e40      0x5dc c:/altera/12.1sp1/nios2eds/bin/gnu/h-i686-mingw32/bin/../lib/gcc/nios2-elf/4.1.2\libgcc.a(_udivdi3.o)
                0x01009e40                __udivdi3
 .text          0x0100a41c      0x5b0 c:/altera/12.1sp1/nios2eds/bin/gnu/h-i686-mingw32/bin/../lib/gcc/nios2-elf/4.1.2\libgcc.a(_umoddi3.o)
                0x0100a41c                __umoddi3
 .text          0x0100a9cc      0x504 c:/altera/12.1sp1/nios2eds/bin/gnu/h-i686-mingw32/bin/../lib/gcc/nios2-elf/4.1.2\libgcc.a(_addsub_df.o)
                0x0100addc                __subdf3
                0x0100ae5c                __adddf3
 .text          0x0100aed0      0x3c4 c:/altera/12.1sp1/nios2eds/bin/gnu/h-i686-mingw32/bin/../lib/gcc/nios2-elf/4.1.2\libgcc.a(_mul_df.o)
                0x0100aed0                __muldf3
 .text          0x0100b294      0x258 c:/altera/12.1sp1/nios2eds/bin/gnu/h-i686-mingw32/bin/../lib/gcc/nios2-elf/4.1.2\libgcc.a(_div_df.o)
                0x0100b294                __divdf3
 .text          0x0100b4ec       0x88 c:/altera/12.1sp1/nios2eds/bin/gnu/h-i686-mingw32/bin/../lib/gcc/nios2-elf/4.1.2\libgcc.a(_eq_df.o)
                0x0100b4ec                __eqdf2
 .text          0x0100b574       0x88 c:/altera/12.1sp1/nios2eds/bin/gnu/h-i686-mingw32/bin/../lib/gcc/nios2-elf/4.1.2\libgcc.a(_ne_df.o)
                0x0100b574                __nedf2
 .text          0x0100b5fc       0x88 c:/altera/12.1sp1/nios2eds/bin/gnu/h-i686-mingw32/bin/../lib/gcc/nios2-elf/4.1.2\libgcc.a(_gt_df.o)
                0x0100b5fc                __gtdf2
 .text          0x0100b684       0x88 c:/altera/12.1sp1/nios2eds/bin/gnu/h-i686-mingw32/bin/../lib/gcc/nios2-elf/4.1.2\libgcc.a(_ge_df.o)
                0x0100b684                __gedf2
 .text          0x0100b70c       0x88 c:/altera/12.1sp1/nios2eds/bin/gnu/h-i686-mingw32/bin/../lib/gcc/nios2-elf/4.1.2\libgcc.a(_lt_df.o)
                0x0100b70c                __ltdf2
 .text          0x0100b794       0xf8 c:/altera/12.1sp1/nios2eds/bin/gnu/h-i686-mingw32/bin/../lib/gcc/nios2-elf/4.1.2\libgcc.a(_si_to_df.o)
                0x0100b794                __floatsidf
 .text          0x0100b88c       0xd8 c:/altera/12.1sp1/nios2eds/bin/gnu/h-i686-mingw32/bin/../lib/gcc/nios2-elf/4.1.2\libgcc.a(_df_to_si.o)
                0x0100b88c                __fixdfsi
 .text          0x0100b964        0x0 c:/altera/12.1sp1/nios2eds/bin/gnu/h-i686-mingw32/bin/../lib/gcc/nios2-elf/4.1.2\libgcc.a(_thenan_df.o)
 .text          0x0100b964      0x194 c:/altera/12.1sp1/nios2eds/bin/gnu/h-i686-mingw32/bin/../lib/gcc/nios2-elf/4.1.2\libgcc.a(_usi_to_df.o)
                0x0100b964                __floatunsidf
 .text          0x0100baf8      0x14c c:/altera/12.1sp1/nios2eds/bin/gnu/h-i686-mingw32/bin/../lib/gcc/nios2-elf/4.1.2\libgcc.a(lib2-divmod.o)
                0x0100bb74                __divsi3
                0x0100bbd4                __modsi3
                0x0100bc34                __udivsi3
                0x0100bc3c                __umodsi3
 .text          0x0100bc44       0x98 c:/altera/12.1sp1/nios2eds/bin/gnu/h-i686-mingw32/bin/../lib/gcc/nios2-elf/4.1.2\libgcc.a(_muldi3.o)
                0x0100bc44                __muldi3
 .text          0x0100bcdc        0x0 c:/altera/12.1sp1/nios2eds/bin/gnu/h-i686-mingw32/bin/../lib/gcc/nios2-elf/4.1.2\libgcc.a(_clz.o)
 .text          0x0100bcdc       0x80 c:/altera/12.1sp1/nios2eds/bin/gnu/h-i686-mingw32/bin/../lib/gcc/nios2-elf/4.1.2\libgcc.a(_clzsi2.o)
                0x0100bcdc                __clzsi2
 .text          0x0100bd5c      0x314 c:/altera/12.1sp1/nios2eds/bin/gnu/h-i686-mingw32/bin/../lib/gcc/nios2-elf/4.1.2\libgcc.a(_pack_df.o)
                0x0100bd5c                __pack_d
 .text          0x0100c070      0x138 c:/altera/12.1sp1/nios2eds/bin/gnu/h-i686-mingw32/bin/../lib/gcc/nios2-elf/4.1.2\libgcc.a(_unpack_df.o)
                0x0100c070                __unpack_d
 .text          0x0100c1a8       0xc8 c:/altera/12.1sp1/nios2eds/bin/gnu/h-i686-mingw32/bin/../lib/gcc/nios2-elf/4.1.2\libgcc.a(_fpcmp_parts_df.o)
                0x0100c1a8                __fpcmp_parts_d
 .text          0x0100c270      0x15c ../MCTest_bsp/\libucosii_bsp.a(alt_close.o)
                0x0100c270                close
 .text          0x0100c3cc       0x2c ../MCTest_bsp/\libucosii_bsp.a(alt_dev.o)
 .text          0x0100c3f8        0x0 ../MCTest_bsp/\libucosii_bsp.a(alt_errno.o)
 .text          0x0100c3f8       0x6c ../MCTest_bsp/\libucosii_bsp.a(alt_exit.o)
                0x0100c438                _exit
 .text          0x0100c464      0x134 ../MCTest_bsp/\libucosii_bsp.a(alt_fstat.o)
                0x0100c464                fstat
 .text          0x0100c598       0x20 ../MCTest_bsp/\libucosii_bsp.a(alt_getpid.o)
                0x0100c598                getpid
 .text          0x0100c5b8      0x120 ../MCTest_bsp/\libucosii_bsp.a(alt_isatty.o)
                0x0100c5b8                isatty
 .text          0x0100c6d8      0x1a0 ../MCTest_bsp/\libucosii_bsp.a(alt_kill.o)
                0x0100c6d8                kill
 .text          0x0100c878       0xec ../MCTest_bsp/\libucosii_bsp.a(alt_load.o)
                0x0100c878                alt_load
 .text          0x0100c964      0x150 ../MCTest_bsp/\libucosii_bsp.a(alt_lseek.o)
                0x0100c964                lseek
 .text          0x0100cab4       0xc8 ../MCTest_bsp/\libucosii_bsp.a(alt_main.o)
                0x0100cab4                alt_main
 .text          0x0100cb7c      0x180 ../MCTest_bsp/\libucosii_bsp.a(alt_read.o)
                0x0100cb7c                read
 .text          0x0100ccfc       0x60 ../MCTest_bsp/\libucosii_bsp.a(alt_release_fd.o)
                0x0100ccfc                alt_release_fd
 .text          0x0100cd5c       0xbc ../MCTest_bsp/\libucosii_bsp.a(alt_sbrk.o)
                0x0100cd5c                sbrk
 .text          0x0100ce18      0x180 ../MCTest_bsp/\libucosii_bsp.a(alt_write.o)
                0x0100ce18                write
 .text          0x0100cf98      0x108 ../MCTest_bsp/\libucosii_bsp.a(alt_env_lock.o)
                0x0100cf98                __env_lock
                0x0100d044                __env_unlock
 .text          0x0100d0a0      0x1d8 ../MCTest_bsp/\libucosii_bsp.a(alt_malloc_lock.o)
                0x0100d0a0                __malloc_lock
                0x0100d1a8                __malloc_unlock
 .text          0x0100d278     0x2128 ../MCTest_bsp/\libucosii_bsp.a(os_core.o)
                0x0100d278                OSEventNameGet
                0x0100d3a8                OSEventNameSet
                0x0100d4ec                OSEventPendMulti
                0x0100dba0                OSInit
                0x0100dbf4                OSIntEnter
                0x0100dc70                OSIntExit
                0x0100dd70                OSSchedLock
                0x0100ddfc                OSSchedUnlock
                0x0100dee0                OSStart
                0x0100df50                OSStatInit
                0x0100dffc                OSTimeTick
                0x0100e23c                OSVersion
                0x0100e25c                OS_Dummy
                0x0100e278                OS_EventTaskRdy
                0x0100e40c                OS_EventTaskWait
                0x0100e51c                OS_EventTaskWaitMulti
                0x0100e670                OS_EventTaskRemove
                0x0100e728                OS_EventTaskRemoveMulti
                0x0100e82c                OS_EventWaitListInit
                0x0100ebf8                OS_MemClr
                0x0100ec4c                OS_MemCopy
                0x0100ecb8                OS_Sched
                0x0100edfc                OS_StrCopy
                0x0100ee7c                OS_StrLen
                0x0100eed4                OS_TaskIdle
                0x0100ef30                OS_TaskStat
                0x0100eff8                OS_TaskStatStkChk
                0x0100f0c0                OS_TCBInit
 .text          0x0100f3a0      0x18c ../MCTest_bsp/\libucosii_bsp.a(os_dbg.o)
                0x0100f3a0                OSDebugInit
 .text          0x0100f52c     0x193c ../MCTest_bsp/\libucosii_bsp.a(os_flag.o)
                0x0100f52c                OSFlagAccept
                0x0100f860                OSFlagCreate
                0x0100f99c                OSFlagDel
                0x0100fc44                OSFlagNameGet
                0x0100fd88                OSFlagNameSet
                0x0100fedc                OSFlagPend
                0x01010520                OSFlagPendGetFlagsRdy
                0x01010588                OSFlagPost
                0x01010930                OSFlagQuery
                0x01010bc8                OS_FlagInit
                0x01010dbc                OS_FlagUnlink
 .text          0x01010e68      0x808 ../MCTest_bsp/\libucosii_bsp.a(os_mem.o)
                0x01010e68                OSMemCreate
                0x01011084                OSMemGet
                0x01011188                OSMemNameGet
                0x01011294                OSMemNameSet
                0x010113b4                OSMemPut
                0x010114a4                OSMemQuery
                0x010115a0                OS_MemInit
 .text          0x01011670     0x1334 ../MCTest_bsp/\libucosii_bsp.a(os_q.o)
                0x01011670                OSQAccept
                0x010117c4                OSQCreate
                0x010119d8                OSQDel
                0x01011cd8                OSQFlush
                0x01011da0                OSQPend
                0x010120c0                OSQPendAbort
                0x0101223c                OSQPost
                0x010123bc                OSQPostFront
                0x01012544                OSQPostOpt
                0x01012778                OSQQuery
                0x010128f8                OS_QInit
 .text          0x010129a4      0xbc8 ../MCTest_bsp/\libucosii_bsp.a(os_sem.o)
                0x010129a4                OSSemAccept
                0x01012a64                OSSemCreate
                0x01012b78                OSSemDel
                0x01012e18                OSSemPend
                0x01013094                OSSemPendAbort
                0x01013210                OSSemPost
                0x01013338                OSSemQuery
                0x01013468                OSSemSet
 .text          0x0101356c     0x1a40 ../MCTest_bsp/\libucosii_bsp.a(os_task.o)
                0x0101356c                OSTaskChangePrio
                0x01013ae0                OSTaskCreate
                0x01013cb4                OSTaskCreateExt
                0x01013eb4                OSTaskDel
                0x010142c0                OSTaskDelReq
                0x01014430                OSTaskNameGet
                0x010145e8                OSTaskNameSet
                0x010147ac                OSTaskResume
                0x010149c4                OSTaskStkChk
                0x01014bc0                OSTaskSuspend
                0x01014dec                OSTaskQuery
                0x01014f30                OS_TaskStkClr
 .text          0x01014fac      0x598 ../MCTest_bsp/\libucosii_bsp.a(os_time.o)
                0x01014fac                OSTimeDly
                0x010150f8                OSTimeDlyHMSM
                0x0101526c                OSTimeDlyResume
                0x0101547c                OSTimeGet
                0x010154e0                OSTimeSet
 .text          0x01015544      0x114 ../MCTest_bsp/\libucosii_bsp.a(alt_sys_init.o)
                0x01015544                alt_irq_init
                0x01015578                alt_sys_init
 .text          0x01015658      0x148 ../MCTest_bsp/\libucosii_bsp.a(altera_avalon_jtag_uart_fd.o)
                0x01015658                altera_avalon_jtag_uart_read_fd
                0x010156b0                altera_avalon_jtag_uart_write_fd
                0x01015708                altera_avalon_jtag_uart_close_fd
                0x01015750                altera_avalon_jtag_uart_ioctl_fd
 .text          0x010157a0      0x580 ../MCTest_bsp/\libucosii_bsp.a(altera_avalon_jtag_uart_init.o)
                0x010157a0                altera_avalon_jtag_uart_init
                0x01015cac                altera_avalon_jtag_uart_close
 .text          0x01015d20       0xf4 ../MCTest_bsp/\libucosii_bsp.a(altera_avalon_jtag_uart_ioctl.o)
                0x01015d20                altera_avalon_jtag_uart_ioctl
 .text          0x01015e14      0x2c0 ../MCTest_bsp/\libucosii_bsp.a(altera_avalon_jtag_uart_read.o)
                0x01015e14                altera_avalon_jtag_uart_read
 .text          0x010160d4      0x2dc ../MCTest_bsp/\libucosii_bsp.a(altera_avalon_jtag_uart_write.o)
                0x010160d4                altera_avalon_jtag_uart_write
 .text          0x010163b0       0xfc ../MCTest_bsp/\libucosii_bsp.a(altera_avalon_timer_sc.o)
                0x01016424                alt_avalon_timer_sc_init
 .text          0x010164ac       0xf8 ../MCTest_bsp/\libucosii_bsp.a(altera_avalon_uart_fd.o)
                0x010164ac                altera_avalon_uart_read_fd
                0x01016504                altera_avalon_uart_write_fd
                0x0101655c                altera_avalon_uart_close_fd
 .text          0x010165a4      0x578 ../MCTest_bsp/\libucosii_bsp.a(altera_avalon_uart_init.o)
                0x010165a4                altera_avalon_uart_init
                0x01016abc                altera_avalon_uart_close
 .text          0x01016b1c      0x310 ../MCTest_bsp/\libucosii_bsp.a(altera_avalon_uart_read.o)
                0x01016b1c                altera_avalon_uart_read
 .text          0x01016e2c      0x2a8 ../MCTest_bsp/\libucosii_bsp.a(altera_avalon_uart_write.o)
                0x01016e2c                altera_avalon_uart_write
 .text          0x010170d4      0x398 ../MCTest_bsp/\libucosii_bsp.a(altera_up_avalon_rs232.o)
                0x010170d4                alt_up_rs232_enable_read_interrupt
                0x01017128                alt_up_rs232_disable_read_interrupt
                0x01017180                alt_up_rs232_get_used_space_in_read_FIFO
                0x010171bc                alt_up_rs232_get_available_space_in_write_FIFO
                0x010171fc                alt_up_rs232_check_parity
                0x0101724c                alt_up_rs232_write_data
                0x01017294                alt_up_rs232_read_data
                0x01017308                alt_up_rs232_read_fd
                0x01017398                alt_up_rs232_write_fd
                0x0101742c                alt_up_rs232_open_dev
 .text          0x0101746c      0x154 ../MCTest_bsp/\libucosii_bsp.a(alt_alarm_start.o)
                0x0101746c                alt_alarm_start
 .text          0x010175c0       0x44 ../MCTest_bsp/\libucosii_bsp.a(alt_dcache_flush_all.o)
                0x010175c0                alt_dcache_flush_all
 .text          0x01017604      0x114 ../MCTest_bsp/\libucosii_bsp.a(alt_dev_llist_insert.o)
                0x01017604                alt_dev_llist_insert
 .text          0x01017718       0x64 ../MCTest_bsp/\libucosii_bsp.a(alt_do_ctors.o)
                0x01017718                _do_ctors
 .text          0x0101777c       0x64 ../MCTest_bsp/\libucosii_bsp.a(alt_do_dtors.o)
                0x0101777c                _do_dtors
 .text          0x010177e0       0x94 ../MCTest_bsp/\libucosii_bsp.a(alt_find_dev.o)
                0x010177e0                alt_find_dev
 .text          0x01017874       0x30 ../MCTest_bsp/\libucosii_bsp.a(alt_icache_flush_all.o)
                0x01017874                alt_icache_flush_all
 .text          0x010178a4      0x13c ../MCTest_bsp/\libucosii_bsp.a(alt_io_redirect.o)
                0x01017968                alt_io_redirect
 .text          0x010179e0      0x1c0 ../MCTest_bsp/\libucosii_bsp.a(alt_irq_register.o)
                0x010179e0                alt_irq_register
 .text          0x01017ba0        0x0 ../MCTest_bsp/\libucosii_bsp.a(alt_irq_vars.o)
 .text          0x01017ba0      0x2c4 ../MCTest_bsp/\libucosii_bsp.a(alt_open.o)
                0x01017c7c                open
 .text          0x01017e64      0x1a8 ../MCTest_bsp/\libucosii_bsp.a(alt_tick.o)
                0x01017e64                alt_alarm_stop
                0x01017efc                alt_tick
 .text          0x0101800c       0x20 ../MCTest_bsp/\libucosii_bsp.a(altera_nios2_qsys_irq.o)
                0x0101800c                altera_nios2_qsys_irq_init
 .text          0x0101802c       0xd0 ../MCTest_bsp/\libucosii_bsp.a(os_cpu_a.o)
                0x0101802c                OSCtxSw
                0x0101802c                OSIntCtxSw
                0x010180b8                OSStartHighRdy
                0x010180d8                OSStartTsk
 .text          0x010180fc      0x418 ../MCTest_bsp/\libucosii_bsp.a(os_cpu_c.o)
                0x010180fc                OSTaskStkInit
                0x0101840c                OSTaskCreateHook
                0x0101842c                OSTaskDelHook
                0x0101844c                OSTaskSwHook
                0x01018468                OSTaskStatHook
                0x01018484                OSTimeTickHook
                0x010184a0                OSInitHookBegin
                0x010184bc                OSInitHookEnd
                0x010184d8                OSTaskIdleHook
                0x010184f4                OSTCBInitHook
 .text          0x01018514      0x120 ../MCTest_bsp/\libucosii_bsp.a(alt_find_file.o)
                0x01018514                alt_find_file
 .text          0x01018634       0xf4 ../MCTest_bsp/\libucosii_bsp.a(alt_get_fd.o)
                0x01018634                alt_get_fd
 .text          0x01018728       0x90 ../MCTest_bsp/\libucosii_bsp.a(alt_icache_flush.o)
                0x01018728                alt_icache_flush
 .text          0x010187b8        0x0 ../MCTest_bsp/\libucosii_bsp.a(alt_irq_entry.o)
 .text          0x010187b8        0x0 ../MCTest_bsp/\libucosii_bsp.a(alt_irq_handler.o)
 .text          0x010187b8        0x0 ../MCTest_bsp/\libucosii_bsp.a(alt_exception_entry.o)
 .text          0x010187b8       0x14 c:/altera/12.1sp1/nios2eds/bin/gnu/h-i686-mingw32/bin/../lib/gcc/nios2-elf/4.1.2/../../../../nios2-elf/lib\libc.a(lib_a-atexit.o)
                0x010187b8                atexit
 .text          0x010187cc       0x38 c:/altera/12.1sp1/nios2eds/bin/gnu/h-i686-mingw32/bin/../lib/gcc/nios2-elf/4.1.2/../../../../nios2-elf/lib\libc.a(lib_a-exit.o)
                0x010187cc                exit
 .text          0x01018804       0x74 c:/altera/12.1sp1/nios2eds/bin/gnu/h-i686-mingw32/bin/../lib/gcc/nios2-elf/4.1.2/../../../../nios2-elf/lib\libc.a(lib_a-memcmp.o)
                0x01018804                memcmp
 .text          0x01018878      0x134 c:/altera/12.1sp1/nios2eds/bin/gnu/h-i686-mingw32/bin/../lib/gcc/nios2-elf/4.1.2/../../../../nios2-elf/lib\libc.a(lib_a-__atexit.o)
                0x01018878                __register_exitproc
 .text          0x010189ac      0x1b4 c:/altera/12.1sp1/nios2eds/bin/gnu/h-i686-mingw32/bin/../lib/gcc/nios2-elf/4.1.2/../../../../nios2-elf/lib\libc.a(lib_a-__call_atexit.o)
                0x010189b0                __call_exitprocs
 *(.gnu.warning.*)
 *(.fini)
                0x01018b60                PROVIDE (__etext, ABSOLUTE (.))
                0x01018b60                PROVIDE (_etext, ABSOLUTE (.))
                0x01018b60                PROVIDE (etext, ABSOLUTE (.))
 *(.eh_frame_hdr)
                0x01018b60                . = ALIGN (0x4)
                0x01018b60                PROVIDE (__preinit_array_start, ABSOLUTE (.))
 *(.preinit_array)
                0x01018b60                PROVIDE (__preinit_array_end, ABSOLUTE (.))
                0x01018b60                PROVIDE (__init_array_start, ABSOLUTE (.))
 *(.init_array)
                0x01018b60                PROVIDE (__init_array_end, ABSOLUTE (.))
                0x01018b60                PROVIDE (__fini_array_start, ABSOLUTE (.))
 *(.fini_array)
                0x01018b60                PROVIDE (__fini_array_end, ABSOLUTE (.))
 *(.eh_frame)
 *(.gcc_except_table)
 .gcc_except_table
                0x01018b60        0x6 obj/default/main.o
 *fill*         0x01018b66        0x2 3a880100
 .gcc_except_table
                0x01018b68       0x20 c:/altera/12.1sp1/nios2eds/bin/gnu/h-i686-mingw32/bin/../lib/gcc/nios2-elf/4.1.2/../../../../nios2-elf/lib\libstdc++.a(eh_personality.o)
 .gcc_except_table
                0x01018b88       0x10 c:/altera/12.1sp1/nios2eds/bin/gnu/h-i686-mingw32/bin/../lib/gcc/nios2-elf/4.1.2/../../../../nios2-elf/lib\libstdc++.a(eh_terminate.o)
 .gcc_except_table
                0x01018b98       0x10 c:/altera/12.1sp1/nios2eds/bin/gnu/h-i686-mingw32/bin/../lib/gcc/nios2-elf/4.1.2/../../../../nios2-elf/lib\libstdc++.a(eh_catch.o)
 .gcc_except_table
                0x01018ba8       0x10 c:/altera/12.1sp1/nios2eds/bin/gnu/h-i686-mingw32/bin/../lib/gcc/nios2-elf/4.1.2/../../../../nios2-elf/lib\libstdc++.a(eh_alloc.o)
 .gcc_except_table
                0x01018bb8       0x14 c:/altera/12.1sp1/nios2eds/bin/gnu/h-i686-mingw32/bin/../lib/gcc/nios2-elf/4.1.2/../../../../nios2-elf/lib\libstdc++.a(new_op.o)
 *(.dynamic)
                0x01018bcc                PROVIDE (__CTOR_LIST__, ABSOLUTE (.))
 *(.ctors)
 .ctors         0x01018bcc        0x4 obj/default/main.o
 *(SORT(.ctors.*))
 .ctors.65535   0x01018bd0        0x4 c:/altera/12.1sp1/nios2eds/bin/gnu/h-i686-mingw32/bin/../lib/gcc/nios2-elf/4.1.2/../../../../nios2-elf/lib\libc.a(lib_a-__call_atexit.o)
                0x01018bd4                PROVIDE (__CTOR_END__, ABSOLUTE (.))
                0x01018bd4                PROVIDE (__DTOR_LIST__, ABSOLUTE (.))
 *(.dtors)
 *(SORT(.dtors.*))
                0x01018bd4                PROVIDE (__DTOR_END__, ABSOLUTE (.))
 *(.jcr)
                0x01018bd4                . = ALIGN (0x4)

.rodata         0x01018bd4      0x66c
                0x01018bd4                PROVIDE (__ram_rodata_start, ABSOLUTE (.))
                0x01018bd4                . = ALIGN (0x4)
 *(.rodata .rodata.* .gnu.linkonce.r.*)
 .rodata._ZTV12MotorHandler
                0x01018bd4       0x10 obj/default/MotorHandler.o
                0x01018bd4                vtable for MotorHandler
 .rodata._ZTS12MotorHandler
                0x01018be4       0x10 obj/default/MotorHandler.o
                0x01018be4                typeinfo name for MotorHandler
 .rodata        0x01018bf4       0x40 obj/default/main.o
 .rodata._ZTVN10__cxxabiv117__class_type_infoE
                0x01018c34       0x2c c:/altera/12.1sp1/nios2eds/bin/gnu/h-i686-mingw32/bin/../lib/gcc/nios2-elf/4.1.2/../../../../nios2-elf/lib\libstdc++.a(class_type_info.o)
                0x01018c34                vtable for __cxxabiv1::__class_type_info
 .rodata._ZTSN10__cxxabiv117__class_type_infoE
                0x01018c60       0x24 c:/altera/12.1sp1/nios2eds/bin/gnu/h-i686-mingw32/bin/../lib/gcc/nios2-elf/4.1.2/../../../../nios2-elf/lib\libstdc++.a(class_type_info.o)
                0x01018c60                typeinfo name for __cxxabiv1::__class_type_info
 .rodata._ZTIN10__cxxabiv117__class_type_infoE
                0x01018c84        0xc c:/altera/12.1sp1/nios2eds/bin/gnu/h-i686-mingw32/bin/../lib/gcc/nios2-elf/4.1.2/../../../../nios2-elf/lib\libstdc++.a(class_type_info.o)
                0x01018c84                typeinfo for __cxxabiv1::__class_type_info
 .rodata._ZTVN10__cxxabiv120__si_class_type_infoE
                0x01018c90       0x2c c:/altera/12.1sp1/nios2eds/bin/gnu/h-i686-mingw32/bin/../lib/gcc/nios2-elf/4.1.2/../../../../nios2-elf/lib\libstdc++.a(si_class_type_info.o)
                0x01018c90                vtable for __cxxabiv1::__si_class_type_info
 .rodata._ZTSN10__cxxabiv120__si_class_type_infoE
                0x01018cbc       0x28 c:/altera/12.1sp1/nios2eds/bin/gnu/h-i686-mingw32/bin/../lib/gcc/nios2-elf/4.1.2/../../../../nios2-elf/lib\libstdc++.a(si_class_type_info.o)
                0x01018cbc                typeinfo name for __cxxabiv1::__si_class_type_info
 .rodata._ZTIN10__cxxabiv120__si_class_type_infoE
                0x01018ce4        0xc c:/altera/12.1sp1/nios2eds/bin/gnu/h-i686-mingw32/bin/../lib/gcc/nios2-elf/4.1.2/../../../../nios2-elf/lib\libstdc++.a(si_class_type_info.o)
                0x01018ce4                typeinfo for __cxxabiv1::__si_class_type_info
 .rodata._ZTVSt9type_info
                0x01018cf0       0x20 c:/altera/12.1sp1/nios2eds/bin/gnu/h-i686-mingw32/bin/../lib/gcc/nios2-elf/4.1.2/../../../../nios2-elf/lib\libstdc++.a(tinfo.o)
                0x01018cf0                vtable for std::type_info
 .rodata._ZTSSt9type_info
                0x01018d10       0x10 c:/altera/12.1sp1/nios2eds/bin/gnu/h-i686-mingw32/bin/../lib/gcc/nios2-elf/4.1.2/../../../../nios2-elf/lib\libstdc++.a(tinfo.o)
                0x01018d10                typeinfo name for std::type_info
 .rodata._ZTVSt13bad_exception
                0x01018d20       0x14 c:/altera/12.1sp1/nios2eds/bin/gnu/h-i686-mingw32/bin/../lib/gcc/nios2-elf/4.1.2/../../../../nios2-elf/lib\libstdc++.a(eh_exception.o)
                0x01018d20                vtable for std::bad_exception
 .rodata._ZTVSt9exception
                0x01018d34       0x14 c:/altera/12.1sp1/nios2eds/bin/gnu/h-i686-mingw32/bin/../lib/gcc/nios2-elf/4.1.2/../../../../nios2-elf/lib\libstdc++.a(eh_exception.o)
                0x01018d34                vtable for std::exception
 .rodata._ZTSSt13bad_exception
                0x01018d48       0x14 c:/altera/12.1sp1/nios2eds/bin/gnu/h-i686-mingw32/bin/../lib/gcc/nios2-elf/4.1.2/../../../../nios2-elf/lib\libstdc++.a(eh_exception.o)
                0x01018d48                typeinfo name for std::bad_exception
 .rodata._ZTISt13bad_exception
                0x01018d5c        0xc c:/altera/12.1sp1/nios2eds/bin/gnu/h-i686-mingw32/bin/../lib/gcc/nios2-elf/4.1.2/../../../../nios2-elf/lib\libstdc++.a(eh_exception.o)
                0x01018d5c                typeinfo for std::bad_exception
 .rodata._ZTSSt9exception
                0x01018d68       0x10 c:/altera/12.1sp1/nios2eds/bin/gnu/h-i686-mingw32/bin/../lib/gcc/nios2-elf/4.1.2/../../../../nios2-elf/lib\libstdc++.a(eh_exception.o)
                0x01018d68                typeinfo name for std::exception
 .rodata._ZTVSt9bad_alloc
                0x01018d78       0x14 c:/altera/12.1sp1/nios2eds/bin/gnu/h-i686-mingw32/bin/../lib/gcc/nios2-elf/4.1.2/../../../../nios2-elf/lib\libstdc++.a(new_handler.o)
                0x01018d78                vtable for std::bad_alloc
 .rodata._ZTSSt9bad_alloc
                0x01018d8c       0x10 c:/altera/12.1sp1/nios2eds/bin/gnu/h-i686-mingw32/bin/../lib/gcc/nios2-elf/4.1.2/../../../../nios2-elf/lib\libstdc++.a(new_handler.o)
                0x01018d8c                typeinfo name for std::bad_alloc
 .rodata._ZTISt9bad_alloc
                0x01018d9c        0xc c:/altera/12.1sp1/nios2eds/bin/gnu/h-i686-mingw32/bin/../lib/gcc/nios2-elf/4.1.2/../../../../nios2-elf/lib\libstdc++.a(new_handler.o)
                0x01018d9c                typeinfo for std::bad_alloc
 .rodata.str1.4
                0x01018da8        0x2 c:/altera/12.1sp1/nios2eds/bin/gnu/h-i686-mingw32/bin/../lib/gcc/nios2-elf/4.1.2/../../../../nios2-elf/lib\libc.a(lib_a-puts.o)
                                  0x4 (size before relaxing)
 *fill*         0x01018daa        0x2 00
 .rodata.str1.4
                0x01018dac       0x5e c:/altera/12.1sp1/nios2eds/bin/gnu/h-i686-mingw32/bin/../lib/gcc/nios2-elf/4.1.2/../../../../nios2-elf/lib\libc.a(lib_a-vfprintf.o)
                                 0x60 (size before relaxing)
 .rodata        0x01018e0a       0x20 c:/altera/12.1sp1/nios2eds/bin/gnu/h-i686-mingw32/bin/../lib/gcc/nios2-elf/4.1.2/../../../../nios2-elf/lib\libc.a(lib_a-vfprintf.o)
 *fill*         0x01018e2a        0x2 00
 .rodata.str1.4
                0x01018e2c       0x10 c:/altera/12.1sp1/nios2eds/bin/gnu/h-i686-mingw32/bin/../lib/gcc/nios2-elf/4.1.2/../../../../nios2-elf/lib\libc.a(lib_a-dtoa.o)
                                 0x14 (size before relaxing)
 .rodata.str1.4
                0x01018e3c        0x2 c:/altera/12.1sp1/nios2eds/bin/gnu/h-i686-mingw32/bin/../lib/gcc/nios2-elf/4.1.2/../../../../nios2-elf/lib\libc.a(lib_a-impure.o)
                                  0x4 (size before relaxing)
 *fill*         0x01018e3e        0x2 00
 .rodata.str1.4
                0x01018e40       0x10 c:/altera/12.1sp1/nios2eds/bin/gnu/h-i686-mingw32/bin/../lib/gcc/nios2-elf/4.1.2/../../../../nios2-elf/lib\libc.a(lib_a-locale.o)
                                 0x18 (size before relaxing)
 .rodata        0x01018e50       0x30 c:/altera/12.1sp1/nios2eds/bin/gnu/h-i686-mingw32/bin/../lib/gcc/nios2-elf/4.1.2/../../../../nios2-elf/lib\libc.a(lib_a-locale.o)
 .rodata        0x01018e80      0x124 c:/altera/12.1sp1/nios2eds/bin/gnu/h-i686-mingw32/bin/../lib/gcc/nios2-elf/4.1.2/../../../../nios2-elf/lib\libc.a(lib_a-mprec.o)
                0x01018e80                __mprec_tens
                0x01018f48                __mprec_bigtens
                0x01018f70                __mprec_tinytens
 .rodata        0x01018fa4       0x14 c:/altera/12.1sp1/nios2eds/bin/gnu/h-i686-mingw32/bin/../lib/gcc/nios2-elf/4.1.2\libgcc.a(_thenan_df.o)
                0x01018fa4                __thenan_df
 .rodata        0x01018fb8      0x100 c:/altera/12.1sp1/nios2eds/bin/gnu/h-i686-mingw32/bin/../lib/gcc/nios2-elf/4.1.2\libgcc.a(_clz.o)
                0x01018fb8                __clz_tab
 .rodata        0x010190b8        0xc ../MCTest_bsp/\libucosii_bsp.a(alt_dev.o)
 .rodata        0x010190c4       0x14 ../MCTest_bsp/\libucosii_bsp.a(alt_main.o)
 .rodata        0x010190d8      0x120 ../MCTest_bsp/\libucosii_bsp.a(os_core.o)
                0x010190d8                OSUnMapTbl
 .rodata        0x010191f8       0x44 ../MCTest_bsp/\libucosii_bsp.a(alt_sys_init.o)
 .rodata        0x0101923c        0x4 ../MCTest_bsp/\libucosii_bsp.a(os_cpu_c.o)
 *(.rodata1)
                0x01019240                . = ALIGN (0x4)
                0x01019240                PROVIDE (__ram_rodata_end, ABSOLUTE (.))
                0x01018bd4                PROVIDE (__flash_rodata_start, LOADADDR (.rodata))

.rwdata         0x01019240     0x1cd4 load address 0x0101af14
                0x01019240                PROVIDE (__ram_rwdata_start, ABSOLUTE (.))
                0x01019240                . = ALIGN (0x4)
 *(.got.plt)
 *(.got)
 *(.data1)
 *(.data .data.* .gnu.linkonce.d.*)
 .data          0x01019240        0x0 ../MCTest_bsp//obj/HAL/src/crt0.o
 .data          0x01019240        0x0 obj/default/MotorHandler.o
 .data          0x01019240        0x0 obj/default/main.o
 .data          0x01019240        0x0 c:/altera/12.1sp1/nios2eds/bin/gnu/h-i686-mingw32/bin/../lib/gcc/nios2-elf/4.1.2/../../../../nios2-elf/lib\libstdc++.a(class_type_info.o)
 .data          0x01019240        0x0 c:/altera/12.1sp1/nios2eds/bin/gnu/h-i686-mingw32/bin/../lib/gcc/nios2-elf/4.1.2/../../../../nios2-elf/lib\libstdc++.a(eh_personality.o)
 .data          0x01019240        0x0 c:/altera/12.1sp1/nios2eds/bin/gnu/h-i686-mingw32/bin/../lib/gcc/nios2-elf/4.1.2/../../../../nios2-elf/lib\libstdc++.a(eh_terminate.o)
 .data          0x01019240        0x0 c:/altera/12.1sp1/nios2eds/bin/gnu/h-i686-mingw32/bin/../lib/gcc/nios2-elf/4.1.2/../../../../nios2-elf/lib\libstdc++.a(eh_term_handler.o)
 .data          0x01019240        0x0 c:/altera/12.1sp1/nios2eds/bin/gnu/h-i686-mingw32/bin/../lib/gcc/nios2-elf/4.1.2/../../../../nios2-elf/lib\libstdc++.a(eh_catch.o)
 .data          0x01019240        0x0 c:/altera/12.1sp1/nios2eds/bin/gnu/h-i686-mingw32/bin/../lib/gcc/nios2-elf/4.1.2/../../../../nios2-elf/lib\libstdc++.a(del_op.o)
 .data          0x01019240        0x0 c:/altera/12.1sp1/nios2eds/bin/gnu/h-i686-mingw32/bin/../lib/gcc/nios2-elf/4.1.2/../../../../nios2-elf/lib\libstdc++.a(eh_throw.o)
 .data          0x01019240        0x0 c:/altera/12.1sp1/nios2eds/bin/gnu/h-i686-mingw32/bin/../lib/gcc/nios2-elf/4.1.2/../../../../nios2-elf/lib\libstdc++.a(si_class_type_info.o)
 .data          0x01019240        0x0 c:/altera/12.1sp1/nios2eds/bin/gnu/h-i686-mingw32/bin/../lib/gcc/nios2-elf/4.1.2/../../../../nios2-elf/lib\libstdc++.a(tinfo.o)
 .data          0x01019240        0x0 c:/altera/12.1sp1/nios2eds/bin/gnu/h-i686-mingw32/bin/../lib/gcc/nios2-elf/4.1.2/../../../../nios2-elf/lib\libstdc++.a(eh_alloc.o)
 .data          0x01019240        0x0 c:/altera/12.1sp1/nios2eds/bin/gnu/h-i686-mingw32/bin/../lib/gcc/nios2-elf/4.1.2/../../../../nios2-elf/lib\libstdc++.a(new_op.o)
 .data          0x01019240        0x0 c:/altera/12.1sp1/nios2eds/bin/gnu/h-i686-mingw32/bin/../lib/gcc/nios2-elf/4.1.2/../../../../nios2-elf/lib\libstdc++.a(eh_exception.o)
 .data          0x01019240        0x0 c:/altera/12.1sp1/nios2eds/bin/gnu/h-i686-mingw32/bin/../lib/gcc/nios2-elf/4.1.2/../../../../nios2-elf/lib\libstdc++.a(eh_call.o)
 .data          0x01019240        0x0 c:/altera/12.1sp1/nios2eds/bin/gnu/h-i686-mingw32/bin/../lib/gcc/nios2-elf/4.1.2/../../../../nios2-elf/lib\libstdc++.a(new_handler.o)
 .data          0x01019240        0x0 c:/altera/12.1sp1/nios2eds/bin/gnu/h-i686-mingw32/bin/../lib/gcc/nios2-elf/4.1.2/../../../../nios2-elf/lib\libstdc++.a(eh_globals.o)
 .data          0x01019240        0x0 c:/altera/12.1sp1/nios2eds/bin/gnu/h-i686-mingw32/bin/../lib/gcc/nios2-elf/4.1.2/../../../../nios2-elf/lib\libstdc++.a(eh_unex_handler.o)
 .data          0x01019240        0x0 c:/altera/12.1sp1/nios2eds/bin/gnu/h-i686-mingw32/bin/../lib/gcc/nios2-elf/4.1.2\libgcc.a(unwind-sjlj.o)
 .data          0x01019240        0x0 c:/altera/12.1sp1/nios2eds/bin/gnu/h-i686-mingw32/bin/../lib/gcc/nios2-elf/4.1.2/../../../../nios2-elf/lib\libc.a(lib_a-abort.o)
 .data          0x01019240        0x0 c:/altera/12.1sp1/nios2eds/bin/gnu/h-i686-mingw32/bin/../lib/gcc/nios2-elf/4.1.2/../../../../nios2-elf/lib\libc.a(lib_a-malloc.o)
 .data          0x01019240      0x408 c:/altera/12.1sp1/nios2eds/bin/gnu/h-i686-mingw32/bin/../lib/gcc/nios2-elf/4.1.2/../../../../nios2-elf/lib\libc.a(lib_a-mallocr.o)
                0x01019240                __malloc_av_
 .data          0x01019648        0x0 c:/altera/12.1sp1/nios2eds/bin/gnu/h-i686-mingw32/bin/../lib/gcc/nios2-elf/4.1.2/../../../../nios2-elf/lib\libc.a(lib_a-memset.o)
 .data          0x01019648        0x0 c:/altera/12.1sp1/nios2eds/bin/gnu/h-i686-mingw32/bin/../lib/gcc/nios2-elf/4.1.2/../../../../nios2-elf/lib\libc.a(lib_a-printf.o)
 .data          0x01019648        0x0 c:/altera/12.1sp1/nios2eds/bin/gnu/h-i686-mingw32/bin/../lib/gcc/nios2-elf/4.1.2/../../../../nios2-elf/lib\libc.a(lib_a-puts.o)
 .data          0x01019648        0x0 c:/altera/12.1sp1/nios2eds/bin/gnu/h-i686-mingw32/bin/../lib/gcc/nios2-elf/4.1.2/../../../../nios2-elf/lib\libc.a(lib_a-sbrkr.o)
 .data          0x01019648        0x0 c:/altera/12.1sp1/nios2eds/bin/gnu/h-i686-mingw32/bin/../lib/gcc/nios2-elf/4.1.2/../../../../nios2-elf/lib\libc.a(lib_a-signal.o)
 .data          0x01019648        0x0 c:/altera/12.1sp1/nios2eds/bin/gnu/h-i686-mingw32/bin/../lib/gcc/nios2-elf/4.1.2/../../../../nios2-elf/lib\libc.a(lib_a-signalr.o)
 .data          0x01019648        0x0 c:/altera/12.1sp1/nios2eds/bin/gnu/h-i686-mingw32/bin/../lib/gcc/nios2-elf/4.1.2/../../../../nios2-elf/lib\libc.a(lib_a-strlen.o)
 .data          0x01019648        0x0 c:/altera/12.1sp1/nios2eds/bin/gnu/h-i686-mingw32/bin/../lib/gcc/nios2-elf/4.1.2/../../../../nios2-elf/lib\libc.a(lib_a-vfprintf.o)
 .data          0x01019648        0x0 c:/altera/12.1sp1/nios2eds/bin/gnu/h-i686-mingw32/bin/../lib/gcc/nios2-elf/4.1.2/../../../../nios2-elf/lib\libc.a(lib_a-wsetup.o)
 .data          0x01019648        0x0 c:/altera/12.1sp1/nios2eds/bin/gnu/h-i686-mingw32/bin/../lib/gcc/nios2-elf/4.1.2/../../../../nios2-elf/lib\libc.a(lib_a-dtoa.o)
 .data          0x01019648        0x0 c:/altera/12.1sp1/nios2eds/bin/gnu/h-i686-mingw32/bin/../lib/gcc/nios2-elf/4.1.2/../../../../nios2-elf/lib\libc.a(lib_a-fflush.o)
 .data          0x01019648        0x0 c:/altera/12.1sp1/nios2eds/bin/gnu/h-i686-mingw32/bin/../lib/gcc/nios2-elf/4.1.2/../../../../nios2-elf/lib\libc.a(lib_a-findfp.o)
 .data          0x01019648        0x0 c:/altera/12.1sp1/nios2eds/bin/gnu/h-i686-mingw32/bin/../lib/gcc/nios2-elf/4.1.2/../../../../nios2-elf/lib\libc.a(lib_a-freer.o)
 .data          0x01019648        0x0 c:/altera/12.1sp1/nios2eds/bin/gnu/h-i686-mingw32/bin/../lib/gcc/nios2-elf/4.1.2/../../../../nios2-elf/lib\libc.a(lib_a-fvwrite.o)
 .data          0x01019648        0x0 c:/altera/12.1sp1/nios2eds/bin/gnu/h-i686-mingw32/bin/../lib/gcc/nios2-elf/4.1.2/../../../../nios2-elf/lib\libc.a(lib_a-fwalk.o)
 .data          0x01019648      0x400 c:/altera/12.1sp1/nios2eds/bin/gnu/h-i686-mingw32/bin/../lib/gcc/nios2-elf/4.1.2/../../../../nios2-elf/lib\libc.a(lib_a-impure.o)
 .data          0x01019a48        0x0 c:/altera/12.1sp1/nios2eds/bin/gnu/h-i686-mingw32/bin/../lib/gcc/nios2-elf/4.1.2/../../../../nios2-elf/lib\libc.a(lib_a-int_errno.o)
 .data          0x01019a48        0xc c:/altera/12.1sp1/nios2eds/bin/gnu/h-i686-mingw32/bin/../lib/gcc/nios2-elf/4.1.2/../../../../nios2-elf/lib\libc.a(lib_a-locale.o)
                0x01019a48                __lc_ctype
 .data          0x01019a54        0x0 c:/altera/12.1sp1/nios2eds/bin/gnu/h-i686-mingw32/bin/../lib/gcc/nios2-elf/4.1.2/../../../../nios2-elf/lib\libc.a(lib_a-makebuf.o)
 .data          0x01019a54        0x0 c:/altera/12.1sp1/nios2eds/bin/gnu/h-i686-mingw32/bin/../lib/gcc/nios2-elf/4.1.2/../../../../nios2-elf/lib\libc.a(lib_a-memchr.o)
 .data          0x01019a54        0x0 c:/altera/12.1sp1/nios2eds/bin/gnu/h-i686-mingw32/bin/../lib/gcc/nios2-elf/4.1.2/../../../../nios2-elf/lib\libc.a(lib_a-memcpy.o)
 .data          0x01019a54        0x0 c:/altera/12.1sp1/nios2eds/bin/gnu/h-i686-mingw32/bin/../lib/gcc/nios2-elf/4.1.2/../../../../nios2-elf/lib\libc.a(lib_a-memmove.o)
 .data          0x01019a54        0x0 c:/altera/12.1sp1/nios2eds/bin/gnu/h-i686-mingw32/bin/../lib/gcc/nios2-elf/4.1.2/../../../../nios2-elf/lib\libc.a(lib_a-mprec.o)
 .data          0x01019a54        0x0 c:/altera/12.1sp1/nios2eds/bin/gnu/h-i686-mingw32/bin/../lib/gcc/nios2-elf/4.1.2/../../../../nios2-elf/lib\libc.a(lib_a-reallocr.o)
 .data          0x01019a54        0x0 c:/altera/12.1sp1/nios2eds/bin/gnu/h-i686-mingw32/bin/../lib/gcc/nios2-elf/4.1.2/../../../../nios2-elf/lib\libc.a(lib_a-s_isinfd.o)
 .data          0x01019a54        0x0 c:/altera/12.1sp1/nios2eds/bin/gnu/h-i686-mingw32/bin/../lib/gcc/nios2-elf/4.1.2/../../../../nios2-elf/lib\libc.a(lib_a-s_isnand.o)
 .data          0x01019a54        0x0 c:/altera/12.1sp1/nios2eds/bin/gnu/h-i686-mingw32/bin/../lib/gcc/nios2-elf/4.1.2/../../../../nios2-elf/lib\libc.a(lib_a-stdio.o)
 .data          0x01019a54        0x0 c:/altera/12.1sp1/nios2eds/bin/gnu/h-i686-mingw32/bin/../lib/gcc/nios2-elf/4.1.2/../../../../nios2-elf/lib\libc.a(lib_a-strcmp.o)
 .data          0x01019a54        0x0 c:/altera/12.1sp1/nios2eds/bin/gnu/h-i686-mingw32/bin/../lib/gcc/nios2-elf/4.1.2/../../../../nios2-elf/lib\libc.a(lib_a-writer.o)
 .data          0x01019a54        0x0 c:/altera/12.1sp1/nios2eds/bin/gnu/h-i686-mingw32/bin/../lib/gcc/nios2-elf/4.1.2/../../../../nios2-elf/lib\libc.a(lib_a-callocr.o)
 .data          0x01019a54        0x0 c:/altera/12.1sp1/nios2eds/bin/gnu/h-i686-mingw32/bin/../lib/gcc/nios2-elf/4.1.2/../../../../nios2-elf/lib\libc.a(lib_a-closer.o)
 .data          0x01019a54        0x0 c:/altera/12.1sp1/nios2eds/bin/gnu/h-i686-mingw32/bin/../lib/gcc/nios2-elf/4.1.2/../../../../nios2-elf/lib\libc.a(lib_a-fclose.o)
 .data          0x01019a54        0x0 c:/altera/12.1sp1/nios2eds/bin/gnu/h-i686-mingw32/bin/../lib/gcc/nios2-elf/4.1.2/../../../../nios2-elf/lib\libc.a(lib_a-fstatr.o)
 .data          0x01019a54        0x0 c:/altera/12.1sp1/nios2eds/bin/gnu/h-i686-mingw32/bin/../lib/gcc/nios2-elf/4.1.2/../../../../nios2-elf/lib\libc.a(lib_a-isattyr.o)
 .data          0x01019a54        0x0 c:/altera/12.1sp1/nios2eds/bin/gnu/h-i686-mingw32/bin/../lib/gcc/nios2-elf/4.1.2/../../../../nios2-elf/lib\libc.a(lib_a-lseekr.o)
 .data          0x01019a54        0x0 c:/altera/12.1sp1/nios2eds/bin/gnu/h-i686-mingw32/bin/../lib/gcc/nios2-elf/4.1.2/../../../../nios2-elf/lib\libc.a(lib_a-readr.o)
 .data          0x01019a54        0x0 c:/altera/12.1sp1/nios2eds/bin/gnu/h-i686-mingw32/bin/../lib/gcc/nios2-elf/4.1.2\libgcc.a(_udivdi3.o)
 .data          0x01019a54        0x0 c:/altera/12.1sp1/nios2eds/bin/gnu/h-i686-mingw32/bin/../lib/gcc/nios2-elf/4.1.2\libgcc.a(_umoddi3.o)
 .data          0x01019a54        0x0 c:/altera/12.1sp1/nios2eds/bin/gnu/h-i686-mingw32/bin/../lib/gcc/nios2-elf/4.1.2\libgcc.a(_addsub_df.o)
 .data          0x01019a54        0x0 c:/altera/12.1sp1/nios2eds/bin/gnu/h-i686-mingw32/bin/../lib/gcc/nios2-elf/4.1.2\libgcc.a(_mul_df.o)
 .data          0x01019a54        0x0 c:/altera/12.1sp1/nios2eds/bin/gnu/h-i686-mingw32/bin/../lib/gcc/nios2-elf/4.1.2\libgcc.a(_div_df.o)
 .data          0x01019a54        0x0 c:/altera/12.1sp1/nios2eds/bin/gnu/h-i686-mingw32/bin/../lib/gcc/nios2-elf/4.1.2\libgcc.a(_eq_df.o)
 .data          0x01019a54        0x0 c:/altera/12.1sp1/nios2eds/bin/gnu/h-i686-mingw32/bin/../lib/gcc/nios2-elf/4.1.2\libgcc.a(_ne_df.o)
 .data          0x01019a54        0x0 c:/altera/12.1sp1/nios2eds/bin/gnu/h-i686-mingw32/bin/../lib/gcc/nios2-elf/4.1.2\libgcc.a(_gt_df.o)
 .data          0x01019a54        0x0 c:/altera/12.1sp1/nios2eds/bin/gnu/h-i686-mingw32/bin/../lib/gcc/nios2-elf/4.1.2\libgcc.a(_ge_df.o)
 .data          0x01019a54        0x0 c:/altera/12.1sp1/nios2eds/bin/gnu/h-i686-mingw32/bin/../lib/gcc/nios2-elf/4.1.2\libgcc.a(_lt_df.o)
 .data          0x01019a54        0x0 c:/altera/12.1sp1/nios2eds/bin/gnu/h-i686-mingw32/bin/../lib/gcc/nios2-elf/4.1.2\libgcc.a(_si_to_df.o)
 .data          0x01019a54        0x0 c:/altera/12.1sp1/nios2eds/bin/gnu/h-i686-mingw32/bin/../lib/gcc/nios2-elf/4.1.2\libgcc.a(_df_to_si.o)
 .data          0x01019a54        0x0 c:/altera/12.1sp1/nios2eds/bin/gnu/h-i686-mingw32/bin/../lib/gcc/nios2-elf/4.1.2\libgcc.a(_thenan_df.o)
 .data          0x01019a54        0x0 c:/altera/12.1sp1/nios2eds/bin/gnu/h-i686-mingw32/bin/../lib/gcc/nios2-elf/4.1.2\libgcc.a(_usi_to_df.o)
 .data          0x01019a54        0x0 c:/altera/12.1sp1/nios2eds/bin/gnu/h-i686-mingw32/bin/../lib/gcc/nios2-elf/4.1.2\libgcc.a(lib2-divmod.o)
 .data          0x01019a54        0x0 c:/altera/12.1sp1/nios2eds/bin/gnu/h-i686-mingw32/bin/../lib/gcc/nios2-elf/4.1.2\libgcc.a(_muldi3.o)
 .data          0x01019a54        0x0 c:/altera/12.1sp1/nios2eds/bin/gnu/h-i686-mingw32/bin/../lib/gcc/nios2-elf/4.1.2\libgcc.a(_clz.o)
 .data          0x01019a54        0x0 c:/altera/12.1sp1/nios2eds/bin/gnu/h-i686-mingw32/bin/../lib/gcc/nios2-elf/4.1.2\libgcc.a(_clzsi2.o)
 .data          0x01019a54        0x0 c:/altera/12.1sp1/nios2eds/bin/gnu/h-i686-mingw32/bin/../lib/gcc/nios2-elf/4.1.2\libgcc.a(_pack_df.o)
 .data          0x01019a54        0x0 c:/altera/12.1sp1/nios2eds/bin/gnu/h-i686-mingw32/bin/../lib/gcc/nios2-elf/4.1.2\libgcc.a(_unpack_df.o)
 .data          0x01019a54        0x0 c:/altera/12.1sp1/nios2eds/bin/gnu/h-i686-mingw32/bin/../lib/gcc/nios2-elf/4.1.2\libgcc.a(_fpcmp_parts_df.o)
 .data          0x01019a54        0x0 ../MCTest_bsp/\libucosii_bsp.a(alt_close.o)
 .data          0x01019a54      0x1a8 ../MCTest_bsp/\libucosii_bsp.a(alt_dev.o)
                0x01019a54                alt_dev_null
                0x01019a7c                alt_fd_list
 .data          0x01019bfc        0x0 ../MCTest_bsp/\libucosii_bsp.a(alt_errno.o)
 .data          0x01019bfc        0x0 ../MCTest_bsp/\libucosii_bsp.a(alt_exit.o)
 .data          0x01019bfc        0x0 ../MCTest_bsp/\libucosii_bsp.a(alt_fstat.o)
 .data          0x01019bfc        0x0 ../MCTest_bsp/\libucosii_bsp.a(alt_getpid.o)
 .data          0x01019bfc        0x0 ../MCTest_bsp/\libucosii_bsp.a(alt_isatty.o)
 .data          0x01019bfc        0x0 ../MCTest_bsp/\libucosii_bsp.a(alt_kill.o)
 .data          0x01019bfc        0x0 ../MCTest_bsp/\libucosii_bsp.a(alt_load.o)
 .data          0x01019bfc        0x0 ../MCTest_bsp/\libucosii_bsp.a(alt_lseek.o)
 .data          0x01019bfc        0x0 ../MCTest_bsp/\libucosii_bsp.a(alt_main.o)
 .data          0x01019bfc        0x0 ../MCTest_bsp/\libucosii_bsp.a(alt_read.o)
 .data          0x01019bfc        0x0 ../MCTest_bsp/\libucosii_bsp.a(alt_release_fd.o)
 .data          0x01019bfc        0x0 ../MCTest_bsp/\libucosii_bsp.a(alt_sbrk.o)
 .data          0x01019bfc        0x0 ../MCTest_bsp/\libucosii_bsp.a(alt_write.o)
 .data          0x01019bfc        0x0 ../MCTest_bsp/\libucosii_bsp.a(alt_env_lock.o)
 .data          0x01019bfc        0x0 ../MCTest_bsp/\libucosii_bsp.a(alt_malloc_lock.o)
 .data          0x01019bfc        0x0 ../MCTest_bsp/\libucosii_bsp.a(os_core.o)
 .data          0x01019bfc        0x0 ../MCTest_bsp/\libucosii_bsp.a(os_dbg.o)
 .data          0x01019bfc        0x0 ../MCTest_bsp/\libucosii_bsp.a(os_flag.o)
 .data          0x01019bfc        0x0 ../MCTest_bsp/\libucosii_bsp.a(os_mem.o)
 .data          0x01019bfc        0x0 ../MCTest_bsp/\libucosii_bsp.a(os_q.o)
 .data          0x01019bfc        0x0 ../MCTest_bsp/\libucosii_bsp.a(os_sem.o)
 .data          0x01019bfc        0x0 ../MCTest_bsp/\libucosii_bsp.a(os_task.o)
 .data          0x01019bfc        0x0 ../MCTest_bsp/\libucosii_bsp.a(os_time.o)
 .data          0x01019bfc     0x1238 ../MCTest_bsp/\libucosii_bsp.a(alt_sys_init.o)
 .data          0x0101ae34        0x0 ../MCTest_bsp/\libucosii_bsp.a(altera_avalon_jtag_uart_fd.o)
 .data          0x0101ae34        0x0 ../MCTest_bsp/\libucosii_bsp.a(altera_avalon_jtag_uart_init.o)
 .data          0x0101ae34        0x0 ../MCTest_bsp/\libucosii_bsp.a(altera_avalon_jtag_uart_ioctl.o)
 .data          0x0101ae34        0x0 ../MCTest_bsp/\libucosii_bsp.a(altera_avalon_jtag_uart_read.o)
 .data          0x0101ae34        0x0 ../MCTest_bsp/\libucosii_bsp.a(altera_avalon_jtag_uart_write.o)
 .data          0x0101ae34        0x0 ../MCTest_bsp/\libucosii_bsp.a(altera_avalon_timer_sc.o)
 .data          0x0101ae34        0x0 ../MCTest_bsp/\libucosii_bsp.a(altera_avalon_uart_fd.o)
 .data          0x0101ae34        0x0 ../MCTest_bsp/\libucosii_bsp.a(altera_avalon_uart_init.o)
 .data          0x0101ae34        0x0 ../MCTest_bsp/\libucosii_bsp.a(altera_avalon_uart_read.o)
 .data          0x0101ae34        0x0 ../MCTest_bsp/\libucosii_bsp.a(altera_avalon_uart_write.o)
 .data          0x0101ae34        0x0 ../MCTest_bsp/\libucosii_bsp.a(altera_up_avalon_rs232.o)
 .data          0x0101ae34        0x0 ../MCTest_bsp/\libucosii_bsp.a(alt_alarm_start.o)
 .data          0x0101ae34        0x0 ../MCTest_bsp/\libucosii_bsp.a(alt_dcache_flush_all.o)
 .data          0x0101ae34        0x0 ../MCTest_bsp/\libucosii_bsp.a(alt_dev_llist_insert.o)
 .data          0x0101ae34        0x0 ../MCTest_bsp/\libucosii_bsp.a(alt_do_ctors.o)
 .data          0x0101ae34        0x0 ../MCTest_bsp/\libucosii_bsp.a(alt_do_dtors.o)
 .data          0x0101ae34        0x0 ../MCTest_bsp/\libucosii_bsp.a(alt_find_dev.o)
 .data          0x0101ae34        0x0 ../MCTest_bsp/\libucosii_bsp.a(alt_icache_flush_all.o)
 .data          0x0101ae34        0x0 ../MCTest_bsp/\libucosii_bsp.a(alt_io_redirect.o)
 .data          0x0101ae34        0x0 ../MCTest_bsp/\libucosii_bsp.a(alt_irq_register.o)
 .data          0x0101ae34        0x0 ../MCTest_bsp/\libucosii_bsp.a(alt_irq_vars.o)
 .data          0x0101ae34        0x0 ../MCTest_bsp/\libucosii_bsp.a(alt_open.o)
 .data          0x0101ae34        0x0 ../MCTest_bsp/\libucosii_bsp.a(alt_tick.o)
 .data          0x0101ae34        0x0 ../MCTest_bsp/\libucosii_bsp.a(altera_nios2_qsys_irq.o)
 .data          0x0101ae34        0x0 ../MCTest_bsp/\libucosii_bsp.a(os_cpu_a.o)
 .data          0x0101ae34        0x0 ../MCTest_bsp/\libucosii_bsp.a(os_cpu_c.o)
 .data          0x0101ae34        0x0 ../MCTest_bsp/\libucosii_bsp.a(alt_find_file.o)
 .data          0x0101ae34        0x0 ../MCTest_bsp/\libucosii_bsp.a(alt_get_fd.o)
 .data          0x0101ae34        0x0 ../MCTest_bsp/\libucosii_bsp.a(alt_icache_flush.o)
 .data          0x0101ae34        0x0 ../MCTest_bsp/\libucosii_bsp.a(alt_irq_entry.o)
 .data          0x0101ae34        0x0 ../MCTest_bsp/\libucosii_bsp.a(alt_irq_handler.o)
 .data          0x0101ae34        0x0 ../MCTest_bsp/\libucosii_bsp.a(alt_exception_entry.o)
 .data          0x0101ae34        0x0 c:/altera/12.1sp1/nios2eds/bin/gnu/h-i686-mingw32/bin/../lib/gcc/nios2-elf/4.1.2/../../../../nios2-elf/lib\libc.a(lib_a-atexit.o)
 .data          0x0101ae34        0x0 c:/altera/12.1sp1/nios2eds/bin/gnu/h-i686-mingw32/bin/../lib/gcc/nios2-elf/4.1.2/../../../../nios2-elf/lib\libc.a(lib_a-exit.o)
 .data          0x0101ae34        0x0 c:/altera/12.1sp1/nios2eds/bin/gnu/h-i686-mingw32/bin/../lib/gcc/nios2-elf/4.1.2/../../../../nios2-elf/lib\libc.a(lib_a-memcmp.o)
 .data          0x0101ae34        0x0 c:/altera/12.1sp1/nios2eds/bin/gnu/h-i686-mingw32/bin/../lib/gcc/nios2-elf/4.1.2/../../../../nios2-elf/lib\libc.a(lib_a-__atexit.o)
 .data          0x0101ae34        0x0 c:/altera/12.1sp1/nios2eds/bin/gnu/h-i686-mingw32/bin/../lib/gcc/nios2-elf/4.1.2/../../../../nios2-elf/lib\libc.a(lib_a-__call_atexit.o)
                0x01022e34                _gp = ABSOLUTE ((. + 0x8000))
                0x01022e34                PROVIDE (gp, _gp)
 *(.rwdata .rwdata.*)
 *(.sdata .sdata.* .gnu.linkonce.s.*)
 .sdata._ZTI12MotorHandler
                0x0101ae34        0x8 obj/default/MotorHandler.o
                0x0101ae34                typeinfo for MotorHandler
 .sdata         0x0101ae3c        0x4 c:/altera/12.1sp1/nios2eds/bin/gnu/h-i686-mingw32/bin/../lib/gcc/nios2-elf/4.1.2/../../../../nios2-elf/lib\libstdc++.a(eh_term_handler.o)
                0x0101ae3c                __cxxabiv1::__terminate_handler
 .sdata._ZTISt9type_info
                0x0101ae40        0x8 c:/altera/12.1sp1/nios2eds/bin/gnu/h-i686-mingw32/bin/../lib/gcc/nios2-elf/4.1.2/../../../../nios2-elf/lib\libstdc++.a(tinfo.o)
                0x0101ae40                typeinfo for std::type_info
 .sdata._ZTISt9exception
                0x0101ae48        0x8 c:/altera/12.1sp1/nios2eds/bin/gnu/h-i686-mingw32/bin/../lib/gcc/nios2-elf/4.1.2/../../../../nios2-elf/lib\libstdc++.a(eh_exception.o)
                0x0101ae48                typeinfo for std::exception
 .sdata         0x0101ae50        0x1 c:/altera/12.1sp1/nios2eds/bin/gnu/h-i686-mingw32/bin/../lib/gcc/nios2-elf/4.1.2/../../../../nios2-elf/lib\libstdc++.a(new_handler.o)
                0x0101ae50                std::nothrow
 *fill*         0x0101ae51        0x3 00
 .sdata         0x0101ae54        0x4 c:/altera/12.1sp1/nios2eds/bin/gnu/h-i686-mingw32/bin/../lib/gcc/nios2-elf/4.1.2/../../../../nios2-elf/lib\libstdc++.a(eh_unex_handler.o)
                0x0101ae54                __cxxabiv1::__unexpected_handler
 .sdata         0x0101ae58        0x8 c:/altera/12.1sp1/nios2eds/bin/gnu/h-i686-mingw32/bin/../lib/gcc/nios2-elf/4.1.2/../../../../nios2-elf/lib\libc.a(lib_a-mallocr.o)
                0x0101ae58                __malloc_trim_threshold
                0x0101ae5c                __malloc_sbrk_base
 .sdata         0x0101ae60        0x8 c:/altera/12.1sp1/nios2eds/bin/gnu/h-i686-mingw32/bin/../lib/gcc/nios2-elf/4.1.2/../../../../nios2-elf/lib\libc.a(lib_a-impure.o)
                0x0101ae60                _impure_ptr
                0x0101ae64                _global_impure_ptr
 .sdata         0x0101ae68        0x8 c:/altera/12.1sp1/nios2eds/bin/gnu/h-i686-mingw32/bin/../lib/gcc/nios2-elf/4.1.2/../../../../nios2-elf/lib\libc.a(lib_a-locale.o)
                0x0101ae68                __mb_cur_max
 .sdata         0x0101ae70       0x14 ../MCTest_bsp/\libucosii_bsp.a(alt_dev.o)
                0x0101ae70                alt_fs_list
                0x0101ae78                alt_dev_list
                0x0101ae80                alt_max_fd
 .sdata         0x0101ae84        0x4 ../MCTest_bsp/\libucosii_bsp.a(alt_errno.o)
                0x0101ae84                alt_errno
 .sdata         0x0101ae88        0x4 ../MCTest_bsp/\libucosii_bsp.a(alt_sbrk.o)
 .sdata         0x0101ae8c        0x4 ../MCTest_bsp/\libucosii_bsp.a(alt_env_lock.o)
 .sdata         0x0101ae90        0x4 ../MCTest_bsp/\libucosii_bsp.a(alt_malloc_lock.o)
 .sdata         0x0101ae94       0x74 ../MCTest_bsp/\libucosii_bsp.a(os_dbg.o)
                0x0101ae94                OSDebugEn
                0x0101ae98                OSEndiannessTest
                0x0101ae9c                OSEventEn
                0x0101ae9e                OSEventMax
                0x0101aea0                OSEventNameSize
                0x0101aea2                OSEventSize
                0x0101aea4                OSEventTblSize
                0x0101aea6                OSEventMultiEn
                0x0101aea8                OSFlagEn
                0x0101aeaa                OSFlagGrpSize
                0x0101aeac                OSFlagNodeSize
                0x0101aeae                OSFlagWidth
                0x0101aeb0                OSFlagMax
                0x0101aeb2                OSFlagNameSize
                0x0101aeb4                OSLowestPrio
                0x0101aeb6                OSMboxEn
                0x0101aeb8                OSMemEn
                0x0101aeba                OSMemMax
                0x0101aebc                OSMemNameSize
                0x0101aebe                OSMemSize
                0x0101aec0                OSMemTblSize
                0x0101aec2                OSMutexEn
                0x0101aec4                OSPtrSize
                0x0101aec6                OSQEn
                0x0101aec8                OSQMax
                0x0101aeca                OSQSize
                0x0101aecc                OSRdyTblSize
                0x0101aece                OSSemEn
                0x0101aed0                OSStkWidth
                0x0101aed2                OSTaskCreateEn
                0x0101aed4                OSTaskCreateExtEn
                0x0101aed6                OSTaskDelEn
                0x0101aed8                OSTaskIdleStkSize
                0x0101aeda                OSTaskProfileEn
                0x0101aedc                OSTaskMax
                0x0101aede                OSTaskNameSize
                0x0101aee0                OSTaskStatEn
                0x0101aee2                OSTaskStatStkSize
                0x0101aee4                OSTaskStatStkChkEn
                0x0101aee6                OSTaskSwHookEn
                0x0101aee8                OSTCBPrioTblMax
                0x0101aeea                OSTCBSize
                0x0101aeec                OSTicksPerSec
                0x0101aeee                OSTimeTickHookEn
                0x0101aef0                OSVersionNbr
                0x0101aef2                OSTmrEn
                0x0101aef4                OSTmrCfgMax
                0x0101aef6                OSTmrCfgNameSize
                0x0101aef8                OSTmrCfgWheelSize
                0x0101aefa                OSTmrCfgTicksPerSec
                0x0101aefc                OSTmrSize
                0x0101aefe                OSTmrTblSize
                0x0101af00                OSTmrWheelSize
                0x0101af02                OSTmrWheelTblSize
                0x0101af04                OSDataSize
 .sdata         0x0101af08        0x4 ../MCTest_bsp/\libucosii_bsp.a(alt_irq_vars.o)
                0x0101af08                alt_priority_mask
 .sdata         0x0101af0c        0x8 ../MCTest_bsp/\libucosii_bsp.a(alt_tick.o)
                0x0101af0c                alt_alarm_list
 *(.sdata2 .sdata2.* .gnu.linkonce.s2.*)
                0x0101af14                . = ALIGN (0x4)
                0x0101af14                _edata = ABSOLUTE (.)
                0x0101af14                PROVIDE (edata, ABSOLUTE (.))
                0x0101af14                PROVIDE (__ram_rwdata_end, ABSOLUTE (.))
                0x0101af14                PROVIDE (__flash_rwdata_start, LOADADDR (.rwdata))

.bss            0x0101cbe8     0x9da0
                0x0101cbe8                __bss_start = ABSOLUTE (.)
                0x0101cbe8                PROVIDE (__sbss_start, ABSOLUTE (.))
                0x0101cbe8                PROVIDE (___sbss_start, ABSOLUTE (.))
 *(.dynsbss)
 *(.sbss .sbss.* .gnu.linkonce.sb.*)
 .sbss          0x0101cbe8        0x8 obj/default/main.o
                0x0101cbe8                motorHandler
                0x0101cbec                ir_queue
 .sbss          0x0101cbf0        0x4 c:/altera/12.1sp1/nios2eds/bin/gnu/h-i686-mingw32/bin/../lib/gcc/nios2-elf/4.1.2/../../../../nios2-elf/lib\libstdc++.a(eh_alloc.o)
 .sbss          0x0101cbf4        0x4 c:/altera/12.1sp1/nios2eds/bin/gnu/h-i686-mingw32/bin/../lib/gcc/nios2-elf/4.1.2/../../../../nios2-elf/lib\libstdc++.a(new_handler.o)
                0x0101cbf4                __new_handler
 .sbss          0x0101cbf8        0x8 c:/altera/12.1sp1/nios2eds/bin/gnu/h-i686-mingw32/bin/../lib/gcc/nios2-elf/4.1.2/../../../../nios2-elf/lib\libstdc++.a(eh_globals.o)
 .sbss          0x0101cc00        0x4 c:/altera/12.1sp1/nios2eds/bin/gnu/h-i686-mingw32/bin/../lib/gcc/nios2-elf/4.1.2\libgcc.a(unwind-sjlj.o)
 .sbss          0x0101cc04        0xc c:/altera/12.1sp1/nios2eds/bin/gnu/h-i686-mingw32/bin/../lib/gcc/nios2-elf/4.1.2/../../../../nios2-elf/lib\libc.a(lib_a-mallocr.o)
                0x0101cc04                __malloc_top_pad
                0x0101cc08                __malloc_max_sbrked_mem
                0x0101cc0c                __malloc_max_total_mem
 .sbss          0x0101cc10        0x4 c:/altera/12.1sp1/nios2eds/bin/gnu/h-i686-mingw32/bin/../lib/gcc/nios2-elf/4.1.2/../../../../nios2-elf/lib\libc.a(lib_a-int_errno.o)
                0x0101cc10                errno
 .sbss          0x0101cc14        0xc c:/altera/12.1sp1/nios2eds/bin/gnu/h-i686-mingw32/bin/../lib/gcc/nios2-elf/4.1.2/../../../../nios2-elf/lib\libc.a(lib_a-locale.o)
                0x0101cc14                __nlocale_changed
                0x0101cc18                __mlocale_changed
                0x0101cc1c                _PathLocale
 .sbss          0x0101cc20        0x4 ../MCTest_bsp/\libucosii_bsp.a(alt_dev.o)
                0x0101cc20                alt_fd_list_lock
 .sbss          0x0101cc24        0xc ../MCTest_bsp/\libucosii_bsp.a(alt_main.o)
                0x0101cc24                alt_argc
                0x0101cc28                alt_argv
                0x0101cc2c                alt_envp
 .sbss          0x0101cc30        0x8 ../MCTest_bsp/\libucosii_bsp.a(alt_env_lock.o)
                0x0101cc34                alt_envsem
 .sbss          0x0101cc38        0x8 ../MCTest_bsp/\libucosii_bsp.a(alt_malloc_lock.o)
                0x0101cc3c                alt_heapsem
 .sbss          0x0101cc40       0x50 ../MCTest_bsp/\libucosii_bsp.a(os_core.o)
                0x0101cc40                OSLockNesting
                0x0101cc41                OSRunning
                0x0101cc44                OSIdleCtr
                0x0101cc48                OSPrioHighRdy
                0x0101cc49                OSPrioCur
                0x0101cc4c                OSTCBList
                0x0101cc50                OSTickStepState
                0x0101cc54                OSCtxSwCtr
                0x0101cc58                OSIdleCtrMax
                0x0101cc5c                OSTCBFreeList
                0x0101cc60                OSCPUUsage
                0x0101cc61                OSTaskCtr
                0x0101cc64                OSMemFreeList
                0x0101cc68                OSTCBHighRdy
                0x0101cc6c                OSQFreeList
                0x0101cc70                OSRdyGrp
                0x0101cc71                OSRdyTbl
                0x0101cc74                OSEventFreeList
                0x0101cc78                OSIntNesting
                0x0101cc7c                OSTCBCur
                0x0101cc80                OSTime
                0x0101cc84                OSFlagFreeList
                0x0101cc88                OSStatRdy
                0x0101cc8c                OSIdleCtrRun
 .sbss          0x0101cc90        0x4 ../MCTest_bsp/\libucosii_bsp.a(alt_irq_vars.o)
                0x0101cc90                alt_irq_active
 .sbss          0x0101cc94        0x8 ../MCTest_bsp/\libucosii_bsp.a(alt_tick.o)
                0x0101cc94                _alt_tick_rate
                0x0101cc98                _alt_nticks
 *(.sbss2 .sbss2.* .gnu.linkonce.sb2.*)
 *(.scommon)
                0x0101cc9c                PROVIDE (__sbss_end, ABSOLUTE (.))
                0x0101cc9c                PROVIDE (___sbss_end, ABSOLUTE (.))
 *(.dynbss)
 *(.bss .bss.* .gnu.linkonce.b.*)
 .bss           0x0101cc9c        0x0 ../MCTest_bsp//obj/HAL/src/crt0.o
 .bss           0x0101cc9c        0x0 obj/default/MotorHandler.o
 .bss           0x0101cc9c     0x6010 obj/default/main.o
                0x0101cc9c                ir_task_stk
                0x0101ec9c                wifi_task_stk
                0x01020c9c                mc_task_stk
                0x01022c9c                ir_messages
 .bss           0x01022cac        0x0 c:/altera/12.1sp1/nios2eds/bin/gnu/h-i686-mingw32/bin/../lib/gcc/nios2-elf/4.1.2/../../../../nios2-elf/lib\libstdc++.a(class_type_info.o)
 .bss           0x01022cac        0x0 c:/altera/12.1sp1/nios2eds/bin/gnu/h-i686-mingw32/bin/../lib/gcc/nios2-elf/4.1.2/../../../../nios2-elf/lib\libstdc++.a(eh_personality.o)
 .bss           0x01022cac        0x0 c:/altera/12.1sp1/nios2eds/bin/gnu/h-i686-mingw32/bin/../lib/gcc/nios2-elf/4.1.2/../../../../nios2-elf/lib\libstdc++.a(eh_terminate.o)
 .bss           0x01022cac        0x0 c:/altera/12.1sp1/nios2eds/bin/gnu/h-i686-mingw32/bin/../lib/gcc/nios2-elf/4.1.2/../../../../nios2-elf/lib\libstdc++.a(eh_term_handler.o)
 .bss           0x01022cac        0x0 c:/altera/12.1sp1/nios2eds/bin/gnu/h-i686-mingw32/bin/../lib/gcc/nios2-elf/4.1.2/../../../../nios2-elf/lib\libstdc++.a(eh_catch.o)
 .bss           0x01022cac        0x0 c:/altera/12.1sp1/nios2eds/bin/gnu/h-i686-mingw32/bin/../lib/gcc/nios2-elf/4.1.2/../../../../nios2-elf/lib\libstdc++.a(del_op.o)
 .bss           0x01022cac        0x0 c:/altera/12.1sp1/nios2eds/bin/gnu/h-i686-mingw32/bin/../lib/gcc/nios2-elf/4.1.2/../../../../nios2-elf/lib\libstdc++.a(eh_throw.o)
 .bss           0x01022cac        0x0 c:/altera/12.1sp1/nios2eds/bin/gnu/h-i686-mingw32/bin/../lib/gcc/nios2-elf/4.1.2/../../../../nios2-elf/lib\libstdc++.a(si_class_type_info.o)
 .bss           0x01022cac        0x0 c:/altera/12.1sp1/nios2eds/bin/gnu/h-i686-mingw32/bin/../lib/gcc/nios2-elf/4.1.2/../../../../nios2-elf/lib\libstdc++.a(tinfo.o)
 .bss           0x01022cac      0x800 c:/altera/12.1sp1/nios2eds/bin/gnu/h-i686-mingw32/bin/../lib/gcc/nios2-elf/4.1.2/../../../../nios2-elf/lib\libstdc++.a(eh_alloc.o)
 .bss           0x010234ac        0x0 c:/altera/12.1sp1/nios2eds/bin/gnu/h-i686-mingw32/bin/../lib/gcc/nios2-elf/4.1.2/../../../../nios2-elf/lib\libstdc++.a(new_op.o)
 .bss           0x010234ac        0x0 c:/altera/12.1sp1/nios2eds/bin/gnu/h-i686-mingw32/bin/../lib/gcc/nios2-elf/4.1.2/../../../../nios2-elf/lib\libstdc++.a(eh_exception.o)
 .bss           0x010234ac        0x0 c:/altera/12.1sp1/nios2eds/bin/gnu/h-i686-mingw32/bin/../lib/gcc/nios2-elf/4.1.2/../../../../nios2-elf/lib\libstdc++.a(eh_call.o)
 .bss           0x010234ac        0x0 c:/altera/12.1sp1/nios2eds/bin/gnu/h-i686-mingw32/bin/../lib/gcc/nios2-elf/4.1.2/../../../../nios2-elf/lib\libstdc++.a(new_handler.o)
 .bss           0x010234ac        0x0 c:/altera/12.1sp1/nios2eds/bin/gnu/h-i686-mingw32/bin/../lib/gcc/nios2-elf/4.1.2/../../../../nios2-elf/lib\libstdc++.a(eh_globals.o)
 .bss           0x010234ac        0x0 c:/altera/12.1sp1/nios2eds/bin/gnu/h-i686-mingw32/bin/../lib/gcc/nios2-elf/4.1.2/../../../../nios2-elf/lib\libstdc++.a(eh_unex_handler.o)
 .bss           0x010234ac        0x0 c:/altera/12.1sp1/nios2eds/bin/gnu/h-i686-mingw32/bin/../lib/gcc/nios2-elf/4.1.2\libgcc.a(unwind-sjlj.o)
 .bss           0x010234ac        0x0 c:/altera/12.1sp1/nios2eds/bin/gnu/h-i686-mingw32/bin/../lib/gcc/nios2-elf/4.1.2/../../../../nios2-elf/lib\libc.a(lib_a-abort.o)
 .bss           0x010234ac        0x0 c:/altera/12.1sp1/nios2eds/bin/gnu/h-i686-mingw32/bin/../lib/gcc/nios2-elf/4.1.2/../../../../nios2-elf/lib\libc.a(lib_a-malloc.o)
 .bss           0x010234ac       0x28 c:/altera/12.1sp1/nios2eds/bin/gnu/h-i686-mingw32/bin/../lib/gcc/nios2-elf/4.1.2/../../../../nios2-elf/lib\libc.a(lib_a-mallocr.o)
                0x010234ac                __malloc_current_mallinfo
 .bss           0x010234d4        0x0 c:/altera/12.1sp1/nios2eds/bin/gnu/h-i686-mingw32/bin/../lib/gcc/nios2-elf/4.1.2/../../../../nios2-elf/lib\libc.a(lib_a-memset.o)
 .bss           0x010234d4        0x0 c:/altera/12.1sp1/nios2eds/bin/gnu/h-i686-mingw32/bin/../lib/gcc/nios2-elf/4.1.2/../../../../nios2-elf/lib\libc.a(lib_a-printf.o)
 .bss           0x010234d4        0x0 c:/altera/12.1sp1/nios2eds/bin/gnu/h-i686-mingw32/bin/../lib/gcc/nios2-elf/4.1.2/../../../../nios2-elf/lib\libc.a(lib_a-puts.o)
 .bss           0x010234d4        0x0 c:/altera/12.1sp1/nios2eds/bin/gnu/h-i686-mingw32/bin/../lib/gcc/nios2-elf/4.1.2/../../../../nios2-elf/lib\libc.a(lib_a-sbrkr.o)
 .bss           0x010234d4        0x0 c:/altera/12.1sp1/nios2eds/bin/gnu/h-i686-mingw32/bin/../lib/gcc/nios2-elf/4.1.2/../../../../nios2-elf/lib\libc.a(lib_a-signal.o)
 .bss           0x010234d4        0x0 c:/altera/12.1sp1/nios2eds/bin/gnu/h-i686-mingw32/bin/../lib/gcc/nios2-elf/4.1.2/../../../../nios2-elf/lib\libc.a(lib_a-signalr.o)
 .bss           0x010234d4        0x0 c:/altera/12.1sp1/nios2eds/bin/gnu/h-i686-mingw32/bin/../lib/gcc/nios2-elf/4.1.2/../../../../nios2-elf/lib\libc.a(lib_a-strlen.o)
 .bss           0x010234d4        0x0 c:/altera/12.1sp1/nios2eds/bin/gnu/h-i686-mingw32/bin/../lib/gcc/nios2-elf/4.1.2/../../../../nios2-elf/lib\libc.a(lib_a-vfprintf.o)
 .bss           0x010234d4        0x0 c:/altera/12.1sp1/nios2eds/bin/gnu/h-i686-mingw32/bin/../lib/gcc/nios2-elf/4.1.2/../../../../nios2-elf/lib\libc.a(lib_a-wsetup.o)
 .bss           0x010234d4        0x0 c:/altera/12.1sp1/nios2eds/bin/gnu/h-i686-mingw32/bin/../lib/gcc/nios2-elf/4.1.2/../../../../nios2-elf/lib\libc.a(lib_a-dtoa.o)
 .bss           0x010234d4        0x0 c:/altera/12.1sp1/nios2eds/bin/gnu/h-i686-mingw32/bin/../lib/gcc/nios2-elf/4.1.2/../../../../nios2-elf/lib\libc.a(lib_a-fflush.o)
 .bss           0x010234d4        0x0 c:/altera/12.1sp1/nios2eds/bin/gnu/h-i686-mingw32/bin/../lib/gcc/nios2-elf/4.1.2/../../../../nios2-elf/lib\libc.a(lib_a-findfp.o)
 .bss           0x010234d4        0x0 c:/altera/12.1sp1/nios2eds/bin/gnu/h-i686-mingw32/bin/../lib/gcc/nios2-elf/4.1.2/../../../../nios2-elf/lib\libc.a(lib_a-freer.o)
 .bss           0x010234d4        0x0 c:/altera/12.1sp1/nios2eds/bin/gnu/h-i686-mingw32/bin/../lib/gcc/nios2-elf/4.1.2/../../../../nios2-elf/lib\libc.a(lib_a-fvwrite.o)
 .bss           0x010234d4        0x0 c:/altera/12.1sp1/nios2eds/bin/gnu/h-i686-mingw32/bin/../lib/gcc/nios2-elf/4.1.2/../../../../nios2-elf/lib\libc.a(lib_a-fwalk.o)
 .bss           0x010234d4        0x0 c:/altera/12.1sp1/nios2eds/bin/gnu/h-i686-mingw32/bin/../lib/gcc/nios2-elf/4.1.2/../../../../nios2-elf/lib\libc.a(lib_a-impure.o)
 .bss           0x010234d4        0x0 c:/altera/12.1sp1/nios2eds/bin/gnu/h-i686-mingw32/bin/../lib/gcc/nios2-elf/4.1.2/../../../../nios2-elf/lib\libc.a(lib_a-int_errno.o)
 .bss           0x010234d4        0x0 c:/altera/12.1sp1/nios2eds/bin/gnu/h-i686-mingw32/bin/../lib/gcc/nios2-elf/4.1.2/../../../../nios2-elf/lib\libc.a(lib_a-locale.o)
 .bss           0x010234d4        0x0 c:/altera/12.1sp1/nios2eds/bin/gnu/h-i686-mingw32/bin/../lib/gcc/nios2-elf/4.1.2/../../../../nios2-elf/lib\libc.a(lib_a-makebuf.o)