------------------------------------------------------------
TimeQuest Timing Analyzer Summary
------------------------------------------------------------

Type  : Slow 1200mV 85C Model Setup 'inst_pll_sys|altpll_component|auto_generated|pll1|clk[0]'
Slack : 2.020
TNS   : 0.000

Type  : Slow 1200mV 85C Model Setup 'inst_pll_sys|altpll_component|auto_generated|pll1|clk[2]'
Slack : 97.388
TNS   : 0.000

Type  : Slow 1200mV 85C Model Hold 'inst_pll_sys|altpll_component|auto_generated|pll1|clk[0]'
Slack : 0.228
TNS   : 0.000

Type  : Slow 1200mV 85C Model Hold 'inst_pll_sys|altpll_component|auto_generated|pll1|clk[2]'
Slack : 0.361
TNS   : 0.000

Type  : Slow 1200mV 85C Model Recovery 'inst_pll_sys|altpll_component|auto_generated|pll1|clk[0]'
Slack : 1.948
TNS   : 0.000

Type  : Slow 1200mV 85C Model Removal 'inst_pll_sys|altpll_component|auto_generated|pll1|clk[0]'
Slack : 2.209
TNS   : 0.000

Type  : Slow 1200mV 85C Model Minimum Pulse Width 'inst_pll_sys|altpll_component|auto_generated|pll1|clk[0]'
Slack : 4.693
TNS   : 0.000

Type  : Slow 1200mV 85C Model Minimum Pulse Width 'CLOCK_50'
Slack : 9.835
TNS   : 0.000

Type  : Slow 1200mV 85C Model Minimum Pulse Width 'altera_reserved_tck'
Slack : 49.624
TNS   : 0.000

Type  : Slow 1200mV 85C Model Minimum Pulse Width 'inst_pll_sys|altpll_component|auto_generated|pll1|clk[2]'
Slack : 49.747
TNS   : 0.000

Type  : Slow 1200mV 0C Model Setup 'inst_pll_sys|altpll_component|auto_generated|pll1|clk[0]'
Slack : 2.319
TNS   : 0.000

Type  : Slow 1200mV 0C Model Setup 'inst_pll_sys|altpll_component|auto_generated|pll1|clk[2]'
Slack : 97.707
TNS   : 0.000

Type  : Slow 1200mV 0C Model Hold 'inst_pll_sys|altpll_component|auto_generated|pll1|clk[0]'
Slack : 0.224
TNS   : 0.000

Type  : Slow 1200mV 0C Model Hold 'inst_pll_sys|altpll_component|auto_generated|pll1|clk[2]'
Slack : 0.320
TNS   : 0.000

Type  : Slow 1200mV 0C Model Recovery 'inst_pll_sys|altpll_component|auto_generated|pll1|clk[0]'
Slack : 2.259
TNS   : 0.000

Type  : Slow 1200mV 0C Model Removal 'inst_pll_sys|altpll_component|auto_generated|pll1|clk[0]'
Slack : 1.967
TNS   : 0.000

Type  : Slow 1200mV 0C Model Minimum Pulse Width 'inst_pll_sys|altpll_component|auto_generated|pll1|clk[0]'
Slack : 4.718
TNS   : 0.000

Type  : Slow 1200mV 0C Model Minimum Pulse Width 'CLOCK_50'
Slack : 9.818
TNS   : 0.000

Type  : Slow 1200mV 0C Model Minimum Pulse Width 'altera_reserved_tck'
Slack : 49.601
TNS   : 0.000

Type  : Slow 1200mV 0C Model Minimum Pulse Width 'inst_pll_sys|altpll_component|auto_generated|pll1|clk[2]'
Slack : 49.744
TNS   : 0.000

Type  : Fast 1200mV 0C Model Setup 'inst_pll_sys|altpll_component|auto_generated|pll1|clk[0]'
Slack : 3.265
TNS   : 0.000

Type  : Fast 1200mV 0C Model Setup 'inst_pll_sys|altpll_component|auto_generated|pll1|clk[2]'
Slack : 98.512
TNS   : 0.000

Type  : Fast 1200mV 0C Model Hold 'inst_pll_sys|altpll_component|auto_generated|pll1|clk[0]'
Slack : 0.099
TNS   : 0.000

Type  : Fast 1200mV 0C Model Hold 'inst_pll_sys|altpll_component|auto_generated|pll1|clk[2]'
Slack : 0.193
TNS   : 0.000

Type  : Fast 1200mV 0C Model Recovery 'inst_pll_sys|altpll_component|auto_generated|pll1|clk[0]'
Slack : 3.217
TNS   : 0.000

Type  : Fast 1200mV 0C Model Removal 'inst_pll_sys|altpll_component|auto_generated|pll1|clk[0]'
Slack : 1.268
TNS   : 0.000

Type  : Fast 1200mV 0C Model Minimum Pulse Width 'inst_pll_sys|altpll_component|auto_generated|pll1|clk[0]'
Slack : 4.749
TNS   : 0.000

Type  : Fast 1200mV 0C Model Minimum Pulse Width 'CLOCK_50'
Slack : 9.587
TNS   : 0.000

Type  : Fast 1200mV 0C Model Minimum Pulse Width 'altera_reserved_tck'
Slack : 49.482
TNS   : 0.000

Type  : Fast 1200mV 0C Model Minimum Pulse Width 'inst_pll_sys|altpll_component|auto_generated|pll1|clk[2]'
Slack : 49.782
TNS   : 0.000

------------------------------------------------------------
