Info: Starting: Create block symbol file (.bsf)
Info: ip-generate --project-directory=C:/Users/kigunda/Documents/Ece492/Repository/de0_nano_fpga_100_final/ --output-directory=C:/Users/kigunda/Documents/Ece492/Repository/de0_nano_fpga_100_final/system/ --report-file=bsf:C:/Users/kigunda/Documents/Ece492/Repository/de0_nano_fpga_100_final/system.bsf --system-info=DEVICE_FAMILY="Cyclone IV E" --system-info=DEVICE=EP4CE22F17C6 --system-info=DEVICE_SPEEDGRADE=6 --component-file=C:/Users/kigunda/Documents/Ece492/Repository/de0_nano_fpga_100_final/system.qsys
Progress: Loading de0_nano_fpga_100_final/system.qsys
Progress: Reading input file
Progress: Adding clk_sys [clock_source 12.1]
Progress: Parameterizing module clk_sys
Progress: Adding cpu [altera_nios2_qsys 12.1]
Progress: Parameterizing module cpu
Progress: Adding sysid [altera_avalon_sysid_qsys 12.1]
Progress: Parameterizing module sysid
Progress: Adding sdram [altera_avalon_new_sdram_controller 12.1]
Progress: Parameterizing module sdram
Progress: Adding epcs_flash_controller [altera_avalon_epcs_flash_controller 12.1]
Progress: Parameterizing module epcs_flash_controller
Progress: Adding sys_clk_timer [altera_avalon_timer 12.1]
Progress: Parameterizing module sys_clk_timer
Progress: Adding uart_wifi [altera_avalon_uart 12.1]
Progress: Parameterizing module uart_wifi
Progress: Adding pio_led_green [altera_avalon_pio 12.1]
Progress: Parameterizing module pio_led_green
Progress: Adding pio_key [altera_avalon_pio 12.1]
Progress: Parameterizing module pio_key
Progress: Adding pio_sw [altera_avalon_pio 12.1]
Progress: Parameterizing module pio_sw
Progress: Adding dm9000e [dm9000e 1.2]
Progress: Parameterizing module dm9000e
Progress: Adding spi_0 [altera_avalon_spi 12.1]
Progress: Parameterizing module spi_0
Progress: Adding pio_vscodec [altera_avalon_pio 12.1]
Progress: Parameterizing module pio_vscodec
Progress: Adding pio_int3 [altera_avalon_pio 12.1]
Progress: Parameterizing module pio_int3
Progress: Adding jtag_uart_0 [altera_avalon_jtag_uart 12.1]
Progress: Parameterizing module jtag_uart_0
Progress: Building connections
Progress: Parameterizing connections
Progress: Validating
Progress: Done reading input file
Info: system.sysid: System ID is not assigned automatically. Edit the System ID parameter to provide a unique ID
Info: system.sysid: Time stamp will be automatically updated when this component is generated.
Info: ip-generate succeeded.
Info: Finished: Create block symbol file (.bsf)
Info: 
Info: Starting: Create HDL design files for synthesis
Info: ip-generate --project-directory=C:/Users/kigunda/Documents/Ece492/Repository/de0_nano_fpga_100_final/ --output-directory=C:/Users/kigunda/Documents/Ece492/Repository/de0_nano_fpga_100_final/system/synthesis/ --file-set=QUARTUS_SYNTH --report-file=sopcinfo:C:/Users/kigunda/Documents/Ece492/Repository/de0_nano_fpga_100_final/system.sopcinfo --report-file=html:C:/Users/kigunda/Documents/Ece492/Repository/de0_nano_fpga_100_final/system.html --report-file=qip:C:/Users/kigunda/Documents/Ece492/Repository/de0_nano_fpga_100_final/system/synthesis/system.qip --report-file=cmp:C:/Users/kigunda/Documents/Ece492/Repository/de0_nano_fpga_100_final/system.cmp --system-info=DEVICE_FAMILY="Cyclone IV E" --system-info=DEVICE=EP4CE22F17C6 --system-info=DEVICE_SPEEDGRADE=6 --component-file=C:/Users/kigunda/Documents/Ece492/Repository/de0_nano_fpga_100_final/system.qsys
Progress: Loading de0_nano_fpga_100_final/system.qsys
Progress: Reading input file
Progress: Adding clk_sys [clock_source 12.1]
Progress: Parameterizing module clk_sys
Progress: Adding cpu [altera_nios2_qsys 12.1]
Progress: Parameterizing module cpu
Progress: Adding sysid [altera_avalon_sysid_qsys 12.1]
Progress: Parameterizing module sysid
Progress: Adding sdram [altera_avalon_new_sdram_controller 12.1]
Progress: Parameterizing module sdram
Progress: Adding epcs_flash_controller [altera_avalon_epcs_flash_controller 12.1]
Progress: Parameterizing module epcs_flash_controller
Progress: Adding sys_clk_timer [altera_avalon_timer 12.1]
Progress: Parameterizing module sys_clk_timer
Progress: Adding uart_wifi [altera_avalon_uart 12.1]
Progress: Parameterizing module uart_wifi
Progress: Adding pio_led_green [altera_avalon_pio 12.1]
Progress: Parameterizing module pio_led_green
Progress: Adding pio_key [altera_avalon_pio 12.1]
Progress: Parameterizing module pio_key
Progress: Adding pio_sw [altera_avalon_pio 12.1]
Progress: Parameterizing module pio_sw
Progress: Adding dm9000e [dm9000e 1.2]
Progress: Parameterizing module dm9000e
Progress: Adding spi_0 [altera_avalon_spi 12.1]
Progress: Parameterizing module spi_0
Progress: Adding pio_vscodec [altera_avalon_pio 12.1]
Progress: Parameterizing module pio_vscodec
Progress: Adding pio_int3 [altera_avalon_pio 12.1]
Progress: Parameterizing module pio_int3
Progress: Adding jtag_uart_0 [altera_avalon_jtag_uart 12.1]
Progress: Parameterizing module jtag_uart_0
Progress: Building connections
Progress: Parameterizing connections
Progress: Validating
Progress: Done reading input file
Info: system.sysid: System ID is not assigned automatically. Edit the System ID parameter to provide a unique ID
Info: system.sysid: Time stamp will be automatically updated when this component is generated.
Info: system: Generating system "system" for QUARTUS_SYNTH
Info: pipeline_bridge_swap_transform: After transform: 15 modules, 65 connections
Info: No custom instruction connections, skipping transform 
Info: merlin_translator_transform: After transform: 31 modules, 129 connections
Info: merlin_domain_transform: After transform: 62 modules, 341 connections
Info: merlin_router_transform: After transform: 78 modules, 405 connections
Info: merlin_traffic_limiter_transform: After transform: 80 modules, 415 connections
Info: merlin_burst_transform: After transform: 81 modules, 419 connections
Info: reset_adaptation_transform: After transform: 82 modules, 327 connections
Info: merlin_network_to_switch_transform: After transform: 113 modules, 391 connections
Info: merlin_width_transform: After transform: 115 modules, 397 connections
Info: limiter_update_transform: After transform: 115 modules, 399 connections
Info: merlin_interrupt_mapper_transform: After transform: 116 modules, 402 connections
Warning: system: "No matching role found for epcs_flash_controller:epcs_control_port:endofpacket (endofpacket)"
Warning: system: "No matching role found for epcs_flash_controller:epcs_control_port:dataavailable (dataavailable)"
Warning: system: "No matching role found for epcs_flash_controller:epcs_control_port:readyfordata (readyfordata)"
Warning: system: "No matching role found for uart_wifi:s1:dataavailable (dataavailable)"
Warning: system: "No matching role found for uart_wifi:s1:readyfordata (readyfordata)"
Info: cpu: Starting RTL generation for module 'system_cpu'
Info: cpu:   Generation command is [exec C:/altera/12.1sp1/quartus/../ip/altera/nios2_ip/altera_nios2/eperl.exe -I C:/altera/12.1sp1/quartus/common/ip/altera/common/perl/5.8.3 -I C:/altera/12.1sp1/quartus/sopc_builder/bin/europa -I C:/altera/12.1sp1/quartus/sopc_builder/bin/perl_lib -I C:/altera/12.1sp1/quartus/sopc_builder/bin -I C:/altera/12.1sp1/quartus/../ip/altera/nios2_ip/altera_nios2/cpu_lib -I C:/altera/12.1sp1/quartus/../ip/altera/nios2_ip/altera_nios2/nios_lib -I C:/altera/12.1sp1/quartus/../ip/altera/nios2_ip/altera_nios2 -I C:/altera/12.1sp1/quartus/../ip/altera/nios2_ip/altera_nios2 -- C:/altera/12.1sp1/quartus/../ip/altera/nios2_ip/altera_nios2/generate_rtl.epl --name=system_cpu --dir=C:/Users/kigunda/AppData/Local/Temp/alt6135_3076024530338618228.dir/0002_cpu_gen/ --quartus_dir=C:/altera/12.1sp1/quartus --verilog --config=C:/Users/kigunda/AppData/Local/Temp/alt6135_3076024530338618228.dir/0002_cpu_gen//system_cpu_processor_configuration.pl  --do_build_sim=0    --bogus  ]
Info: cpu: # 2014.03.06 15:30:01 (*) Starting Nios II generation
Info: cpu: # 2014.03.06 15:30:01 (*)   Checking for plaintext license.
Info: cpu: # 2014.03.06 15:30:01 (*)   Couldn't query license setup in Quartus directory C:/altera/12.1sp1/quartus
Info: cpu: # 2014.03.06 15:30:01 (*)   Defaulting to contents of LM_LICENSE_FILE environment variable
Info: cpu: # 2014.03.06 15:30:01 (*)   Plaintext license not found.
Info: cpu: # 2014.03.06 15:30:01 (*)   Checking for encrypted license (non-evaluation).
Info: cpu: # 2014.03.06 15:30:01 (*)   Couldn't query license setup in Quartus directory C:/altera/12.1sp1/quartus
Info: cpu: # 2014.03.06 15:30:01 (*)   Defaulting to contents of LM_LICENSE_FILE environment variable
Info: cpu: # 2014.03.06 15:30:02 (*)   Encrypted license found.  SOF will not be time-limited.
Info: cpu: # 2014.03.06 15:30:02 (*)   Elaborating CPU configuration settings
Info: cpu: # 2014.03.06 15:30:02 (*)   Creating all objects for CPU
Info: cpu: # 2014.03.06 15:30:02 (*)     Testbench
Info: cpu: # 2014.03.06 15:30:02 (*)     Instruction decoding
Info: cpu: # 2014.03.06 15:30:02 (*)       Instruction fields
Info: cpu: # 2014.03.06 15:30:02 (*)       Instruction decodes
Info: cpu: # 2014.03.06 15:30:03 (*)       Signals for RTL simulation waveforms
Info: cpu: # 2014.03.06 15:30:03 (*)       Instruction controls
Info: cpu: # 2014.03.06 15:30:03 (*)     Pipeline frontend
Info: cpu: # 2014.03.06 15:30:03 (*)     Pipeline backend
Info: cpu: # 2014.03.06 15:30:05 (*)   Generating RTL from CPU objects
Info: cpu: # 2014.03.06 15:30:09 (*)   Creating encrypted RTL
Info: cpu: # 2014.03.06 15:30:10 (*) Done Nios II generation
Info: cpu: Done RTL generation for module 'system_cpu'
Info: cpu: "system" instantiated altera_nios2_qsys "cpu"
Info: sysid: "system" instantiated altera_avalon_sysid_qsys "sysid"
Info: Starting classic module elaboration.
"c:/altera/12.1sp1/quartus/bin/jre/bin/java.exe" -Xmx512M -classpath "c:/altera/12.1sp1/quartus/sopc_builder/bin/sopc_builder.jar;c:/altera/12.1sp1/quartus/sopc_builder/bin/PinAssigner.jar;c:/altera/12.1sp1/quartus/sopc_builder/bin/sopc_wizard.jar;c:/altera/12.1sp1/quartus/sopc_builder/bin/jptf.jar" sopc_builder.sopc_builder  -d"c:/altera/12.1sp1/quartus/sopc_builder" -notalkback=1 -projectnameyysystem.qpf -projectpathC:/Users/kigunda/AppData/Local/Temp/alt6135_3076024530338618228.dir/0004_sopclgen  --no_splash --refresh C:/Users/kigunda/AppData/Local/Temp/alt6135_3076024530338618228.dir/0004_sopclgen/yysystem.v --quartus_dir="c:/altera/12.1sp1/quartus" --sopc_perl="c:/altera/12.1sp1/quartus/bin/perl" --sopc_lib_path="++c:/altera/12.1sp1/quartus/../ip/altera/sopc_builder_ip+c:/altera/12.1sp1/quartus/../ip/altera/nios2_ip"
Info: Finished elaborating classic module.
Executing: C:/altera/12.1sp1/quartus//sopc_builder/bin/sopc_builder --classic --generate C:/Users/kigunda/AppData/Local/Temp/alt6135_3076024530338618228.dir/0004_sopclgen/yysystem.ptf
Info: Running sopc_builder...
"c:/altera/12.1sp1/quartus/bin/jre/bin/java.exe" -Xmx512M -classpath "c:/altera/12.1sp1/quartus/sopc_builder/bin/sopc_builder.jar;c:/altera/12.1sp1/quartus/sopc_builder/bin/PinAssigner.jar;c:/altera/12.1sp1/quartus/sopc_builder/bin/sopc_wizard.jar;c:/altera/12.1sp1/quartus/sopc_builder/bin/jptf.jar" sopc_builder.sopc_builder  -d"c:/altera/12.1sp1/quartus/sopc_builder" -notalkback=1 -projectnameyysystem.qpf -projectpathC:/Users/kigunda/AppData/Local/Temp/alt6135_3076024530338618228.dir/0004_sopclgen  --generate C:/Users/kigunda/AppData/Local/Temp/alt6135_3076024530338618228.dir/0004_sopclgen/yysystem.v --quartus_dir="c:/altera/12.1sp1/quartus" --sopc_perl="c:/altera/12.1sp1/quartus/bin/perl" --sopc_lib_path="++c:/altera/12.1sp1/quartus/../ip/altera/sopc_builder_ip+c:/altera/12.1sp1/quartus/../ip/altera/nios2_ip"
No .sopc_builder configuration file(!)
.
.
# 2014.03.06 15:30:14 (*) Running Test Generator Program for system_sdram
# 2014.03.06 15:30:15 (*) Success: sopc_builder finished.
Info: sdram: "system" instantiated altera_avalon_new_sdram_controller "sdram"
Info: Starting classic module elaboration.
"c:/altera/12.1sp1/quartus/bin/jre/bin/java.exe" -Xmx512M -classpath "c:/altera/12.1sp1/quartus/sopc_builder/bin/sopc_builder.jar;c:/altera/12.1sp1/quartus/sopc_builder/bin/PinAssigner.jar;c:/altera/12.1sp1/quartus/sopc_builder/bin/sopc_wizard.jar;c:/altera/12.1sp1/quartus/sopc_builder/bin/jptf.jar" sopc_builder.sopc_builder  -d"c:/altera/12.1sp1/quartus/sopc_builder" -notalkback=1 -projectnameyysystem.qpf -projectpathC:/Users/kigunda/AppData/Local/Temp/alt6135_3076024530338618228.dir/0005_sopclgen  --no_splash --refresh C:/Users/kigunda/AppData/Local/Temp/alt6135_3076024530338618228.dir/0005_sopclgen/yysystem.v --quartus_dir="c:/altera/12.1sp1/quartus" --sopc_perl="c:/altera/12.1sp1/quartus/bin/perl" --sopc_lib_path="++c:/altera/12.1sp1/quartus/../ip/altera/sopc_builder_ip+c:/altera/12.1sp1/quartus/../ip/altera/nios2_ip"
Info: Finished elaborating classic module.
Executing: C:/altera/12.1sp1/quartus//sopc_builder/bin/sopc_builder --classic --generate C:/Users/kigunda/AppData/Local/Temp/alt6135_3076024530338618228.dir/0005_sopclgen/yysystem.ptf
Info: Running sopc_builder...
"c:/altera/12.1sp1/quartus/bin/jre/bin/java.exe" -Xmx512M -classpath "c:/altera/12.1sp1/quartus/sopc_builder/bin/sopc_builder.jar;c:/altera/12.1sp1/quartus/sopc_builder/bin/PinAssigner.jar;c:/altera/12.1sp1/quartus/sopc_builder/bin/sopc_wizard.jar;c:/altera/12.1sp1/quartus/sopc_builder/bin/jptf.jar" sopc_builder.sopc_builder  -d"c:/altera/12.1sp1/quartus/sopc_builder" -notalkback=1 -projectnameyysystem.qpf -projectpathC:/Users/kigunda/AppData/Local/Temp/alt6135_3076024530338618228.dir/0005_sopclgen  --generate C:/Users/kigunda/AppData/Local/Temp/alt6135_3076024530338618228.dir/0005_sopclgen/yysystem.v --quartus_dir="c:/altera/12.1sp1/quartus" --sopc_perl="c:/altera/12.1sp1/quartus/bin/perl" --sopc_lib_path="++c:/altera/12.1sp1/quartus/../ip/altera/sopc_builder_ip+c:/altera/12.1sp1/quartus/../ip/altera/nios2_ip"
No .sopc_builder configuration file(!)
.
# 2014.03.06 15:30:21 (*) Success: sopc_builder finished.
Info: epcs_flash_controller: "system" instantiated altera_avalon_epcs_flash_controller "epcs_flash_controller"
Info: Starting classic module elaboration.
"c:/altera/12.1sp1/quartus/bin/jre/bin/java.exe" -Xmx512M -classpath "c:/altera/12.1sp1/quartus/sopc_builder/bin/sopc_builder.jar;c:/altera/12.1sp1/quartus/sopc_builder/bin/PinAssigner.jar;c:/altera/12.1sp1/quartus/sopc_builder/bin/sopc_wizard.jar;c:/altera/12.1sp1/quartus/sopc_builder/bin/jptf.jar" sopc_builder.sopc_builder  -d"c:/altera/12.1sp1/quartus/sopc_builder" -notalkback=1 -projectnameyysystem.qpf -projectpathC:/Users/kigunda/AppData/Local/Temp/alt6135_3076024530338618228.dir/0006_sopclgen  --no_splash --refresh C:/Users/kigunda/AppData/Local/Temp/alt6135_3076024530338618228.dir/0006_sopclgen/yysystem.v --quartus_dir="c:/altera/12.1sp1/quartus" --sopc_perl="c:/altera/12.1sp1/quartus/bin/perl" --sopc_lib_path="++c:/altera/12.1sp1/quartus/../ip/altera/sopc_builder_ip+c:/altera/12.1sp1/quartus/../ip/altera/nios2_ip"
Info: Finished elaborating classic module.
Executing: C:/altera/12.1sp1/quartus//sopc_builder/bin/sopc_builder --classic --generate C:/Users/kigunda/AppData/Local/Temp/alt6135_3076024530338618228.dir/0006_sopclgen/yysystem.ptf
Info: Running sopc_builder...
"c:/altera/12.1sp1/quartus/bin/jre/bin/java.exe" -Xmx512M -classpath "c:/altera/12.1sp1/quartus/sopc_builder/bin/sopc_builder.jar;c:/altera/12.1sp1/quartus/sopc_builder/bin/PinAssigner.jar;c:/altera/12.1sp1/quartus/sopc_builder/bin/sopc_wizard.jar;c:/altera/12.1sp1/quartus/sopc_builder/bin/jptf.jar" sopc_builder.sopc_builder  -d"c:/altera/12.1sp1/quartus/sopc_builder" -notalkback=1 -projectnameyysystem.qpf -projectpathC:/Users/kigunda/AppData/Local/Temp/alt6135_3076024530338618228.dir/0006_sopclgen  --generate C:/Users/kigunda/AppData/Local/Temp/alt6135_3076024530338618228.dir/0006_sopclgen/yysystem.v --quartus_dir="c:/altera/12.1sp1/quartus" --sopc_perl="c:/altera/12.1sp1/quartus/bin/perl" --sopc_lib_path="++c:/altera/12.1sp1/quartus/../ip/altera/sopc_builder_ip+c:/altera/12.1sp1/quartus/../ip/altera/nios2_ip"
No .sopc_builder configuration file(!)
.
# 2014.03.06 15:30:25 (*) Success: sopc_builder finished.
Info: sys_clk_timer: "system" instantiated altera_avalon_timer "sys_clk_timer"
Info: Starting classic module elaboration.
"c:/altera/12.1sp1/quartus/bin/jre/bin/java.exe" -Xmx512M -classpath "c:/altera/12.1sp1/quartus/sopc_builder/bin/sopc_builder.jar;c:/altera/12.1sp1/quartus/sopc_builder/bin/PinAssigner.jar;c:/altera/12.1sp1/quartus/sopc_builder/bin/sopc_wizard.jar;c:/altera/12.1sp1/quartus/sopc_builder/bin/jptf.jar" sopc_builder.sopc_builder  -d"c:/altera/12.1sp1/quartus/sopc_builder" -notalkback=1 -projectnameyysystem.qpf -projectpathC:/Users/kigunda/AppData/Local/Temp/alt6135_3076024530338618228.dir/0007_sopclgen  --no_splash --refresh C:/Users/kigunda/AppData/Local/Temp/alt6135_3076024530338618228.dir/0007_sopclgen/yysystem.v --quartus_dir="c:/altera/12.1sp1/quartus" --sopc_perl="c:/altera/12.1sp1/quartus/bin/perl" --sopc_lib_path="++c:/altera/12.1sp1/quartus/../ip/altera/sopc_builder_ip+c:/altera/12.1sp1/quartus/../ip/altera/nios2_ip"
Info: Finished elaborating classic module.
Executing: C:/altera/12.1sp1/quartus//sopc_builder/bin/sopc_builder --classic --generate C:/Users/kigunda/AppData/Local/Temp/alt6135_3076024530338618228.dir/0007_sopclgen/yysystem.ptf
Info: Running sopc_builder...
"c:/altera/12.1sp1/quartus/bin/jre/bin/java.exe" -Xmx512M -classpath "c:/altera/12.1sp1/quartus/sopc_builder/bin/sopc_builder.jar;c:/altera/12.1sp1/quartus/sopc_builder/bin/PinAssigner.jar;c:/altera/12.1sp1/quartus/sopc_builder/bin/sopc_wizard.jar;c:/altera/12.1sp1/quartus/sopc_builder/bin/jptf.jar" sopc_builder.sopc_builder  -d"c:/altera/12.1sp1/quartus/sopc_builder" -notalkback=1 -projectnameyysystem.qpf -projectpathC:/Users/kigunda/AppData/Local/Temp/alt6135_3076024530338618228.dir/0007_sopclgen  --generate C:/Users/kigunda/AppData/Local/Temp/alt6135_3076024530338618228.dir/0007_sopclgen/yysystem.v --quartus_dir="c:/altera/12.1sp1/quartus" --sopc_perl="c:/altera/12.1sp1/quartus/bin/perl" --sopc_lib_path="++c:/altera/12.1sp1/quartus/../ip/altera/sopc_builder_ip+c:/altera/12.1sp1/quartus/../ip/altera/nios2_ip"
No .sopc_builder configuration file(!)
.
# 2014.03.06 15:30:29 (*) Success: sopc_builder finished.
Info: uart_wifi: "system" instantiated altera_avalon_uart "uart_wifi"
Info: Starting classic module elaboration.
"c:/altera/12.1sp1/quartus/bin/jre/bin/java.exe" -Xmx512M -classpath "c:/altera/12.1sp1/quartus/sopc_builder/bin/sopc_builder.jar;c:/altera/12.1sp1/quartus/sopc_builder/bin/PinAssigner.jar;c:/altera/12.1sp1/quartus/sopc_builder/bin/sopc_wizard.jar;c:/altera/12.1sp1/quartus/sopc_builder/bin/jptf.jar" sopc_builder.sopc_builder  -d"c:/altera/12.1sp1/quartus/sopc_builder" -notalkback=1 -projectnameyysystem.qpf -projectpathC:/Users/kigunda/AppData/Local/Temp/alt6135_3076024530338618228.dir/0008_sopclgen  --no_splash --refresh C:/Users/kigunda/AppData/Local/Temp/alt6135_3076024530338618228.dir/0008_sopclgen/yysystem.v --quartus_dir="c:/altera/12.1sp1/quartus" --sopc_perl="c:/altera/12.1sp1/quartus/bin/perl" --sopc_lib_path="++c:/altera/12.1sp1/quartus/../ip/altera/sopc_builder_ip+c:/altera/12.1sp1/quartus/../ip/altera/nios2_ip"
Info: Finished elaborating classic module.
Executing: C:/altera/12.1sp1/quartus//sopc_builder/bin/sopc_builder --classic --generate C:/Users/kigunda/AppData/Local/Temp/alt6135_3076024530338618228.dir/0008_sopclgen/yysystem.ptf
Info: Running sopc_builder...
"c:/altera/12.1sp1/quartus/bin/jre/bin/java.exe" -Xmx512M -classpath "c:/altera/12.1sp1/quartus/sopc_builder/bin/sopc_builder.jar;c:/altera/12.1sp1/quartus/sopc_builder/bin/PinAssigner.jar;c:/altera/12.1sp1/quartus/sopc_builder/bin/sopc_wizard.jar;c:/altera/12.1sp1/quartus/sopc_builder/bin/jptf.jar" sopc_builder.sopc_builder  -d"c:/altera/12.1sp1/quartus/sopc_builder" -notalkback=1 -projectnameyysystem.qpf -projectpathC:/Users/kigunda/AppData/Local/Temp/alt6135_3076024530338618228.dir/0008_sopclgen  --generate C:/Users/kigunda/AppData/Local/Temp/alt6135_3076024530338618228.dir/0008_sopclgen/yysystem.v --quartus_dir="c:/altera/12.1sp1/quartus" --sopc_perl="c:/altera/12.1sp1/quartus/bin/perl" --sopc_lib_path="++c:/altera/12.1sp1/quartus/../ip/altera/sopc_builder_ip+c:/altera/12.1sp1/quartus/../ip/altera/nios2_ip"
No .sopc_builder configuration file(!)
.
# 2014.03.06 15:30:34 (*) Success: sopc_builder finished.
Info: pio_led_green: "system" instantiated altera_avalon_pio "pio_led_green"
Info: Starting classic module elaboration.
"c:/altera/12.1sp1/quartus/bin/jre/bin/java.exe" -Xmx512M -classpath "c:/altera/12.1sp1/quartus/sopc_builder/bin/sopc_builder.jar;c:/altera/12.1sp1/quartus/sopc_builder/bin/PinAssigner.jar;c:/altera/12.1sp1/quartus/sopc_builder/bin/sopc_wizard.jar;c:/altera/12.1sp1/quartus/sopc_builder/bin/jptf.jar" sopc_builder.sopc_builder  -d"c:/altera/12.1sp1/quartus/sopc_builder" -notalkback=1 -projectnameyysystem.qpf -projectpathC:/Users/kigunda/AppData/Local/Temp/alt6135_3076024530338618228.dir/0009_sopclgen  --no_splash --refresh C:/Users/kigunda/AppData/Local/Temp/alt6135_3076024530338618228.dir/0009_sopclgen/yysystem.v --quartus_dir="c:/altera/12.1sp1/quartus" --sopc_perl="c:/altera/12.1sp1/quartus/bin/perl" --sopc_lib_path="++c:/altera/12.1sp1/quartus/../ip/altera/sopc_builder_ip+c:/altera/12.1sp1/quartus/../ip/altera/nios2_ip"
Info: Finished elaborating classic module.
Executing: C:/altera/12.1sp1/quartus//sopc_builder/bin/sopc_builder --classic --generate C:/Users/kigunda/AppData/Local/Temp/alt6135_3076024530338618228.dir/0009_sopclgen/yysystem.ptf
Info: Running sopc_builder...
"c:/altera/12.1sp1/quartus/bin/jre/bin/java.exe" -Xmx512M -classpath "c:/altera/12.1sp1/quartus/sopc_builder/bin/sopc_builder.jar;c:/altera/12.1sp1/quartus/sopc_builder/bin/PinAssigner.jar;c:/altera/12.1sp1/quartus/sopc_builder/bin/sopc_wizard.jar;c:/altera/12.1sp1/quartus/sopc_builder/bin/jptf.jar" sopc_builder.sopc_builder  -d"c:/altera/12.1sp1/quartus/sopc_builder" -notalkback=1 -projectnameyysystem.qpf -projectpathC:/Users/kigunda/AppData/Local/Temp/alt6135_3076024530338618228.dir/0009_sopclgen  --generate C:/Users/kigunda/AppData/Local/Temp/alt6135_3076024530338618228.dir/0009_sopclgen/yysystem.v --quartus_dir="c:/altera/12.1sp1/quartus" --sopc_perl="c:/altera/12.1sp1/quartus/bin/perl" --sopc_lib_path="++c:/altera/12.1sp1/quartus/../ip/altera/sopc_builder_ip+c:/altera/12.1sp1/quartus/../ip/altera/nios2_ip"
No .sopc_builder configuration file(!)
.
# 2014.03.06 15:30:38 (*) Success: sopc_builder finished.
Info: pio_key: "system" instantiated altera_avalon_pio "pio_key"
Info: Starting classic module elaboration.
"c:/altera/12.1sp1/quartus/bin/jre/bin/java.exe" -Xmx512M -classpath "c:/altera/12.1sp1/quartus/sopc_builder/bin/sopc_builder.jar;c:/altera/12.1sp1/quartus/sopc_builder/bin/PinAssigner.jar;c:/altera/12.1sp1/quartus/sopc_builder/bin/sopc_wizard.jar;c:/altera/12.1sp1/quartus/sopc_builder/bin/jptf.jar" sopc_builder.sopc_builder  -d"c:/altera/12.1sp1/quartus/sopc_builder" -notalkback=1 -projectnameyysystem.qpf -projectpathC:/Users/kigunda/AppData/Local/Temp/alt6135_3076024530338618228.dir/0010_sopclgen  --no_splash --refresh C:/Users/kigunda/AppData/Local/Temp/alt6135_3076024530338618228.dir/0010_sopclgen/yysystem.v --quartus_dir="c:/altera/12.1sp1/quartus" --sopc_perl="c:/altera/12.1sp1/quartus/bin/perl" --sopc_lib_path="++c:/altera/12.1sp1/quartus/../ip/altera/sopc_builder_ip+c:/altera/12.1sp1/quartus/../ip/altera/nios2_ip"
Info: Finished elaborating classic module.
Executing: C:/altera/12.1sp1/quartus//sopc_builder/bin/sopc_builder --classic --generate C:/Users/kigunda/AppData/Local/Temp/alt6135_3076024530338618228.dir/0010_sopclgen/yysystem.ptf
Info: Running sopc_builder...
"c:/altera/12.1sp1/quartus/bin/jre/bin/java.exe" -Xmx512M -classpath "c:/altera/12.1sp1/quartus/sopc_builder/bin/sopc_builder.jar;c:/altera/12.1sp1/quartus/sopc_builder/bin/PinAssigner.jar;c:/altera/12.1sp1/quartus/sopc_builder/bin/sopc_wizard.jar;c:/altera/12.1sp1/quartus/sopc_builder/bin/jptf.jar" sopc_builder.sopc_builder  -d"c:/altera/12.1sp1/quartus/sopc_builder" -notalkback=1 -projectnameyysystem.qpf -projectpathC:/Users/kigunda/AppData/Local/Temp/alt6135_3076024530338618228.dir/0010_sopclgen  --generate C:/Users/kigunda/AppData/Local/Temp/alt6135_3076024530338618228.dir/0010_sopclgen/yysystem.v --quartus_dir="c:/altera/12.1sp1/quartus" --sopc_perl="c:/altera/12.1sp1/quartus/bin/perl" --sopc_lib_path="++c:/altera/12.1sp1/quartus/../ip/altera/sopc_builder_ip+c:/altera/12.1sp1/quartus/../ip/altera/nios2_ip"
No .sopc_builder configuration file(!)
.
# 2014.03.06 15:30:42 (*) Success: sopc_builder finished.
Info: pio_sw: "system" instantiated altera_avalon_pio "pio_sw"
Info: dm9000e: "system" instantiated dm9000e "dm9000e"
Info: Starting classic module elaboration.
"c:/altera/12.1sp1/quartus/bin/jre/bin/java.exe" -Xmx512M -classpath "c:/altera/12.1sp1/quartus/sopc_builder/bin/sopc_builder.jar;c:/altera/12.1sp1/quartus/sopc_builder/bin/PinAssigner.jar;c:/altera/12.1sp1/quartus/sopc_builder/bin/sopc_wizard.jar;c:/altera/12.1sp1/quartus/sopc_builder/bin/jptf.jar" sopc_builder.sopc_builder  -d"c:/altera/12.1sp1/quartus/sopc_builder" -notalkback=1 -projectnameyysystem.qpf -projectpathC:/Users/kigunda/AppData/Local/Temp/alt6135_3076024530338618228.dir/0011_sopclgen  --no_splash --refresh C:/Users/kigunda/AppData/Local/Temp/alt6135_3076024530338618228.dir/0011_sopclgen/yysystem.v --quartus_dir="c:/altera/12.1sp1/quartus" --sopc_perl="c:/altera/12.1sp1/quartus/bin/perl" --sopc_lib_path="++c:/altera/12.1sp1/quartus/../ip/altera/sopc_builder_ip+c:/altera/12.1sp1/quartus/../ip/altera/nios2_ip"
Info: Finished elaborating classic module.
Executing: C:/altera/12.1sp1/quartus//sopc_builder/bin/sopc_builder --classic --generate C:/Users/kigunda/AppData/Local/Temp/alt6135_3076024530338618228.dir/0011_sopclgen/yysystem.ptf
Info: Running sopc_builder...
"c:/altera/12.1sp1/quartus/bin/jre/bin/java.exe" -Xmx512M -classpath "c:/altera/12.1sp1/quartus/sopc_builder/bin/sopc_builder.jar;c:/altera/12.1sp1/quartus/sopc_builder/bin/PinAssigner.jar;c:/altera/12.1sp1/quartus/sopc_builder/bin/sopc_wizard.jar;c:/altera/12.1sp1/quartus/sopc_builder/bin/jptf.jar" sopc_builder.sopc_builder  -d"c:/altera/12.1sp1/quartus/sopc_builder" -notalkback=1 -projectnameyysystem.qpf -projectpathC:/Users/kigunda/AppData/Local/Temp/alt6135_3076024530338618228.dir/0011_sopclgen  --generate C:/Users/kigunda/AppData/Local/Temp/alt6135_3076024530338618228.dir/0011_sopclgen/yysystem.v --quartus_dir="c:/altera/12.1sp1/quartus" --sopc_perl="c:/altera/12.1sp1/quartus/bin/perl" --sopc_lib_path="++c:/altera/12.1sp1/quartus/../ip/altera/sopc_builder_ip+c:/altera/12.1sp1/quartus/../ip/altera/nios2_ip"
No .sopc_builder configuration file(!)
.
# 2014.03.06 15:30:47 (*) Success: sopc_builder finished.
Info: spi_0: "system" instantiated altera_avalon_spi "spi_0"
Info: Starting classic module elaboration.
"c:/altera/12.1sp1/quartus/bin/jre/bin/java.exe" -Xmx512M -classpath "c:/altera/12.1sp1/quartus/sopc_builder/bin/sopc_builder.jar;c:/altera/12.1sp1/quartus/sopc_builder/bin/PinAssigner.jar;c:/altera/12.1sp1/quartus/sopc_builder/bin/sopc_wizard.jar;c:/altera/12.1sp1/quartus/sopc_builder/bin/jptf.jar" sopc_builder.sopc_builder  -d"c:/altera/12.1sp1/quartus/sopc_builder" -notalkback=1 -projectnameyysystem.qpf -projectpathC:/Users/kigunda/AppData/Local/Temp/alt6135_3076024530338618228.dir/0012_sopclgen  --no_splash --refresh C:/Users/kigunda/AppData/Local/Temp/alt6135_3076024530338618228.dir/0012_sopclgen/yysystem.v --quartus_dir="c:/altera/12.1sp1/quartus" --sopc_perl="c:/altera/12.1sp1/quartus/bin/perl" --sopc_lib_path="++c:/altera/12.1sp1/quartus/../ip/altera/sopc_builder_ip+c:/altera/12.1sp1/quartus/../ip/altera/nios2_ip"
Info: Finished elaborating classic module.
Executing: C:/altera/12.1sp1/quartus//sopc_builder/bin/sopc_builder --classic --generate C:/Users/kigunda/AppData/Local/Temp/alt6135_3076024530338618228.dir/0012_sopclgen/yysystem.ptf
Info: Running sopc_builder...
"c:/altera/12.1sp1/quartus/bin/jre/bin/java.exe" -Xmx512M -classpath "c:/altera/12.1sp1/quartus/sopc_builder/bin/sopc_builder.jar;c:/altera/12.1sp1/quartus/sopc_builder/bin/PinAssigner.jar;c:/altera/12.1sp1/quartus/sopc_builder/bin/sopc_wizard.jar;c:/altera/12.1sp1/quartus/sopc_builder/bin/jptf.jar" sopc_builder.sopc_builder  -d"c:/altera/12.1sp1/quartus/sopc_builder" -notalkback=1 -projectnameyysystem.qpf -projectpathC:/Users/kigunda/AppData/Local/Temp/alt6135_3076024530338618228.dir/0012_sopclgen  --generate C:/Users/kigunda/AppData/Local/Temp/alt6135_3076024530338618228.dir/0012_sopclgen/yysystem.v --quartus_dir="c:/altera/12.1sp1/quartus" --sopc_perl="c:/altera/12.1sp1/quartus/bin/perl" --sopc_lib_path="++c:/altera/12.1sp1/quartus/../ip/altera/sopc_builder_ip+c:/altera/12.1sp1/quartus/../ip/altera/nios2_ip"
No .sopc_builder configuration file(!)
.
# 2014.03.06 15:30:51 (*) Success: sopc_builder finished.
Info: pio_vscodec: "system" instantiated altera_avalon_pio "pio_vscodec"
Info: Starting classic module elaboration.
"c:/altera/12.1sp1/quartus/bin/jre/bin/java.exe" -Xmx512M -classpath "c:/altera/12.1sp1/quartus/sopc_builder/bin/sopc_builder.jar;c:/altera/12.1sp1/quartus/sopc_builder/bin/PinAssigner.jar;c:/altera/12.1sp1/quartus/sopc_builder/bin/sopc_wizard.jar;c:/altera/12.1sp1/quartus/sopc_builder/bin/jptf.jar" sopc_builder.sopc_builder  -d"c:/altera/12.1sp1/quartus/sopc_builder" -notalkback=1 -projectnameyysystem.qpf -projectpathC:/Users/kigunda/AppData/Local/Temp/alt6135_3076024530338618228.dir/0013_sopclgen  --no_splash --refresh C:/Users/kigunda/AppData/Local/Temp/alt6135_3076024530338618228.dir/0013_sopclgen/yysystem.v --quartus_dir="c:/altera/12.1sp1/quartus" --sopc_perl="c:/altera/12.1sp1/quartus/bin/perl" --sopc_lib_path="++c:/altera/12.1sp1/quartus/../ip/altera/sopc_builder_ip+c:/altera/12.1sp1/quartus/../ip/altera/nios2_ip"
Info: Finished elaborating classic module.
Executing: C:/altera/12.1sp1/quartus//sopc_builder/bin/sopc_builder --classic --generate C:/Users/kigunda/AppData/Local/Temp/alt6135_3076024530338618228.dir/0013_sopclgen/yysystem.ptf
Info: Running sopc_builder...
"c:/altera/12.1sp1/quartus/bin/jre/bin/java.exe" -Xmx512M -classpath "c:/altera/12.1sp1/quartus/sopc_builder/bin/sopc_builder.jar;c:/altera/12.1sp1/quartus/sopc_builder/bin/PinAssigner.jar;c:/altera/12.1sp1/quartus/sopc_builder/bin/sopc_wizard.jar;c:/altera/12.1sp1/quartus/sopc_builder/bin/jptf.jar" sopc_builder.sopc_builder  -d"c:/altera/12.1sp1/quartus/sopc_builder" -notalkback=1 -projectnameyysystem.qpf -projectpathC:/Users/kigunda/AppData/Local/Temp/alt6135_3076024530338618228.dir/0013_sopclgen  --generate C:/Users/kigunda/AppData/Local/Temp/alt6135_3076024530338618228.dir/0013_sopclgen/yysystem.v --quartus_dir="c:/altera/12.1sp1/quartus" --sopc_perl="c:/altera/12.1sp1/quartus/bin/perl" --sopc_lib_path="++c:/altera/12.1sp1/quartus/../ip/altera/sopc_builder_ip+c:/altera/12.1sp1/quartus/../ip/altera/nios2_ip"
No .sopc_builder configuration file(!)
.
# 2014.03.06 15:30:55 (*) Success: sopc_builder finished.
Info: pio_int3: "system" instantiated altera_avalon_pio "pio_int3"
Info: Starting classic module elaboration.
"c:/altera/12.1sp1/quartus/bin/jre/bin/java.exe" -Xmx512M -classpath "c:/altera/12.1sp1/quartus/sopc_builder/bin/sopc_builder.jar;c:/altera/12.1sp1/quartus/sopc_builder/bin/PinAssigner.jar;c:/altera/12.1sp1/quartus/sopc_builder/bin/sopc_wizard.jar;c:/altera/12.1sp1/quartus/sopc_builder/bin/jptf.jar" sopc_builder.sopc_builder  -d"c:/altera/12.1sp1/quartus/sopc_builder" -notalkback=1 -projectnameyysystem.qpf -projectpathC:/Users/kigunda/AppData/Local/Temp/alt6135_3076024530338618228.dir/0014_sopclgen  --no_splash --refresh C:/Users/kigunda/AppData/Local/Temp/alt6135_3076024530338618228.dir/0014_sopclgen/yysystem.v --quartus_dir="c:/altera/12.1sp1/quartus" --sopc_perl="c:/altera/12.1sp1/quartus/bin/perl" --sopc_lib_path="++c:/altera/12.1sp1/quartus/../ip/altera/sopc_builder_ip+c:/altera/12.1sp1/quartus/../ip/altera/nios2_ip"
Info: Finished elaborating classic module.
Executing: C:/altera/12.1sp1/quartus//sopc_builder/bin/sopc_builder --classic --generate C:/Users/kigunda/AppData/Local/Temp/alt6135_3076024530338618228.dir/0014_sopclgen/yysystem.ptf
Info: Running sopc_builder...
"c:/altera/12.1sp1/quartus/bin/jre/bin/java.exe" -Xmx512M -classpath "c:/altera/12.1sp1/quartus/sopc_builder/bin/sopc_builder.jar;c:/altera/12.1sp1/quartus/sopc_builder/bin/PinAssigner.jar;c:/altera/12.1sp1/quartus/sopc_builder/bin/sopc_wizard.jar;c:/altera/12.1sp1/quartus/sopc_builder/bin/jptf.jar" sopc_builder.sopc_builder  -d"c:/altera/12.1sp1/quartus/sopc_builder" -notalkback=1 -projectnameyysystem.qpf -projectpathC:/Users/kigunda/AppData/Local/Temp/alt6135_3076024530338618228.dir/0014_sopclgen  --generate C:/Users/kigunda/AppData/Local/Temp/alt6135_3076024530338618228.dir/0014_sopclgen/yysystem.v --quartus_dir="c:/altera/12.1sp1/quartus" --sopc_perl="c:/altera/12.1sp1/quartus/bin/perl" --sopc_lib_path="++c:/altera/12.1sp1/quartus/../ip/altera/sopc_builder_ip+c:/altera/12.1sp1/quartus/../ip/altera/nios2_ip"
No .sopc_builder configuration file(!)
.
# 2014.03.06 15:30:59 (*) Success: sopc_builder finished.
Info: jtag_uart_0: "system" instantiated altera_avalon_jtag_uart "jtag_uart_0"
Info: cpu_instruction_master_translator: "system" instantiated altera_merlin_master_translator "cpu_instruction_master_translator"
Info: cpu_jtag_debug_module_translator: "system" instantiated altera_merlin_slave_translator "cpu_jtag_debug_module_translator"
Info: cpu_instruction_master_translator_avalon_universal_master_0_agent: "system" instantiated altera_merlin_master_agent "cpu_instruction_master_translator_avalon_universal_master_0_agent"
Info: cpu_jtag_debug_module_translator_avalon_universal_slave_0_agent: "system" instantiated altera_merlin_slave_agent "cpu_jtag_debug_module_translator_avalon_universal_slave_0_agent"
Info: cpu_jtag_debug_module_translator_avalon_universal_slave_0_agent_rsp_fifo: "system" instantiated altera_avalon_sc_fifo "cpu_jtag_debug_module_translator_avalon_universal_slave_0_agent_rsp_fifo"
Info: addr_router: "system" instantiated altera_merlin_router "addr_router"
Info: addr_router_001: "system" instantiated altera_merlin_router "addr_router_001"
Info: id_router: "system" instantiated altera_merlin_router "id_router"
Info: id_router_001: "system" instantiated altera_merlin_router "id_router_001"
Info: id_router_002: "system" instantiated altera_merlin_router "id_router_002"
Info: limiter: "system" instantiated altera_merlin_traffic_limiter "limiter"
Info: burst_adapter: "system" instantiated altera_merlin_burst_adapter "burst_adapter"
Info: rst_controller: "system" instantiated altera_reset_controller "rst_controller"
Info: cmd_xbar_demux: "system" instantiated altera_merlin_demultiplexer "cmd_xbar_demux"
Info: cmd_xbar_demux_001: "system" instantiated altera_merlin_demultiplexer "cmd_xbar_demux_001"
Info: cmd_xbar_mux: "system" instantiated altera_merlin_multiplexer "cmd_xbar_mux"
Info: rsp_xbar_demux: "system" instantiated altera_merlin_demultiplexer "rsp_xbar_demux"
Info: rsp_xbar_demux_002: "system" instantiated altera_merlin_demultiplexer "rsp_xbar_demux_002"
Info: rsp_xbar_mux: "system" instantiated altera_merlin_multiplexer "rsp_xbar_mux"
Info: Reusing file C:/Users/kigunda/Documents/Ece492/Repository/de0_nano_fpga_100_final/system/synthesis/submodules/altera_merlin_arbitrator.sv
Info: rsp_xbar_mux_001: "system" instantiated altera_merlin_multiplexer "rsp_xbar_mux_001"
Info: Reusing file C:/Users/kigunda/Documents/Ece492/Repository/de0_nano_fpga_100_final/system/synthesis/submodules/altera_merlin_arbitrator.sv
Info: width_adapter: "system" instantiated altera_merlin_width_adapter "width_adapter"
Info: Reusing file C:/Users/kigunda/Documents/Ece492/Repository/de0_nano_fpga_100_final/system/synthesis/submodules/altera_merlin_burst_uncompressor.sv
Info: Reusing file C:/Users/kigunda/Documents/Ece492/Repository/de0_nano_fpga_100_final/system/synthesis/submodules/altera_merlin_address_alignment.sv
Info: irq_mapper: "system" instantiated altera_irq_mapper "irq_mapper"
Info: system: Done system" with 37 modules, 148 files, 2956979 bytes
Info: ip-generate succeeded.
Info: Finished: Create HDL design files for synthesis
