Archive member included because of file (symbol)

c:/altera/12.1sp1/nios2eds/bin/gnu/h-i686-mingw32/bin/../lib/gcc/nios2-elf/4.1.2/../../../../nios2-elf/lib/mno-hw-mul\libc.a(lib_a-printf.o)
                              obj/default/main.o (printf)
c:/altera/12.1sp1/nios2eds/bin/gnu/h-i686-mingw32/bin/../lib/gcc/nios2-elf/4.1.2/../../../../nios2-elf/lib/mno-hw-mul\libc.a(lib_a-snprintf.o)
                              obj/default/main.o (snprintf)
c:/altera/12.1sp1/nios2eds/bin/gnu/h-i686-mingw32/bin/../lib/gcc/nios2-elf/4.1.2/../../../../nios2-elf/lib/mno-hw-mul\libc.a(lib_a-vfprintf.o)
                              c:/altera/12.1sp1/nios2eds/bin/gnu/h-i686-mingw32/bin/../lib/gcc/nios2-elf/4.1.2/../../../../nios2-elf/lib/mno-hw-mul\libc.a(lib_a-printf.o) (___vfprintf_internal_r)
c:/altera/12.1sp1/nios2eds/bin/gnu/h-i686-mingw32/bin/../lib/gcc/nios2-elf/4.1.2/../../../../nios2-elf/lib/mno-hw-mul\libc.a(lib_a-wsetup.o)
                              c:/altera/12.1sp1/nios2eds/bin/gnu/h-i686-mingw32/bin/../lib/gcc/nios2-elf/4.1.2/../../../../nios2-elf/lib/mno-hw-mul\libc.a(lib_a-vfprintf.o) (__swsetup_r)
c:/altera/12.1sp1/nios2eds/bin/gnu/h-i686-mingw32/bin/../lib/gcc/nios2-elf/4.1.2/../../../../nios2-elf/lib/mno-hw-mul\libc.a(lib_a-dtoa.o)
                              c:/altera/12.1sp1/nios2eds/bin/gnu/h-i686-mingw32/bin/../lib/gcc/nios2-elf/4.1.2/../../../../nios2-elf/lib/mno-hw-mul\libc.a(lib_a-vfprintf.o) (_dtoa_r)
c:/altera/12.1sp1/nios2eds/bin/gnu/h-i686-mingw32/bin/../lib/gcc/nios2-elf/4.1.2/../../../../nios2-elf/lib/mno-hw-mul\libc.a(lib_a-fflush.o)
                              c:/altera/12.1sp1/nios2eds/bin/gnu/h-i686-mingw32/bin/../lib/gcc/nios2-elf/4.1.2/../../../../nios2-elf/lib/mno-hw-mul\libc.a(lib_a-vfprintf.o) (_fflush_r)
c:/altera/12.1sp1/nios2eds/bin/gnu/h-i686-mingw32/bin/../lib/gcc/nios2-elf/4.1.2/../../../../nios2-elf/lib/mno-hw-mul\libc.a(lib_a-findfp.o)
                              c:/altera/12.1sp1/nios2eds/bin/gnu/h-i686-mingw32/bin/../lib/gcc/nios2-elf/4.1.2/../../../../nios2-elf/lib/mno-hw-mul\libc.a(lib_a-vfprintf.o) (__sinit)
c:/altera/12.1sp1/nios2eds/bin/gnu/h-i686-mingw32/bin/../lib/gcc/nios2-elf/4.1.2/../../../../nios2-elf/lib/mno-hw-mul\libc.a(lib_a-freer.o)
                              c:/altera/12.1sp1/nios2eds/bin/gnu/h-i686-mingw32/bin/../lib/gcc/nios2-elf/4.1.2/../../../../nios2-elf/lib/mno-hw-mul\libc.a(lib_a-wsetup.o) (_free_r)
c:/altera/12.1sp1/nios2eds/bin/gnu/h-i686-mingw32/bin/../lib/gcc/nios2-elf/4.1.2/../../../../nios2-elf/lib/mno-hw-mul\libc.a(lib_a-fvwrite.o)
                              c:/altera/12.1sp1/nios2eds/bin/gnu/h-i686-mingw32/bin/../lib/gcc/nios2-elf/4.1.2/../../../../nios2-elf/lib/mno-hw-mul\libc.a(lib_a-vfprintf.o) (__sfvwrite_r)
c:/altera/12.1sp1/nios2eds/bin/gnu/h-i686-mingw32/bin/../lib/gcc/nios2-elf/4.1.2/../../../../nios2-elf/lib/mno-hw-mul\libc.a(lib_a-fwalk.o)
                              c:/altera/12.1sp1/nios2eds/bin/gnu/h-i686-mingw32/bin/../lib/gcc/nios2-elf/4.1.2/../../../../nios2-elf/lib/mno-hw-mul\libc.a(lib_a-fflush.o) (_fwalk_reent)
c:/altera/12.1sp1/nios2eds/bin/gnu/h-i686-mingw32/bin/../lib/gcc/nios2-elf/4.1.2/../../../../nios2-elf/lib/mno-hw-mul\libc.a(lib_a-impure.o)
                              c:/altera/12.1sp1/nios2eds/bin/gnu/h-i686-mingw32/bin/../lib/gcc/nios2-elf/4.1.2/../../../../nios2-elf/lib/mno-hw-mul\libc.a(lib_a-printf.o) (_impure_ptr)
c:/altera/12.1sp1/nios2eds/bin/gnu/h-i686-mingw32/bin/../lib/gcc/nios2-elf/4.1.2/../../../../nios2-elf/lib/mno-hw-mul\libc.a(lib_a-locale.o)
                              c:/altera/12.1sp1/nios2eds/bin/gnu/h-i686-mingw32/bin/../lib/gcc/nios2-elf/4.1.2/../../../../nios2-elf/lib/mno-hw-mul\libc.a(lib_a-vfprintf.o) (_localeconv_r)
c:/altera/12.1sp1/nios2eds/bin/gnu/h-i686-mingw32/bin/../lib/gcc/nios2-elf/4.1.2/../../../../nios2-elf/lib/mno-hw-mul\libc.a(lib_a-makebuf.o)
                              c:/altera/12.1sp1/nios2eds/bin/gnu/h-i686-mingw32/bin/../lib/gcc/nios2-elf/4.1.2/../../../../nios2-elf/lib/mno-hw-mul\libc.a(lib_a-wsetup.o) (__smakebuf_r)
c:/altera/12.1sp1/nios2eds/bin/gnu/h-i686-mingw32/bin/../lib/gcc/nios2-elf/4.1.2/../../../../nios2-elf/lib/mno-hw-mul\libc.a(lib_a-mallocr.o)
                              c:/altera/12.1sp1/nios2eds/bin/gnu/h-i686-mingw32/bin/../lib/gcc/nios2-elf/4.1.2/../../../../nios2-elf/lib/mno-hw-mul\libc.a(lib_a-findfp.o) (_malloc_r)
c:/altera/12.1sp1/nios2eds/bin/gnu/h-i686-mingw32/bin/../lib/gcc/nios2-elf/4.1.2/../../../../nios2-elf/lib/mno-hw-mul\libc.a(lib_a-memchr.o)
                              c:/altera/12.1sp1/nios2eds/bin/gnu/h-i686-mingw32/bin/../lib/gcc/nios2-elf/4.1.2/../../../../nios2-elf/lib/mno-hw-mul\libc.a(lib_a-vfprintf.o) (memchr)
c:/altera/12.1sp1/nios2eds/bin/gnu/h-i686-mingw32/bin/../lib/gcc/nios2-elf/4.1.2/../../../../nios2-elf/lib/mno-hw-mul\libc.a(lib_a-memcpy.o)
[...]
Memory Configuration

Name             Origin             Length             Attributes
sdram_0          0x00800000         0x00800000
sram_0           0x01080000         0x00080000
reset            0x01104000         0x00000020
onchip_memory2_0 0x01104020         0x00003fe0
*default*        0x00000000         0xffffffff

Linker script and memory map

LOAD ../InfraredProtoDE2_bsp//obj/HAL/src/crt0.o
LOAD obj/default/main.o
LOAD c:/altera/12.1sp1/nios2eds/bin/gnu/h-i686-mingw32/bin/../lib/gcc/nios2-elf/4.1.2/../../../../nios2-elf/lib/mno-hw-mul\libstdc++.a
LOAD c:/altera/12.1sp1/nios2eds/bin/gnu/h-i686-mingw32/bin/../lib/gcc/nios2-elf/4.1.2/../../../../nios2-elf/lib/mno-hw-mul\libm.a
LOAD c:/altera/12.1sp1/nios2eds/bin/gnu/h-i686-mingw32/bin/../lib/gcc/nios2-elf/4.1.2/mno-hw-mul\libgcc.a
START GROUP
LOAD c:/altera/12.1sp1/nios2eds/bin/gnu/h-i686-mingw32/bin/../lib/gcc/nios2-elf/4.1.2/../../../../nios2-elf/lib/mno-hw-mul\libc.a
LOAD c:/altera/12.1sp1/nios2eds/bin/gnu/h-i686-mingw32/bin/../lib/gcc/nios2-elf/4.1.2/mno-hw-mul\libgcc.a
LOAD ../InfraredProtoDE2_bsp/\libucosii_bsp.a
END GROUP
LOAD c:/altera/12.1sp1/nios2eds/bin/gnu/h-i686-mingw32/bin/../lib/gcc/nios2-elf/4.1.2/mno-hw-mul\libgcc.a
                0x00800000                __alt_mem_sdram_0 = 0x800000
                0x01080000                __alt_mem_sram_0 = 0x1080000
                0x01104000                __alt_mem_onchip_memory2_0 = 0x1104000

.entry          0x01104000       0x20
 *(.entry)
 .entry         0x01104000       0x20 ../InfraredProtoDE2_bsp//obj/HAL/src/crt0.o
                0x01104000                __reset

.exceptions     0x01104020      0x19c load address 0x00800000
                0x01104020                PROVIDE (__ram_exceptions_start, ABSOLUTE (.))
                0x01104020                . = ALIGN (0x20)
 *(.irq)
 *(.exceptions.entry.label)
 .exceptions.entry.label
                0x01104020        0x0 ../InfraredProtoDE2_bsp/\libucosii_bsp.a(alt_irq_entry.o)
                0x01104020                alt_irq_entry
 .exceptions.entry.label
                0x01104020        0x0 ../InfraredProtoDE2_bsp/\libucosii_bsp.a(alt_exception_entry.o)
                0x01104020                alt_exception
 *(.exceptions.entry.user)
 *(.exceptions.entry)
 .exceptions.entry
                0x01104020       0x54 ../InfraredProtoDE2_bsp/\libucosii_bsp.a(alt_exception_entry.o)
 *(.exceptions.irqtest.user)
 *(.exceptions.irqtest)
 .exceptions.irqtest
                0x01104074       0x10 ../InfraredProtoDE2_bsp/\libucosii_bsp.a(alt_irq_entry.o)
 *(.exceptions.irqhandler.user)
 *(.exceptions.irqhandler)
 .exceptions.irqhandler
                0x01104084        0x4 ../InfraredProtoDE2_bsp/\libucosii_bsp.a(alt_irq_entry.o)
 *(.exceptions.irqreturn.user)
 *(.exceptions.irqreturn)
 .exceptions.irqreturn
                0x01104088        0x4 ../InfraredProtoDE2_bsp/\libucosii_bsp.a(alt_irq_entry.o)
 *(.exceptions.notirq.label)
 .exceptions.notirq.label
                0x0110408c        0x0 ../InfraredProtoDE2_bsp/\libucosii_bsp.a(alt_irq_entry.o)
 *(.exceptions.notirq.user)
 *(.exceptions.notirq)
 .exceptions.notirq
                0x0110408c        0x8 ../InfraredProtoDE2_bsp/\libucosii_bsp.a(alt_exception_entry.o)
 *(.exceptions.soft.user)
 *(.exceptions.soft)
 *(.exceptions.unknown.user)
 *(.exceptions.unknown)
 .exceptions.unknown
                0x01104094        0x4 ../InfraredProtoDE2_bsp/\libucosii_bsp.a(alt_exception_entry.o)
 *(.exceptions.exit.label)
 .exceptions.exit.label
                0x01104098        0x0 ../InfraredProtoDE2_bsp/\libucosii_bsp.a(alt_irq_entry.o)
 .exceptions.exit.label
                0x01104098        0x0 ../InfraredProtoDE2_bsp/\libucosii_bsp.a(alt_exception_entry.o)
 *(.exceptions.exit.user)
 *(.exceptions.exit)
 .exceptions.exit
                0x01104098       0x54 ../InfraredProtoDE2_bsp/\libucosii_bsp.a(alt_exception_entry.o)
 *(.exceptions)
 .exceptions    0x011040ec       0xd0 ../InfraredProtoDE2_bsp/\libucosii_bsp.a(alt_irq_handler.o)
                0x011040ec                alt_irq_handler
                0x011041bc                PROVIDE (__ram_exceptions_end, ABSOLUTE (.))
                0x00800000                PROVIDE (__flash_exceptions_start, LOADADDR (.exceptions))

.text           0x0080019c    0x15b84
                0x0080019c                PROVIDE (stext, ABSOLUTE (.))
 *(.interp)
 *(.hash)
 *(.dynsym)
 *(.dynstr)
 *(.gnu.version)
 *(.gnu.version_d)
 *(.gnu.version_r)
 *(.rel.init)
 *(.rela.init)
 *(.rel.text .rel.text.* .rel.gnu.linkonce.t.*)
 *(.rela.text .rela.text.* .rela.gnu.linkonce.t.*)
 *(.rel.fini)
 *(.rela.fini)
 *(.rel.rodata .rel.rodata.* .rel.gnu.linkonce.r.*)
 *(.rela.rodata .rela.rodata.* .rela.gnu.linkonce.r.*)
 *(.rel.data .rel.data.* .rel.gnu.linkonce.d.*)
 *(.rela.data .rela.data.* .rela.gnu.linkonce.d.*)
 *(.rel.tdata .rel.tdata.* .rel.gnu.linkonce.td.*)
 *(.rela.tdata .rela.tdata.* .rela.gnu.linkonce.td.*)
 *(.rel.tbss .rel.tbss.* .rel.gnu.linkonce.tb.*)
 *(.rela.tbss .rela.tbss.* .rela.gnu.linkonce.tb.*)
 *(.rel.ctors)
 *(.rela.ctors)
 *(.rel.dtors)
 *(.rela.dtors)
 *(.rel.got)
 *(.rela.got)
 *(.rel.sdata .rel.sdata.* .rel.gnu.linkonce.s.*)
 *(.rela.sdata .rela.sdata.* .rela.gnu.linkonce.s.*)
 *(.rel.sbss .rel.sbss.* .rel.gnu.linkonce.sb.*)
 *(.rela.sbss .rela.sbss.* .rela.gnu.linkonce.sb.*)
 *(.rel.sdata2 .rel.sdata2.* .rel.gnu.linkonce.s2.*)
 *(.rela.sdata2 .rela.sdata2.* .rela.gnu.linkonce.s2.*)
 *(.rel.sbss2 .rel.sbss2.* .rel.gnu.linkonce.sb2.*)
 *(.rela.sbss2 .rela.sbss2.* .rela.gnu.linkonce.sb2.*)
 *(.rel.bss .rel.bss.* .rel.gnu.linkonce.b.*)
 *(.rela.bss .rela.bss.* .rela.gnu.linkonce.b.*)
 *(.rel.plt)
 *(.rela.plt)
 *(.rel.dyn)
 *(.init)
 *(.plt)
 *(.text .stub .text.* .gnu.linkonce.t.*)
 .text          0x0080019c       0x3c ../InfraredProtoDE2_bsp//obj/HAL/src/crt0.o
                0x0080019c                _start
 .text          0x008001d8      0x2d4 obj/default/main.o
                0x00800298                lcd_clear
                0x008002f0                lcd_task
                0x00800360                lcd_init
                0x008003d4                queue_init
                0x0080040c                main
 .text          0x008004ac       0x78 c:/altera/12.1sp1/nios2eds/bin/gnu/h-i686-mingw32/bin/../lib/gcc/nios2-elf/4.1.2/../../../../nios2-elf/lib/mno-hw-mul\libc.a(lib_a-printf.o)
                0x008004ac                printf
                0x008004f0                _printf_r
 .text          0x00800524      0x170 c:/altera/12.1sp1/nios2eds/bin/gnu/h-i686-mingw32/bin/../lib/gcc/nios2-elf/4.1.2/../../../../nios2-elf/lib/mno-hw-mul\libc.a(lib_a-snprintf.o)
                0x00800524                snprintf
                0x008005e0                _snprintf_r
 .text          0x00800694     0x1f40 c:/altera/12.1sp1/nios2eds/bin/gnu/h-i686-mingw32/bin/../lib/gcc/nios2-elf/4.1.2/../../../../nios2-elf/lib/mno-hw-mul\libc.a(lib_a-vfprintf.o)
                0x008006ec                ___vfprintf_internal_r
                0x008025b0                __vfprintf_internal
 .text          0x008025d4      0x13c c:/altera/12.1sp1/nios2eds/bin/gnu/h-i686-mingw32/bin/../lib/gcc/nios2-elf/4.1.2/../../../../nios2-elf/lib/mno-hw-mul\libc.a(lib_a-wsetup.o)
                0x008025d4                __swsetup_r
 .text          0x00802710     0x17f8 c:/altera/12.1sp1/nios2eds/bin/gnu/h-i686-mingw32/bin/../lib/gcc/nios2-elf/4.1.2/../../../../nios2-elf/lib/mno-hw-mul\libc.a(lib_a-dtoa.o)
                0x00802954                _dtoa_r
 .text          0x00803f08      0x230 c:/altera/12.1sp1/nios2eds/bin/gnu/h-i686-mingw32/bin/../lib/gcc/nios2-elf/4.1.2/../../../../nios2-elf/lib/mno-hw-mul\libc.a(lib_a-fflush.o)
                0x00803f08                _fflush_r
                0x00804104                fflush
 .text          0x00804138      0x2f4 c:/altera/12.1sp1/nios2eds/bin/gnu/h-i686-mingw32/bin/../lib/gcc/nios2-elf/4.1.2/../../../../nios2-elf/lib/mno-hw-mul\libc.a(lib_a-findfp.o)
                0x00804190                __sfp_lock_acquire
                0x00804194                __sfp_lock_release
                0x00804198                __sinit_lock_acquire
                0x0080419c                __sinit_lock_release
                0x008041a0                __sinit
                0x00804254                __fp_unlock_all
                0x0080426c                __fp_lock_all
                0x00804284                _cleanup_r
                0x00804290                _cleanup
                0x008042a0                __sfmoreglue
                0x0080433c                __sfp
 .text          0x0080442c      0x440 c:/altera/12.1sp1/nios2eds/bin/gnu/h-i686-mingw32/bin/../lib/gcc/nios2-elf/4.1.2/../../../../nios2-elf/lib/mno-hw-mul\libc.a(lib_a-freer.o)
                0x0080442c                _malloc_trim_r
                0x00804558                _free_r
 .text          0x0080486c      0x49c c:/altera/12.1sp1/nios2eds/bin/gnu/h-i686-mingw32/bin/../lib/gcc/nios2-elf/4.1.2/../../../../nios2-elf/lib/mno-hw-mul\libc.a(lib_a-fvwrite.o)
                0x0080486c                __sfvwrite_r
 .text          0x00804d08      0x180 c:/altera/12.1sp1/nios2eds/bin/gnu/h-i686-mingw32/bin/../lib/gcc/nios2-elf/4.1.2/../../../../nios2-elf/lib/mno-hw-mul\libc.a(lib_a-fwalk.o)
                0x00804d08                _fwalk_reent
                0x00804dd0                _fwalk
 .text          0x00804e88        0x0 c:/altera/12.1sp1/nios2eds/bin/gnu/h-i686-mingw32/bin/../lib/gcc/nios2-elf/4.1.2/../../../../nios2-elf/lib/mno-hw-mul\libc.a(lib_a-impure.o)
 .text          0x00804e88       0xc4 c:/altera/12.1sp1/nios2eds/bin/gnu/h-i686-mingw32/bin/../lib/gcc/nios2-elf/4.1.2/../../../../nios2-elf/lib/mno-hw-mul\libc.a(lib_a-locale.o)
                0x00804e88                __locale_charset
                0x00804e90                _localeconv_r
                0x00804e9c                localeconv
                0x00804eac                _setlocale_r
                0x00804f30                setlocale
 .text          0x00804f4c      0x194 c:/altera/12.1sp1/nios2eds/bin/gnu/h-i686-mingw32/bin/../lib/gcc/nios2-elf/4.1.2/../../../../nios2-elf/lib/mno-hw-mul\libc.a(lib_a-makebuf.o)
                0x00804f4c                __smakebuf_r
 .text          0x008050e0      0x740 c:/altera/12.1sp1/nios2eds/bin/gnu/h-i686-mingw32/bin/../lib/gcc/nios2-elf/4.1.2/../../../../nios2-elf/lib/mno-hw-mul\libc.a(lib_a-mallocr.o)
                0x008050e0                _malloc_r
 .text          0x00805820       0xe4 c:/altera/12.1sp1/nios2eds/bin/gnu/h-i686-mingw32/bin/../lib/gcc/nios2-elf/4.1.2/../../../../nios2-elf/lib/mno-hw-mul\libc.a(lib_a-memchr.o)
                0x00805820                memchr
 .text          0x00805904       0xa0 c:/altera/12.1sp1/nios2eds/bin/gnu/h-i686-mingw32/bin/../lib/gcc/nios2-elf/4.1.2/../../../../nios2-elf/lib/mno-hw-mul\libc.a(lib_a-memcpy.o)
                0x00805904                memcpy
 .text          0x008059a4       0xe0 c:/altera/12.1sp1/nios2eds/bin/gnu/h-i686-mingw32/bin/../lib/gcc/nios2-elf/4.1.2/../../../../nios2-elf/lib/mno-hw-mul\libc.a(lib_a-memmove.o)
                0x008059a4                memmove
 .text          0x00805a84       0x98 c:/altera/12.1sp1/nios2eds/bin/gnu/h-i686-mingw32/bin/../lib/gcc/nios2-elf/4.1.2/../../../../nios2-elf/lib/mno-hw-mul\libc.a(lib_a-memset.o)
                0x00805a84                memset
 .text          0x00805b1c     0x108c c:/altera/12.1sp1/nios2eds/bin/gnu/h-i686-mingw32/bin/../lib/gcc/nios2-elf/4.1.2/../../../../nios2-elf/lib/mno-hw-mul\libc.a(lib_a-mprec.o)
                0x00805b1c                _Bfree
                0x00805b44                __hi0bits
                0x00805bb4                __lo0bits
                0x00805c78                __mcmp
                0x00805cd8                __ulp
                0x00805d58                __b2d
                0x00805e78                __ratio
                0x00805f28                _mprec_log10
                0x00805fbc                __copybits
                0x00806014                __any_on
                0x0080609c                _Balloc
                0x00806158                __d2b
                0x008062d4                __mdiff
                0x00806460                __lshift
                0x008065ac                __multiply
                0x00806800                __i2b
                0x0080683c                __multadd
                0x00806968                __pow5mult
                0x00806a88                __s2b
 .text          0x00806ba8      0x5f4 c:/altera/12.1sp1/nios2eds/bin/gnu/h-i686-mingw32/bin/../lib/gcc/nios2-elf/4.1.2/../../../../nios2-elf/lib/mno-hw-mul\libc.a(lib_a-reallocr.o)
                0x00806ba8                _realloc_r
 .text          0x0080719c       0x40 c:/altera/12.1sp1/nios2eds/bin/gnu/h-i686-mingw32/bin/../lib/gcc/nios2-elf/4.1.2/../../../../nios2-elf/lib/mno-hw-mul\libc.a(lib_a-s_isinfd.o)
                0x0080719c                __isinfd
 .text          0x008071dc       0x30 c:/altera/12.1sp1/nios2eds/bin/gnu/h-i686-mingw32/bin/../lib/gcc/nios2-elf/4.1.2/../../../../nios2-elf/lib/mno-hw-mul\libc.a(lib_a-s_isnand.o)
                0x008071dc                __isnand
 .text          0x0080720c       0x70 c:/altera/12.1sp1/nios2eds/bin/gnu/h-i686-mingw32/bin/../lib/gcc/nios2-elf/4.1.2/../../../../nios2-elf/lib/mno-hw-mul\libc.a(lib_a-sbrkr.o)
                0x0080720c                _sbrk_r
 .text          0x0080727c      0x14c c:/altera/12.1sp1/nios2eds/bin/gnu/h-i686-mingw32/bin/../lib/gcc/nios2-elf/4.1.2/../../../../nios2-elf/lib/mno-hw-mul\libc.a(lib_a-stdio.o)
                0x0080727c                __sclose
                0x00807284                __sseek
                0x008072ec                __swrite
                0x00807368                __sread
 .text          0x008073c8       0xbc c:/altera/12.1sp1/nios2eds/bin/gnu/h-i686-mingw32/bin/../lib/gcc/nios2-elf/4.1.2/../../../../nios2-elf/lib/mno-hw-mul\libc.a(lib_a-strcmp.o)
                0x008073c8                strcmp
 .text          0x00807484       0x74 c:/altera/12.1sp1/nios2eds/bin/gnu/h-i686-mingw32/bin/../lib/gcc/nios2-elf/4.1.2/../../../../nios2-elf/lib/mno-hw-mul\libc.a(lib_a-strlen.o)
                0x00807484                strlen
 .text          0x008074f8       0x78 c:/altera/12.1sp1/nios2eds/bin/gnu/h-i686-mingw32/bin/../lib/gcc/nios2-elf/4.1.2/../../../../nios2-elf/lib/mno-hw-mul\libc.a(lib_a-writer.o)
                0x008074f8                _write_r
 .text          0x00807570       0xc8 c:/altera/12.1sp1/nios2eds/bin/gnu/h-i686-mingw32/bin/../lib/gcc/nios2-elf/4.1.2/../../../../nios2-elf/lib/mno-hw-mul\libc.a(lib_a-callocr.o)
                0x00807570                _calloc_r
 .text          0x00807638       0x70 c:/altera/12.1sp1/nios2eds/bin/gnu/h-i686-mingw32/bin/../lib/gcc/nios2-elf/4.1.2/../../../../nios2-elf/lib/mno-hw-mul\libc.a(lib_a-closer.o)
                0x00807638                _close_r
 .text          0x008076a8      0x124 c:/altera/12.1sp1/nios2eds/bin/gnu/h-i686-mingw32/bin/../lib/gcc/nios2-elf/4.1.2/../../../../nios2-elf/lib/mno-hw-mul\libc.a(lib_a-fclose.o)
                0x008076a8                _fclose_r
                0x008077b8                fclose
 .text          0x008077cc       0x74 c:/altera/12.1sp1/nios2eds/bin/gnu/h-i686-mingw32/bin/../lib/gcc/nios2-elf/4.1.2/../../../../nios2-elf/lib/mno-hw-mul\libc.a(lib_a-fstatr.o)
                0x008077cc                _fstat_r
 .text          0x00807840        0x0 c:/altera/12.1sp1/nios2eds/bin/gnu/h-i686-mingw32/bin/../lib/gcc/nios2-elf/4.1.2/../../../../nios2-elf/lib/mno-hw-mul\libc.a(lib_a-int_errno.o)
 .text          0x00807840       0x70 c:/altera/12.1sp1/nios2eds/bin/gnu/h-i686-mingw32/bin/../lib/gcc/nios2-elf/4.1.2/../../../../nios2-elf/lib/mno-hw-mul\libc.a(lib_a-isattyr.o)
                0x00807840                _isatty_r
 .text          0x008078b0       0x78 c:/altera/12.1sp1/nios2eds/bin/gnu/h-i686-mingw32/bin/../lib/gcc/nios2-elf/4.1.2/../../../../nios2-elf/lib/mno-hw-mul\libc.a(lib_a-lseekr.o)
                0x008078b0                _lseek_r
 .text          0x00807928       0x78 c:/altera/12.1sp1/nios2eds/bin/gnu/h-i686-mingw32/bin/../lib/gcc/nios2-elf/4.1.2/../../../../nios2-elf/lib/mno-hw-mul\libc.a(lib_a-readr.o)
                0x00807928                _read_r
 .text          0x008079a0      0x66c c:/altera/12.1sp1/nios2eds/bin/gnu/h-i686-mingw32/bin/../lib/gcc/nios2-elf/4.1.2/mno-hw-mul\libgcc.a(_udivdi3.o)
                0x008079a0                __udivdi3
 .text          0x0080800c      0x660 c:/altera/12.1sp1/nios2eds/bin/gnu/h-i686-mingw32/bin/../lib/gcc/nios2-elf/4.1.2/mno-hw-mul\libgcc.a(_umoddi3.o)
                0x0080800c                __umoddi3
 .text          0x0080866c      0x504 c:/altera/12.1sp1/nios2eds/bin/gnu/h-i686-mingw32/bin/../lib/gcc/nios2-elf/4.1.2/mno-hw-mul\libgcc.a(_addsub_df.o)
                0x00808a7c                __subdf3
                0x00808afc                __adddf3
 .text          0x00808b70      0x3c4 c:/altera/12.1sp1/nios2eds/bin/gnu/h-i686-mingw32/bin/../lib/gcc/nios2-elf/4.1.2/mno-hw-mul\libgcc.a(_mul_df.o)
                0x00808b70                __muldf3
 .text          0x00808f34      0x258 c:/altera/12.1sp1/nios2eds/bin/gnu/h-i686-mingw32/bin/../lib/gcc/nios2-elf/4.1.2/mno-hw-mul\libgcc.a(_div_df.o)
                0x00808f34                __divdf3
 .text          0x0080918c       0x88 c:/altera/12.1sp1/nios2eds/bin/gnu/h-i686-mingw32/bin/../lib/gcc/nios2-elf/4.1.2/mno-hw-mul\libgcc.a(_eq_df.o)
                0x0080918c                __eqdf2
 .text          0x00809214       0x88 c:/altera/12.1sp1/nios2eds/bin/gnu/h-i686-mingw32/bin/../lib/gcc/nios2-elf/4.1.2/mno-hw-mul\libgcc.a(_ne_df.o)
                0x00809214                __nedf2
 .text          0x0080929c       0x88 c:/altera/12.1sp1/nios2eds/bin/gnu/h-i686-mingw32/bin/../lib/gcc/nios2-elf/4.1.2/mno-hw-mul\libgcc.a(_gt_df.o)
                0x0080929c                __gtdf2
 .text          0x00809324       0x88 c:/altera/12.1sp1/nios2eds/bin/gnu/h-i686-mingw32/bin/../lib/gcc/nios2-elf/4.1.2/mno-hw-mul\libgcc.a(_ge_df.o)
                0x00809324                __gedf2
 .text          0x008093ac       0x88 c:/altera/12.1sp1/nios2eds/bin/gnu/h-i686-mingw32/bin/../lib/gcc/nios2-elf/4.1.2/mno-hw-mul\libgcc.a(_lt_df.o)
                0x008093ac                __ltdf2
 .text          0x00809434       0xf8 c:/altera/12.1sp1/nios2eds/bin/gnu/h-i686-mingw32/bin/../lib/gcc/nios2-elf/4.1.2/mno-hw-mul\libgcc.a(_si_to_df.o)
                0x00809434                __floatsidf
 .text          0x0080952c       0xd8 c:/altera/12.1sp1/nios2eds/bin/gnu/h-i686-mingw32/bin/../lib/gcc/nios2-elf/4.1.2/mno-hw-mul\libgcc.a(_df_to_si.o)
                0x0080952c                __fixdfsi
 .text          0x00809604        0x0 c:/altera/12.1sp1/nios2eds/bin/gnu/h-i686-mingw32/bin/../lib/gcc/nios2-elf/4.1.2/mno-hw-mul\libgcc.a(_thenan_df.o)
 .text          0x00809604      0x194 c:/altera/12.1sp1/nios2eds/bin/gnu/h-i686-mingw32/bin/../lib/gcc/nios2-elf/4.1.2/mno-hw-mul\libgcc.a(_usi_to_df.o)
                0x00809604                __floatunsidf
 .text          0x00809798      0x14c c:/altera/12.1sp1/nios2eds/bin/gnu/h-i686-mingw32/bin/../lib/gcc/nios2-elf/4.1.2/mno-hw-mul\libgcc.a(lib2-divmod.o)
                0x00809814                __divsi3
                0x00809874                __modsi3
                0x008098d4                __udivsi3
                0x008098dc                __umodsi3
 .text          0x008098e4       0x38 c:/altera/12.1sp1/nios2eds/bin/gnu/h-i686-mingw32/bin/../lib/gcc/nios2-elf/4.1.2/mno-hw-mul\libgcc.a(lib2-mul.o)
                0x008098e4                __mulsi3
 .text          0x0080991c      0x124 c:/altera/12.1sp1/nios2eds/bin/gnu/h-i686-mingw32/bin/../lib/gcc/nios2-elf/4.1.2/mno-hw-mul\libgcc.a(_muldi3.o)
                0x0080991c                __muldi3
 .text          0x00809a40        0x0 c:/altera/12.1sp1/nios2eds/bin/gnu/h-i686-mingw32/bin/../lib/gcc/nios2-elf/4.1.2/mno-hw-mul\libgcc.a(_clz.o)
 .text          0x00809a40       0x80 c:/altera/12.1sp1/nios2eds/bin/gnu/h-i686-mingw32/bin/../lib/gcc/nios2-elf/4.1.2/mno-hw-mul\libgcc.a(_clzsi2.o)
                0x00809a40                __clzsi2
 .text          0x00809ac0      0x314 c:/altera/12.1sp1/nios2eds/bin/gnu/h-i686-mingw32/bin/../lib/gcc/nios2-elf/4.1.2/mno-hw-mul\libgcc.a(_pack_df.o)
                0x00809ac0                __pack_d
 .text          0x00809dd4      0x138 c:/altera/12.1sp1/nios2eds/bin/gnu/h-i686-mingw32/bin/../lib/gcc/nios2-elf/4.1.2/mno-hw-mul\libgcc.a(_unpack_df.o)
                0x00809dd4                __unpack_d
 .text          0x00809f0c       0xc8 c:/altera/12.1sp1/nios2eds/bin/gnu/h-i686-mingw32/bin/../lib/gcc/nios2-elf/4.1.2/mno-hw-mul\libgcc.a(_fpcmp_parts_df.o)
                0x00809f0c                __fpcmp_parts_d
 .text          0x00809fd4      0x160 ../InfraredProtoDE2_bsp/\libucosii_bsp.a(alt_close.o)
                0x00809fd4                close
 .text          0x0080a134       0x2c ../InfraredProtoDE2_bsp/\libucosii_bsp.a(alt_dev.o)
 .text          0x0080a160        0x0 ../InfraredProtoDE2_bsp/\libucosii_bsp.a(alt_errno.o)
 .text          0x0080a160      0x138 ../InfraredProtoDE2_bsp/\libucosii_bsp.a(alt_fstat.o)
                0x0080a160                fstat
 .text          0x0080a298      0x1d4 ../InfraredProtoDE2_bsp/\libucosii_bsp.a(alt_iic.o)
                0x0080a298                alt_ic_isr_register
                0x0080a2e8                alt_ic_irq_enable
                0x0080a384                alt_ic_irq_disable
                0x0080a424                alt_ic_irq_enabled
 .text          0x0080a46c       0xf8 ../InfraredProtoDE2_bsp/\libucosii_bsp.a(alt_iic_isr_register.o)
                0x0080a46c                alt_iic_isr_register
 .text          0x0080a564        0x0 ../InfraredProtoDE2_bsp/\libucosii_bsp.a(alt_irq_entry.o)
 .text          0x0080a564        0x0 ../InfraredProtoDE2_bsp/\libucosii_bsp.a(alt_irq_handler.o)
 .text          0x0080a564        0x0 ../InfraredProtoDE2_bsp/\libucosii_bsp.a(alt_irq_vars.o)
 .text          0x0080a564      0x124 ../InfraredProtoDE2_bsp/\libucosii_bsp.a(alt_isatty.o)
                0x0080a564                isatty
 .text          0x0080a688       0xec ../InfraredProtoDE2_bsp/\libucosii_bsp.a(alt_load.o)
                0x0080a688                alt_load
 .text          0x0080a774      0x154 ../InfraredProtoDE2_bsp/\libucosii_bsp.a(alt_lseek.o)
                0x0080a774                lseek
 .text          0x0080a8c8       0xc8 ../InfraredProtoDE2_bsp/\libucosii_bsp.a(alt_main.o)
                0x0080a8c8                alt_main
 .text          0x0080a990      0x184 ../InfraredProtoDE2_bsp/\libucosii_bsp.a(alt_read.o)
                0x0080a990                read
 .text          0x0080ab14       0x78 ../InfraredProtoDE2_bsp/\libucosii_bsp.a(alt_release_fd.o)
                0x0080ab14                alt_release_fd
 .text          0x0080ab8c       0xbc ../InfraredProtoDE2_bsp/\libucosii_bsp.a(alt_sbrk.o)
                0x0080ab8c                sbrk
 .text          0x0080ac48      0x184 ../InfraredProtoDE2_bsp/\libucosii_bsp.a(alt_write.o)
                0x0080ac48                write
 .text          0x0080adcc      0x108 ../InfraredProtoDE2_bsp/\libucosii_bsp.a(alt_env_lock.o)
                0x0080adcc                __env_lock
                0x0080ae78                __env_unlock
 .text          0x0080aed4      0x1d8 ../InfraredProtoDE2_bsp/\libucosii_bsp.a(alt_malloc_lock.o)
                0x0080aed4                __malloc_lock
                0x0080afdc                __malloc_unlock
 .text          0x0080b0ac     0x2128 ../InfraredProtoDE2_bsp/\libucosii_bsp.a(os_core.o)
                0x0080b0ac                OSEventNameGet
                0x0080b1dc                OSEventNameSet
                0x0080b320                OSEventPendMulti
                0x0080b9d4                OSInit
                0x0080ba28                OSIntEnter
                0x0080baa4                OSIntExit
                0x0080bba4                OSSchedLock
                0x0080bc30                OSSchedUnlock
                0x0080bd14                OSStart
                0x0080bd84                OSStatInit
                0x0080be30                OSTimeTick
                0x0080c070                OSVersion
                0x0080c090                OS_Dummy
                0x0080c0ac                OS_EventTaskRdy
                0x0080c240                OS_EventTaskWait
                0x0080c350                OS_EventTaskWaitMulti
                0x0080c4a4                OS_EventTaskRemove
                0x0080c55c                OS_EventTaskRemoveMulti
                0x0080c660                OS_EventWaitListInit
                0x0080ca2c                OS_MemClr
                0x0080ca80                OS_MemCopy
                0x0080caec                OS_Sched
                0x0080cc30                OS_StrCopy
                0x0080ccb0                OS_StrLen
                0x0080cd08                OS_TaskIdle
                0x0080cd64                OS_TaskStat
                0x0080ce2c                OS_TaskStatStkChk
                0x0080cef4                OS_TCBInit
 .text          0x0080d1d4      0x18c ../InfraredProtoDE2_bsp/\libucosii_bsp.a(os_dbg.o)
                0x0080d1d4                OSDebugInit
 .text          0x0080d360     0x193c ../InfraredProtoDE2_bsp/\libucosii_bsp.a(os_flag.o)
                0x0080d360                OSFlagAccept
                0x0080d694                OSFlagCreate
                0x0080d7d0                OSFlagDel
                0x0080da78                OSFlagNameGet
                0x0080dbbc                OSFlagNameSet
                0x0080dd10                OSFlagPend
                0x0080e354                OSFlagPendGetFlagsRdy
                0x0080e3bc                OSFlagPost
                0x0080e764                OSFlagQuery
                0x0080e9fc                OS_FlagInit
                0x0080ebf0                OS_FlagUnlink
 .text          0x0080ec9c      0x80c ../InfraredProtoDE2_bsp/\libucosii_bsp.a(os_mem.o)
                0x0080ec9c                OSMemCreate
                0x0080eeb8                OSMemGet
                0x0080efbc                OSMemNameGet
                0x0080f0c8                OSMemNameSet
                0x0080f1e8                OSMemPut
                0x0080f2d8                OSMemQuery
                0x0080f3d4                OS_MemInit
 .text          0x0080f4a8     0x1334 ../InfraredProtoDE2_bsp/\libucosii_bsp.a(os_q.o)
                0x0080f4a8                OSQAccept
                0x0080f5fc                OSQCreate
                0x0080f810                OSQDel
                0x0080fb10                OSQFlush
                0x0080fbd8                OSQPend
                0x0080fef8                OSQPendAbort
                0x00810074                OSQPost
                0x008101f4                OSQPostFront
                0x0081037c                OSQPostOpt
                0x008105b0                OSQQuery
                0x00810730                OS_QInit
 .text          0x008107dc      0xbc8 ../InfraredProtoDE2_bsp/\libucosii_bsp.a(os_sem.o)
                0x008107dc                OSSemAccept
                0x0081089c                OSSemCreate
                0x008109b0                OSSemDel
                0x00810c50                OSSemPend
                0x00810ecc                OSSemPendAbort
                0x00811048                OSSemPost
                0x00811170                OSSemQuery
                0x008112a0                OSSemSet
 .text          0x008113a4     0x1a40 ../InfraredProtoDE2_bsp/\libucosii_bsp.a(os_task.o)
                0x008113a4                OSTaskChangePrio
                0x00811918                OSTaskCreate
                0x00811aec                OSTaskCreateExt
                0x00811cec                OSTaskDel
                0x008120f8                OSTaskDelReq
                0x00812268                OSTaskNameGet
                0x00812420                OSTaskNameSet
                0x008125e4                OSTaskResume
                0x008127fc                OSTaskStkChk
                0x008129f8                OSTaskSuspend
                0x00812c24                OSTaskQuery
                0x00812d68                OS_TaskStkClr
 .text          0x00812de4      0x5b4 ../InfraredProtoDE2_bsp/\libucosii_bsp.a(os_time.o)
                0x00812de4                OSTimeDly
                0x00812f30                OSTimeDlyHMSM
                0x008130c0                OSTimeDlyResume
                0x008132d0                OSTimeGet
                0x00813334                OSTimeSet
 .text          0x00813398       0xe0 ../InfraredProtoDE2_bsp/\libucosii_bsp.a(alt_sys_init.o)
                0x00813398                alt_irq_init
                0x008133cc                alt_sys_init
 .text          0x00813478      0x148 ../InfraredProtoDE2_bsp/\libucosii_bsp.a(altera_avalon_jtag_uart_fd.o)
                0x00813478                altera_avalon_jtag_uart_read_fd
                0x008134d0                altera_avalon_jtag_uart_write_fd
                0x00813528                altera_avalon_jtag_uart_close_fd
                0x00813570                altera_avalon_jtag_uart_ioctl_fd
 .text          0x008135c0      0x584 ../InfraredProtoDE2_bsp/\libucosii_bsp.a(altera_avalon_jtag_uart_init.o)
                0x008135c0                altera_avalon_jtag_uart_init
                0x00813ad0                altera_avalon_jtag_uart_close
 .text          0x00813b44       0xf4 ../InfraredProtoDE2_bsp/\libucosii_bsp.a(altera_avalon_jtag_uart_ioctl.o)
                0x00813b44                altera_avalon_jtag_uart_ioctl
 .text          0x00813c38      0x2c0 ../InfraredProtoDE2_bsp/\libucosii_bsp.a(altera_avalon_jtag_uart_read.o)
                0x00813c38                altera_avalon_jtag_uart_read
 .text          0x00813ef8      0x2dc ../InfraredProtoDE2_bsp/\libucosii_bsp.a(altera_avalon_jtag_uart_write.o)
                0x00813ef8                altera_avalon_jtag_uart_write
 .text          0x008141d4      0x100 ../InfraredProtoDE2_bsp/\libucosii_bsp.a(altera_avalon_timer_sc.o)
                0x00814244                alt_avalon_timer_sc_init
 .text          0x008142d4      0x530 ../InfraredProtoDE2_bsp/\libucosii_bsp.a(altera_up_avalon_character_lcd.o)
                0x008142d4                get_DDRAM_addr
                0x00814350                alt_up_character_lcd_send_cmd
                0x00814384                alt_up_character_lcd_init
                0x008143b8                alt_up_character_lcd_open_dev
                0x008143f8                alt_up_character_lcd_write
                0x00814470                alt_up_character_lcd_string
                0x008144e8                alt_up_character_lcd_write_fd
                0x00814534                alt_up_character_lcd_set_cursor_pos
                0x008145ac                alt_up_character_lcd_shift_cursor
                0x0081465c                alt_up_character_lcd_shift_display
                0x0081470c                alt_up_character_lcd_erase_pos
                0x0081479c                alt_up_character_lcd_cursor_off
                0x008147d0                alt_up_character_lcd_cursor_blink_on
 .text          0x00814804      0x154 ../InfraredProtoDE2_bsp/\libucosii_bsp.a(alt_alarm_start.o)
                0x00814804                alt_alarm_start
 .text          0x00814958       0x1c ../InfraredProtoDE2_bsp/\libucosii_bsp.a(alt_dcache_flush_all.o)
                0x00814958                alt_dcache_flush_all
 .text          0x00814974      0x114 ../InfraredProtoDE2_bsp/\libucosii_bsp.a(alt_dev_llist_insert.o)
                0x00814974                alt_dev_llist_insert
 .text          0x00814a88       0x64 ../InfraredProtoDE2_bsp/\libucosii_bsp.a(alt_do_ctors.o)
                0x00814a88                _do_ctors
 .text          0x00814aec       0x64 ../InfraredProtoDE2_bsp/\libucosii_bsp.a(alt_do_dtors.o)
                0x00814aec                _do_dtors
 .text          0x00814b50        0x0 ../InfraredProtoDE2_bsp/\libucosii_bsp.a(alt_exception_entry.o)
 .text          0x00814b50       0x94 ../InfraredProtoDE2_bsp/\libucosii_bsp.a(alt_find_dev.o)
                0x00814b50                alt_find_dev
 .text          0x00814be4       0x1c ../InfraredProtoDE2_bsp/\libucosii_bsp.a(alt_icache_flush_all.o)
                0x00814be4                alt_icache_flush_all
 .text          0x00814c00      0x150 ../InfraredProtoDE2_bsp/\libucosii_bsp.a(alt_io_redirect.o)
                0x00814cd8                alt_io_redirect
 .text          0x00814d50      0x2e4 ../InfraredProtoDE2_bsp/\libucosii_bsp.a(alt_open.o)
                0x00814e48                open
 .text          0x00815034      0x1a8 ../InfraredProtoDE2_bsp/\libucosii_bsp.a(alt_tick.o)
                0x00815034                alt_alarm_stop
                0x008150cc                alt_tick
 .text          0x008151dc       0x20 ../InfraredProtoDE2_bsp/\libucosii_bsp.a(altera_nios2_qsys_irq.o)
                0x008151dc                altera_nios2_qsys_irq_init
 .text          0x008151fc       0xd0 ../InfraredProtoDE2_bsp/\libucosii_bsp.a(os_cpu_a.o)
                0x008151fc                OSCtxSw
                0x008151fc                OSIntCtxSw
                0x00815288                OSStartHighRdy
                0x008152a8                OSStartTsk
 .text          0x008152cc      0x418 ../InfraredProtoDE2_bsp/\libucosii_bsp.a(os_cpu_c.o)
                0x008152cc                OSTaskStkInit
                0x008155dc                OSTaskCreateHook
                0x008155fc                OSTaskDelHook
                0x0081561c                OSTaskSwHook
                0x00815638                OSTaskStatHook
                0x00815654                OSTimeTickHook
                0x00815670                OSInitHookBegin
                0x0081568c                OSInitHookEnd
                0x008156a8                OSTaskIdleHook
                0x008156c4                OSTCBInitHook
 .text          0x008156e4      0x120 ../InfraredProtoDE2_bsp/\libucosii_bsp.a(alt_find_file.o)
                0x008156e4                alt_find_file
 .text          0x00815804      0x104 ../InfraredProtoDE2_bsp/\libucosii_bsp.a(alt_get_fd.o)
                0x00815804                alt_get_fd
 .text          0x00815908       0x14 c:/altera/12.1sp1/nios2eds/bin/gnu/h-i686-mingw32/bin/../lib/gcc/nios2-elf/4.1.2/../../../../nios2-elf/lib/mno-hw-mul\libc.a(lib_a-atexit.o)
                0x00815908                atexit
 .text          0x0081591c       0x38 c:/altera/12.1sp1/nios2eds/bin/gnu/h-i686-mingw32/bin/../lib/gcc/nios2-elf/4.1.2/../../../../nios2-elf/lib/mno-hw-mul\libc.a(lib_a-exit.o)
                0x0081591c                exit
 .text          0x00815954       0x74 c:/altera/12.1sp1/nios2eds/bin/gnu/h-i686-mingw32/bin/../lib/gcc/nios2-elf/4.1.2/../../../../nios2-elf/lib/mno-hw-mul\libc.a(lib_a-memcmp.o)
                0x00815954                memcmp
 .text          0x008159c8      0x134 c:/altera/12.1sp1/nios2eds/bin/gnu/h-i686-mingw32/bin/../lib/gcc/nios2-elf/4.1.2/../../../../nios2-elf/lib/mno-hw-mul\libc.a(lib_a-__atexit.o)
                0x008159c8                __register_exitproc
 .text          0x00815afc      0x1b4 c:/altera/12.1sp1/nios2eds/bin/gnu/h-i686-mingw32/bin/../lib/gcc/nios2-elf/4.1.2/../../../../nios2-elf/lib/mno-hw-mul\libc.a(lib_a-__call_atexit.o)
                0x00815b00                __call_exitprocs
 .text          0x00815cb0       0x6c ../InfraredProtoDE2_bsp/\libucosii_bsp.a(alt_exit.o)
                0x00815cf0                _exit
 *(.gnu.warning.*)
 *(.fini)
                0x00815d1c                PROVIDE (__etext, ABSOLUTE (.))
                0x00815d1c                PROVIDE (_etext, ABSOLUTE (.))
                0x00815d1c                PROVIDE (etext, ABSOLUTE (.))
 *(.eh_frame_hdr)
                0x00815d1c                . = ALIGN (0x4)
                0x00815d1c                PROVIDE (__preinit_array_start, ABSOLUTE (.))
 *(.preinit_array)
                0x00815d1c                PROVIDE (__preinit_array_end, ABSOLUTE (.))
                0x00815d1c                PROVIDE (__init_array_start, ABSOLUTE (.))
 *(.init_array)
                0x00815d1c                PROVIDE (__init_array_end, ABSOLUTE (.))
                0x00815d1c                PROVIDE (__fini_array_start, ABSOLUTE (.))
 *(.fini_array)
                0x00815d1c                PROVIDE (__fini_array_end, ABSOLUTE (.))
 *(.eh_frame)
 *(.gcc_except_table)
 *(.dynamic)
                0x00815d1c                PROVIDE (__CTOR_LIST__, ABSOLUTE (.))
 *(.ctors)
 *(SORT(.ctors.*))
 .ctors.65535   0x00815d1c        0x4 c:/altera/12.1sp1/nios2eds/bin/gnu/h-i686-mingw32/bin/../lib/gcc/nios2-elf/4.1.2/../../../../nios2-elf/lib/mno-hw-mul\libc.a(lib_a-__call_atexit.o)
                0x00815d20                PROVIDE (__CTOR_END__, ABSOLUTE (.))
                0x00815d20                PROVIDE (__DTOR_LIST__, ABSOLUTE (.))
 *(.dtors)
 *(SORT(.dtors.*))
                0x00815d20                PROVIDE (__DTOR_END__, ABSOLUTE (.))
 *(.jcr)
                0x00815d20                . = ALIGN (0x4)

.rodata         0x00815d20      0x4d0
                0x00815d20                PROVIDE (__ram_rodata_start, ABSOLUTE (.))
                0x00815d20                . = ALIGN (0x4)
 *(.rodata .rodata.* .gnu.linkonce.r.*)
 .rodata        0x00815d20       0x54 obj/default/main.o
 .rodata.str1.4
                0x00815d74       0x5e c:/altera/12.1sp1/nios2eds/bin/gnu/h-i686-mingw32/bin/../lib/gcc/nios2-elf/4.1.2/../../../../nios2-elf/lib/mno-hw-mul\libc.a(lib_a-vfprintf.o)
                                 0x60 (size before relaxing)
 .rodata        0x00815dd2       0x20 c:/altera/12.1sp1/nios2eds/bin/gnu/h-i686-mingw32/bin/../lib/gcc/nios2-elf/4.1.2/../../../../nios2-elf/lib/mno-hw-mul\libc.a(lib_a-vfprintf.o)
 *fill*         0x00815df2        0x2 00
 .rodata.str1.4
                0x00815df4       0x10 c:/altera/12.1sp1/nios2eds/bin/gnu/h-i686-mingw32/bin/../lib/gcc/nios2-elf/4.1.2/../../../../nios2-elf/lib/mno-hw-mul\libc.a(lib_a-dtoa.o)
                                 0x14 (size before relaxing)
 .rodata.str1.4
                0x00815e04        0x2 c:/altera/12.1sp1/nios2eds/bin/gnu/h-i686-mingw32/bin/../lib/gcc/nios2-elf/4.1.2/../../../../nios2-elf/lib/mno-hw-mul\libc.a(lib_a-impure.o)
                                  0x4 (size before relaxing)
 *fill*         0x00815e06        0x2 00
 .rodata.str1.4
                0x00815e08       0x10 c:/altera/12.1sp1/nios2eds/bin/gnu/h-i686-mingw32/bin/../lib/gcc/nios2-elf/4.1.2/../../../../nios2-elf/lib/mno-hw-mul\libc.a(lib_a-locale.o)
                                 0x18 (size before relaxing)
 .rodata        0x00815e18       0x30 c:/altera/12.1sp1/nios2eds/bin/gnu/h-i686-mingw32/bin/../lib/gcc/nios2-elf/4.1.2/../../../../nios2-elf/lib/mno-hw-mul\libc.a(lib_a-locale.o)
 .rodata        0x00815e48      0x124 c:/altera/12.1sp1/nios2eds/bin/gnu/h-i686-mingw32/bin/../lib/gcc/nios2-elf/4.1.2/../../../../nios2-elf/lib/mno-hw-mul\libc.a(lib_a-mprec.o)
                0x00815e48                __mprec_tens
                0x00815f10                __mprec_bigtens
                0x00815f38                __mprec_tinytens
 .rodata        0x00815f6c       0x14 c:/altera/12.1sp1/nios2eds/bin/gnu/h-i686-mingw32/bin/../lib/gcc/nios2-elf/4.1.2/mno-hw-mul\libgcc.a(_thenan_df.o)
                0x00815f6c                __thenan_df
 .rodata        0x00815f80      0x100 c:/altera/12.1sp1/nios2eds/bin/gnu/h-i686-mingw32/bin/../lib/gcc/nios2-elf/4.1.2/mno-hw-mul\libgcc.a(_clz.o)
                0x00815f80                __clz_tab
 .rodata        0x00816080        0xc ../InfraredProtoDE2_bsp/\libucosii_bsp.a(alt_dev.o)
 .rodata        0x0081608c       0x14 ../InfraredProtoDE2_bsp/\libucosii_bsp.a(alt_main.o)
 .rodata        0x008160a0      0x120 ../InfraredProtoDE2_bsp/\libucosii_bsp.a(os_core.o)
                0x008160a0                OSUnMapTbl
 .rodata        0x008161c0       0x2c ../InfraredProtoDE2_bsp/\libucosii_bsp.a(alt_sys_init.o)
 .rodata        0x008161ec        0x4 ../InfraredProtoDE2_bsp/\libucosii_bsp.a(os_cpu_c.o)
 *(.rodata1)
                0x008161f0                . = ALIGN (0x4)
                0x008161f0                PROVIDE (__ram_rodata_end, ABSOLUTE (.))
                0x00815d20                PROVIDE (__flash_rodata_start, LOADADDR (.rodata))

.rwdata         0x008161f0     0x1b10 load address 0x00817d00
                0x008161f0                PROVIDE (__ram_rwdata_start, ABSOLUTE (.))
                0x008161f0                . = ALIGN (0x4)
 *(.got.plt)
 *(.got)
 *(.data1)
 *(.data .data.* .gnu.linkonce.d.*)
 .data          0x008161f0        0x0 ../InfraredProtoDE2_bsp//obj/HAL/src/crt0.o
 .data          0x008161f0        0x0 obj/default/main.o
 .data          0x008161f0        0x0 c:/altera/12.1sp1/nios2eds/bin/gnu/h-i686-mingw32/bin/../lib/gcc/nios2-elf/4.1.2/../../../../nios2-elf/lib/mno-hw-mul\libc.a(lib_a-printf.o)
 .data          0x008161f0        0x0 c:/altera/12.1sp1/nios2eds/bin/gnu/h-i686-mingw32/bin/../lib/gcc/nios2-elf/4.1.2/../../../../nios2-elf/lib/mno-hw-mul\libc.a(lib_a-snprintf.o)
 .data          0x008161f0        0x0 c:/altera/12.1sp1/nios2eds/bin/gnu/h-i686-mingw32/bin/../lib/gcc/nios2-elf/4.1.2/../../../../nios2-elf/lib/mno-hw-mul\libc.a(lib_a-vfprintf.o)
 .data          0x008161f0        0x0 c:/altera/12.1sp1/nios2eds/bin/gnu/h-i686-mingw32/bin/../lib/gcc/nios2-elf/4.1.2/../../../../nios2-elf/lib/mno-hw-mul\libc.a(lib_a-wsetup.o)
 .data          0x008161f0        0x0 c:/altera/12.1sp1/nios2eds/bin/gnu/h-i686-mingw32/bin/../lib/gcc/nios2-elf/4.1.2/../../../../nios2-elf/lib/mno-hw-mul\libc.a(lib_a-dtoa.o)
 .data          0x008161f0        0x0 c:/altera/12.1sp1/nios2eds/bin/gnu/h-i686-mingw32/bin/../lib/gcc/nios2-elf/4.1.2/../../../../nios2-elf/lib/mno-hw-mul\libc.a(lib_a-fflush.o)
 .data          0x008161f0        0x0 c:/altera/12.1sp1/nios2eds/bin/gnu/h-i686-mingw32/bin/../lib/gcc/nios2-elf/4.1.2/../../../../nios2-elf/lib/mno-hw-mul\libc.a(lib_a-findfp.o)
 .data          0x008161f0        0x0 c:/altera/12.1sp1/nios2eds/bin/gnu/h-i686-mingw32/bin/../lib/gcc/nios2-elf/4.1.2/../../../../nios2-elf/lib/mno-hw-mul\libc.a(lib_a-freer.o)
 .data          0x008161f0        0x0 c:/altera/12.1sp1/nios2eds/bin/gnu/h-i686-mingw32/bin/../lib/gcc/nios2-elf/4.1.2/../../../../nios2-elf/lib/mno-hw-mul\libc.a(lib_a-fvwrite.o)
 .data          0x008161f0        0x0 c:/altera/12.1sp1/nios2eds/bin/gnu/h-i686-mingw32/bin/../lib/gcc/nios2-elf/4.1.2/../../../../nios2-elf/lib/mno-hw-mul\libc.a(lib_a-fwalk.o)
 .data          0x008161f0      0x400 c:/altera/12.1sp1/nios2eds/bin/gnu/h-i686-mingw32/bin/../lib/gcc/nios2-elf/4.1.2/../../../../nios2-elf/lib/mno-hw-mul\libc.a(lib_a-impure.o)
 .data          0x008165f0        0xc c:/altera/12.1sp1/nios2eds/bin/gnu/h-i686-mingw32/bin/../lib/gcc/nios2-elf/4.1.2/../../../../nios2-elf/lib/mno-hw-mul\libc.a(lib_a-locale.o)
                0x008165f0                __lc_ctype
 .data          0x008165fc        0x0 c:/altera/12.1sp1/nios2eds/bin/gnu/h-i686-mingw32/bin/../lib/gcc/nios2-elf/4.1.2/../../../../nios2-elf/lib/mno-hw-mul\libc.a(lib_a-makebuf.o)
 .data          0x008165fc      0x408 c:/altera/12.1sp1/nios2eds/bin/gnu/h-i686-mingw32/bin/../lib/gcc/nios2-elf/4.1.2/../../../../nios2-elf/lib/mno-hw-mul\libc.a(lib_a-mallocr.o)
                0x008165fc                __malloc_av_
 .data          0x00816a04        0x0 c:/altera/12.1sp1/nios2eds/bin/gnu/h-i686-mingw32/bin/../lib/gcc/nios2-elf/4.1.2/../../../../nios2-elf/lib/mno-hw-mul\libc.a(lib_a-memchr.o)
 .data          0x00816a04        0x0 c:/altera/12.1sp1/nios2eds/bin/gnu/h-i686-mingw32/bin/../lib/gcc/nios2-elf/4.1.2/../../../../nios2-elf/lib/mno-hw-mul\libc.a(lib_a-memcpy.o)
 .data          0x00816a04        0x0 c:/altera/12.1sp1/nios2eds/bin/gnu/h-i686-mingw32/bin/../lib/gcc/nios2-elf/4.1.2/../../../../nios2-elf/lib/mno-hw-mul\libc.a(lib_a-memmove.o)
 .data          0x00816a04        0x0 c:/altera/12.1sp1/nios2eds/bin/gnu/h-i686-mingw32/bin/../lib/gcc/nios2-elf/4.1.2/../../../../nios2-elf/lib/mno-hw-mul\libc.a(lib_a-memset.o)
 .data          0x00816a04        0x0 c:/altera/12.1sp1/nios2eds/bin/gnu/h-i686-mingw32/bin/../lib/gcc/nios2-elf/4.1.2/../../../../nios2-elf/lib/mno-hw-mul\libc.a(lib_a-mprec.o)
 .data          0x00816a04        0x0 c:/altera/12.1sp1/nios2eds/bin/gnu/h-i686-mingw32/bin/../lib/gcc/nios2-elf/4.1.2/../../../../nios2-elf/lib/mno-hw-mul\libc.a(lib_a-reallocr.o)
 .data          0x00816a04        0x0 c:/altera/12.1sp1/nios2eds/bin/gnu/h-i686-mingw32/bin/../lib/gcc/nios2-elf/4.1.2/../../../../nios2-elf/lib/mno-hw-mul\libc.a(lib_a-s_isinfd.o)
 .data          0x00816a04        0x0 c:/altera/12.1sp1/nios2eds/bin/gnu/h-i686-mingw32/bin/../lib/gcc/nios2-elf/4.1.2/../../../../nios2-elf/lib/mno-hw-mul\libc.a(lib_a-s_isnand.o)
 .data          0x00816a04        0x0 c:/altera/12.1sp1/nios2eds/bin/gnu/h-i686-mingw32/bin/../lib/gcc/nios2-elf/4.1.2/../../../../nios2-elf/lib/mno-hw-mul\libc.a(lib_a-sbrkr.o)
 .data          0x00816a04        0x0 c:/altera/12.1sp1/nios2eds/bin/gnu/h-i686-mingw32/bin/../lib/gcc/nios2-elf/4.1.2/../../../../nios2-elf/lib/mno-hw-mul\libc.a(lib_a-stdio.o)
 .data          0x00816a04        0x0 c:/altera/12.1sp1/nios2eds/bin/gnu/h-i686-mingw32/bin/../lib/gcc/nios2-elf/4.1.2/../../../../nios2-elf/lib/mno-hw-mul\libc.a(lib_a-strcmp.o)
 .data          0x00816a04        0x0 c:/altera/12.1sp1/nios2eds/bin/gnu/h-i686-mingw32/bin/../lib/gcc/nios2-elf/4.1.2/../../../../nios2-elf/lib/mno-hw-mul\libc.a(lib_a-strlen.o)
 .data          0x00816a04        0x0 c:/altera/12.1sp1/nios2eds/bin/gnu/h-i686-mingw32/bin/../lib/gcc/nios2-elf/4.1.2/../../../../nios2-elf/lib/mno-hw-mul\libc.a(lib_a-writer.o)
 .data          0x00816a04        0x0 c:/altera/12.1sp1/nios2eds/bin/gnu/h-i686-mingw32/bin/../lib/gcc/nios2-elf/4.1.2/../../../../nios2-elf/lib/mno-hw-mul\libc.a(lib_a-callocr.o)
 .data          0x00816a04        0x0 c:/altera/12.1sp1/nios2eds/bin/gnu/h-i686-mingw32/bin/../lib/gcc/nios2-elf/4.1.2/../../../../nios2-elf/lib/mno-hw-mul\libc.a(lib_a-closer.o)
 .data          0x00816a04        0x0 c:/altera/12.1sp1/nios2eds/bin/gnu/h-i686-mingw32/bin/../lib/gcc/nios2-elf/4.1.2/../../../../nios2-elf/lib/mno-hw-mul\libc.a(lib_a-fclose.o)
 .data          0x00816a04        0x0 c:/altera/12.1sp1/nios2eds/bin/gnu/h-i686-mingw32/bin/../lib/gcc/nios2-elf/4.1.2/../../../../nios2-elf/lib/mno-hw-mul\libc.a(lib_a-fstatr.o)
 .data          0x00816a04        0x0 c:/altera/12.1sp1/nios2eds/bin/gnu/h-i686-mingw32/bin/../lib/gcc/nios2-elf/4.1.2/../../../../nios2-elf/lib/mno-hw-mul\libc.a(lib_a-int_errno.o)
 .data          0x00816a04        0x0 c:/altera/12.1sp1/nios2eds/bin/gnu/h-i686-mingw32/bin/../lib/gcc/nios2-elf/4.1.2/../../../../nios2-elf/lib/mno-hw-mul\libc.a(lib_a-isattyr.o)
 .data          0x00816a04        0x0 c:/altera/12.1sp1/nios2eds/bin/gnu/h-i686-mingw32/bin/../lib/gcc/nios2-elf/4.1.2/../../../../nios2-elf/lib/mno-hw-mul\libc.a(lib_a-lseekr.o)
 .data          0x00816a04        0x0 c:/altera/12.1sp1/nios2eds/bin/gnu/h-i686-mingw32/bin/../lib/gcc/nios2-elf/4.1.2/../../../../nios2-elf/lib/mno-hw-mul\libc.a(lib_a-readr.o)
 .data          0x00816a04        0x0 c:/altera/12.1sp1/nios2eds/bin/gnu/h-i686-mingw32/bin/../lib/gcc/nios2-elf/4.1.2/mno-hw-mul\libgcc.a(_udivdi3.o)
 .data          0x00816a04        0x0 c:/altera/12.1sp1/nios2eds/bin/gnu/h-i686-mingw32/bin/../lib/gcc/nios2-elf/4.1.2/mno-hw-mul\libgcc.a(_umoddi3.o)
 .data          0x00816a04        0x0 c:/altera/12.1sp1/nios2eds/bin/gnu/h-i686-mingw32/bin/../lib/gcc/nios2-elf/4.1.2/mno-hw-mul\libgcc.a(_addsub_df.o)
 .data          0x00816a04        0x0 c:/altera/12.1sp1/nios2eds/bin/gnu/h-i686-mingw32/bin/../lib/gcc/nios2-elf/4.1.2/mno-hw-mul\libgcc.a(_mul_df.o)
 .data          0x00816a04        0x0 c:/altera/12.1sp1/nios2eds/bin/gnu/h-i686-mingw32/bin/../lib/gcc/nios2-elf/4.1.2/mno-hw-mul\libgcc.a(_div_df.o)
 .data          0x00816a04        0x0 c:/altera/12.1sp1/nios2eds/bin/gnu/h-i686-mingw32/bin/../lib/gcc/nios2-elf/4.1.2/mno-hw-mul\libgcc.a(_eq_df.o)
 .data          0x00816a04        0x0 c:/altera/12.1sp1/nios2eds/bin/gnu/h-i686-mingw32/bin/../lib/gcc/nios2-elf/4.1.2/mno-hw-mul\libgcc.a(_ne_df.o)
 .data          0x00816a04        0x0 c:/altera/12.1sp1/nios2eds/bin/gnu/h-i686-mingw32/bin/../lib/gcc/nios2-elf/4.1.2/mno-hw-mul\libgcc.a(_gt_df.o)
 .data          0x00816a04        0x0 c:/altera/12.1sp1/nios2eds/bin/gnu/h-i686-mingw32/bin/../lib/gcc/nios2-elf/4.1.2/mno-hw-mul\libgcc.a(_ge_df.o)
 .data          0x00816a04        0x0 c:/altera/12.1sp1/nios2eds/bin/gnu/h-i686-mingw32/bin/../lib/gcc/nios2-elf/4.1.2/mno-hw-mul\libgcc.a(_lt_df.o)
 .data          0x00816a04        0x0 c:/altera/12.1sp1/nios2eds/bin/gnu/h-i686-mingw32/bin/../lib/gcc/nios2-elf/4.1.2/mno-hw-mul\libgcc.a(_si_to_df.o)
 .data          0x00816a04        0x0 c:/altera/12.1sp1/nios2eds/bin/gnu/h-i686-mingw32/bin/../lib/gcc/nios2-elf/4.1.2/mno-hw-mul\libgcc.a(_df_to_si.o)
 .data          0x00816a04        0x0 c:/altera/12.1sp1/nios2eds/bin/gnu/h-i686-mingw32/bin/../lib/gcc/nios2-elf/4.1.2/mno-hw-mul\libgcc.a(_thenan_df.o)
 .data          0x00816a04        0x0 c:/altera/12.1sp1/nios2eds/bin/gnu/h-i686-mingw32/bin/../lib/gcc/nios2-elf/4.1.2/mno-hw-mul\libgcc.a(_usi_to_df.o)
 .data          0x00816a04        0x0 c:/altera/12.1sp1/nios2eds/bin/gnu/h-i686-mingw32/bin/../lib/gcc/nios2-elf/4.1.2/mno-hw-mul\libgcc.a(lib2-divmod.o)
 .data          0x00816a04        0x0 c:/altera/12.1sp1/nios2eds/bin/gnu/h-i686-mingw32/bin/../lib/gcc/nios2-elf/4.1.2/mno-hw-mul\libgcc.a(lib2-mul.o)
 .data          0x00816a04        0x0 c:/altera/12.1sp1/nios2eds/bin/gnu/h-i686-mingw32/bin/../lib/gcc/nios2-elf/4.1.2/mno-hw-mul\libgcc.a(_muldi3.o)
 .data          0x00816a04        0x0 c:/altera/12.1sp1/nios2eds/bin/gnu/h-i686-mingw32/bin/../lib/gcc/nios2-elf/4.1.2/mno-hw-mul\libgcc.a(_clz.o)
 .data          0x00816a04        0x0 c:/altera/12.1sp1/nios2eds/bin/gnu/h-i686-mingw32/bin/../lib/gcc/nios2-elf/4.1.2/mno-hw-mul\libgcc.a(_clzsi2.o)
 .data          0x00816a04        0x0 c:/altera/12.1sp1/nios2eds/bin/gnu/h-i686-mingw32/bin/../lib/gcc/nios2-elf/4.1.2/mno-hw-mul\libgcc.a(_pack_df.o)
 .data          0x00816a04        0x0 c:/altera/12.1sp1/nios2eds/bin/gnu/h-i686-mingw32/bin/../lib/gcc/nios2-elf/4.1.2/mno-hw-mul\libgcc.a(_unpack_df.o)
 .data          0x00816a04        0x0 c:/altera/12.1sp1/nios2eds/bin/gnu/h-i686-mingw32/bin/../lib/gcc/nios2-elf/4.1.2/mno-hw-mul\libgcc.a(_fpcmp_parts_df.o)
 .data          0x00816a04        0x0 ../InfraredProtoDE2_bsp/\libucosii_bsp.a(alt_close.o)
 .data          0x00816a04      0x1a8 ../InfraredProtoDE2_bsp/\libucosii_bsp.a(alt_dev.o)
                0x00816a04                alt_dev_null
                0x00816a2c                alt_fd_list
 .data          0x00816bac        0x0 ../InfraredProtoDE2_bsp/\libucosii_bsp.a(alt_errno.o)
 .data          0x00816bac        0x0 ../InfraredProtoDE2_bsp/\libucosii_bsp.a(alt_fstat.o)
 .data          0x00816bac        0x0 ../InfraredProtoDE2_bsp/\libucosii_bsp.a(alt_iic.o)
 .data          0x00816bac        0x0 ../InfraredProtoDE2_bsp/\libucosii_bsp.a(alt_iic_isr_register.o)
 .data          0x00816bac        0x0 ../InfraredProtoDE2_bsp/\libucosii_bsp.a(alt_irq_entry.o)
 .data          0x00816bac        0x0 ../InfraredProtoDE2_bsp/\libucosii_bsp.a(alt_irq_handler.o)
 .data          0x00816bac        0x0 ../InfraredProtoDE2_bsp/\libucosii_bsp.a(alt_irq_vars.o)
 .data          0x00816bac        0x0 ../InfraredProtoDE2_bsp/\libucosii_bsp.a(alt_isatty.o)
 .data          0x00816bac        0x0 ../InfraredProtoDE2_bsp/\libucosii_bsp.a(alt_load.o)
 .data          0x00816bac        0x0 ../InfraredProtoDE2_bsp/\libucosii_bsp.a(alt_lseek.o)
 .data          0x00816bac        0x0 ../InfraredProtoDE2_bsp/\libucosii_bsp.a(alt_main.o)
 .data          0x00816bac        0x0 ../InfraredProtoDE2_bsp/\libucosii_bsp.a(alt_read.o)
 .data          0x00816bac        0x0 ../InfraredProtoDE2_bsp/\libucosii_bsp.a(alt_release_fd.o)
 .data          0x00816bac        0x0 ../InfraredProtoDE2_bsp/\libucosii_bsp.a(alt_sbrk.o)
 .data          0x00816bac        0x0 ../InfraredProtoDE2_bsp/\libucosii_bsp.a(alt_write.o)
 .data          0x00816bac        0x0 ../InfraredProtoDE2_bsp/\libucosii_bsp.a(alt_env_lock.o)
 .data          0x00816bac        0x0 ../InfraredProtoDE2_bsp/\libucosii_bsp.a(alt_malloc_lock.o)
 .data          0x00816bac        0x0 ../InfraredProtoDE2_bsp/\libucosii_bsp.a(os_core.o)
 .data          0x00816bac        0x0 ../InfraredProtoDE2_bsp/\libucosii_bsp.a(os_dbg.o)
 .data          0x00816bac        0x0 ../InfraredProtoDE2_bsp/\libucosii_bsp.a(os_flag.o)
 .data          0x00816bac        0x0 ../InfraredProtoDE2_bsp/\libucosii_bsp.a(os_mem.o)
 .data          0x00816bac        0x0 ../InfraredProtoDE2_bsp/\libucosii_bsp.a(os_q.o)
 .data          0x00816bac        0x0 ../InfraredProtoDE2_bsp/\libucosii_bsp.a(os_sem.o)
 .data          0x00816bac        0x0 ../InfraredProtoDE2_bsp/\libucosii_bsp.a(os_task.o)
 .data          0x00816bac        0x0 ../InfraredProtoDE2_bsp/\libucosii_bsp.a(os_time.o)
 .data          0x00816bac     0x1098 ../InfraredProtoDE2_bsp/\libucosii_bsp.a(alt_sys_init.o)
 .data          0x00817c44        0x0 ../InfraredProtoDE2_bsp/\libucosii_bsp.a(altera_avalon_jtag_uart_fd.o)
 .data          0x00817c44        0x0 ../InfraredProtoDE2_bsp/\libucosii_bsp.a(altera_avalon_jtag_uart_init.o)
 .data          0x00817c44        0x0 ../InfraredProtoDE2_bsp/\libucosii_bsp.a(altera_avalon_jtag_uart_ioctl.o)
 .data          0x00817c44        0x0 ../InfraredProtoDE2_bsp/\libucosii_bsp.a(altera_avalon_jtag_uart_read.o)
 .data          0x00817c44        0x0 ../InfraredProtoDE2_bsp/\libucosii_bsp.a(altera_avalon_jtag_uart_write.o)
 .data          0x00817c44        0x0 ../InfraredProtoDE2_bsp/\libucosii_bsp.a(altera_avalon_timer_sc.o)
 .data          0x00817c44        0x0 ../InfraredProtoDE2_bsp/\libucosii_bsp.a(altera_up_avalon_character_lcd.o)
 .data          0x00817c44        0x0 ../InfraredProtoDE2_bsp/\libucosii_bsp.a(alt_alarm_start.o)
 .data          0x00817c44        0x0 ../InfraredProtoDE2_bsp/\libucosii_bsp.a(alt_dcache_flush_all.o)
 .data          0x00817c44        0x0 ../InfraredProtoDE2_bsp/\libucosii_bsp.a(alt_dev_llist_insert.o)
 .data          0x00817c44        0x0 ../InfraredProtoDE2_bsp/\libucosii_bsp.a(alt_do_ctors.o)
 .data          0x00817c44        0x0 ../InfraredProtoDE2_bsp/\libucosii_bsp.a(alt_do_dtors.o)
 .data          0x00817c44        0x0 ../InfraredProtoDE2_bsp/\libucosii_bsp.a(alt_exception_entry.o)
 .data          0x00817c44        0x0 ../InfraredProtoDE2_bsp/\libucosii_bsp.a(alt_find_dev.o)
 .data          0x00817c44        0x0 ../InfraredProtoDE2_bsp/\libucosii_bsp.a(alt_icache_flush_all.o)
 .data          0x00817c44        0x0 ../InfraredProtoDE2_bsp/\libucosii_bsp.a(alt_io_redirect.o)
 .data          0x00817c44        0x0 ../InfraredProtoDE2_bsp/\libucosii_bsp.a(alt_open.o)
 .data          0x00817c44        0x0 ../InfraredProtoDE2_bsp/\libucosii_bsp.a(alt_tick.o)
 .data          0x00817c44        0x0 ../InfraredProtoDE2_bsp/\libucosii_bsp.a(altera_nios2_qsys_irq.o)
 .data          0x00817c44        0x0 ../InfraredProtoDE2_bsp/\libucosii_bsp.a(os_cpu_a.o)
 .data          0x00817c44        0x0 ../InfraredProtoDE2_bsp/\libucosii_bsp.a(os_cpu_c.o)
 .data          0x00817c44        0x0 ../InfraredProtoDE2_bsp/\libucosii_bsp.a(alt_find_file.o)
 .data          0x00817c44        0x0 ../InfraredProtoDE2_bsp/\libucosii_bsp.a(alt_get_fd.o)
 .data          0x00817c44        0x0 c:/altera/12.1sp1/nios2eds/bin/gnu/h-i686-mingw32/bin/../lib/gcc/nios2-elf/4.1.2/../../../../nios2-elf/lib/mno-hw-mul\libc.a(lib_a-atexit.o)
 .data          0x00817c44        0x0 c:/altera/12.1sp1/nios2eds/bin/gnu/h-i686-mingw32/bin/../lib/gcc/nios2-elf/4.1.2/../../../../nios2-elf/lib/mno-hw-mul\libc.a(lib_a-exit.o)
 .data          0x00817c44        0x0 c:/altera/12.1sp1/nios2eds/bin/gnu/h-i686-mingw32/bin/../lib/gcc/nios2-elf/4.1.2/../../../../nios2-elf/lib/mno-hw-mul\libc.a(lib_a-memcmp.o)
 .data          0x00817c44        0x0 c:/altera/12.1sp1/nios2eds/bin/gnu/h-i686-mingw32/bin/../lib/gcc/nios2-elf/4.1.2/../../../../nios2-elf/lib/mno-hw-mul\libc.a(lib_a-__atexit.o)
 .data          0x00817c44        0x0 c:/altera/12.1sp1/nios2eds/bin/gnu/h-i686-mingw32/bin/../lib/gcc/nios2-elf/4.1.2/../../../../nios2-elf/lib/mno-hw-mul\libc.a(lib_a-__call_atexit.o)
 .data          0x00817c44        0x0 ../InfraredProtoDE2_bsp/\libucosii_bsp.a(alt_exit.o)
                0x0081fc44                _gp = ABSOLUTE ((. + 0x8000))
                0x0081fc44                PROVIDE (gp, _gp)
 *(.rwdata .rwdata.*)
 *(.sdata .sdata.* .gnu.linkonce.s.*)
 .sdata         0x00817c44        0x8 c:/altera/12.1sp1/nios2eds/bin/gnu/h-i686-mingw32/bin/../lib/gcc/nios2-elf/4.1.2/../../../../nios2-elf/lib/mno-hw-mul\libc.a(lib_a-impure.o)
                0x00817c44                _impure_ptr
                0x00817c48                _global_impure_ptr
 .sdata         0x00817c4c        0x8 c:/altera/12.1sp1/nios2eds/bin/gnu/h-i686-mingw32/bin/../lib/gcc/nios2-elf/4.1.2/../../../../nios2-elf/lib/mno-hw-mul\libc.a(lib_a-locale.o)
                0x00817c4c                __mb_cur_max
 .sdata         0x00817c54        0x8 c:/altera/12.1sp1/nios2eds/bin/gnu/h-i686-mingw32/bin/../lib/gcc/nios2-elf/4.1.2/../../../../nios2-elf/lib/mno-hw-mul\libc.a(lib_a-mallocr.o)
                0x00817c54                __malloc_trim_threshold
                0x00817c58                __malloc_sbrk_base
 .sdata         0x00817c5c       0x14 ../InfraredProtoDE2_bsp/\libucosii_bsp.a(alt_dev.o)
                0x00817c5c                alt_fs_list
                0x00817c64                alt_dev_list
                0x00817c6c                alt_max_fd
 .sdata         0x00817c70        0x4 ../InfraredProtoDE2_bsp/\libucosii_bsp.a(alt_errno.o)
                0x00817c70                alt_errno
 .sdata         0x00817c74        0x4 ../InfraredProtoDE2_bsp/\libucosii_bsp.a(alt_irq_vars.o)
                0x00817c74                alt_priority_mask
 .sdata         0x00817c78        0x4 ../InfraredProtoDE2_bsp/\libucosii_bsp.a(alt_sbrk.o)
 .sdata         0x00817c7c        0x4 ../InfraredProtoDE2_bsp/\libucosii_bsp.a(alt_env_lock.o)
 .sdata         0x00817c80        0x4 ../InfraredProtoDE2_bsp/\libucosii_bsp.a(alt_malloc_lock.o)
 .sdata         0x00817c84       0x74 ../InfraredProtoDE2_bsp/\libucosii_bsp.a(os_dbg.o)
                0x00817c84                OSDebugEn
                0x00817c88                OSEndiannessTest
                0x00817c8c                OSEventEn
                0x00817c8e                OSEventMax
                0x00817c90                OSEventNameSize
                0x00817c92                OSEventSize
                0x00817c94                OSEventTblSize
                0x00817c96                OSEventMultiEn
                0x00817c98                OSFlagEn
                0x00817c9a                OSFlagGrpSize
                0x00817c9c                OSFlagNodeSize
                0x00817c9e                OSFlagWidth
                0x00817ca0                OSFlagMax
                0x00817ca2                OSFlagNameSize
                0x00817ca4                OSLowestPrio
                0x00817ca6                OSMboxEn
                0x00817ca8                OSMemEn
                0x00817caa                OSMemMax
                0x00817cac                OSMemNameSize
                0x00817cae                OSMemSize
                0x00817cb0                OSMemTblSize
                0x00817cb2                OSMutexEn
                0x00817cb4                OSPtrSize
                0x00817cb6                OSQEn
                0x00817cb8                OSQMax
                0x00817cba                OSQSize
                0x00817cbc                OSRdyTblSize
                0x00817cbe                OSSemEn
                0x00817cc0                OSStkWidth
                0x00817cc2                OSTaskCreateEn
                0x00817cc4                OSTaskCreateExtEn
                0x00817cc6                OSTaskDelEn
                0x00817cc8                OSTaskIdleStkSize
                0x00817cca                OSTaskProfileEn
                0x00817ccc                OSTaskMax
                0x00817cce                OSTaskNameSize
                0x00817cd0                OSTaskStatEn
                0x00817cd2                OSTaskStatStkSize
                0x00817cd4                OSTaskStatStkChkEn
                0x00817cd6                OSTaskSwHookEn
                0x00817cd8                OSTCBPrioTblMax
                0x00817cda                OSTCBSize
                0x00817cdc                OSTicksPerSec
                0x00817cde                OSTimeTickHookEn
                0x00817ce0                OSVersionNbr
                0x00817ce2                OSTmrEn
                0x00817ce4                OSTmrCfgMax
                0x00817ce6                OSTmrCfgNameSize
                0x00817ce8                OSTmrCfgWheelSize
                0x00817cea                OSTmrCfgTicksPerSec
                0x00817cec                OSTmrSize
                0x00817cee                OSTmrTblSize
                0x00817cf0                OSTmrWheelSize
                0x00817cf2                OSTmrWheelTblSize
                0x00817cf4                OSDataSize
 .sdata         0x00817cf8        0x8 ../InfraredProtoDE2_bsp/\libucosii_bsp.a(alt_tick.o)
                0x00817cf8                alt_alarm_list
 *(.sdata2 .sdata2.* .gnu.linkonce.s2.*)
                0x00817d00                . = ALIGN (0x4)
                0x00817d00                _edata = ABSOLUTE (.)
                0x00817d00                PROVIDE (edata, ABSOLUTE (.))
                0x00817d00                PROVIDE (__ram_rwdata_end, ABSOLUTE (.))
                0x00817d00                PROVIDE (__flash_rwdata_start, LOADADDR (.rwdata))

.bss            0x00819810     0x958c
                0x00819810                __bss_start = ABSOLUTE (.)
                0x00819810                PROVIDE (__sbss_start, ABSOLUTE (.))
                0x00819810                PROVIDE (___sbss_start, ABSOLUTE (.))
 *(.dynsbss)
 *(.sbss .sbss.* .gnu.linkonce.sb.*)
 .sbss          0x00819810        0x8 obj/default/main.o
                0x00819810                lcd
                0x00819814                queue
 .sbss          0x00819818        0xc c:/altera/12.1sp1/nios2eds/bin/gnu/h-i686-mingw32/bin/../lib/gcc/nios2-elf/4.1.2/../../../../nios2-elf/lib/mno-hw-mul\libc.a(lib_a-locale.o)
                0x00819818                __nlocale_changed
                0x0081981c                __mlocale_changed
                0x00819820                _PathLocale
 .sbss          0x00819824        0xc c:/altera/12.1sp1/nios2eds/bin/gnu/h-i686-mingw32/bin/../lib/gcc/nios2-elf/4.1.2/../../../../nios2-elf/lib/mno-hw-mul\libc.a(lib_a-mallocr.o)
                0x00819824                __malloc_top_pad
                0x00819828                __malloc_max_sbrked_mem
                0x0081982c                __malloc_max_total_mem
 .sbss          0x00819830        0x4 c:/altera/12.1sp1/nios2eds/bin/gnu/h-i686-mingw32/bin/../lib/gcc/nios2-elf/4.1.2/../../../../nios2-elf/lib/mno-hw-mul\libc.a(lib_a-int_errno.o)
                0x00819830                errno
 .sbss          0x00819834        0x4 ../InfraredProtoDE2_bsp/\libucosii_bsp.a(alt_dev.o)
                0x00819834                alt_fd_list_lock
 .sbss          0x00819838        0x4 ../InfraredProtoDE2_bsp/\libucosii_bsp.a(alt_irq_vars.o)
                0x00819838                alt_irq_active
 .sbss          0x0081983c        0xc ../InfraredProtoDE2_bsp/\libucosii_bsp.a(alt_main.o)
                0x0081983c                alt_argc
                0x00819840                alt_argv
                0x00819844                alt_envp
 .sbss          0x00819848        0x8 ../InfraredProtoDE2_bsp/\libucosii_bsp.a(alt_env_lock.o)
                0x0081984c                alt_envsem
 .sbss          0x00819850        0x8 ../InfraredProtoDE2_bsp/\libucosii_bsp.a(alt_malloc_lock.o)
                0x00819854                alt_heapsem
 .sbss          0x00819858       0x50 ../InfraredProtoDE2_bsp/\libucosii_bsp.a(os_core.o)
                0x00819858                OSLockNesting
                0x00819859                OSRunning
                0x0081985c                OSIdleCtr
                0x00819860                OSPrioHighRdy
                0x00819861                OSPrioCur
                0x00819864                OSTCBList
                0x00819868                OSTickStepState
                0x0081986c                OSCtxSwCtr
                0x00819870                OSIdleCtrMax
                0x00819874                OSTCBFreeList
                0x00819878                OSCPUUsage
                0x00819879                OSTaskCtr
                0x0081987c                OSMemFreeList
                0x00819880                OSTCBHighRdy
                0x00819884                OSQFreeList
                0x00819888                OSRdyGrp
                0x00819889                OSRdyTbl
                0x0081988c                OSEventFreeList
                0x00819890                OSIntNesting
                0x00819894                OSTCBCur
                0x00819898                OSTime
                0x0081989c                OSFlagFreeList
                0x008198a0                OSStatRdy
                0x008198a4                OSIdleCtrRun
 .sbss          0x008198a8        0x8 ../InfraredProtoDE2_bsp/\libucosii_bsp.a(alt_tick.o)
                0x008198a8                _alt_tick_rate
                0x008198ac                _alt_nticks
 *(.sbss2 .sbss2.* .gnu.linkonce.sb2.*)
 *(.scommon)
                0x008198b0                PROVIDE (__sbss_end, ABSOLUTE (.))
                0x008198b0                PROVIDE (___sbss_end, ABSOLUTE (.))
 *(.dynbss)
 *(.bss .bss.* .gnu.linkonce.b.*)
 .bss           0x008198b0        0x0 ../InfraredProtoDE2_bsp//obj/HAL/src/crt0.o
 .bss           0x008198b0        0x0 obj/default/main.o
 .bss           0x008198b0        0x0 c:/altera/12.1sp1/nios2eds/bin/gnu/h-i686-mingw32/bin/../lib/gcc/nios2-elf/4.1.2/../../../../nios2-elf/lib/mno-hw-mul\libc.a(lib_a-printf.o)
 .bss           0x008198b0        0x0 c:/altera/12.1sp1/nios2eds/bin/gnu/h-i686-mingw32/bin/../lib/gcc/nios2-elf/4.1.2/../../../../nios2-elf/lib/mno-hw-mul\libc.a(lib_a-snprintf.o)
 .bss           0x008198b0        0x0 c:/altera/12.1sp1/nios2eds/bin/gnu/h-i686-mingw32/bin/../lib/gcc/nios2-elf/4.1.2/../../../../nios2-elf/lib/mno-hw-mul\libc.a(lib_a-vfprintf.o)
 .bss           0x008198b0        0x0 c:/altera/12.1sp1/nios2eds/bin/gnu/h-i686-mingw32/bin/../lib/gcc/nios2-elf/4.1.2/../../../../nios2-elf/lib/mno-hw-mul\libc.a(lib_a-wsetup.o)
 .bss           0x008198b0        0x0 c:/altera/12.1sp1/nios2eds/bin/gnu/h-i686-mingw32/bin/../lib/gcc/nios2-elf/4.1.2/../../../../nios2-elf/lib/mno-hw-mul\libc.a(lib_a-dtoa.o)
 .bss           0x008198b0        0x0 c:/altera/12.1sp1/nios2eds/bin/gnu/h-i686-mingw32/bin/../lib/gcc/nios2-elf/4.1.2/../../../../nios2-elf/lib/mno-hw-mul\libc.a(lib_a-fflush.o)
 .bss           0x008198b0        0x0 c:/altera/12.1sp1/nios2eds/bin/gnu/h-i686-mingw32/bin/../lib/gcc/nios2-elf/4.1.2/../../../../nios2-elf/lib/mno-hw-mul\libc.a(lib_a-findfp.o)
 .bss           0x008198b0        0x0 c:/altera/12.1sp1/nios2eds/bin/gnu/h-i686-mingw32/bin/../lib/gcc/nios2-elf/4.1.2/../../../../nios2-elf/lib/mno-hw-mul\libc.a(lib_a-freer.o)
 .bss           0x008198b0        0x0 c:/altera/12.1sp1/nios2eds/bin/gnu/h-i686-mingw32/bin/../lib/gcc/nios2-elf/4.1.2/../../../../nios2-elf/lib/mno-hw-mul\libc.a(lib_a-fvwrite.o)
 .bss           0x008198b0        0x0 c:/altera/12.1sp1/nios2eds/bin/gnu/h-i686-mingw32/bin/../lib/gcc/nios2-elf/4.1.2/../../../../nios2-elf/lib/mno-hw-mul\libc.a(lib_a-fwalk.o)
 .bss           0x008198b0        0x0 c:/altera/12.1sp1/nios2eds/bin/gnu/h-i686-mingw32/bin/../lib/gcc/nios2-elf/4.1.2/../../../../nios2-elf/lib/mno-hw-mul\libc.a(lib_a-impure.o)
 .bss           0x008198b0        0x0 c:/altera/12.1sp1/nios2eds/bin/gnu/h-i686-mingw32/bin/../lib/gcc/nios2-elf/4.1.2/../../../../nios2-elf/lib/mno-hw-mul\libc.a(lib_a-locale.o)
 .bss           0x008198b0        0x0 c:/altera/12.1sp1/nios2eds/bin/gnu/h-i686-mingw32/bin/../lib/gcc/nios2-elf/4.1.2/../../../../nios2-elf/lib/mno-hw-mul\libc.a(lib_a-makebuf.o)
 .bss           0x008198b0       0x28 c:/altera/12.1sp1/nios2eds/bin/gnu/h-i686-mingw32/bin/../lib/gcc/nios2-elf/4.1.2/../../../../nios2-elf/lib/mno-hw-mul\libc.a(lib_a-mallocr.o)
                0x008198b0                __malloc_current_mallinfo
 .bss           0x008198d8        0x0 c:/altera/12.1sp1/nios2eds/bin/gnu/h-i686-mingw32/bin/../lib/gcc/nios2-elf/4.1.2/../../../../nios2-elf/lib/mno-hw-mul\libc.a(lib_a-memchr.o)
 .bss           0x008198d8        0x0 c:/altera/12.1sp1/nios2eds/bin/gnu/h-i686-mingw32/bin/../lib/gcc/nios2-elf/4.1.2/../../../../nios2-elf/lib/mno-hw-mul\libc.a(lib_a-memcpy.o)
 .bss           0x008198d8        0x0 c:/altera/12.1sp1/nios2eds/bin/gnu/h-i686-mingw32/bin/../lib/gcc/nios2-elf/4.1.2/../../../../nios2-elf/lib/mno-hw-mul\libc.a(lib_a-memmove.o)
 .bss           0x008198d8        0x0 c:/altera/12.1sp1/nios2eds/bin/gnu/h-i686-mingw32/bin/../lib/gcc/nios2-elf/4.1.2/../../../../nios2-elf/lib/mno-hw-mul\libc.a(lib_a-memset.o)
 .bss           0x008198d8        0x0 c:/altera/12.1sp1/nios2eds/bin/gnu/h-i686-mingw32/bin/../lib/gcc/nios2-elf/4.1.2/../../../../nios2-elf/lib/mno-hw-mul\libc.a(lib_a-mprec.o)
 .bss           0x008198d8        0x0 c:/altera/12.1sp1/nios2eds/bin/gnu/h-i686-mingw32/bin/../lib/gcc/nios2-elf/4.1.2/../../../../nios2-elf/lib/mno-hw-mul\libc.a(lib_a-reallocr.o)
 .bss           0x008198d8        0x0 c:/altera/12.1sp1/nios2eds/bin/gnu/h-i686-mingw32/bin/../lib/gcc/nios2-elf/4.1.2/../../../../nios2-elf/lib/mno-hw-mul\libc.a(lib_a-s_isinfd.o)
 .bss           0x008198d8        0x0 c:/altera/12.1sp1/nios2eds/bin/gnu/h-i686-mingw32/bin/../lib/gcc/nios2-elf/4.1.2/../../../../nios2-elf/lib/mno-hw-mul\libc.a(lib_a-s_isnand.o)
 .bss           0x008198d8        0x0 c:/altera/12.1sp1/nios2eds/bin/gnu/h-i686-mingw32/bin/../lib/gcc/nios2-elf/4.1.2/../../../../nios2-elf/lib/mno-hw-mul\libc.a(lib_a-sbrkr.o)
 .bss           0x008198d8        0x0 c:/altera/12.1sp1/nios2eds/bin/gnu/h-i686-mingw32/bin/../lib/gcc/nios2-elf/4.1.2/../../../../nios2-elf/lib/mno-hw-mul\libc.a(lib_a-stdio.o)
 .bss           0x008198d8        0x0 c:/altera/12.1sp1/nios2eds/bin/gnu/h-i686-mingw32/bin/../lib/gcc/nios2-elf/4.1.2/../../../../nios2-elf/lib/mno-hw-mul\libc.a(lib_a-strcmp.o)
 .bss           0x008198d8        0x0 c:/altera/12.1sp1/nios2eds/bin/gnu/h-i686-mingw32/bin/../lib/gcc/nios2-elf/4.1.2/../../../../nios2-elf/lib/mno-hw-mul\libc.a(lib_a-strlen.o)
 .bss           0x008198d8        0x0 c:/altera/12.1sp1/nios2eds/bin/gnu/h-i686-mingw32/bin/../lib/gcc/nios2-elf/4.1.2/../../../../nios2-elf/lib/mno-hw-mul\libc.a(lib_a-writer.o)
 .bss           0x008198d8        0x0 c:/altera/12.1sp1/nios2eds/bin/gnu/h-i686-mingw32/bin/../lib/gcc/nios2-elf/4.1.2/../../../../nios2-elf/lib/mno-hw-mul\libc.a(lib_a-callocr.o)
 .bss           0x008198d8        0x0 c:/altera/12.1sp1/nios2eds/bin/gnu/h-i686-mingw32/bin/../lib/gcc/nios2-elf/4.1.2/../../../../nios2-elf/lib/mno-hw-mul\libc.a(lib_a-closer.o)
 .bss           0x008198d8        0x0 c:/altera/12.1sp1/nios2eds/bin/gnu/h-i686-mingw32/bin/../lib/gcc/nios2-elf/4.1.2/../../../../nios2-elf/lib/mno-hw-mul\libc.a(lib_a-fclose.o)
 .bss           0x008198d8        0x0 c:/altera/12.1sp1/nios2eds/bin/gnu/h-i686-mingw32/bin/../lib/gcc/nios2-elf/4.1.2/../../../../nios2-elf/lib/mno-hw-mul\libc.a(lib_a-fstatr.o)
 .bss           0x008198d8        0x0 c:/altera/12.1sp1/nios2eds/bin/gnu/h-i686-mingw32/bin/../lib/gcc/nios2-elf/4.1.2/../../../../nios2-elf/lib/mno-hw-mul\libc.a(lib_a-int_errno.o)
 .bss           0x008198d8        0x0 c:/altera/12.1sp1/nios2eds/bin/gnu/h-i686-mingw32/bin/../lib/gcc/nios2-elf/4.1.2/../../../../nios2-elf/lib/mno-hw-mul\libc.a(lib_a-isattyr.o)
 .bss           0x008198d8        0x0 c:/altera/12.1sp1/nios2eds/bin/gnu/h-i686-mingw32/bin/../lib/gcc/nios2-elf/4.1.2/../../../../nios2-elf/lib/mno-hw-mul\libc.a(lib_a-lseekr.o)
 .bss           0x008198d8        0x0 c:/altera/12.1sp1/nios2eds/bin/gnu/h-i686-mingw32/bin/../lib/gcc/nios2-elf/4.1.2/../../../../nios2-elf/lib/mno-hw-mul\libc.a(lib_a-readr.o)
 .bss           0x008198d8        0x0 c:/altera/12.1sp1/nios2eds/bin/gnu/h-i686-mingw32/bin/../lib/gcc/nios2-elf/4.1.2/mno-hw-mul\libgcc.a(_udivdi3.o)
 .bss           0x008198d8        0x0 c:/altera/12.1sp1/nios2eds/bin/gnu/h-i686-mingw32/bin/../lib/gcc/nios2-elf/4.1.2/mno-hw-mul\libgcc.a(_umoddi3.o)
 .bss           0x008198d8        0x0 c:/altera/12.1sp1/nios2eds/bin/gnu/h-i686-mingw32/bin/../lib/gcc/nios2-elf/4.1.2/mno-hw-mul\libgcc.a(_addsub_df.o)
 .bss           0x008198d8        0x0 c:/altera/12.1sp1/nios2eds/bin/gnu/h-i686-mingw32/bin/../lib/gcc/nios2-elf/4.1.2/mno-hw-mul\libgcc.a(_mul_df.o)
 .bss           0x008198d8        0x0 c:/altera/12.1sp1/nios2eds/bin/gnu/h-i686-mingw32/bin/../lib/gcc/nios2-elf/4.1.2/mno-hw-mul\libgcc.a(_div_df.o)
 .bss           0x008198d8        0x0 c:/altera/12.1sp1/nios2eds/bin/gnu/h-i686-mingw32/bin/../lib/gcc/nios2-elf/4.1.2/mno-hw-mul\libgcc.a(_eq_df.o)
 .bss           0x008198d8        0x0 c:/altera/12.1sp1/nios2eds/bin/gnu/h-i686-mingw32/bin/../lib/gcc/nios2-elf/4.1.2/mno-hw-mul\libgcc.a(_ne_df.o)
 .bss           0x008198d8        0x0 c:/altera/12.1sp1/nios2eds/bin/gnu/h-i686-mingw32/bin/../lib/gcc/nios2-elf/4.1.2/mno-hw-mul\libgcc.a(_gt_df.o)
 .bss           0x008198d8        0x0 c:/altera/12.1sp1/nios2eds/bin/gnu/h-i686-mingw32/bin/../lib/gcc/nios2-elf/4.1.2/mno-hw-mul\libgcc.a(_ge_df.o)
 .bss           0x008198d8        0x0 c:/altera/12.1sp1/nios2eds/bin/gnu/h-i686-mingw32/bin/../lib/gcc/nios2-elf/4.1.2/mno-hw-mul\libgcc.a(_lt_df.o)
 .bss           0x008198d8        0x0 c:/altera/12.1sp1/nios2eds/bin/gnu/h-i686-mingw32/bin/../lib/gcc/nios2-elf/4.1.2/mno-hw-mul\libgcc.a(_si_to_df.o)
 .bss           0x008198d8        0x0 c:/altera/12.1sp1/nios2eds/bin/gnu/h-i686-mingw32/bin/../lib/gcc/nios2-elf/4.1.2/mno-hw-mul\libgcc.a(_df_to_si.o)
 .bss           0x008198d8        0x0 c:/altera/12.1sp1/nios2eds/bin/gnu/h-i686-mingw32/bin/../lib/gcc/nios2-elf/4.1.2/mno-hw-mul\libgcc.a(_thenan_df.o)
 .bss           0x008198d8        0x0 c:/altera/12.1sp1/nios2eds/bin/gnu/h-i686-mingw32/bin/../lib/gcc/nios2-elf/4.1.2/mno-hw-mul\libgcc.a(_usi_to_df.o)
 .bss           0x008198d8        0x0 c:/altera/12.1sp1/nios2eds/bin/gnu/h-i686-mingw32/bin/../lib/gcc/nios2-elf/4.1.2/mno-hw-mul\libgcc.a(lib2-divmod.o)
 .bss           0x008198d8        0x0 c:/altera/12.1sp1/nios2eds/bin/gnu/h-i686-mingw32/bin/../lib/gcc/nios2-elf/4.1.2/mno-hw-mul\libgcc.a(lib2-mul.o)
 .bss           0x008198d8        0x0 c:/altera/12.1sp1/nios2eds/bin/gnu/h-i686-mingw32/bin/../lib/gcc/nios2-elf/4.1.2/mno-hw-mul\libgcc.a(_muldi3.o)
 .bss           0x008198d8        0x0 c:/altera/12.1sp1/nios2eds/bin/gnu/h-i686-mingw32/bin/../lib/gcc/nios2-elf/4.1.2/mno-hw-mul\libgcc.a(_clz.o)
 .bss           0x008198d8        0x0 c:/altera/12.1sp1/nios2eds/bin/gnu/h-i686-mingw32/bin/../lib/gcc/nios2-elf/4.1.2/mno-hw-mul\libgcc.a(_clzsi2.o)
 .bss           0x008198d8        0x0 c:/altera/12.1sp1/nios2eds/bin/gnu/h-i686-mingw32/bin/../lib/gcc/nios2-elf/4.1.2/mno-hw-mul\libgcc.a(_pack_df.o)
 .bss           0x008198d8        0x0 c:/altera/12.1sp1/nios2eds/bin/gnu/h-i686-mingw32/bin/../lib/gcc/nios2-elf/4.1.2/mno-hw-mul\libgcc.a(_unpack_df.o)
 .bss           0x008198d8        0x0 c:/altera/12.1sp1/nios2eds/bin/gnu/h-i686-mingw32/bin/../lib/gcc/nios2-elf/4.1.2/mno-hw-mul\libgcc.a(_fpcmp_parts_df.o)
 .bss           0x008198d8        0x0 ../InfraredProtoDE2_bsp/\libucosii_bsp.a(alt_close.o)
 .bss           0x008198d8        0x0 ../InfraredProtoDE2_bsp/\libucosii_bsp.a(alt_dev.o)
 .bss           0x008198d8        0x0 ../InfraredProtoDE2_bsp/\libucosii_bsp.a(alt_errno.o)
 .bss           0x008198d8        0x0 ../InfraredProtoDE2_bsp/\libucosii_bsp.a(alt_fstat.o)
 .bss           0x008198d8        0x0 ../InfraredProtoDE2_bsp/\libucosii_bsp.a(alt_iic.o)
 .bss           0x008198d8        0x0 ../InfraredProtoDE2_bsp/\libucosii_bsp.a(alt_iic_isr_register.o)
 .bss           0x008198d8        0x0 ../InfraredProtoDE2_bsp/\libucosii_bsp.a(alt_irq_entry.o)
 .bss           0x008198d8        0x0 ../InfraredProtoDE2_bsp/\libucosii_bsp.a(alt_irq_handler.o)
 .bss           0x008198d8        0x0 ../InfraredProtoDE2_bsp/\libucosii_bsp.a(alt_irq_vars.o)
 .bss           0x008198d8        0x0 ../InfraredProtoDE2_bsp/\libucosii_bsp.a(alt_isatty.o)
 .bss           0x008198d8        0x0 ../InfraredProtoDE2_bsp/\libucosii_bsp.a(alt_load.o)
 .bss           0x008198d8        0x0 ../InfraredProtoDE2_bsp/\libucosii_bsp.a(alt_lseek.o)
 .bss           0x008198d8        0x0 ../InfraredProtoDE2_bsp/\libucosii_bsp.a(alt_main.o)
 .bss           0x008198d8        0x0 ../InfraredProtoDE2_bsp/\libucosii_bsp.a(alt_read.o)
 .bss           0x008198d8        0x0 ../InfraredProtoDE2_bsp/\libucosii_bsp.a(alt_release_fd.o)
 .bss           0x008198d8        0x0 ../InfraredProtoDE2_bsp/\libucosii_bsp.a(alt_sbrk.o)
 .bss           0x008198d8        0x0 ../InfraredProtoDE2_bsp/\libucosii_bsp.a(alt_write.o)
 .bss           0x008198d8        0x0 ../InfraredProtoDE2_bsp/\libucosii_bsp.a(alt_env_lock.o)
 .bss           0x008198d8        0x0 ../InfraredProtoDE2_bsp/\libucosii_bsp.a(alt_malloc_lock.o)
 .bss           0x008198d8        0x0 ../InfraredProtoDE2_bsp/\libucosii_bsp.a(os_core.o)
 .bss           0x008198d8        0x0 ../InfraredProtoDE2_bsp/\libucosii_bsp.a(os_dbg.o)
 .bss           0x008198d8        0x0 ../InfraredProtoDE2_bsp/\libucosii_bsp.a(os_flag.o)
 .bss           0x008198d8        0x0 ../InfraredProtoDE2_bsp/\libucosii_bsp.a(os_mem.o)
 .bss           0x008198d8        0x0 ../InfraredProtoDE2_bsp/\libucosii_bsp.a(os_q.o)
 .bss           0x008198d8        0x0 ../InfraredProtoDE2_bsp/\libucosii_bsp.a(os_sem.o)
 .bss           0x008198d8        0x0 ../InfraredProtoDE2_bsp/\libucosii_bsp.a(os_task.o)
 .bss           0x008198d8        0x0 ../InfraredProtoDE2_bsp/\libucosii_bsp.a(os_time.o)
 .bss           0x008198d8        0x0 ../InfraredProtoDE2_bsp/\libucosii_bsp.a(alt_sys_init.o)
 .bss           0x008198d8        0x0 ../InfraredProtoDE2_bsp/\libucosii_bsp.a(altera_avalon_jtag_uart_fd.o)
 .bss           0x008198d8        0x0 ../InfraredProtoDE2_bsp/\libucosii_bsp.a(altera_avalon_jtag_uart_init.o)
 .bss           0x008198d8        0x0 ../InfraredProtoDE2_bsp/\libucosii_bsp.a(altera_avalon_jtag_uart_ioctl.o)
 .bss           0x008198d8        0x0 ../InfraredProtoDE2_bsp/\libucosii_bsp.a(altera_avalon_jtag_uart_read.o)
 .bss           0x008198d8        0x0 ../InfraredProtoDE2_bsp/\libucosii_bsp.a(altera_avalon_jtag_uart_write.o)
 .bss           0x008198d8        0x0 ../InfraredProtoDE2_bsp/\libucosii_bsp.a(altera_avalon_timer_sc.o)
 .bss           0x008198d8        0x0 ../InfraredProtoDE2_bsp/\libucosii_bsp.a(altera_up_avalon_character_lcd.o)
 .bss           0x008198d8        0x0 ../InfraredProtoDE2_bsp/\libucosii_bsp.a(alt_alarm_start.o)
 .bss           0x008198d8        0x0 ../InfraredProtoDE2_bsp/\libucosii_bsp.a(alt_dcache_flush_all.o)
 .bss           0x008198d8        0x0 ../InfraredProtoDE2_bsp/\libucosii_bsp.a(alt_dev_llist_insert.o)
 .bss           0x008198d8        0x0 ../InfraredProtoDE2_bsp/\libucosii_bsp.a(alt_do_ctors.o)
 .bss           0x008198d8        0x0 ../InfraredProtoDE2_bsp/\libucosii_bsp.a(alt_do_dtors.o)
 .bss           0x008198d8        0x0 ../InfraredProtoDE2_bsp/\libucosii_bsp.a(alt_exception_entry.o)
 .bss           0x008198d8        0x0 ../InfraredProtoDE2_bsp/\libucosii_bsp.a(alt_find_dev.o)
 .bss           0x008198d8        0x0 ../InfraredProtoDE2_bsp/\libucosii_bsp.a(alt_icache_flush_all.o)
 .bss           0x008198d8        0x0 ../InfraredProtoDE2_bsp/\libucosii_bsp.a(alt_io_redirect.o)
 .bss           0x008198d8        0x0 ../InfraredProtoDE2_bsp/\libucosii_bsp.a(alt_open.o)
 .bss           0x008198d8        0x0 ../InfraredProtoDE2_bsp/\libucosii_bsp.a(alt_tick.o)
 .bss           0x008198d8        0x0 ../InfraredProtoDE2_bsp/\libucosii_bsp.a(altera_nios2_qsys_irq.o)
 .bss           0x008198d8        0x0 ../InfraredProtoDE2_bsp/\libucosii_bsp.a(os_cpu_a.o)
 .bss           0x008198d8        0x0 ../InfraredProtoDE2_bsp/\libucosii_bsp.a(os_cpu_c.o)
 .bss           0x008198d8        0x0 ../InfraredProtoDE2_bsp/\libucosii_bsp.a(alt_find_file.o)
 .bss           0x008198d8        0x0 ../InfraredProtoDE2_bsp/\libucosii_bsp.a(alt_get_fd.o)
 .bss           0x008198d8        0x0 c:/altera/12.1sp1/nios2eds/bin/gnu/h-i686-mingw32/bin/../lib/gcc/nios2-elf/4.1.2/../../../../nios2-elf/lib/mno-hw-mul\libc.a(lib_a-atexit.o)
 .bss           0x008198d8        0x0 c:/altera/12.1sp1/nios2eds/bin/gnu/h-i686-mingw32/bin/../lib/gcc/nios2-elf/4.1.2/../../../../nios2-elf/lib/mno-hw-mul\libc.a(lib_a-exit.o)
 .bss           0x008198d8        0x0 c:/altera/12.1sp1/nios2eds/bin/gnu/h-i686-mingw32/bin/../lib/gcc/nios2-elf/4.1.2/../../../../nios2-elf/lib/mno-hw-mul\libc.a(lib_a-memcmp.o)
 .bss           0x008198d8        0x0 c:/altera/12.1sp1/nios2eds/bin/gnu/h-i686-mingw32/bin/../lib/gcc/nios2-elf/4.1.2/../../../../nios2-elf/lib/mno-hw-mul\libc.a(lib_a-__atexit.o)
 .bss           0x008198d8        0x0 c:/altera/12.1sp1/nios2eds/bin/gnu/h-i686-mingw32/bin/../lib/gcc/nios2-elf/4.1.2/../../../../nios2-elf/lib/mno-hw-mul\libc.a(lib_a-__call_atexit.o)
 .bss           0x008198d8        0x0 ../InfraredProtoDE2_bsp/\libucosii_bsp.a(alt_exit.o)
 *(COMMON)
 COMMON         0x008198d8     0x6010 obj/default/main.o
                0x008198d8                lcd_task_stk
                0x0081b8d8                messages
                0x0081b8e8                task2_stk
                0x0081d8e8                task3_stk
 COMMON         0x0081f8e8      0x100 ../InfraredProtoDE2_bsp/\libucosii_bsp.a(alt_irq_handler.o)
                0x0081f8e8                alt_irq
 COMMON         0x0081f9e8     0x3224 ../InfraredProtoDE2_bsp/\libucosii_bsp.a(os_core.o)
                0x0081f9e8                OSFlagTbl
                0x0081fd58                OSMemTbl
                0x00820988                OSTaskStatStk
                0x00821188                OSQTbl
                0x00821368                OSTaskIdleStk
                0x00821b68                OSEventTbl
                0x008226a8                OSTCBTbl
                0x00822bb8                OSTCBPrioTbl
 COMMON         0x00822c0c      0x190 c:/altera/12.1sp1/nios2eds/bin/gnu/h-i686-mingw32/bin/../lib/gcc/nios2-elf/4.1.2/../../../../nios2-elf/lib/mno-hw-mul\libc.a(lib_a-atexit.o)
                0x00822c0c                _atexit0
                0x00822d9c                . = ALIGN (0x4)
                0x00822d9c                __bss_end = ABSOLUTE (.)

.sdram_0        0x00822d9c        0x0
                0x00822d9c                PROVIDE (_alt_partition_sdram_0_start, ABSOLUTE (.))
 *(.sdram_0. sdram_0.*)
                0x00822d9c                . = ALIGN (0x4)
                0x00822d9c                PROVIDE (_alt_partition_sdram_0_end, ABSOLUTE (.))
                0x00822d9c                _end = ABSOLUTE (.)
                0x00822d9c                end = ABSOLUTE (.)
                0x00822d9c                __alt_stack_base = ABSOLUTE (.)
                0x00822d9c                PROVIDE (_alt_partition_sdram_0_load_addr, LOADADDR (.sdram_0))

.sram_0         0x01080000        0x0 load address 0x00822d9c
                0x01080000                PROVIDE (_alt_partition_sram_0_start, ABSOLUTE (.))
 *(.sram_0. sram_0.*)
                0x01080000                . = ALIGN (0x4)
                0x01080000                PROVIDE (_alt_partition_sram_0_end, ABSOLUTE (.))
                0x00822d9c                PROVIDE (_alt_partition_sram_0_load_addr, LOADADDR (.sram_0))

.onchip_memory2_0
                0x011041bc        0x0 load address 0x00822d9c
                0x011041bc                PROVIDE (_alt_partition_onchip_memory2_0_start, ABSOLUTE (.))
 *(.onchip_memory2_0. onchip_memory2_0.*)
                0x011041bc                . = ALIGN (0x4)
                0x011041bc                PROVIDE (_alt_partition_onchip_memory2_0_end, ABSOLUTE (.))
                0x00822d9c                PROVIDE (_alt_partition_onchip_memory2_0_load_addr, LOADADDR (.onchip_memory2_0))

.stab
 *(.stab)

.stabstr
 *(.stabstr)

.stab.excl
 *(.stab.excl)

.stab.exclstr
 *(.stab.exclstr)

.stab.index
 *(.stab.index)

.stab.indexstr
 *(.stab.indexstr)

.comment        0x00000000       0x26
 *(.comment)
 .comment       0x00000000       0x26 obj/default/main.o
                                 0x27 (size before relaxing)
 .comment       0x00000000       0x27 c:/altera/12.1sp1/nios2eds/bin/gnu/h-i686-mingw32/bin/../lib/gcc/nios2-elf/4.1.2/../../../../nios2-elf/lib/mno-hw-mul\libc.a(lib_a-printf.o)
 .comment       0x00000000       0x27 c:/altera/12.1sp1/nios2eds/bin/gnu/h-i686-mingw32/bin/../lib/gcc/nios2-elf/4.1.2/../../../../nios2-elf/lib/mno-hw-mul\libc.a(lib_a-snprintf.o)
 .comment       0x00000000       0x27 c:/altera/12.1sp1/nios2eds/bin/gnu/h-i686-mingw32/bin/../lib/gcc/nios2-elf/4.1.2/../../../../nios2-elf/lib/mno-hw-mul\libc.a(lib_a-vfprintf.o)
 .comment       0x00000000       0x27 c:/altera/12.1sp1/nios2eds/bin/gnu/h-i686-mingw32/bin/../lib/gcc/nios2-elf/4.1.2/../../../../nios2-elf/lib/mno-hw-mul\libc.a(lib_a-wsetup.o)
 .comment       0x00000000       0x27 c:/altera/12.1sp1/nios2eds/bin/gnu/h-i686-mingw32/bin/../lib/gcc/nios2-elf/4.1.2/../../../../nios2-elf/lib/mno-hw-mul\libc.a(lib_a-dtoa.o)
 .comment       0x00000000       0x27 c:/altera/12.1sp1/nios2eds/bin/gnu/h-i686-mingw32/bin/../lib/gcc/nios2-elf/4.1.2/../../../../nios2-elf/lib/mno-hw-mul\libc.a(lib_a-fflush.o)
 .comment       0x00000000       0x27 c:/altera/12.1sp1/nios2eds/bin/gnu/h-i686-mingw32/bin/../lib/gcc/nios2-elf/4.1.2/../../../../nios2-elf/lib/mno-hw-mul\libc.a(lib_a-findfp.o)
 .comment       0x00000000       0x27 c:/altera/12.1sp1/nios2eds/bin/gnu/h-i686-mingw32/bin/../lib/gcc/nios2-elf/4.1.2/../../../../nios2-elf/lib/mno-hw-mul\libc.a(lib_a-freer.o)
 .comment       0x00000000       0x27 c:/altera/12.1sp1/nios2eds/bin/gnu/h-i686-mingw32/bin/../lib/gcc/nios2-elf/4.1.2/../../../../nios2-elf/lib/mno-hw-mul\libc.a(lib_a-fvwrite.o)
 .comment       0x00000000       0x27 c:/altera/12.1sp1/nios2eds/bin/gnu/h-i686-mingw32/bin/../lib/gcc/nios2-elf/4.1.2/../../../../nios2-elf/lib/mno-hw-mul\libc.a(lib_a-fwalk.o)
 .comment       0x00000000       0x27 c:/altera/12.1sp1/nios2eds/bin/gnu/h-i686-mingw32/bin/../lib/gcc/nios2-elf/4.1.2/../../../../nios2-elf/lib/mno-hw-mul\libc.a(lib_a-impure.o)
 .comment       0x00000000       0x27 c:/altera/12.1sp1/nios2eds/bin/gnu/h-i686-mingw32/bin/../lib/gcc/nios2-elf/4.1.2/../../../../nios2-elf/lib/mno-hw-mul\libc.a(lib_a-locale.o)
 .comment       0x00000000       0x27 c:/altera/12.1sp1/nios2eds/bin/gnu/h-i686-mingw32/bin/../lib/gcc/nios2-elf/4.1.2/../../../../nios2-elf/lib/mno-hw-mul\libc.a(lib_a-makebuf.o)
 .comment       0x00000000       0x27 c:/altera/12.1sp1/nios2eds/bin/gnu/h-i686-mingw32/bin/../lib/gcc/nios2-elf/4.1.2/../../../../nios2-elf/lib/mno-hw-mul\libc.a(lib_a-mallocr.o)
 .comment       0x00000000       0x27 c:/altera/12.1sp1/nios2eds/bin/gnu/h-i686-mingw32/bin/../lib/gcc/nios2-elf/4.1.2/../../../../nios2-elf/lib/mno-hw-mul\libc.a(lib_a-memchr.o)
 .comment       0x00000000       0x27 c:/altera/12.1sp1/nios2eds/bin/gnu/h-i686-mingw32/bin/../lib/gcc/nios2-elf/4.1.2/../../../../nios2-elf/lib/mno-hw-mul\libc.a(lib_a-memcpy.o)
 .comment       0x00000000       0x27 c:/altera/12.1sp1/nios2eds/bin/gnu/h-i686-mingw32/bin/../lib/gcc/nios2-elf/4.1.2/../../../../nios2-elf/lib/mno-hw-mul\libc.a(lib_a-memmove.o)
 .comment       0x00000000       0x27 c:/altera/12.1sp1/nios2eds/bin/gnu/h-i686-mingw32/bin/../lib/gcc/nios2-elf/4.1.2/../../../../nios2-elf/lib/mno-hw-mul\libc.a(lib_a-memset.o)
 .comment       0x00000000       0x27 c:/altera/12.1sp1/nios2eds/bin/gnu/h-i686-mingw32/bin/../lib/gcc/nios2-elf/4.1.2/../../../../nios2-elf/lib/mno-hw-mul\libc.a(lib_a-mprec.o)
 .comment       0x00000000       0x27 c:/altera/12.1sp1/nios2eds/bin/gnu/h-i686-mingw32/bin/../lib/gcc/nios2-elf/4.1.2/../../../../nios2-elf/lib/mno-hw-mul\libc.a(lib_a-reallocr.o)
 .comment       0x00000000       0x27 c:/altera/12.1sp1/nios2eds/bin/gnu/h-i686-mingw32/bin/../lib/gcc/nios2-elf/4.1.2/../../../../nios2-elf/lib/mno-hw-mul\libc.a(lib_a-s_isinfd.o)
 .comment       0x00000000       0x27 c:/altera/12.1sp1/nios2eds/bin/gnu/h-i686-mingw32/bin/../lib/gcc/nios2-elf/4.1.2/../../../../nios2-elf/lib/mno-hw-mul\libc.a(lib_a-s_isnand.o)
 .comment       0x00000000       0x27 c:/altera/12.1sp1/nios2eds/bin/gnu/h-i686-mingw32/bin/../lib/gcc/nios2-elf/4.1.2/../../../../nios2-elf/lib/mno-hw-mul\libc.a(lib_a-sbrkr.o)
 .comment       0x00000000       0x27 c:/altera/12.1sp1/nios2eds/bin/gnu/h-i686-mingw32/bin/../lib/gcc/nios2-elf/4.1.2/../../../../nios2-elf/lib/mno-hw-mul\libc.a(lib_a-stdio.o)
 .comment       0x00000000       0x27 c:/altera/12.1sp1/nios2eds/bin/gnu/h-i686-mingw32/bin/../lib/gcc/nios2-elf/4.1.2/../../../../nios2-elf/lib/mno-hw-mul\libc.a(lib_a-strcmp.o)
 .comment       0x00000000       0x27 c:/altera/12.1sp1/nios2eds/bin/gnu/h-i686-mingw32/bin/../lib/gcc/nios2-elf/4.1.2/../../../../nios2-elf/lib/mno-hw-mul\libc.a(lib_a-strlen.o)
 .comment       0x00000000       0x27 c:/altera/12.1sp1/nios2eds/bin/gnu/h-i686-mingw32/bin/../lib/gcc/nios2-elf/4.1.2/../../../../nios2-elf/lib/mno-hw-mul\libc.a(lib_a-writer.o)
 .comment       0x00000000       0x27 c:/altera/12.1sp1/nios2eds/bin/gnu/h-i686-mingw32/bin/../lib/gcc/nios2-elf/4.1.2/../../../../nios2-elf/lib/mno-hw-mul\libc.a(lib_a-callocr.o)
 .comment       0x00000000       0x27 c:/altera/12.1sp1/nios2eds/bin/gnu/h-i686-mingw32/bin/../lib/gcc/nios2-elf/4.1.2/../../../../nios2-elf/lib/mno-hw-mul\libc.a(lib_a-closer.o)
 .comment       0x00000000       0x27 c:/altera/12.1sp1/nios2eds/bin/gnu/h-i686-mingw32/bin/../lib/gcc/nios2-elf/4.1.2/../../../../nios2-elf/lib/mno-hw-mul\libc.a(lib_a-fclose.o)
 .comment       0x00000000       0x27 c:/altera/12.1sp1/nios2eds/bin/gnu/h-i686-mingw32/bin/../lib/gcc/nios2-elf/4.1.2/../../../../nios2-elf/lib/mno-hw-mul\libc.a(lib_a-fstatr.o)
 .comment       0x00000000       0x27 c:/altera/12.1sp1/nios2eds/bin/gnu/h-i686-mingw32/bin/../lib/gcc/nios2-elf/4.1.2/../../../../nios2-elf/lib/mno-hw-mul\libc.a(lib_a-int_errno.o)
 .comment       0x00000000       0x27 c:/altera/12.1sp1/nios2eds/bin/gnu/h-i686-mingw32/bin/../lib/gcc/nios2-elf/4.1.2/../../../../nios2-elf/lib/mno-hw-mul\libc.a(lib_a-isattyr.o)
 .comment       0x00000000       0x27 c:/altera/12.1sp1/nios2eds/bin/gnu/h-i686-mingw32/bin/../lib/gcc/nios2-elf/4.1.2/../../../../nios2-elf/lib/mno-hw-mul\libc.a(lib_a-lseekr.o)
 .comment       0x00000000       0x27 c:/altera/12.1sp1/nios2eds/bin/gnu/h-i686-mingw32/bin/../lib/gcc/nios2-elf/4.1.2/../../../../nios2-elf/lib/mno-hw-mul\libc.a(lib_a-readr.o)
 .comment       0x00000000       0x27 c:/altera/12.1sp1/nios2eds/bin/gnu/h-i686-mingw32/bin/../lib/gcc/nios2-elf/4.1.2/mno-hw-mul\libgcc.a(_udivdi3.o)
 .comment       0x00000000       0x27 c:/altera/12.1sp1/nios2eds/bin/gnu/h-i686-mingw32/bin/../lib/gcc/nios2-elf/4.1.2/mno-hw-mul\libgcc.a(_umoddi3.o)
 .comment       0x00000000       0x27 c:/altera/12.1sp1/nios2eds/bin/gnu/h-i686-mingw32/bin/../lib/gcc/nios2-elf/4.1.2/mno-hw-mul\libgcc.a(_addsub_df.o)
 .comment       0x00000000       0x27 c:/altera/12.1sp1/nios2eds/bin/gnu/h-i686-mingw32/bin/../lib/gcc/nios2-elf/4.1.2/mno-hw-mul\libgcc.a(_mul_df.o)
 .comment       0x00000000       0x27 c:/altera/12.1sp1/nios2eds/bin/gnu/h-i686-mingw32/bin/../lib/gcc/nios2-elf/4.1.2/mno-hw-mul\libgcc.a(_div_df.o)
 .comment       0x00000000       0x27 c:/altera/12.1sp1/nios2eds/bin/gnu/h-i686-mingw32/bin/../lib/gcc/nios2-elf/4.1.2/mno-hw-mul\libgcc.a(_eq_df.o)
 .comment       0x00000000       0x27 c:/altera/12.1sp1/nios2eds/bin/gnu/h-i686-mingw32/bin/../lib/gcc/nios2-elf/4.1.2/mno-hw-mul\libgcc.a(_ne_df.o)
 .comment       0x00000000       0x27 c:/altera/12.1sp1/nios2eds/bin/gnu/h-i686-mingw32/bin/../lib/gcc/nios2-elf/4.1.2/mno-hw-mul\libgcc.a(_gt_df.o)
 .comment       0x00000000       0x27 c:/altera/12.1sp1/nios2eds/bin/gnu/h-i686-mingw32/bin/../lib/gcc/nios2-elf/4.1.2/mno-hw-mul\libgcc.a(_ge_df.o)
 .comment       0x00000000       0x27 c:/altera/12.1sp1/nios2eds/bin/gnu/h-i686-mingw32/bin/../lib/gcc/nios2-elf/4.1.2/mno-hw-mul\libgcc.a(_lt_df.o)
 .comment       0x00000000       0x27 c:/altera/12.1sp1/nios2eds/bin/gnu/h-i686-mingw32/bin/../lib/gcc/nios2-elf/4.1.2/mno-hw-mul\libgcc.a(_si_to_df.o)
 .comment       0x00000000       0x27 c:/altera/12.1sp1/nios2eds/bin/gnu/h-i686-mingw32/bin/../lib/gcc/nios2-elf/4.1.2/mno-hw-mul\libgcc.a(_df_to_si.o)
 .comment       0x00000000       0x27 c:/altera/12.1sp1/nios2eds/bin/gnu/h-i686-mingw32/bin/../lib/gcc/nios2-elf/4.1.2/mno-hw-mul\libgcc.a(_thenan_df.o)
 .comment       0x00000000       0x27 c:/altera/12.1sp1/nios2eds/bin/gnu/h-i686-mingw32/bin/../lib/gcc/nios2-elf/4.1.2/mno-hw-mul\libgcc.a(_usi_to_df.o)
 .comment       0x00000000       0x27 c:/altera/12.1sp1/nios2eds/bin/gnu/h-i686-mingw32/bin/../lib/gcc/nios2-elf/4.1.2/mno-hw-mul\libgcc.a(lib2-divmod.o)
 .comment       0x00000000       0x27 c:/altera/12.1sp1/nios2eds/bin/gnu/h-i686-mingw32/bin/../lib/gcc/nios2-elf/4.1.2/mno-hw-mul\libgcc.a(lib2-mul.o)
 .comment       0x00000000       0x27 c:/altera/12.1sp1/nios2eds/bin/gnu/h-i686-mingw32/bin/../lib/gcc/nios2-elf/4.1.2/mno-hw-mul\libgcc.a(_muldi3.o)
 .comment       0x00000000       0x27 c:/altera/12.1sp1/nios2eds/bin/gnu/h-i686-mingw32/bin/../lib/gcc/nios2-elf/4.1.2/mno-hw-mul\libgcc.a(_clz.o)
 .comment       0x00000000       0x27 c:/altera/12.1sp1/nios2eds/bin/gnu/h-i686-mingw32/bin/../lib/gcc/nios2-elf/4.1.2/mno-hw-mul\libgcc.a(_clzsi2.o)
 .comment       0x00000000       0x27 c:/altera/12.1sp1/nios2eds/bin/gnu/h-i686-mingw32/bin/../lib/gcc/nios2-elf/4.1.2/mno-hw-mul\libgcc.a(_pack_df.o)
 .comment       0x00000000       0x27 c:/altera/12.1sp1/nios2eds/bin/gnu/h-i686-mingw32/bin/../lib/gcc/nios2-elf/4.1.2/mno-hw-mul\libgcc.a(_unpack_df.o)