Archive member included because of file (symbol)

c:/altera/12.1sp1/nios2eds/bin/gnu/h-i686-mingw32/bin/../lib/gcc/nios2-elf/4.1.2/../../../../nios2-elf/lib\libc.a(lib_a-memset.o)
                              obj/default/main.o (memset)
c:/altera/12.1sp1/nios2eds/bin/gnu/h-i686-mingw32/bin/../lib/gcc/nios2-elf/4.1.2/../../../../nios2-elf/lib\libc.a(lib_a-printf.o)
                              obj/default/main.o (printf)
c:/altera/12.1sp1/nios2eds/bin/gnu/h-i686-mingw32/bin/../lib/gcc/nios2-elf/4.1.2/../../../../nios2-elf/lib\libc.a(lib_a-puts.o)
                              obj/default/main.o (puts)
c:/altera/12.1sp1/nios2eds/bin/gnu/h-i686-mingw32/bin/../lib/gcc/nios2-elf/4.1.2/../../../../nios2-elf/lib\libc.a(lib_a-strlen.o)
                              c:/altera/12.1sp1/nios2eds/bin/gnu/h-i686-mingw32/bin/../lib/gcc/nios2-elf/4.1.2/../../../../nios2-elf/lib\libc.a(lib_a-puts.o) (strlen)
c:/altera/12.1sp1/nios2eds/bin/gnu/h-i686-mingw32/bin/../lib/gcc/nios2-elf/4.1.2/../../../../nios2-elf/lib\libc.a(lib_a-vfprintf.o)
                              c:/altera/12.1sp1/nios2eds/bin/gnu/h-i686-mingw32/bin/../lib/gcc/nios2-elf/4.1.2/../../../../nios2-elf/lib\libc.a(lib_a-printf.o) (___vfprintf_internal_r)
c:/altera/12.1sp1/nios2eds/bin/gnu/h-i686-mingw32/bin/../lib/gcc/nios2-elf/4.1.2/../../../../nios2-elf/lib\libc.a(lib_a-wsetup.o)
                              c:/altera/12.1sp1/nios2eds/bin/gnu/h-i686-mingw32/bin/../lib/gcc/nios2-elf/4.1.2/../../../../nios2-elf/lib\libc.a(lib_a-vfprintf.o) (__swsetup_r)
c:/altera/12.1sp1/nios2eds/bin/gnu/h-i686-mingw32/bin/../lib/gcc/nios2-elf/4.1.2/../../../../nios2-elf/lib\libc.a(lib_a-dtoa.o)
                              c:/altera/12.1sp1/nios2eds/bin/gnu/h-i686-mingw32/bin/../lib/gcc/nios2-elf/4.1.2/../../../../nios2-elf/lib\libc.a(lib_a-vfprintf.o) (_dtoa_r)
c:/altera/12.1sp1/nios2eds/bin/gnu/h-i686-mingw32/bin/../lib/gcc/nios2-elf/4.1.2/../../../../nios2-elf/lib\libc.a(lib_a-fflush.o)
                              c:/altera/12.1sp1/nios2eds/bin/gnu/h-i686-mingw32/bin/../lib/gcc/nios2-elf/4.1.2/../../../../nios2-elf/lib\libc.a(lib_a-vfprintf.o) (_fflush_r)
c:/altera/12.1sp1/nios2eds/bin/gnu/h-i686-mingw32/bin/../lib/gcc/nios2-elf/4.1.2/../../../../nios2-elf/lib\libc.a(lib_a-findfp.o)
                              c:/altera/12.1sp1/nios2eds/bin/gnu/h-i686-mingw32/bin/../lib/gcc/nios2-elf/4.1.2/../../../../nios2-elf/lib\libc.a(lib_a-vfprintf.o) (__sinit)
c:/altera/12.1sp1/nios2eds/bin/gnu/h-i686-mingw32/bin/../lib/gcc/nios2-elf/4.1.2/../../../../nios2-elf/lib\libc.a(lib_a-freer.o)
                              c:/altera/12.1sp1/nios2eds/bin/gnu/h-i686-mingw32/bin/../lib/gcc/nios2-elf/4.1.2/../../../../nios2-elf/lib\libc.a(lib_a-wsetup.o) (_free_r)
c:/altera/12.1sp1/nios2eds/bin/gnu/h-i686-mingw32/bin/../lib/gcc/nios2-elf/4.1.2/../../../../nios2-elf/lib\libc.a(lib_a-fvwrite.o)
                              c:/altera/12.1sp1/nios2eds/bin/gnu/h-i686-mingw32/bin/../lib/gcc/nios2-elf/4.1.2/../../../../nios2-elf/lib\libc.a(lib_a-puts.o) (__sfvwrite_r)
c:/altera/12.1sp1/nios2eds/bin/gnu/h-i686-mingw32/bin/../lib/gcc/nios2-elf/4.1.2/../../../../nios2-elf/lib\libc.a(lib_a-fwalk.o)
                              c:/altera/12.1sp1/nios2eds/bin/gnu/h-i686-mingw32/bin/../lib/gcc/nios2-elf/4.1.2/../../../../nios2-elf/lib\libc.a(lib_a-fflush.o) (_fwalk_reent)
c:/altera/12.1sp1/nios2eds/bin/gnu/h-i686-mingw32/bin/../lib/gcc/nios2-elf/4.1.2/../../../../nios2-elf/lib\libc.a(lib_a-impure.o)
                              c:/altera/12.1sp1/nios2eds/bin/gnu/h-i686-mingw32/bin/../lib/gcc/nios2-elf/4.1.2/../../../../nios2-elf/lib\libc.a(lib_a-printf.o) (_impure_ptr)
c:/altera/12.1sp1/nios2eds/bin/gnu/h-i686-mingw32/bin/../lib/gcc/nios2-elf/4.1.2/../../../../nios2-elf/lib\libc.a(lib_a-locale.o)
                              c:/altera/12.1sp1/nios2eds/bin/gnu/h-i686-mingw32/bin/../lib/gcc/nios2-elf/4.1.2/../../../../nios2-elf/lib\libc.a(lib_a-vfprintf.o) (_localeconv_r)
c:/altera/12.1sp1/nios2eds/bin/gnu/h-i686-mingw32/bin/../lib/gcc/nios2-elf/4.1.2/../../../../nios2-elf/lib\libc.a(lib_a-makebuf.o)
                              c:/altera/12.1sp1/nios2eds/bin/gnu/h-i686-mingw32/bin/../lib/gcc/nios2-elf/4.1.2/../../../../nios2-elf/lib\libc.a(lib_a-wsetup.o) (__smakebuf_r)
c:/altera/12.1sp1/nios2eds/bin/gnu/h-i686-mingw32/bin/../lib/gcc/nios2-elf/4.1.2/../../../../nios2-elf/lib\libc.a(lib_a-mallocr.o)
                              c:/altera/12.1sp1/nios2eds/bin/gnu/h-i686-mingw32/bin/../lib/gcc/nios2-elf/4.1.2/../../../../nios2-elf/lib\libc.a(lib_a-findfp.o) (_malloc_r)
c:/altera/12.1sp1/nios2eds/bin/gnu/h-i686-mingw32/bin/../lib/gcc/nios2-elf/4.1.2/../../../../nios2-elf/lib\libc.a(lib_a-memchr.o)
                              c:/altera/12.1sp1/nios2eds/bin/gnu/h-i686-mingw32/bin/../lib/gcc/nios2-elf/4.1.2/../../../../nios2-elf/lib\libc.a(lib_a-vfprintf.o) (memchr)
c:/altera/12.1sp1/nios2eds/bin/gnu/h-i686-mingw32/bin/../lib/gcc/nios2-elf/4.1.2/../../../../nios2-elf/lib\libc.a(lib_a-memcpy.o)
[...]
Memory Configuration

Name             Origin             Length             Attributes
reset            0x01000000         0x00000020
sdram            0x01000020         0x00ffffe0
*default*        0x00000000         0xffffffff

Linker script and memory map

LOAD ../UARTNow_bsp//obj/HAL/src/crt0.o
LOAD obj/default/main.o
LOAD c:/altera/12.1sp1/nios2eds/bin/gnu/h-i686-mingw32/bin/../lib/gcc/nios2-elf/4.1.2/../../../../nios2-elf/lib\libstdc++.a
LOAD c:/altera/12.1sp1/nios2eds/bin/gnu/h-i686-mingw32/bin/../lib/gcc/nios2-elf/4.1.2/../../../../nios2-elf/lib\libm.a
LOAD c:/altera/12.1sp1/nios2eds/bin/gnu/h-i686-mingw32/bin/../lib/gcc/nios2-elf/4.1.2\libgcc.a
START GROUP
LOAD c:/altera/12.1sp1/nios2eds/bin/gnu/h-i686-mingw32/bin/../lib/gcc/nios2-elf/4.1.2/../../../../nios2-elf/lib\libc.a
LOAD c:/altera/12.1sp1/nios2eds/bin/gnu/h-i686-mingw32/bin/../lib/gcc/nios2-elf/4.1.2\libgcc.a
LOAD ../UARTNow_bsp/\libucosii_bsp.a
END GROUP
LOAD c:/altera/12.1sp1/nios2eds/bin/gnu/h-i686-mingw32/bin/../lib/gcc/nios2-elf/4.1.2\libgcc.a
                0x01000000                __alt_mem_sdram = 0x1000000

.entry          0x01000000       0x20
 *(.entry)
 .entry         0x01000000       0x20 ../UARTNow_bsp//obj/HAL/src/crt0.o
                0x01000000                __reset

.exceptions     0x01000020      0x1a0
                0x01000020                PROVIDE (__ram_exceptions_start, ABSOLUTE (.))
                0x01000020                . = ALIGN (0x20)
 *(.irq)
 *(.exceptions.entry.label)
 .exceptions.entry.label
                0x01000020        0x0 ../UARTNow_bsp/\libucosii_bsp.a(alt_irq_entry.o)
                0x01000020                alt_irq_entry
 .exceptions.entry.label
                0x01000020        0x0 ../UARTNow_bsp/\libucosii_bsp.a(alt_exception_entry.o)
                0x01000020                alt_exception
 *(.exceptions.entry.user)
 *(.exceptions.entry)
 .exceptions.entry
                0x01000020       0x54 ../UARTNow_bsp/\libucosii_bsp.a(alt_exception_entry.o)
 *(.exceptions.irqtest.user)
 *(.exceptions.irqtest)
 .exceptions.irqtest
                0x01000074       0x10 ../UARTNow_bsp/\libucosii_bsp.a(alt_irq_entry.o)
 *(.exceptions.irqhandler.user)
 *(.exceptions.irqhandler)
 .exceptions.irqhandler
                0x01000084        0x4 ../UARTNow_bsp/\libucosii_bsp.a(alt_irq_entry.o)
 *(.exceptions.irqreturn.user)
 *(.exceptions.irqreturn)
 .exceptions.irqreturn
                0x01000088        0x4 ../UARTNow_bsp/\libucosii_bsp.a(alt_irq_entry.o)
 *(.exceptions.notirq.label)
 .exceptions.notirq.label
                0x0100008c        0x0 ../UARTNow_bsp/\libucosii_bsp.a(alt_irq_entry.o)
 *(.exceptions.notirq.user)
 *(.exceptions.notirq)
 .exceptions.notirq
                0x0100008c        0x8 ../UARTNow_bsp/\libucosii_bsp.a(alt_exception_entry.o)
 *(.exceptions.soft.user)
 *(.exceptions.soft)
 *(.exceptions.unknown.user)
 *(.exceptions.unknown)
 .exceptions.unknown
                0x01000094        0x4 ../UARTNow_bsp/\libucosii_bsp.a(alt_exception_entry.o)
 *(.exceptions.exit.label)
 .exceptions.exit.label
                0x01000098        0x0 ../UARTNow_bsp/\libucosii_bsp.a(alt_irq_entry.o)
 .exceptions.exit.label
                0x01000098        0x0 ../UARTNow_bsp/\libucosii_bsp.a(alt_exception_entry.o)
 *(.exceptions.exit.user)
 *(.exceptions.exit)
 .exceptions.exit
                0x01000098       0x54 ../UARTNow_bsp/\libucosii_bsp.a(alt_exception_entry.o)
 *(.exceptions)
 .exceptions    0x010000ec       0xd4 ../UARTNow_bsp/\libucosii_bsp.a(alt_irq_handler.o)
                0x010000ec                alt_irq_handler
                0x010001c0                PROVIDE (__ram_exceptions_end, ABSOLUTE (.))
                0x01000020                PROVIDE (__flash_exceptions_start, LOADADDR (.exceptions))

.text           0x010001c0    0x162d0
                0x010001c0                PROVIDE (stext, ABSOLUTE (.))
 *(.interp)
 *(.hash)
 *(.dynsym)
 *(.dynstr)
 *(.gnu.version)
 *(.gnu.version_d)
 *(.gnu.version_r)
 *(.rel.init)
 *(.rela.init)
 *(.rel.text .rel.text.* .rel.gnu.linkonce.t.*)
 *(.rela.text .rela.text.* .rela.gnu.linkonce.t.*)
 *(.rel.fini)
 *(.rela.fini)
 *(.rel.rodata .rel.rodata.* .rel.gnu.linkonce.r.*)
 *(.rela.rodata .rela.rodata.* .rela.gnu.linkonce.r.*)
 *(.rel.data .rel.data.* .rel.gnu.linkonce.d.*)
 *(.rela.data .rela.data.* .rela.gnu.linkonce.d.*)
 *(.rel.tdata .rel.tdata.* .rel.gnu.linkonce.td.*)
 *(.rela.tdata .rela.tdata.* .rela.gnu.linkonce.td.*)
 *(.rel.tbss .rel.tbss.* .rel.gnu.linkonce.tb.*)
 *(.rela.tbss .rela.tbss.* .rela.gnu.linkonce.tb.*)
 *(.rel.ctors)
 *(.rela.ctors)
 *(.rel.dtors)
 *(.rela.dtors)
 *(.rel.got)
 *(.rela.got)
 *(.rel.sdata .rel.sdata.* .rel.gnu.linkonce.s.*)
 *(.rela.sdata .rela.sdata.* .rela.gnu.linkonce.s.*)
 *(.rel.sbss .rel.sbss.* .rel.gnu.linkonce.sb.*)
 *(.rela.sbss .rela.sbss.* .rela.gnu.linkonce.sb.*)
 *(.rel.sdata2 .rel.sdata2.* .rel.gnu.linkonce.s2.*)
 *(.rela.sdata2 .rela.sdata2.* .rela.gnu.linkonce.s2.*)
 *(.rel.sbss2 .rel.sbss2.* .rel.gnu.linkonce.sb2.*)
 *(.rela.sbss2 .rela.sbss2.* .rela.gnu.linkonce.sb2.*)
 *(.rel.bss .rel.bss.* .rel.gnu.linkonce.b.*)
 *(.rela.bss .rela.bss.* .rela.gnu.linkonce.b.*)
 *(.rel.plt)
 *(.rela.plt)
 *(.rel.dyn)
 *(.init)
 *(.plt)
 *(.text .stub .text.* .gnu.linkonce.t.*)
 .text          0x010001c0       0x4c ../UARTNow_bsp//obj/HAL/src/crt0.o
                0x010001c0                _start
 .text          0x0100020c      0x40c obj/default/main.o
                0x0100020c                sendToggle
                0x01000250                wifiMessageAppend
                0x010002b0                wifiMessagePrint
                0x010002e0                wifiMessageClear
                0x01000318                uart_isr
                0x0100033c                readFromUart
                0x01000370                writeToUart
                0x010003fc                waitXbeeGuardTime
                0x01000434                sendXbeeConfigureStart
                0x01000490                uart_write_task
                0x010004cc                uart_read_task
                0x01000528                main
 .text          0x01000618       0x98 c:/altera/12.1sp1/nios2eds/bin/gnu/h-i686-mingw32/bin/../lib/gcc/nios2-elf/4.1.2/../../../../nios2-elf/lib\libc.a(lib_a-memset.o)
                0x01000618                memset
 .text          0x010006b0       0x78 c:/altera/12.1sp1/nios2eds/bin/gnu/h-i686-mingw32/bin/../lib/gcc/nios2-elf/4.1.2/../../../../nios2-elf/lib\libc.a(lib_a-printf.o)
                0x010006b0                printf
                0x010006f4                _printf_r
 .text          0x01000728       0xb4 c:/altera/12.1sp1/nios2eds/bin/gnu/h-i686-mingw32/bin/../lib/gcc/nios2-elf/4.1.2/../../../../nios2-elf/lib\libc.a(lib_a-puts.o)
                0x01000728                _puts_r
                0x010007c8                puts
 .text          0x010007dc       0x74 c:/altera/12.1sp1/nios2eds/bin/gnu/h-i686-mingw32/bin/../lib/gcc/nios2-elf/4.1.2/../../../../nios2-elf/lib\libc.a(lib_a-strlen.o)
                0x010007dc                strlen
 .text          0x01000850     0x1f28 c:/altera/12.1sp1/nios2eds/bin/gnu/h-i686-mingw32/bin/../lib/gcc/nios2-elf/4.1.2/../../../../nios2-elf/lib\libc.a(lib_a-vfprintf.o)
                0x010008a8                ___vfprintf_internal_r
                0x01002754                __vfprintf_internal
 .text          0x01002778      0x13c c:/altera/12.1sp1/nios2eds/bin/gnu/h-i686-mingw32/bin/../lib/gcc/nios2-elf/4.1.2/../../../../nios2-elf/lib\libc.a(lib_a-wsetup.o)
                0x01002778                __swsetup_r
 .text          0x010028b4     0x17cc c:/altera/12.1sp1/nios2eds/bin/gnu/h-i686-mingw32/bin/../lib/gcc/nios2-elf/4.1.2/../../../../nios2-elf/lib\libc.a(lib_a-dtoa.o)
                0x01002acc                _dtoa_r
 .text          0x01004080      0x230 c:/altera/12.1sp1/nios2eds/bin/gnu/h-i686-mingw32/bin/../lib/gcc/nios2-elf/4.1.2/../../../../nios2-elf/lib\libc.a(lib_a-fflush.o)
                0x01004080                _fflush_r
                0x0100427c                fflush
 .text          0x010042b0      0x2c0 c:/altera/12.1sp1/nios2eds/bin/gnu/h-i686-mingw32/bin/../lib/gcc/nios2-elf/4.1.2/../../../../nios2-elf/lib\libc.a(lib_a-findfp.o)
                0x01004308                __sfp_lock_acquire
                0x0100430c                __sfp_lock_release
                0x01004310                __sinit_lock_acquire
                0x01004314                __sinit_lock_release
                0x01004318                __sinit
                0x010043cc                __fp_unlock_all
                0x010043e4                __fp_lock_all
                0x010043fc                _cleanup_r
                0x01004408                _cleanup
                0x01004418                __sfmoreglue
                0x01004480                __sfp
 .text          0x01004570      0x440 c:/altera/12.1sp1/nios2eds/bin/gnu/h-i686-mingw32/bin/../lib/gcc/nios2-elf/4.1.2/../../../../nios2-elf/lib\libc.a(lib_a-freer.o)
                0x01004570                _malloc_trim_r
                0x0100469c                _free_r
 .text          0x010049b0      0x49c c:/altera/12.1sp1/nios2eds/bin/gnu/h-i686-mingw32/bin/../lib/gcc/nios2-elf/4.1.2/../../../../nios2-elf/lib\libc.a(lib_a-fvwrite.o)
                0x010049b0                __sfvwrite_r
 .text          0x01004e4c      0x180 c:/altera/12.1sp1/nios2eds/bin/gnu/h-i686-mingw32/bin/../lib/gcc/nios2-elf/4.1.2/../../../../nios2-elf/lib\libc.a(lib_a-fwalk.o)
                0x01004e4c                _fwalk_reent
                0x01004f14                _fwalk
 .text          0x01004fcc        0x0 c:/altera/12.1sp1/nios2eds/bin/gnu/h-i686-mingw32/bin/../lib/gcc/nios2-elf/4.1.2/../../../../nios2-elf/lib\libc.a(lib_a-impure.o)
 .text          0x01004fcc       0xc4 c:/altera/12.1sp1/nios2eds/bin/gnu/h-i686-mingw32/bin/../lib/gcc/nios2-elf/4.1.2/../../../../nios2-elf/lib\libc.a(lib_a-locale.o)
                0x01004fcc                __locale_charset
                0x01004fd4                _localeconv_r
                0x01004fe0                localeconv
                0x01004ff0                _setlocale_r
                0x01005074                setlocale
 .text          0x01005090      0x194 c:/altera/12.1sp1/nios2eds/bin/gnu/h-i686-mingw32/bin/../lib/gcc/nios2-elf/4.1.2/../../../../nios2-elf/lib\libc.a(lib_a-makebuf.o)
                0x01005090                __smakebuf_r
 .text          0x01005224      0x740 c:/altera/12.1sp1/nios2eds/bin/gnu/h-i686-mingw32/bin/../lib/gcc/nios2-elf/4.1.2/../../../../nios2-elf/lib\libc.a(lib_a-mallocr.o)
                0x01005224                _malloc_r
 .text          0x01005964       0xe4 c:/altera/12.1sp1/nios2eds/bin/gnu/h-i686-mingw32/bin/../lib/gcc/nios2-elf/4.1.2/../../../../nios2-elf/lib\libc.a(lib_a-memchr.o)
                0x01005964                memchr
 .text          0x01005a48       0xa0 c:/altera/12.1sp1/nios2eds/bin/gnu/h-i686-mingw32/bin/../lib/gcc/nios2-elf/4.1.2/../../../../nios2-elf/lib\libc.a(lib_a-memcpy.o)
                0x01005a48                memcpy
 .text          0x01005ae8       0xe0 c:/altera/12.1sp1/nios2eds/bin/gnu/h-i686-mingw32/bin/../lib/gcc/nios2-elf/4.1.2/../../../../nios2-elf/lib\libc.a(lib_a-memmove.o)
                0x01005ae8                memmove
 .text          0x01005bc8      0xff4 c:/altera/12.1sp1/nios2eds/bin/gnu/h-i686-mingw32/bin/../lib/gcc/nios2-elf/4.1.2/../../../../nios2-elf/lib\libc.a(lib_a-mprec.o)
                0x01005bc8                _Bfree
                0x01005bf0                __hi0bits
                0x01005c60                __lo0bits
                0x01005d24                __mcmp
                0x01005d84                __ulp
                0x01005e04                __b2d
                0x01005f24                __ratio
                0x01005fd4                _mprec_log10
                0x01006068                __copybits
                0x010060c0                __any_on
                0x01006148                _Balloc
                0x01006204                __d2b
                0x01006380                __mdiff
                0x0100650c                __lshift
                0x01006658                __multiply
                0x01006840                __i2b
                0x0100687c                __multadd
                0x0100697c                __pow5mult
                0x01006a9c                __s2b
 .text          0x01006bbc      0x5f4 c:/altera/12.1sp1/nios2eds/bin/gnu/h-i686-mingw32/bin/../lib/gcc/nios2-elf/4.1.2/../../../../nios2-elf/lib\libc.a(lib_a-reallocr.o)
                0x01006bbc                _realloc_r
 .text          0x010071b0       0x40 c:/altera/12.1sp1/nios2eds/bin/gnu/h-i686-mingw32/bin/../lib/gcc/nios2-elf/4.1.2/../../../../nios2-elf/lib\libc.a(lib_a-s_isinfd.o)
                0x010071b0                __isinfd
 .text          0x010071f0       0x30 c:/altera/12.1sp1/nios2eds/bin/gnu/h-i686-mingw32/bin/../lib/gcc/nios2-elf/4.1.2/../../../../nios2-elf/lib\libc.a(lib_a-s_isnand.o)
                0x010071f0                __isnand
 .text          0x01007220       0x70 c:/altera/12.1sp1/nios2eds/bin/gnu/h-i686-mingw32/bin/../lib/gcc/nios2-elf/4.1.2/../../../../nios2-elf/lib\libc.a(lib_a-sbrkr.o)
                0x01007220                _sbrk_r
 .text          0x01007290      0x14c c:/altera/12.1sp1/nios2eds/bin/gnu/h-i686-mingw32/bin/../lib/gcc/nios2-elf/4.1.2/../../../../nios2-elf/lib\libc.a(lib_a-stdio.o)
                0x01007290                __sclose
                0x01007298                __sseek
                0x01007300                __swrite
                0x0100737c                __sread
 .text          0x010073dc       0xbc c:/altera/12.1sp1/nios2eds/bin/gnu/h-i686-mingw32/bin/../lib/gcc/nios2-elf/4.1.2/../../../../nios2-elf/lib\libc.a(lib_a-strcmp.o)
                0x010073dc                strcmp
 .text          0x01007498       0x78 c:/altera/12.1sp1/nios2eds/bin/gnu/h-i686-mingw32/bin/../lib/gcc/nios2-elf/4.1.2/../../../../nios2-elf/lib\libc.a(lib_a-writer.o)
                0x01007498                _write_r
 .text          0x01007510       0xb4 c:/altera/12.1sp1/nios2eds/bin/gnu/h-i686-mingw32/bin/../lib/gcc/nios2-elf/4.1.2/../../../../nios2-elf/lib\libc.a(lib_a-callocr.o)
                0x01007510                _calloc_r
 .text          0x010075c4       0x70 c:/altera/12.1sp1/nios2eds/bin/gnu/h-i686-mingw32/bin/../lib/gcc/nios2-elf/4.1.2/../../../../nios2-elf/lib\libc.a(lib_a-closer.o)
                0x010075c4                _close_r
 .text          0x01007634      0x124 c:/altera/12.1sp1/nios2eds/bin/gnu/h-i686-mingw32/bin/../lib/gcc/nios2-elf/4.1.2/../../../../nios2-elf/lib\libc.a(lib_a-fclose.o)
                0x01007634                _fclose_r
                0x01007744                fclose
 .text          0x01007758       0x74 c:/altera/12.1sp1/nios2eds/bin/gnu/h-i686-mingw32/bin/../lib/gcc/nios2-elf/4.1.2/../../../../nios2-elf/lib\libc.a(lib_a-fstatr.o)
                0x01007758                _fstat_r
 .text          0x010077cc        0x0 c:/altera/12.1sp1/nios2eds/bin/gnu/h-i686-mingw32/bin/../lib/gcc/nios2-elf/4.1.2/../../../../nios2-elf/lib\libc.a(lib_a-int_errno.o)
 .text          0x010077cc       0x70 c:/altera/12.1sp1/nios2eds/bin/gnu/h-i686-mingw32/bin/../lib/gcc/nios2-elf/4.1.2/../../../../nios2-elf/lib\libc.a(lib_a-isattyr.o)
                0x010077cc                _isatty_r
 .text          0x0100783c       0x78 c:/altera/12.1sp1/nios2eds/bin/gnu/h-i686-mingw32/bin/../lib/gcc/nios2-elf/4.1.2/../../../../nios2-elf/lib\libc.a(lib_a-lseekr.o)
                0x0100783c                _lseek_r
 .text          0x010078b4       0x78 c:/altera/12.1sp1/nios2eds/bin/gnu/h-i686-mingw32/bin/../lib/gcc/nios2-elf/4.1.2/../../../../nios2-elf/lib\libc.a(lib_a-readr.o)
                0x010078b4                _read_r
 .text          0x0100792c      0x5dc c:/altera/12.1sp1/nios2eds/bin/gnu/h-i686-mingw32/bin/../lib/gcc/nios2-elf/4.1.2\libgcc.a(_udivdi3.o)
                0x0100792c                __udivdi3
 .text          0x01007f08      0x5b0 c:/altera/12.1sp1/nios2eds/bin/gnu/h-i686-mingw32/bin/../lib/gcc/nios2-elf/4.1.2\libgcc.a(_umoddi3.o)
                0x01007f08                __umoddi3
 .text          0x010084b8      0x504 c:/altera/12.1sp1/nios2eds/bin/gnu/h-i686-mingw32/bin/../lib/gcc/nios2-elf/4.1.2\libgcc.a(_addsub_df.o)
                0x010088c8                __subdf3
                0x01008948                __adddf3
 .text          0x010089bc      0x3c4 c:/altera/12.1sp1/nios2eds/bin/gnu/h-i686-mingw32/bin/../lib/gcc/nios2-elf/4.1.2\libgcc.a(_mul_df.o)
                0x010089bc                __muldf3
 .text          0x01008d80      0x258 c:/altera/12.1sp1/nios2eds/bin/gnu/h-i686-mingw32/bin/../lib/gcc/nios2-elf/4.1.2\libgcc.a(_div_df.o)
                0x01008d80                __divdf3
 .text          0x01008fd8       0x88 c:/altera/12.1sp1/nios2eds/bin/gnu/h-i686-mingw32/bin/../lib/gcc/nios2-elf/4.1.2\libgcc.a(_eq_df.o)
                0x01008fd8                __eqdf2
 .text          0x01009060       0x88 c:/altera/12.1sp1/nios2eds/bin/gnu/h-i686-mingw32/bin/../lib/gcc/nios2-elf/4.1.2\libgcc.a(_ne_df.o)
                0x01009060                __nedf2
 .text          0x010090e8       0x88 c:/altera/12.1sp1/nios2eds/bin/gnu/h-i686-mingw32/bin/../lib/gcc/nios2-elf/4.1.2\libgcc.a(_gt_df.o)
                0x010090e8                __gtdf2
 .text          0x01009170       0x88 c:/altera/12.1sp1/nios2eds/bin/gnu/h-i686-mingw32/bin/../lib/gcc/nios2-elf/4.1.2\libgcc.a(_ge_df.o)
                0x01009170                __gedf2
 .text          0x010091f8       0x88 c:/altera/12.1sp1/nios2eds/bin/gnu/h-i686-mingw32/bin/../lib/gcc/nios2-elf/4.1.2\libgcc.a(_lt_df.o)
                0x010091f8                __ltdf2
 .text          0x01009280       0xf8 c:/altera/12.1sp1/nios2eds/bin/gnu/h-i686-mingw32/bin/../lib/gcc/nios2-elf/4.1.2\libgcc.a(_si_to_df.o)
                0x01009280                __floatsidf
 .text          0x01009378       0xd8 c:/altera/12.1sp1/nios2eds/bin/gnu/h-i686-mingw32/bin/../lib/gcc/nios2-elf/4.1.2\libgcc.a(_df_to_si.o)
                0x01009378                __fixdfsi
 .text          0x01009450        0x0 c:/altera/12.1sp1/nios2eds/bin/gnu/h-i686-mingw32/bin/../lib/gcc/nios2-elf/4.1.2\libgcc.a(_thenan_df.o)
 .text          0x01009450      0x194 c:/altera/12.1sp1/nios2eds/bin/gnu/h-i686-mingw32/bin/../lib/gcc/nios2-elf/4.1.2\libgcc.a(_usi_to_df.o)
                0x01009450                __floatunsidf
 .text          0x010095e4      0x14c c:/altera/12.1sp1/nios2eds/bin/gnu/h-i686-mingw32/bin/../lib/gcc/nios2-elf/4.1.2\libgcc.a(lib2-divmod.o)
                0x01009660                __divsi3
                0x010096c0                __modsi3
                0x01009720                __udivsi3
                0x01009728                __umodsi3
 .text          0x01009730       0x98 c:/altera/12.1sp1/nios2eds/bin/gnu/h-i686-mingw32/bin/../lib/gcc/nios2-elf/4.1.2\libgcc.a(_muldi3.o)
                0x01009730                __muldi3
 .text          0x010097c8        0x0 c:/altera/12.1sp1/nios2eds/bin/gnu/h-i686-mingw32/bin/../lib/gcc/nios2-elf/4.1.2\libgcc.a(_clz.o)
 .text          0x010097c8       0x80 c:/altera/12.1sp1/nios2eds/bin/gnu/h-i686-mingw32/bin/../lib/gcc/nios2-elf/4.1.2\libgcc.a(_clzsi2.o)
                0x010097c8                __clzsi2
 .text          0x01009848      0x314 c:/altera/12.1sp1/nios2eds/bin/gnu/h-i686-mingw32/bin/../lib/gcc/nios2-elf/4.1.2\libgcc.a(_pack_df.o)
                0x01009848                __pack_d
 .text          0x01009b5c      0x138 c:/altera/12.1sp1/nios2eds/bin/gnu/h-i686-mingw32/bin/../lib/gcc/nios2-elf/4.1.2\libgcc.a(_unpack_df.o)
                0x01009b5c                __unpack_d
 .text          0x01009c94       0xc8 c:/altera/12.1sp1/nios2eds/bin/gnu/h-i686-mingw32/bin/../lib/gcc/nios2-elf/4.1.2\libgcc.a(_fpcmp_parts_df.o)
                0x01009c94                __fpcmp_parts_d
 .text          0x01009d5c      0x15c ../UARTNow_bsp/\libucosii_bsp.a(alt_close.o)
                0x01009d5c                close
 .text          0x01009eb8       0x2c ../UARTNow_bsp/\libucosii_bsp.a(alt_dev.o)
 .text          0x01009ee4        0x0 ../UARTNow_bsp/\libucosii_bsp.a(alt_errno.o)
 .text          0x01009ee4      0x134 ../UARTNow_bsp/\libucosii_bsp.a(alt_fstat.o)
                0x01009ee4                fstat
 .text          0x0100a018      0x1c0 ../UARTNow_bsp/\libucosii_bsp.a(alt_irq_register.o)
                0x0100a018                alt_irq_register
 .text          0x0100a1d8        0x0 ../UARTNow_bsp/\libucosii_bsp.a(alt_irq_vars.o)
 .text          0x0100a1d8      0x120 ../UARTNow_bsp/\libucosii_bsp.a(alt_isatty.o)
                0x0100a1d8                isatty
 .text          0x0100a2f8       0xec ../UARTNow_bsp/\libucosii_bsp.a(alt_load.o)
                0x0100a2f8                alt_load
 .text          0x0100a3e4      0x150 ../UARTNow_bsp/\libucosii_bsp.a(alt_lseek.o)
                0x0100a3e4                lseek
 .text          0x0100a534       0xc8 ../UARTNow_bsp/\libucosii_bsp.a(alt_main.o)
                0x0100a534                alt_main
 .text          0x0100a5fc      0x180 ../UARTNow_bsp/\libucosii_bsp.a(alt_read.o)
                0x0100a5fc                read
 .text          0x0100a77c       0x60 ../UARTNow_bsp/\libucosii_bsp.a(alt_release_fd.o)
                0x0100a77c                alt_release_fd
 .text          0x0100a7dc       0xbc ../UARTNow_bsp/\libucosii_bsp.a(alt_sbrk.o)
                0x0100a7dc                sbrk
 .text          0x0100a898      0x180 ../UARTNow_bsp/\libucosii_bsp.a(alt_write.o)
                0x0100a898                write
 .text          0x0100aa18      0x108 ../UARTNow_bsp/\libucosii_bsp.a(alt_env_lock.o)
                0x0100aa18                __env_lock
                0x0100aac4                __env_unlock
 .text          0x0100ab20      0x1d8 ../UARTNow_bsp/\libucosii_bsp.a(alt_malloc_lock.o)
                0x0100ab20                __malloc_lock
                0x0100ac28                __malloc_unlock
 .text          0x0100acf8     0x2128 ../UARTNow_bsp/\libucosii_bsp.a(os_core.o)
                0x0100acf8                OSEventNameGet
                0x0100ae28                OSEventNameSet
                0x0100af6c                OSEventPendMulti
                0x0100b620                OSInit
                0x0100b674                OSIntEnter
                0x0100b6f0                OSIntExit
                0x0100b7f0                OSSchedLock
                0x0100b87c                OSSchedUnlock
                0x0100b960                OSStart
                0x0100b9d0                OSStatInit
                0x0100ba7c                OSTimeTick
                0x0100bcbc                OSVersion
                0x0100bcdc                OS_Dummy
                0x0100bcf8                OS_EventTaskRdy
                0x0100be8c                OS_EventTaskWait
                0x0100bf9c                OS_EventTaskWaitMulti
                0x0100c0f0                OS_EventTaskRemove
                0x0100c1a8                OS_EventTaskRemoveMulti
                0x0100c2ac                OS_EventWaitListInit
                0x0100c678                OS_MemClr
                0x0100c6cc                OS_MemCopy
                0x0100c738                OS_Sched
                0x0100c87c                OS_StrCopy
                0x0100c8fc                OS_StrLen
                0x0100c954                OS_TaskIdle
                0x0100c9b0                OS_TaskStat
                0x0100ca78                OS_TaskStatStkChk
                0x0100cb40                OS_TCBInit
 .text          0x0100ce20      0x18c ../UARTNow_bsp/\libucosii_bsp.a(os_dbg.o)
                0x0100ce20                OSDebugInit
 .text          0x0100cfac     0x193c ../UARTNow_bsp/\libucosii_bsp.a(os_flag.o)
                0x0100cfac                OSFlagAccept
                0x0100d2e0                OSFlagCreate
                0x0100d41c                OSFlagDel
                0x0100d6c4                OSFlagNameGet
                0x0100d808                OSFlagNameSet
                0x0100d95c                OSFlagPend
                0x0100dfa0                OSFlagPendGetFlagsRdy
                0x0100e008                OSFlagPost
                0x0100e3b0                OSFlagQuery
                0x0100e648                OS_FlagInit
                0x0100e83c                OS_FlagUnlink
 .text          0x0100e8e8      0x808 ../UARTNow_bsp/\libucosii_bsp.a(os_mem.o)
                0x0100e8e8                OSMemCreate
                0x0100eb04                OSMemGet
                0x0100ec08                OSMemNameGet
                0x0100ed14                OSMemNameSet
                0x0100ee34                OSMemPut
                0x0100ef24                OSMemQuery
                0x0100f020                OS_MemInit
 .text          0x0100f0f0     0x1334 ../UARTNow_bsp/\libucosii_bsp.a(os_q.o)
                0x0100f0f0                OSQAccept
                0x0100f244                OSQCreate
                0x0100f458                OSQDel
                0x0100f758                OSQFlush
                0x0100f820                OSQPend
                0x0100fb40                OSQPendAbort
                0x0100fcbc                OSQPost
                0x0100fe3c                OSQPostFront
                0x0100ffc4                OSQPostOpt
                0x010101f8                OSQQuery
                0x01010378                OS_QInit
 .text          0x01010424      0xbc8 ../UARTNow_bsp/\libucosii_bsp.a(os_sem.o)
                0x01010424                OSSemAccept
                0x010104e4                OSSemCreate
                0x010105f8                OSSemDel
                0x01010898                OSSemPend
                0x01010b14                OSSemPendAbort
                0x01010c90                OSSemPost
                0x01010db8                OSSemQuery
                0x01010ee8                OSSemSet
 .text          0x01010fec     0x1a40 ../UARTNow_bsp/\libucosii_bsp.a(os_task.o)
                0x01010fec                OSTaskChangePrio
                0x01011560                OSTaskCreate
                0x01011734                OSTaskCreateExt
                0x01011934                OSTaskDel
                0x01011d40                OSTaskDelReq
                0x01011eb0                OSTaskNameGet
                0x01012068                OSTaskNameSet
                0x0101222c                OSTaskResume
                0x01012444                OSTaskStkChk
                0x01012640                OSTaskSuspend
                0x0101286c                OSTaskQuery
                0x010129b0                OS_TaskStkClr
 .text          0x01012a2c      0x598 ../UARTNow_bsp/\libucosii_bsp.a(os_time.o)
                0x01012a2c                OSTimeDly
                0x01012b78                OSTimeDlyHMSM
                0x01012cec                OSTimeDlyResume
                0x01012efc                OSTimeGet
                0x01012f60                OSTimeSet
 .text          0x01012fc4      0x114 ../UARTNow_bsp/\libucosii_bsp.a(alt_sys_init.o)
                0x01012fc4                alt_irq_init
                0x01012ff8                alt_sys_init
 .text          0x010130d8      0x148 ../UARTNow_bsp/\libucosii_bsp.a(altera_avalon_jtag_uart_fd.o)
                0x010130d8                altera_avalon_jtag_uart_read_fd
                0x01013130                altera_avalon_jtag_uart_write_fd
                0x01013188                altera_avalon_jtag_uart_close_fd
                0x010131d0                altera_avalon_jtag_uart_ioctl_fd
 .text          0x01013220      0x580 ../UARTNow_bsp/\libucosii_bsp.a(altera_avalon_jtag_uart_init.o)
                0x01013220                altera_avalon_jtag_uart_init
                0x0101372c                altera_avalon_jtag_uart_close
 .text          0x010137a0       0xf4 ../UARTNow_bsp/\libucosii_bsp.a(altera_avalon_jtag_uart_ioctl.o)
                0x010137a0                altera_avalon_jtag_uart_ioctl
 .text          0x01013894      0x2c0 ../UARTNow_bsp/\libucosii_bsp.a(altera_avalon_jtag_uart_read.o)
                0x01013894                altera_avalon_jtag_uart_read
 .text          0x01013b54      0x2dc ../UARTNow_bsp/\libucosii_bsp.a(altera_avalon_jtag_uart_write.o)
                0x01013b54                altera_avalon_jtag_uart_write
 .text          0x01013e30       0xfc ../UARTNow_bsp/\libucosii_bsp.a(altera_avalon_timer_sc.o)
                0x01013ea4                alt_avalon_timer_sc_init
 .text          0x01013f2c       0xf8 ../UARTNow_bsp/\libucosii_bsp.a(altera_avalon_uart_fd.o)
                0x01013f2c                altera_avalon_uart_read_fd
                0x01013f84                altera_avalon_uart_write_fd
                0x01013fdc                altera_avalon_uart_close_fd
 .text          0x01014024      0x578 ../UARTNow_bsp/\libucosii_bsp.a(altera_avalon_uart_init.o)
                0x01014024                altera_avalon_uart_init
                0x0101453c                altera_avalon_uart_close
 .text          0x0101459c      0x310 ../UARTNow_bsp/\libucosii_bsp.a(altera_avalon_uart_read.o)
                0x0101459c                altera_avalon_uart_read
 .text          0x010148ac      0x2a8 ../UARTNow_bsp/\libucosii_bsp.a(altera_avalon_uart_write.o)
                0x010148ac                altera_avalon_uart_write
 .text          0x01014b54      0x398 ../UARTNow_bsp/\libucosii_bsp.a(altera_up_avalon_rs232.o)
                0x01014b54                alt_up_rs232_enable_read_interrupt
                0x01014ba8                alt_up_rs232_disable_read_interrupt
                0x01014c00                alt_up_rs232_get_used_space_in_read_FIFO
                0x01014c3c                alt_up_rs232_get_available_space_in_write_FIFO
                0x01014c7c                alt_up_rs232_check_parity
                0x01014ccc                alt_up_rs232_write_data
                0x01014d14                alt_up_rs232_read_data
                0x01014d88                alt_up_rs232_read_fd
                0x01014e18                alt_up_rs232_write_fd
                0x01014eac                alt_up_rs232_open_dev
 .text          0x01014eec      0x154 ../UARTNow_bsp/\libucosii_bsp.a(alt_alarm_start.o)
                0x01014eec                alt_alarm_start
 .text          0x01015040       0x44 ../UARTNow_bsp/\libucosii_bsp.a(alt_dcache_flush_all.o)
                0x01015040                alt_dcache_flush_all
 .text          0x01015084      0x114 ../UARTNow_bsp/\libucosii_bsp.a(alt_dev_llist_insert.o)
                0x01015084                alt_dev_llist_insert
 .text          0x01015198       0x64 ../UARTNow_bsp/\libucosii_bsp.a(alt_do_ctors.o)
                0x01015198                _do_ctors
 .text          0x010151fc       0x64 ../UARTNow_bsp/\libucosii_bsp.a(alt_do_dtors.o)
                0x010151fc                _do_dtors
 .text          0x01015260       0x94 ../UARTNow_bsp/\libucosii_bsp.a(alt_find_dev.o)
                0x01015260                alt_find_dev
 .text          0x010152f4       0x30 ../UARTNow_bsp/\libucosii_bsp.a(alt_icache_flush_all.o)
                0x010152f4                alt_icache_flush_all
 .text          0x01015324      0x13c ../UARTNow_bsp/\libucosii_bsp.a(alt_io_redirect.o)
                0x010153e8                alt_io_redirect
 .text          0x01015460        0x0 ../UARTNow_bsp/\libucosii_bsp.a(alt_irq_entry.o)
 .text          0x01015460        0x0 ../UARTNow_bsp/\libucosii_bsp.a(alt_irq_handler.o)
 .text          0x01015460      0x2c4 ../UARTNow_bsp/\libucosii_bsp.a(alt_open.o)
                0x0101553c                open
 .text          0x01015724      0x1a8 ../UARTNow_bsp/\libucosii_bsp.a(alt_tick.o)
                0x01015724                alt_alarm_stop
                0x010157bc                alt_tick
 .text          0x010158cc       0x20 ../UARTNow_bsp/\libucosii_bsp.a(altera_nios2_qsys_irq.o)
                0x010158cc                altera_nios2_qsys_irq_init
 .text          0x010158ec       0xd0 ../UARTNow_bsp/\libucosii_bsp.a(os_cpu_a.o)
                0x010158ec                OSCtxSw
                0x010158ec                OSIntCtxSw
                0x01015978                OSStartHighRdy
                0x01015998                OSStartTsk
 .text          0x010159bc      0x418 ../UARTNow_bsp/\libucosii_bsp.a(os_cpu_c.o)
                0x010159bc                OSTaskStkInit
                0x01015ccc                OSTaskCreateHook
                0x01015cec                OSTaskDelHook
                0x01015d0c                OSTaskSwHook
                0x01015d28                OSTaskStatHook
                0x01015d44                OSTimeTickHook
                0x01015d60                OSInitHookBegin
                0x01015d7c                OSInitHookEnd
                0x01015d98                OSTaskIdleHook
                0x01015db4                OSTCBInitHook
 .text          0x01015dd4        0x0 ../UARTNow_bsp/\libucosii_bsp.a(alt_exception_entry.o)
 .text          0x01015dd4      0x120 ../UARTNow_bsp/\libucosii_bsp.a(alt_find_file.o)
                0x01015dd4                alt_find_file
 .text          0x01015ef4       0xf4 ../UARTNow_bsp/\libucosii_bsp.a(alt_get_fd.o)
                0x01015ef4                alt_get_fd
 .text          0x01015fe8       0x90 ../UARTNow_bsp/\libucosii_bsp.a(alt_icache_flush.o)
                0x01015fe8                alt_icache_flush
 .text          0x01016078       0x14 c:/altera/12.1sp1/nios2eds/bin/gnu/h-i686-mingw32/bin/../lib/gcc/nios2-elf/4.1.2/../../../../nios2-elf/lib\libc.a(lib_a-atexit.o)
                0x01016078                atexit
 .text          0x0101608c       0x38 c:/altera/12.1sp1/nios2eds/bin/gnu/h-i686-mingw32/bin/../lib/gcc/nios2-elf/4.1.2/../../../../nios2-elf/lib\libc.a(lib_a-exit.o)
                0x0101608c                exit
 .text          0x010160c4       0x74 c:/altera/12.1sp1/nios2eds/bin/gnu/h-i686-mingw32/bin/../lib/gcc/nios2-elf/4.1.2/../../../../nios2-elf/lib\libc.a(lib_a-memcmp.o)
                0x010160c4                memcmp
 .text          0x01016138      0x134 c:/altera/12.1sp1/nios2eds/bin/gnu/h-i686-mingw32/bin/../lib/gcc/nios2-elf/4.1.2/../../../../nios2-elf/lib\libc.a(lib_a-__atexit.o)
                0x01016138                __register_exitproc
 .text          0x0101626c      0x1b4 c:/altera/12.1sp1/nios2eds/bin/gnu/h-i686-mingw32/bin/../lib/gcc/nios2-elf/4.1.2/../../../../nios2-elf/lib\libc.a(lib_a-__call_atexit.o)
                0x01016270                __call_exitprocs
 .text          0x01016420       0x6c ../UARTNow_bsp/\libucosii_bsp.a(alt_exit.o)
                0x01016460                _exit
 *(.gnu.warning.*)
 *(.fini)
                0x0101648c                PROVIDE (__etext, ABSOLUTE (.))
                0x0101648c                PROVIDE (_etext, ABSOLUTE (.))
                0x0101648c                PROVIDE (etext, ABSOLUTE (.))
 *(.eh_frame_hdr)
                0x0101648c                . = ALIGN (0x4)
                0x0101648c                PROVIDE (__preinit_array_start, ABSOLUTE (.))
 *(.preinit_array)
                0x0101648c                PROVIDE (__preinit_array_end, ABSOLUTE (.))
                0x0101648c                PROVIDE (__init_array_start, ABSOLUTE (.))
 *(.init_array)
                0x0101648c                PROVIDE (__init_array_end, ABSOLUTE (.))
                0x0101648c                PROVIDE (__fini_array_start, ABSOLUTE (.))
 *(.fini_array)
                0x0101648c                PROVIDE (__fini_array_end, ABSOLUTE (.))
 *(.eh_frame)
 *(.gcc_except_table)
 *(.dynamic)
                0x0101648c                PROVIDE (__CTOR_LIST__, ABSOLUTE (.))
 *(.ctors)
 *(SORT(.ctors.*))
 .ctors.65535   0x0101648c        0x4 c:/altera/12.1sp1/nios2eds/bin/gnu/h-i686-mingw32/bin/../lib/gcc/nios2-elf/4.1.2/../../../../nios2-elf/lib\libc.a(lib_a-__call_atexit.o)
                0x01016490                PROVIDE (__CTOR_END__, ABSOLUTE (.))
                0x01016490                PROVIDE (__DTOR_LIST__, ABSOLUTE (.))
 *(.dtors)
 *(SORT(.dtors.*))
                0x01016490                PROVIDE (__DTOR_END__, ABSOLUTE (.))
 *(.jcr)
                0x01016490                . = ALIGN (0x4)

.rodata         0x01016490      0x4f4
                0x01016490                PROVIDE (__ram_rodata_start, ABSOLUTE (.))
                0x01016490                . = ALIGN (0x4)
 *(.rodata .rodata.* .gnu.linkonce.r.*)
 .rodata        0x01016490       0x5c obj/default/main.o
 .rodata.str1.4
                0x010164ec        0x2 c:/altera/12.1sp1/nios2eds/bin/gnu/h-i686-mingw32/bin/../lib/gcc/nios2-elf/4.1.2/../../../../nios2-elf/lib\libc.a(lib_a-puts.o)
                                  0x4 (size before relaxing)
 *fill*         0x010164ee        0x2 00
 .rodata.str1.4
                0x010164f0       0x5e c:/altera/12.1sp1/nios2eds/bin/gnu/h-i686-mingw32/bin/../lib/gcc/nios2-elf/4.1.2/../../../../nios2-elf/lib\libc.a(lib_a-vfprintf.o)
                                 0x60 (size before relaxing)
 .rodata        0x0101654e       0x20 c:/altera/12.1sp1/nios2eds/bin/gnu/h-i686-mingw32/bin/../lib/gcc/nios2-elf/4.1.2/../../../../nios2-elf/lib\libc.a(lib_a-vfprintf.o)
 *fill*         0x0101656e        0x2 00
 .rodata.str1.4
                0x01016570       0x10 c:/altera/12.1sp1/nios2eds/bin/gnu/h-i686-mingw32/bin/../lib/gcc/nios2-elf/4.1.2/../../../../nios2-elf/lib\libc.a(lib_a-dtoa.o)
                                 0x14 (size before relaxing)
 .rodata.str1.4
                0x01016580        0x2 c:/altera/12.1sp1/nios2eds/bin/gnu/h-i686-mingw32/bin/../lib/gcc/nios2-elf/4.1.2/../../../../nios2-elf/lib\libc.a(lib_a-impure.o)
                                  0x4 (size before relaxing)
 *fill*         0x01016582        0x2 00
 .rodata.str1.4
                0x01016584       0x10 c:/altera/12.1sp1/nios2eds/bin/gnu/h-i686-mingw32/bin/../lib/gcc/nios2-elf/4.1.2/../../../../nios2-elf/lib\libc.a(lib_a-locale.o)
                                 0x18 (size before relaxing)
 .rodata        0x01016594       0x30 c:/altera/12.1sp1/nios2eds/bin/gnu/h-i686-mingw32/bin/../lib/gcc/nios2-elf/4.1.2/../../../../nios2-elf/lib\libc.a(lib_a-locale.o)
 .rodata        0x010165c4      0x124 c:/altera/12.1sp1/nios2eds/bin/gnu/h-i686-mingw32/bin/../lib/gcc/nios2-elf/4.1.2/../../../../nios2-elf/lib\libc.a(lib_a-mprec.o)
                0x010165c4                __mprec_tens
                0x0101668c                __mprec_bigtens
                0x010166b4                __mprec_tinytens
 .rodata        0x010166e8       0x14 c:/altera/12.1sp1/nios2eds/bin/gnu/h-i686-mingw32/bin/../lib/gcc/nios2-elf/4.1.2\libgcc.a(_thenan_df.o)
                0x010166e8                __thenan_df
 .rodata        0x010166fc      0x100 c:/altera/12.1sp1/nios2eds/bin/gnu/h-i686-mingw32/bin/../lib/gcc/nios2-elf/4.1.2\libgcc.a(_clz.o)
                0x010166fc                __clz_tab
 .rodata        0x010167fc        0xc ../UARTNow_bsp/\libucosii_bsp.a(alt_dev.o)
 .rodata        0x01016808       0x14 ../UARTNow_bsp/\libucosii_bsp.a(alt_main.o)
 .rodata        0x0101681c      0x120 ../UARTNow_bsp/\libucosii_bsp.a(os_core.o)
                0x0101681c                OSUnMapTbl
 .rodata        0x0101693c       0x44 ../UARTNow_bsp/\libucosii_bsp.a(alt_sys_init.o)
 .rodata        0x01016980        0x4 ../UARTNow_bsp/\libucosii_bsp.a(os_cpu_c.o)
 *(.rodata1)
                0x01016984                . = ALIGN (0x4)
                0x01016984                PROVIDE (__ram_rodata_end, ABSOLUTE (.))
                0x01016490                PROVIDE (__flash_rodata_start, LOADADDR (.rodata))

.rwdata         0x01016984     0x1cb0 load address 0x01018634
                0x01016984                PROVIDE (__ram_rwdata_start, ABSOLUTE (.))
                0x01016984                . = ALIGN (0x4)
 *(.got.plt)
 *(.got)
 *(.data1)
 *(.data .data.* .gnu.linkonce.d.*)
 .data          0x01016984        0x0 ../UARTNow_bsp//obj/HAL/src/crt0.o
 .data          0x01016984        0x0 obj/default/main.o
 .data          0x01016984        0x0 c:/altera/12.1sp1/nios2eds/bin/gnu/h-i686-mingw32/bin/../lib/gcc/nios2-elf/4.1.2/../../../../nios2-elf/lib\libc.a(lib_a-memset.o)
 .data          0x01016984        0x0 c:/altera/12.1sp1/nios2eds/bin/gnu/h-i686-mingw32/bin/../lib/gcc/nios2-elf/4.1.2/../../../../nios2-elf/lib\libc.a(lib_a-printf.o)
 .data          0x01016984        0x0 c:/altera/12.1sp1/nios2eds/bin/gnu/h-i686-mingw32/bin/../lib/gcc/nios2-elf/4.1.2/../../../../nios2-elf/lib\libc.a(lib_a-puts.o)
 .data          0x01016984        0x0 c:/altera/12.1sp1/nios2eds/bin/gnu/h-i686-mingw32/bin/../lib/gcc/nios2-elf/4.1.2/../../../../nios2-elf/lib\libc.a(lib_a-strlen.o)
 .data          0x01016984        0x0 c:/altera/12.1sp1/nios2eds/bin/gnu/h-i686-mingw32/bin/../lib/gcc/nios2-elf/4.1.2/../../../../nios2-elf/lib\libc.a(lib_a-vfprintf.o)
 .data          0x01016984        0x0 c:/altera/12.1sp1/nios2eds/bin/gnu/h-i686-mingw32/bin/../lib/gcc/nios2-elf/4.1.2/../../../../nios2-elf/lib\libc.a(lib_a-wsetup.o)
 .data          0x01016984        0x0 c:/altera/12.1sp1/nios2eds/bin/gnu/h-i686-mingw32/bin/../lib/gcc/nios2-elf/4.1.2/../../../../nios2-elf/lib\libc.a(lib_a-dtoa.o)
 .data          0x01016984        0x0 c:/altera/12.1sp1/nios2eds/bin/gnu/h-i686-mingw32/bin/../lib/gcc/nios2-elf/4.1.2/../../../../nios2-elf/lib\libc.a(lib_a-fflush.o)
 .data          0x01016984        0x0 c:/altera/12.1sp1/nios2eds/bin/gnu/h-i686-mingw32/bin/../lib/gcc/nios2-elf/4.1.2/../../../../nios2-elf/lib\libc.a(lib_a-findfp.o)
 .data          0x01016984        0x0 c:/altera/12.1sp1/nios2eds/bin/gnu/h-i686-mingw32/bin/../lib/gcc/nios2-elf/4.1.2/../../../../nios2-elf/lib\libc.a(lib_a-freer.o)
 .data          0x01016984        0x0 c:/altera/12.1sp1/nios2eds/bin/gnu/h-i686-mingw32/bin/../lib/gcc/nios2-elf/4.1.2/../../../../nios2-elf/lib\libc.a(lib_a-fvwrite.o)
 .data          0x01016984        0x0 c:/altera/12.1sp1/nios2eds/bin/gnu/h-i686-mingw32/bin/../lib/gcc/nios2-elf/4.1.2/../../../../nios2-elf/lib\libc.a(lib_a-fwalk.o)
 .data          0x01016984      0x400 c:/altera/12.1sp1/nios2eds/bin/gnu/h-i686-mingw32/bin/../lib/gcc/nios2-elf/4.1.2/../../../../nios2-elf/lib\libc.a(lib_a-impure.o)
 .data          0x01016d84        0xc c:/altera/12.1sp1/nios2eds/bin/gnu/h-i686-mingw32/bin/../lib/gcc/nios2-elf/4.1.2/../../../../nios2-elf/lib\libc.a(lib_a-locale.o)
                0x01016d84                __lc_ctype
 .data          0x01016d90        0x0 c:/altera/12.1sp1/nios2eds/bin/gnu/h-i686-mingw32/bin/../lib/gcc/nios2-elf/4.1.2/../../../../nios2-elf/lib\libc.a(lib_a-makebuf.o)
 .data          0x01016d90      0x408 c:/altera/12.1sp1/nios2eds/bin/gnu/h-i686-mingw32/bin/../lib/gcc/nios2-elf/4.1.2/../../../../nios2-elf/lib\libc.a(lib_a-mallocr.o)
                0x01016d90                __malloc_av_
 .data          0x01017198        0x0 c:/altera/12.1sp1/nios2eds/bin/gnu/h-i686-mingw32/bin/../lib/gcc/nios2-elf/4.1.2/../../../../nios2-elf/lib\libc.a(lib_a-memchr.o)
 .data          0x01017198        0x0 c:/altera/12.1sp1/nios2eds/bin/gnu/h-i686-mingw32/bin/../lib/gcc/nios2-elf/4.1.2/../../../../nios2-elf/lib\libc.a(lib_a-memcpy.o)
 .data          0x01017198        0x0 c:/altera/12.1sp1/nios2eds/bin/gnu/h-i686-mingw32/bin/../lib/gcc/nios2-elf/4.1.2/../../../../nios2-elf/lib\libc.a(lib_a-memmove.o)
 .data          0x01017198        0x0 c:/altera/12.1sp1/nios2eds/bin/gnu/h-i686-mingw32/bin/../lib/gcc/nios2-elf/4.1.2/../../../../nios2-elf/lib\libc.a(lib_a-mprec.o)
 .data          0x01017198        0x0 c:/altera/12.1sp1/nios2eds/bin/gnu/h-i686-mingw32/bin/../lib/gcc/nios2-elf/4.1.2/../../../../nios2-elf/lib\libc.a(lib_a-reallocr.o)
 .data          0x01017198        0x0 c:/altera/12.1sp1/nios2eds/bin/gnu/h-i686-mingw32/bin/../lib/gcc/nios2-elf/4.1.2/../../../../nios2-elf/lib\libc.a(lib_a-s_isinfd.o)
 .data          0x01017198        0x0 c:/altera/12.1sp1/nios2eds/bin/gnu/h-i686-mingw32/bin/../lib/gcc/nios2-elf/4.1.2/../../../../nios2-elf/lib\libc.a(lib_a-s_isnand.o)
 .data          0x01017198        0x0 c:/altera/12.1sp1/nios2eds/bin/gnu/h-i686-mingw32/bin/../lib/gcc/nios2-elf/4.1.2/../../../../nios2-elf/lib\libc.a(lib_a-sbrkr.o)
 .data          0x01017198        0x0 c:/altera/12.1sp1/nios2eds/bin/gnu/h-i686-mingw32/bin/../lib/gcc/nios2-elf/4.1.2/../../../../nios2-elf/lib\libc.a(lib_a-stdio.o)
 .data          0x01017198        0x0 c:/altera/12.1sp1/nios2eds/bin/gnu/h-i686-mingw32/bin/../lib/gcc/nios2-elf/4.1.2/../../../../nios2-elf/lib\libc.a(lib_a-strcmp.o)
 .data          0x01017198        0x0 c:/altera/12.1sp1/nios2eds/bin/gnu/h-i686-mingw32/bin/../lib/gcc/nios2-elf/4.1.2/../../../../nios2-elf/lib\libc.a(lib_a-writer.o)
 .data          0x01017198        0x0 c:/altera/12.1sp1/nios2eds/bin/gnu/h-i686-mingw32/bin/../lib/gcc/nios2-elf/4.1.2/../../../../nios2-elf/lib\libc.a(lib_a-callocr.o)
 .data          0x01017198        0x0 c:/altera/12.1sp1/nios2eds/bin/gnu/h-i686-mingw32/bin/../lib/gcc/nios2-elf/4.1.2/../../../../nios2-elf/lib\libc.a(lib_a-closer.o)
 .data          0x01017198        0x0 c:/altera/12.1sp1/nios2eds/bin/gnu/h-i686-mingw32/bin/../lib/gcc/nios2-elf/4.1.2/../../../../nios2-elf/lib\libc.a(lib_a-fclose.o)
 .data          0x01017198        0x0 c:/altera/12.1sp1/nios2eds/bin/gnu/h-i686-mingw32/bin/../lib/gcc/nios2-elf/4.1.2/../../../../nios2-elf/lib\libc.a(lib_a-fstatr.o)
 .data          0x01017198        0x0 c:/altera/12.1sp1/nios2eds/bin/gnu/h-i686-mingw32/bin/../lib/gcc/nios2-elf/4.1.2/../../../../nios2-elf/lib\libc.a(lib_a-int_errno.o)
 .data          0x01017198        0x0 c:/altera/12.1sp1/nios2eds/bin/gnu/h-i686-mingw32/bin/../lib/gcc/nios2-elf/4.1.2/../../../../nios2-elf/lib\libc.a(lib_a-isattyr.o)
 .data          0x01017198        0x0 c:/altera/12.1sp1/nios2eds/bin/gnu/h-i686-mingw32/bin/../lib/gcc/nios2-elf/4.1.2/../../../../nios2-elf/lib\libc.a(lib_a-lseekr.o)
 .data          0x01017198        0x0 c:/altera/12.1sp1/nios2eds/bin/gnu/h-i686-mingw32/bin/../lib/gcc/nios2-elf/4.1.2/../../../../nios2-elf/lib\libc.a(lib_a-readr.o)
 .data          0x01017198        0x0 c:/altera/12.1sp1/nios2eds/bin/gnu/h-i686-mingw32/bin/../lib/gcc/nios2-elf/4.1.2\libgcc.a(_udivdi3.o)
 .data          0x01017198        0x0 c:/altera/12.1sp1/nios2eds/bin/gnu/h-i686-mingw32/bin/../lib/gcc/nios2-elf/4.1.2\libgcc.a(_umoddi3.o)
 .data          0x01017198        0x0 c:/altera/12.1sp1/nios2eds/bin/gnu/h-i686-mingw32/bin/../lib/gcc/nios2-elf/4.1.2\libgcc.a(_addsub_df.o)
 .data          0x01017198        0x0 c:/altera/12.1sp1/nios2eds/bin/gnu/h-i686-mingw32/bin/../lib/gcc/nios2-elf/4.1.2\libgcc.a(_mul_df.o)
 .data          0x01017198        0x0 c:/altera/12.1sp1/nios2eds/bin/gnu/h-i686-mingw32/bin/../lib/gcc/nios2-elf/4.1.2\libgcc.a(_div_df.o)
 .data          0x01017198        0x0 c:/altera/12.1sp1/nios2eds/bin/gnu/h-i686-mingw32/bin/../lib/gcc/nios2-elf/4.1.2\libgcc.a(_eq_df.o)
 .data          0x01017198        0x0 c:/altera/12.1sp1/nios2eds/bin/gnu/h-i686-mingw32/bin/../lib/gcc/nios2-elf/4.1.2\libgcc.a(_ne_df.o)
 .data          0x01017198        0x0 c:/altera/12.1sp1/nios2eds/bin/gnu/h-i686-mingw32/bin/../lib/gcc/nios2-elf/4.1.2\libgcc.a(_gt_df.o)
 .data          0x01017198        0x0 c:/altera/12.1sp1/nios2eds/bin/gnu/h-i686-mingw32/bin/../lib/gcc/nios2-elf/4.1.2\libgcc.a(_ge_df.o)
 .data          0x01017198        0x0 c:/altera/12.1sp1/nios2eds/bin/gnu/h-i686-mingw32/bin/../lib/gcc/nios2-elf/4.1.2\libgcc.a(_lt_df.o)
 .data          0x01017198        0x0 c:/altera/12.1sp1/nios2eds/bin/gnu/h-i686-mingw32/bin/../lib/gcc/nios2-elf/4.1.2\libgcc.a(_si_to_df.o)
 .data          0x01017198        0x0 c:/altera/12.1sp1/nios2eds/bin/gnu/h-i686-mingw32/bin/../lib/gcc/nios2-elf/4.1.2\libgcc.a(_df_to_si.o)
 .data          0x01017198        0x0 c:/altera/12.1sp1/nios2eds/bin/gnu/h-i686-mingw32/bin/../lib/gcc/nios2-elf/4.1.2\libgcc.a(_thenan_df.o)
 .data          0x01017198        0x0 c:/altera/12.1sp1/nios2eds/bin/gnu/h-i686-mingw32/bin/../lib/gcc/nios2-elf/4.1.2\libgcc.a(_usi_to_df.o)
 .data          0x01017198        0x0 c:/altera/12.1sp1/nios2eds/bin/gnu/h-i686-mingw32/bin/../lib/gcc/nios2-elf/4.1.2\libgcc.a(lib2-divmod.o)
 .data          0x01017198        0x0 c:/altera/12.1sp1/nios2eds/bin/gnu/h-i686-mingw32/bin/../lib/gcc/nios2-elf/4.1.2\libgcc.a(_muldi3.o)
 .data          0x01017198        0x0 c:/altera/12.1sp1/nios2eds/bin/gnu/h-i686-mingw32/bin/../lib/gcc/nios2-elf/4.1.2\libgcc.a(_clz.o)
 .data          0x01017198        0x0 c:/altera/12.1sp1/nios2eds/bin/gnu/h-i686-mingw32/bin/../lib/gcc/nios2-elf/4.1.2\libgcc.a(_clzsi2.o)
 .data          0x01017198        0x0 c:/altera/12.1sp1/nios2eds/bin/gnu/h-i686-mingw32/bin/../lib/gcc/nios2-elf/4.1.2\libgcc.a(_pack_df.o)
 .data          0x01017198        0x0 c:/altera/12.1sp1/nios2eds/bin/gnu/h-i686-mingw32/bin/../lib/gcc/nios2-elf/4.1.2\libgcc.a(_unpack_df.o)
 .data          0x01017198        0x0 c:/altera/12.1sp1/nios2eds/bin/gnu/h-i686-mingw32/bin/../lib/gcc/nios2-elf/4.1.2\libgcc.a(_fpcmp_parts_df.o)
 .data          0x01017198        0x0 ../UARTNow_bsp/\libucosii_bsp.a(alt_close.o)
 .data          0x01017198      0x1a8 ../UARTNow_bsp/\libucosii_bsp.a(alt_dev.o)
                0x01017198                alt_dev_null
                0x010171c0                alt_fd_list
 .data          0x01017340        0x0 ../UARTNow_bsp/\libucosii_bsp.a(alt_errno.o)
 .data          0x01017340        0x0 ../UARTNow_bsp/\libucosii_bsp.a(alt_fstat.o)
 .data          0x01017340        0x0 ../UARTNow_bsp/\libucosii_bsp.a(alt_irq_register.o)
 .data          0x01017340        0x0 ../UARTNow_bsp/\libucosii_bsp.a(alt_irq_vars.o)
 .data          0x01017340        0x0 ../UARTNow_bsp/\libucosii_bsp.a(alt_isatty.o)
 .data          0x01017340        0x0 ../UARTNow_bsp/\libucosii_bsp.a(alt_load.o)
 .data          0x01017340        0x0 ../UARTNow_bsp/\libucosii_bsp.a(alt_lseek.o)
 .data          0x01017340        0x0 ../UARTNow_bsp/\libucosii_bsp.a(alt_main.o)
 .data          0x01017340        0x0 ../UARTNow_bsp/\libucosii_bsp.a(alt_read.o)
 .data          0x01017340        0x0 ../UARTNow_bsp/\libucosii_bsp.a(alt_release_fd.o)
 .data          0x01017340        0x0 ../UARTNow_bsp/\libucosii_bsp.a(alt_sbrk.o)
 .data          0x01017340        0x0 ../UARTNow_bsp/\libucosii_bsp.a(alt_write.o)
 .data          0x01017340        0x0 ../UARTNow_bsp/\libucosii_bsp.a(alt_env_lock.o)
 .data          0x01017340        0x0 ../UARTNow_bsp/\libucosii_bsp.a(alt_malloc_lock.o)
 .data          0x01017340        0x0 ../UARTNow_bsp/\libucosii_bsp.a(os_core.o)
 .data          0x01017340        0x0 ../UARTNow_bsp/\libucosii_bsp.a(os_dbg.o)
 .data          0x01017340        0x0 ../UARTNow_bsp/\libucosii_bsp.a(os_flag.o)
 .data          0x01017340        0x0 ../UARTNow_bsp/\libucosii_bsp.a(os_mem.o)
 .data          0x01017340        0x0 ../UARTNow_bsp/\libucosii_bsp.a(os_q.o)
 .data          0x01017340        0x0 ../UARTNow_bsp/\libucosii_bsp.a(os_sem.o)
 .data          0x01017340        0x0 ../UARTNow_bsp/\libucosii_bsp.a(os_task.o)
 .data          0x01017340        0x0 ../UARTNow_bsp/\libucosii_bsp.a(os_time.o)
 .data          0x01017340     0x1238 ../UARTNow_bsp/\libucosii_bsp.a(alt_sys_init.o)
 .data          0x01018578        0x0 ../UARTNow_bsp/\libucosii_bsp.a(altera_avalon_jtag_uart_fd.o)
 .data          0x01018578        0x0 ../UARTNow_bsp/\libucosii_bsp.a(altera_avalon_jtag_uart_init.o)
 .data          0x01018578        0x0 ../UARTNow_bsp/\libucosii_bsp.a(altera_avalon_jtag_uart_ioctl.o)
 .data          0x01018578        0x0 ../UARTNow_bsp/\libucosii_bsp.a(altera_avalon_jtag_uart_read.o)
 .data          0x01018578        0x0 ../UARTNow_bsp/\libucosii_bsp.a(altera_avalon_jtag_uart_write.o)
 .data          0x01018578        0x0 ../UARTNow_bsp/\libucosii_bsp.a(altera_avalon_timer_sc.o)
 .data          0x01018578        0x0 ../UARTNow_bsp/\libucosii_bsp.a(altera_avalon_uart_fd.o)
 .data          0x01018578        0x0 ../UARTNow_bsp/\libucosii_bsp.a(altera_avalon_uart_init.o)
 .data          0x01018578        0x0 ../UARTNow_bsp/\libucosii_bsp.a(altera_avalon_uart_read.o)
 .data          0x01018578        0x0 ../UARTNow_bsp/\libucosii_bsp.a(altera_avalon_uart_write.o)
 .data          0x01018578        0x0 ../UARTNow_bsp/\libucosii_bsp.a(altera_up_avalon_rs232.o)
 .data          0x01018578        0x0 ../UARTNow_bsp/\libucosii_bsp.a(alt_alarm_start.o)
 .data          0x01018578        0x0 ../UARTNow_bsp/\libucosii_bsp.a(alt_dcache_flush_all.o)
 .data          0x01018578        0x0 ../UARTNow_bsp/\libucosii_bsp.a(alt_dev_llist_insert.o)
 .data          0x01018578        0x0 ../UARTNow_bsp/\libucosii_bsp.a(alt_do_ctors.o)
 .data          0x01018578        0x0 ../UARTNow_bsp/\libucosii_bsp.a(alt_do_dtors.o)
 .data          0x01018578        0x0 ../UARTNow_bsp/\libucosii_bsp.a(alt_find_dev.o)
 .data          0x01018578        0x0 ../UARTNow_bsp/\libucosii_bsp.a(alt_icache_flush_all.o)
 .data          0x01018578        0x0 ../UARTNow_bsp/\libucosii_bsp.a(alt_io_redirect.o)
 .data          0x01018578        0x0 ../UARTNow_bsp/\libucosii_bsp.a(alt_irq_entry.o)
 .data          0x01018578        0x0 ../UARTNow_bsp/\libucosii_bsp.a(alt_irq_handler.o)
 .data          0x01018578        0x0 ../UARTNow_bsp/\libucosii_bsp.a(alt_open.o)
 .data          0x01018578        0x0 ../UARTNow_bsp/\libucosii_bsp.a(alt_tick.o)
 .data          0x01018578        0x0 ../UARTNow_bsp/\libucosii_bsp.a(altera_nios2_qsys_irq.o)
 .data          0x01018578        0x0 ../UARTNow_bsp/\libucosii_bsp.a(os_cpu_a.o)
 .data          0x01018578        0x0 ../UARTNow_bsp/\libucosii_bsp.a(os_cpu_c.o)
 .data          0x01018578        0x0 ../UARTNow_bsp/\libucosii_bsp.a(alt_exception_entry.o)
 .data          0x01018578        0x0 ../UARTNow_bsp/\libucosii_bsp.a(alt_find_file.o)
 .data          0x01018578        0x0 ../UARTNow_bsp/\libucosii_bsp.a(alt_get_fd.o)
 .data          0x01018578        0x0 ../UARTNow_bsp/\libucosii_bsp.a(alt_icache_flush.o)
 .data          0x01018578        0x0 c:/altera/12.1sp1/nios2eds/bin/gnu/h-i686-mingw32/bin/../lib/gcc/nios2-elf/4.1.2/../../../../nios2-elf/lib\libc.a(lib_a-atexit.o)
 .data          0x01018578        0x0 c:/altera/12.1sp1/nios2eds/bin/gnu/h-i686-mingw32/bin/../lib/gcc/nios2-elf/4.1.2/../../../../nios2-elf/lib\libc.a(lib_a-exit.o)
 .data          0x01018578        0x0 c:/altera/12.1sp1/nios2eds/bin/gnu/h-i686-mingw32/bin/../lib/gcc/nios2-elf/4.1.2/../../../../nios2-elf/lib\libc.a(lib_a-memcmp.o)
 .data          0x01018578        0x0 c:/altera/12.1sp1/nios2eds/bin/gnu/h-i686-mingw32/bin/../lib/gcc/nios2-elf/4.1.2/../../../../nios2-elf/lib\libc.a(lib_a-__atexit.o)
 .data          0x01018578        0x0 c:/altera/12.1sp1/nios2eds/bin/gnu/h-i686-mingw32/bin/../lib/gcc/nios2-elf/4.1.2/../../../../nios2-elf/lib\libc.a(lib_a-__call_atexit.o)
 .data          0x01018578        0x0 ../UARTNow_bsp/\libucosii_bsp.a(alt_exit.o)
                0x01020578                _gp = ABSOLUTE ((. + 0x8000))
                0x01020578                PROVIDE (gp, _gp)
 *(.rwdata .rwdata.*)
 *(.sdata .sdata.* .gnu.linkonce.s.*)
 .sdata         0x01018578        0x8 c:/altera/12.1sp1/nios2eds/bin/gnu/h-i686-mingw32/bin/../lib/gcc/nios2-elf/4.1.2/../../../../nios2-elf/lib\libc.a(lib_a-impure.o)
                0x01018578                _impure_ptr
                0x0101857c                _global_impure_ptr
 .sdata         0x01018580        0x8 c:/altera/12.1sp1/nios2eds/bin/gnu/h-i686-mingw32/bin/../lib/gcc/nios2-elf/4.1.2/../../../../nios2-elf/lib\libc.a(lib_a-locale.o)
                0x01018580                __mb_cur_max
 .sdata         0x01018588        0x8 c:/altera/12.1sp1/nios2eds/bin/gnu/h-i686-mingw32/bin/../lib/gcc/nios2-elf/4.1.2/../../../../nios2-elf/lib\libc.a(lib_a-mallocr.o)
                0x01018588                __malloc_trim_threshold
                0x0101858c                __malloc_sbrk_base
 .sdata         0x01018590       0x14 ../UARTNow_bsp/\libucosii_bsp.a(alt_dev.o)
                0x01018590                alt_fs_list
                0x01018598                alt_dev_list
                0x010185a0                alt_max_fd
 .sdata         0x010185a4        0x4 ../UARTNow_bsp/\libucosii_bsp.a(alt_errno.o)
                0x010185a4                alt_errno
 .sdata         0x010185a8        0x4 ../UARTNow_bsp/\libucosii_bsp.a(alt_irq_vars.o)
                0x010185a8                alt_priority_mask
 .sdata         0x010185ac        0x4 ../UARTNow_bsp/\libucosii_bsp.a(alt_sbrk.o)
 .sdata         0x010185b0        0x4 ../UARTNow_bsp/\libucosii_bsp.a(alt_env_lock.o)
 .sdata         0x010185b4        0x4 ../UARTNow_bsp/\libucosii_bsp.a(alt_malloc_lock.o)
 .sdata         0x010185b8       0x74 ../UARTNow_bsp/\libucosii_bsp.a(os_dbg.o)
                0x010185b8                OSDebugEn
                0x010185bc                OSEndiannessTest
                0x010185c0                OSEventEn
                0x010185c2                OSEventMax
                0x010185c4                OSEventNameSize
                0x010185c6                OSEventSize
                0x010185c8                OSEventTblSize
                0x010185ca                OSEventMultiEn
                0x010185cc                OSFlagEn
                0x010185ce                OSFlagGrpSize
                0x010185d0                OSFlagNodeSize
                0x010185d2                OSFlagWidth
                0x010185d4                OSFlagMax
                0x010185d6                OSFlagNameSize
                0x010185d8                OSLowestPrio
                0x010185da                OSMboxEn
                0x010185dc                OSMemEn
                0x010185de                OSMemMax
                0x010185e0                OSMemNameSize
                0x010185e2                OSMemSize
                0x010185e4                OSMemTblSize
                0x010185e6                OSMutexEn
                0x010185e8                OSPtrSize
                0x010185ea                OSQEn
                0x010185ec                OSQMax
                0x010185ee                OSQSize
                0x010185f0                OSRdyTblSize
                0x010185f2                OSSemEn
                0x010185f4                OSStkWidth
                0x010185f6                OSTaskCreateEn
                0x010185f8                OSTaskCreateExtEn
                0x010185fa                OSTaskDelEn
                0x010185fc                OSTaskIdleStkSize
                0x010185fe                OSTaskProfileEn
                0x01018600                OSTaskMax
                0x01018602                OSTaskNameSize
                0x01018604                OSTaskStatEn
                0x01018606                OSTaskStatStkSize
                0x01018608                OSTaskStatStkChkEn
                0x0101860a                OSTaskSwHookEn
                0x0101860c                OSTCBPrioTblMax
                0x0101860e                OSTCBSize
                0x01018610                OSTicksPerSec
                0x01018612                OSTimeTickHookEn
                0x01018614                OSVersionNbr
                0x01018616                OSTmrEn
                0x01018618                OSTmrCfgMax
                0x0101861a                OSTmrCfgNameSize
                0x0101861c                OSTmrCfgWheelSize
                0x0101861e                OSTmrCfgTicksPerSec
                0x01018620                OSTmrSize
                0x01018622                OSTmrTblSize
                0x01018624                OSTmrWheelSize
                0x01018626                OSTmrWheelTblSize
                0x01018628                OSDataSize
 .sdata         0x0101862c        0x8 ../UARTNow_bsp/\libucosii_bsp.a(alt_tick.o)
                0x0101862c                alt_alarm_list
 *(.sdata2 .sdata2.* .gnu.linkonce.s2.*)
                0x01018634                . = ALIGN (0x4)
                0x01018634                _edata = ABSOLUTE (.)
                0x01018634                PROVIDE (edata, ABSOLUTE (.))
                0x01018634                PROVIDE (__ram_rwdata_end, ABSOLUTE (.))
                0x01018634                PROVIDE (__flash_rwdata_start, LOADADDR (.rwdata))

.bss            0x0101a2e4     0x798c
                0x0101a2e4                __bss_start = ABSOLUTE (.)
                0x0101a2e4                PROVIDE (__sbss_start, ABSOLUTE (.))
                0x0101a2e4                PROVIDE (___sbss_start, ABSOLUTE (.))
 *(.dynsbss)
 *(.sbss .sbss.* .gnu.linkonce.sb.*)
 .sbss          0x0101a2e4        0x4 obj/default/main.o
                0x0101a2e4                wifiQueue
 .sbss          0x0101a2e8        0xc c:/altera/12.1sp1/nios2eds/bin/gnu/h-i686-mingw32/bin/../lib/gcc/nios2-elf/4.1.2/../../../../nios2-elf/lib\libc.a(lib_a-locale.o)
                0x0101a2e8                __nlocale_changed
                0x0101a2ec                __mlocale_changed
                0x0101a2f0                _PathLocale
 .sbss          0x0101a2f4        0xc c:/altera/12.1sp1/nios2eds/bin/gnu/h-i686-mingw32/bin/../lib/gcc/nios2-elf/4.1.2/../../../../nios2-elf/lib\libc.a(lib_a-mallocr.o)
                0x0101a2f4                __malloc_top_pad
                0x0101a2f8                __malloc_max_sbrked_mem
                0x0101a2fc                __malloc_max_total_mem
 .sbss          0x0101a300        0x4 c:/altera/12.1sp1/nios2eds/bin/gnu/h-i686-mingw32/bin/../lib/gcc/nios2-elf/4.1.2/../../../../nios2-elf/lib\libc.a(lib_a-int_errno.o)
                0x0101a300                errno
 .sbss          0x0101a304        0x4 ../UARTNow_bsp/\libucosii_bsp.a(alt_dev.o)
                0x0101a304                alt_fd_list_lock
 .sbss          0x0101a308        0x4 ../UARTNow_bsp/\libucosii_bsp.a(alt_irq_vars.o)
                0x0101a308                alt_irq_active
 .sbss          0x0101a30c        0xc ../UARTNow_bsp/\libucosii_bsp.a(alt_main.o)
                0x0101a30c                alt_argc
                0x0101a310                alt_argv
                0x0101a314                alt_envp
 .sbss          0x0101a318        0x8 ../UARTNow_bsp/\libucosii_bsp.a(alt_env_lock.o)
                0x0101a31c                alt_envsem
 .sbss          0x0101a320        0x8 ../UARTNow_bsp/\libucosii_bsp.a(alt_malloc_lock.o)
                0x0101a324                alt_heapsem
 .sbss          0x0101a328       0x50 ../UARTNow_bsp/\libucosii_bsp.a(os_core.o)
                0x0101a328                OSLockNesting
                0x0101a329                OSRunning
                0x0101a32c                OSIdleCtr
                0x0101a330                OSPrioHighRdy
                0x0101a331                OSPrioCur
                0x0101a334                OSTCBList
                0x0101a338                OSTickStepState
                0x0101a33c                OSCtxSwCtr
                0x0101a340                OSIdleCtrMax
                0x0101a344                OSTCBFreeList
                0x0101a348                OSCPUUsage
                0x0101a349                OSTaskCtr
                0x0101a34c                OSMemFreeList
                0x0101a350                OSTCBHighRdy
                0x0101a354                OSQFreeList
                0x0101a358                OSRdyGrp
                0x0101a359                OSRdyTbl
                0x0101a35c                OSEventFreeList
                0x0101a360                OSIntNesting
                0x0101a364                OSTCBCur
                0x0101a368                OSTime
                0x0101a36c                OSFlagFreeList
                0x0101a370                OSStatRdy
                0x0101a374                OSIdleCtrRun
 .sbss          0x0101a378        0x8 ../UARTNow_bsp/\libucosii_bsp.a(alt_tick.o)
                0x0101a378                _alt_tick_rate
                0x0101a37c                _alt_nticks
 *(.sbss2 .sbss2.* .gnu.linkonce.sb2.*)
 *(.scommon)
                0x0101a380                PROVIDE (__sbss_end, ABSOLUTE (.))
                0x0101a380                PROVIDE (___sbss_end, ABSOLUTE (.))
 *(.dynbss)
 *(.bss .bss.* .gnu.linkonce.b.*)
 .bss           0x0101a380        0x0 ../UARTNow_bsp//obj/HAL/src/crt0.o
 .bss           0x0101a380        0x0 obj/default/main.o
 .bss           0x0101a380        0x0 c:/altera/12.1sp1/nios2eds/bin/gnu/h-i686-mingw32/bin/../lib/gcc/nios2-elf/4.1.2/../../../../nios2-elf/lib\libc.a(lib_a-memset.o)
 .bss           0x0101a380        0x0 c:/altera/12.1sp1/nios2eds/bin/gnu/h-i686-mingw32/bin/../lib/gcc/nios2-elf/4.1.2/../../../../nios2-elf/lib\libc.a(lib_a-printf.o)
 .bss           0x0101a380        0x0 c:/altera/12.1sp1/nios2eds/bin/gnu/h-i686-mingw32/bin/../lib/gcc/nios2-elf/4.1.2/../../../../nios2-elf/lib\libc.a(lib_a-puts.o)
 .bss           0x0101a380        0x0 c:/altera/12.1sp1/nios2eds/bin/gnu/h-i686-mingw32/bin/../lib/gcc/nios2-elf/4.1.2/../../../../nios2-elf/lib\libc.a(lib_a-strlen.o)
 .bss           0x0101a380        0x0 c:/altera/12.1sp1/nios2eds/bin/gnu/h-i686-mingw32/bin/../lib/gcc/nios2-elf/4.1.2/../../../../nios2-elf/lib\libc.a(lib_a-vfprintf.o)
 .bss           0x0101a380        0x0 c:/altera/12.1sp1/nios2eds/bin/gnu/h-i686-mingw32/bin/../lib/gcc/nios2-elf/4.1.2/../../../../nios2-elf/lib\libc.a(lib_a-wsetup.o)
 .bss           0x0101a380        0x0 c:/altera/12.1sp1/nios2eds/bin/gnu/h-i686-mingw32/bin/../lib/gcc/nios2-elf/4.1.2/../../../../nios2-elf/lib\libc.a(lib_a-dtoa.o)
 .bss           0x0101a380        0x0 c:/altera/12.1sp1/nios2eds/bin/gnu/h-i686-mingw32/bin/../lib/gcc/nios2-elf/4.1.2/../../../../nios2-elf/lib\libc.a(lib_a-fflush.o)
 .bss           0x0101a380        0x0 c:/altera/12.1sp1/nios2eds/bin/gnu/h-i686-mingw32/bin/../lib/gcc/nios2-elf/4.1.2/../../../../nios2-elf/lib\libc.a(lib_a-findfp.o)
 .bss           0x0101a380        0x0 c:/altera/12.1sp1/nios2eds/bin/gnu/h-i686-mingw32/bin/../lib/gcc/nios2-elf/4.1.2/../../../../nios2-elf/lib\libc.a(lib_a-freer.o)
 .bss           0x0101a380        0x0 c:/altera/12.1sp1/nios2eds/bin/gnu/h-i686-mingw32/bin/../lib/gcc/nios2-elf/4.1.2/../../../../nios2-elf/lib\libc.a(lib_a-fvwrite.o)
 .bss           0x0101a380        0x0 c:/altera/12.1sp1/nios2eds/bin/gnu/h-i686-mingw32/bin/../lib/gcc/nios2-elf/4.1.2/../../../../nios2-elf/lib\libc.a(lib_a-fwalk.o)
 .bss           0x0101a380        0x0 c:/altera/12.1sp1/nios2eds/bin/gnu/h-i686-mingw32/bin/../lib/gcc/nios2-elf/4.1.2/../../../../nios2-elf/lib\libc.a(lib_a-impure.o)
 .bss           0x0101a380        0x0 c:/altera/12.1sp1/nios2eds/bin/gnu/h-i686-mingw32/bin/../lib/gcc/nios2-elf/4.1.2/../../../../nios2-elf/lib\libc.a(lib_a-locale.o)
 .bss           0x0101a380        0x0 c:/altera/12.1sp1/nios2eds/bin/gnu/h-i686-mingw32/bin/../lib/gcc/nios2-elf/4.1.2/../../../../nios2-elf/lib\libc.a(lib_a-makebuf.o)
 .bss           0x0101a380       0x28 c:/altera/12.1sp1/nios2eds/bin/gnu/h-i686-mingw32/bin/../lib/gcc/nios2-elf/4.1.2/../../../../nios2-elf/lib\libc.a(lib_a-mallocr.o)
                0x0101a380                __malloc_current_mallinfo
 .bss           0x0101a3a8        0x0 c:/altera/12.1sp1/nios2eds/bin/gnu/h-i686-mingw32/bin/../lib/gcc/nios2-elf/4.1.2/../../../../nios2-elf/lib\libc.a(lib_a-memchr.o)
 .bss           0x0101a3a8        0x0 c:/altera/12.1sp1/nios2eds/bin/gnu/h-i686-mingw32/bin/../lib/gcc/nios2-elf/4.1.2/../../../../nios2-elf/lib\libc.a(lib_a-memcpy.o)
 .bss           0x0101a3a8        0x0 c:/altera/12.1sp1/nios2eds/bin/gnu/h-i686-mingw32/bin/../lib/gcc/nios2-elf/4.1.2/../../../../nios2-elf/lib\libc.a(lib_a-memmove.o)
 .bss           0x0101a3a8        0x0 c:/altera/12.1sp1/nios2eds/bin/gnu/h-i686-mingw32/bin/../lib/gcc/nios2-elf/4.1.2/../../../../nios2-elf/lib\libc.a(lib_a-mprec.o)
 .bss           0x0101a3a8        0x0 c:/altera/12.1sp1/nios2eds/bin/gnu/h-i686-mingw32/bin/../lib/gcc/nios2-elf/4.1.2/../../../../nios2-elf/lib\libc.a(lib_a-reallocr.o)
 .bss           0x0101a3a8        0x0 c:/altera/12.1sp1/nios2eds/bin/gnu/h-i686-mingw32/bin/../lib/gcc/nios2-elf/4.1.2/../../../../nios2-elf/lib\libc.a(lib_a-s_isinfd.o)
 .bss           0x0101a3a8        0x0 c:/altera/12.1sp1/nios2eds/bin/gnu/h-i686-mingw32/bin/../lib/gcc/nios2-elf/4.1.2/../../../../nios2-elf/lib\libc.a(lib_a-s_isnand.o)
 .bss           0x0101a3a8        0x0 c:/altera/12.1sp1/nios2eds/bin/gnu/h-i686-mingw32/bin/../lib/gcc/nios2-elf/4.1.2/../../../../nios2-elf/lib\libc.a(lib_a-sbrkr.o)
 .bss           0x0101a3a8        0x0 c:/altera/12.1sp1/nios2eds/bin/gnu/h-i686-mingw32/bin/../lib/gcc/nios2-elf/4.1.2/../../../../nios2-elf/lib\libc.a(lib_a-stdio.o)
 .bss           0x0101a3a8        0x0 c:/altera/12.1sp1/nios2eds/bin/gnu/h-i686-mingw32/bin/../lib/gcc/nios2-elf/4.1.2/../../../../nios2-elf/lib\libc.a(lib_a-strcmp.o)
 .bss           0x0101a3a8        0x0 c:/altera/12.1sp1/nios2eds/bin/gnu/h-i686-mingw32/bin/../lib/gcc/nios2-elf/4.1.2/../../../../nios2-elf/lib\libc.a(lib_a-writer.o)
 .bss           0x0101a3a8        0x0 c:/altera/12.1sp1/nios2eds/bin/gnu/h-i686-mingw32/bin/../lib/gcc/nios2-elf/4.1.2/../../../../nios2-elf/lib\libc.a(lib_a-callocr.o)
 .bss           0x0101a3a8        0x0 c:/altera/12.1sp1/nios2eds/bin/gnu/h-i686-mingw32/bin/../lib/gcc/nios2-elf/4.1.2/../../../../nios2-elf/lib\libc.a(lib_a-closer.o)
 .bss           0x0101a3a8        0x0 c:/altera/12.1sp1/nios2eds/bin/gnu/h-i686-mingw32/bin/../lib/gcc/nios2-elf/4.1.2/../../../../nios2-elf/lib\libc.a(lib_a-fclose.o)
 .bss           0x0101a3a8        0x0 c:/altera/12.1sp1/nios2eds/bin/gnu/h-i686-mingw32/bin/../lib/gcc/nios2-elf/4.1.2/../../../../nios2-elf/lib\libc.a(lib_a-fstatr.o)
 .bss           0x0101a3a8        0x0 c:/altera/12.1sp1/nios2eds/bin/gnu/h-i686-mingw32/bin/../lib/gcc/nios2-elf/4.1.2/../../../../nios2-elf/lib\libc.a(lib_a-int_errno.o)
 .bss           0x0101a3a8        0x0 c:/altera/12.1sp1/nios2eds/bin/gnu/h-i686-mingw32/bin/../lib/gcc/nios2-elf/4.1.2/../../../../nios2-elf/lib\libc.a(lib_a-isattyr.o)
 .bss           0x0101a3a8        0x0 c:/altera/12.1sp1/nios2eds/bin/gnu/h-i686-mingw32/bin/../lib/gcc/nios2-elf/4.1.2/../../../../nios2-elf/lib\libc.a(lib_a-lseekr.o)
 .bss           0x0101a3a8        0x0 c:/altera/12.1sp1/nios2eds/bin/gnu/h-i686-mingw32/bin/../lib/gcc/nios2-elf/4.1.2/../../../../nios2-elf/lib\libc.a(lib_a-readr.o)
 .bss           0x0101a3a8        0x0 c:/altera/12.1sp1/nios2eds/bin/gnu/h-i686-mingw32/bin/../lib/gcc/nios2-elf/4.1.2\libgcc.a(_udivdi3.o)
 .bss           0x0101a3a8        0x0 c:/altera/12.1sp1/nios2eds/bin/gnu/h-i686-mingw32/bin/../lib/gcc/nios2-elf/4.1.2\libgcc.a(_umoddi3.o)
 .bss           0x0101a3a8        0x0 c:/altera/12.1sp1/nios2eds/bin/gnu/h-i686-mingw32/bin/../lib/gcc/nios2-elf/4.1.2\libgcc.a(_addsub_df.o)
 .bss           0x0101a3a8        0x0 c:/altera/12.1sp1/nios2eds/bin/gnu/h-i686-mingw32/bin/../lib/gcc/nios2-elf/4.1.2\libgcc.a(_mul_df.o)
 .bss           0x0101a3a8        0x0 c:/altera/12.1sp1/nios2eds/bin/gnu/h-i686-mingw32/bin/../lib/gcc/nios2-elf/4.1.2\libgcc.a(_div_df.o)
 .bss           0x0101a3a8        0x0 c:/altera/12.1sp1/nios2eds/bin/gnu/h-i686-mingw32/bin/../lib/gcc/nios2-elf/4.1.2\libgcc.a(_eq_df.o)
 .bss           0x0101a3a8        0x0 c:/altera/12.1sp1/nios2eds/bin/gnu/h-i686-mingw32/bin/../lib/gcc/nios2-elf/4.1.2\libgcc.a(_ne_df.o)
 .bss           0x0101a3a8        0x0 c:/altera/12.1sp1/nios2eds/bin/gnu/h-i686-mingw32/bin/../lib/gcc/nios2-elf/4.1.2\libgcc.a(_gt_df.o)
 .bss           0x0101a3a8        0x0 c:/altera/12.1sp1/nios2eds/bin/gnu/h-i686-mingw32/bin/../lib/gcc/nios2-elf/4.1.2\libgcc.a(_ge_df.o)
 .bss           0x0101a3a8        0x0 c:/altera/12.1sp1/nios2eds/bin/gnu/h-i686-mingw32/bin/../lib/gcc/nios2-elf/4.1.2\libgcc.a(_lt_df.o)
 .bss           0x0101a3a8        0x0 c:/altera/12.1sp1/nios2eds/bin/gnu/h-i686-mingw32/bin/../lib/gcc/nios2-elf/4.1.2\libgcc.a(_si_to_df.o)
 .bss           0x0101a3a8        0x0 c:/altera/12.1sp1/nios2eds/bin/gnu/h-i686-mingw32/bin/../lib/gcc/nios2-elf/4.1.2\libgcc.a(_df_to_si.o)
 .bss           0x0101a3a8        0x0 c:/altera/12.1sp1/nios2eds/bin/gnu/h-i686-mingw32/bin/../lib/gcc/nios2-elf/4.1.2\libgcc.a(_thenan_df.o)
 .bss           0x0101a3a8        0x0 c:/altera/12.1sp1/nios2eds/bin/gnu/h-i686-mingw32/bin/../lib/gcc/nios2-elf/4.1.2\libgcc.a(_usi_to_df.o)
 .bss           0x0101a3a8        0x0 c:/altera/12.1sp1/nios2eds/bin/gnu/h-i686-mingw32/bin/../lib/gcc/nios2-elf/4.1.2\libgcc.a(lib2-divmod.o)
 .bss           0x0101a3a8        0x0 c:/altera/12.1sp1/nios2eds/bin/gnu/h-i686-mingw32/bin/../lib/gcc/nios2-elf/4.1.2\libgcc.a(_muldi3.o)
 .bss           0x0101a3a8        0x0 c:/altera/12.1sp1/nios2eds/bin/gnu/h-i686-mingw32/bin/../lib/gcc/nios2-elf/4.1.2\libgcc.a(_clz.o)
 .bss           0x0101a3a8        0x0 c:/altera/12.1sp1/nios2eds/bin/gnu/h-i686-mingw32/bin/../lib/gcc/nios2-elf/4.1.2\libgcc.a(_clzsi2.o)
 .bss           0x0101a3a8        0x0 c:/altera/12.1sp1/nios2eds/bin/gnu/h-i686-mingw32/bin/../lib/gcc/nios2-elf/4.1.2\libgcc.a(_pack_df.o)
 .bss           0x0101a3a8        0x0 c:/altera/12.1sp1/nios2eds/bin/gnu/h-i686-mingw32/bin/../lib/gcc/nios2-elf/4.1.2\libgcc.a(_unpack_df.o)
 .bss           0x0101a3a8        0x0 c:/altera/12.1sp1/nios2eds/bin/gnu/h-i686-mingw32/bin/../lib/gcc/nios2-elf/4.1.2\libgcc.a(_fpcmp_parts_df.o)
 .bss           0x0101a3a8        0x0 ../UARTNow_bsp/\libucosii_bsp.a(alt_close.o)
 .bss           0x0101a3a8        0x0 ../UARTNow_bsp/\libucosii_bsp.a(alt_dev.o)
 .bss           0x0101a3a8        0x0 ../UARTNow_bsp/\libucosii_bsp.a(alt_errno.o)
 .bss           0x0101a3a8        0x0 ../UARTNow_bsp/\libucosii_bsp.a(alt_fstat.o)
 .bss           0x0101a3a8        0x0 ../UARTNow_bsp/\libucosii_bsp.a(alt_irq_register.o)
 .bss           0x0101a3a8        0x0 ../UARTNow_bsp/\libucosii_bsp.a(alt_irq_vars.o)
 .bss           0x0101a3a8        0x0 ../UARTNow_bsp/\libucosii_bsp.a(alt_isatty.o)
 .bss           0x0101a3a8        0x0 ../UARTNow_bsp/\libucosii_bsp.a(alt_load.o)
 .bss           0x0101a3a8        0x0 ../UARTNow_bsp/\libucosii_bsp.a(alt_lseek.o)
 .bss           0x0101a3a8        0x0 ../UARTNow_bsp/\libucosii_bsp.a(alt_main.o)
 .bss           0x0101a3a8        0x0 ../UARTNow_bsp/\libucosii_bsp.a(alt_read.o)
 .bss           0x0101a3a8        0x0 ../UARTNow_bsp/\libucosii_bsp.a(alt_release_fd.o)
 .bss           0x0101a3a8        0x0 ../UARTNow_bsp/\libucosii_bsp.a(alt_sbrk.o)
 .bss           0x0101a3a8        0x0 ../UARTNow_bsp/\libucosii_bsp.a(alt_write.o)
 .bss           0x0101a3a8        0x0 ../UARTNow_bsp/\libucosii_bsp.a(alt_env_lock.o)
 .bss           0x0101a3a8        0x0 ../UARTNow_bsp/\libucosii_bsp.a(alt_malloc_lock.o)
 .bss           0x0101a3a8        0x0 ../UARTNow_bsp/\libucosii_bsp.a(os_core.o)
 .bss           0x0101a3a8        0x0 ../UARTNow_bsp/\libucosii_bsp.a(os_dbg.o)
 .bss           0x0101a3a8        0x0 ../UARTNow_bsp/\libucosii_bsp.a(os_flag.o)
 .bss           0x0101a3a8        0x0 ../UARTNow_bsp/\libucosii_bsp.a(os_mem.o)
 .bss           0x0101a3a8        0x0 ../UARTNow_bsp/\libucosii_bsp.a(os_q.o)
 .bss           0x0101a3a8        0x0 ../UARTNow_bsp/\libucosii_bsp.a(os_sem.o)
 .bss           0x0101a3a8        0x0 ../UARTNow_bsp/\libucosii_bsp.a(os_task.o)
 .bss           0x0101a3a8        0x0 ../UARTNow_bsp/\libucosii_bsp.a(os_time.o)
 .bss           0x0101a3a8        0x0 ../UARTNow_bsp/\libucosii_bsp.a(alt_sys_init.o)
 .bss           0x0101a3a8        0x0 ../UARTNow_bsp/\libucosii_bsp.a(altera_avalon_jtag_uart_fd.o)
 .bss           0x0101a3a8        0x0 ../UARTNow_bsp/\libucosii_bsp.a(altera_avalon_jtag_uart_init.o)
 .bss           0x0101a3a8        0x0 ../UARTNow_bsp/\libucosii_bsp.a(altera_avalon_jtag_uart_ioctl.o)
 .bss           0x0101a3a8        0x0 ../UARTNow_bsp/\libucosii_bsp.a(altera_avalon_jtag_uart_read.o)
 .bss           0x0101a3a8        0x0 ../UARTNow_bsp/\libucosii_bsp.a(altera_avalon_jtag_uart_write.o)
 .bss           0x0101a3a8        0x0 ../UARTNow_bsp/\libucosii_bsp.a(altera_avalon_timer_sc.o)
 .bss           0x0101a3a8        0x0 ../UARTNow_bsp/\libucosii_bsp.a(altera_avalon_uart_fd.o)
 .bss           0x0101a3a8        0x0 ../UARTNow_bsp/\libucosii_bsp.a(altera_avalon_uart_init.o)
 .bss           0x0101a3a8        0x0 ../UARTNow_bsp/\libucosii_bsp.a(altera_avalon_uart_read.o)
 .bss           0x0101a3a8        0x0 ../UARTNow_bsp/\libucosii_bsp.a(altera_avalon_uart_write.o)
 .bss           0x0101a3a8        0x0 ../UARTNow_bsp/\libucosii_bsp.a(altera_up_avalon_rs232.o)
 .bss           0x0101a3a8        0x0 ../UARTNow_bsp/\libucosii_bsp.a(alt_alarm_start.o)
 .bss           0x0101a3a8        0x0 ../UARTNow_bsp/\libucosii_bsp.a(alt_dcache_flush_all.o)
 .bss           0x0101a3a8        0x0 ../UARTNow_bsp/\libucosii_bsp.a(alt_dev_llist_insert.o)
 .bss           0x0101a3a8        0x0 ../UARTNow_bsp/\libucosii_bsp.a(alt_do_ctors.o)
 .bss           0x0101a3a8        0x0 ../UARTNow_bsp/\libucosii_bsp.a(alt_do_dtors.o)
 .bss           0x0101a3a8        0x0 ../UARTNow_bsp/\libucosii_bsp.a(alt_find_dev.o)
 .bss           0x0101a3a8        0x0 ../UARTNow_bsp/\libucosii_bsp.a(alt_icache_flush_all.o)
 .bss           0x0101a3a8        0x0 ../UARTNow_bsp/\libucosii_bsp.a(alt_io_redirect.o)
 .bss           0x0101a3a8        0x0 ../UARTNow_bsp/\libucosii_bsp.a(alt_irq_entry.o)
 .bss           0x0101a3a8        0x0 ../UARTNow_bsp/\libucosii_bsp.a(alt_irq_handler.o)
 .bss           0x0101a3a8        0x0 ../UARTNow_bsp/\libucosii_bsp.a(alt_open.o)
 .bss           0x0101a3a8        0x0 ../UARTNow_bsp/\libucosii_bsp.a(alt_tick.o)
 .bss           0x0101a3a8        0x0 ../UARTNow_bsp/\libucosii_bsp.a(altera_nios2_qsys_irq.o)
 .bss           0x0101a3a8        0x0 ../UARTNow_bsp/\libucosii_bsp.a(os_cpu_a.o)
 .bss           0x0101a3a8        0x0 ../UARTNow_bsp/\libucosii_bsp.a(os_cpu_c.o)
 .bss           0x0101a3a8        0x0 ../UARTNow_bsp/\libucosii_bsp.a(alt_exception_entry.o)
 .bss           0x0101a3a8        0x0 ../UARTNow_bsp/\libucosii_bsp.a(alt_find_file.o)
 .bss           0x0101a3a8        0x0 ../UARTNow_bsp/\libucosii_bsp.a(alt_get_fd.o)
 .bss           0x0101a3a8        0x0 ../UARTNow_bsp/\libucosii_bsp.a(alt_icache_flush.o)
 .bss           0x0101a3a8        0x0 c:/altera/12.1sp1/nios2eds/bin/gnu/h-i686-mingw32/bin/../lib/gcc/nios2-elf/4.1.2/../../../../nios2-elf/lib\libc.a(lib_a-atexit.o)
 .bss           0x0101a3a8        0x0 c:/altera/12.1sp1/nios2eds/bin/gnu/h-i686-mingw32/bin/../lib/gcc/nios2-elf/4.1.2/../../../../nios2-elf/lib\libc.a(lib_a-exit.o)
 .bss           0x0101a3a8        0x0 c:/altera/12.1sp1/nios2eds/bin/gnu/h-i686-mingw32/bin/../lib/gcc/nios2-elf/4.1.2/../../../../nios2-elf/lib\libc.a(lib_a-memcmp.o)
 .bss           0x0101a3a8        0x0 c:/altera/12.1sp1/nios2eds/bin/gnu/h-i686-mingw32/bin/../lib/gcc/nios2-elf/4.1.2/../../../../nios2-elf/lib\libc.a(lib_a-__atexit.o)
 .bss           0x0101a3a8        0x0 c:/altera/12.1sp1/nios2eds/bin/gnu/h-i686-mingw32/bin/../lib/gcc/nios2-elf/4.1.2/../../../../nios2-elf/lib\libc.a(lib_a-__call_atexit.o)
 .bss           0x0101a3a8        0x0 ../UARTNow_bsp/\libucosii_bsp.a(alt_exit.o)
 *(COMMON)
 COMMON         0x0101a3a8     0x4414 obj/default/main.o
                0x0101a3a8                task1_stk
                0x0101c3a8                networkIn
                0x0101c7ac                task2_stk
                0x0101e7ac                wifiQueueBuffer
 COMMON         0x0101e7bc     0x3224 ../UARTNow_bsp/\libucosii_bsp.a(os_core.o)
                0x0101e7bc                OSFlagTbl
                0x0101eb2c                OSMemTbl
                0x0101f75c                OSTaskStatStk
                0x0101ff5c                OSQTbl
                0x0102013c                OSTaskIdleStk
                0x0102093c                OSEventTbl
                0x0102147c                OSTCBTbl
                0x0102198c                OSTCBPrioTbl
 COMMON         0x010219e0      0x100 ../UARTNow_bsp/\libucosii_bsp.a(alt_irq_handler.o)
                0x010219e0                alt_irq
 COMMON         0x01021ae0      0x190 c:/altera/12.1sp1/nios2eds/bin/gnu/h-i686-mingw32/bin/../lib/gcc/nios2-elf/4.1.2/../../../../nios2-elf/lib\libc.a(lib_a-atexit.o)
                0x01021ae0                _atexit0
                0x01021c70                . = ALIGN (0x4)
                0x01021c70                __bss_end = ABSOLUTE (.)

.sdram          0x01021c70        0x0
                0x01021c70                PROVIDE (_alt_partition_sdram_start, ABSOLUTE (.))
 *(.sdram. sdram.*)
                0x01021c70                . = ALIGN (0x4)
                0x01021c70                PROVIDE (_alt_partition_sdram_end, ABSOLUTE (.))
                0x01021c70                _end = ABSOLUTE (.)
                0x01021c70                end = ABSOLUTE (.)
                0x01021c70                __alt_stack_base = ABSOLUTE (.)
                0x01021c70                PROVIDE (_alt_partition_sdram_load_addr, LOADADDR (.sdram))

.stab
 *(.stab)

.stabstr
 *(.stabstr)

.stab.excl
 *(.stab.excl)

.stab.exclstr
 *(.stab.exclstr)

.stab.index
 *(.stab.index)

.stab.indexstr
 *(.stab.indexstr)

.comment        0x00000000       0x26
 *(.comment)
 .comment       0x00000000       0x26 obj/default/main.o
                                 0x27 (size before relaxing)
 .comment       0x00000000       0x27 c:/altera/12.1sp1/nios2eds/bin/gnu/h-i686-mingw32/bin/../lib/gcc/nios2-elf/4.1.2/../../../../nios2-elf/lib\libc.a(lib_a-memset.o)
 .comment       0x00000000       0x27 c:/altera/12.1sp1/nios2eds/bin/gnu/h-i686-mingw32/bin/../lib/gcc/nios2-elf/4.1.2/../../../../nios2-elf/lib\libc.a(lib_a-printf.o)
 .comment       0x00000000       0x27 c:/altera/12.1sp1/nios2eds/bin/gnu/h-i686-mingw32/bin/../lib/gcc/nios2-elf/4.1.2/../../../../nios2-elf/lib\libc.a(lib_a-puts.o)
 .comment       0x00000000       0x27 c:/altera/12.1sp1/nios2eds/bin/gnu/h-i686-mingw32/bin/../lib/gcc/nios2-elf/4.1.2/../../../../nios2-elf/lib\libc.a(lib_a-strlen.o)
 .comment       0x00000000       0x27 c:/altera/12.1sp1/nios2eds/bin/gnu/h-i686-mingw32/bin/../lib/gcc/nios2-elf/4.1.2/../../../../nios2-elf/lib\libc.a(lib_a-vfprintf.o)
 .comment       0x00000000       0x27 c:/altera/12.1sp1/nios2eds/bin/gnu/h-i686-mingw32/bin/../lib/gcc/nios2-elf/4.1.2/../../../../nios2-elf/lib\libc.a(lib_a-wsetup.o)
 .comment       0x00000000       0x27 c:/altera/12.1sp1/nios2eds/bin/gnu/h-i686-mingw32/bin/../lib/gcc/nios2-elf/4.1.2/../../../../nios2-elf/lib\libc.a(lib_a-dtoa.o)
 .comment       0x00000000       0x27 c:/altera/12.1sp1/nios2eds/bin/gnu/h-i686-mingw32/bin/../lib/gcc/nios2-elf/4.1.2/../../../../nios2-elf/lib\libc.a(lib_a-fflush.o)
 .comment       0x00000000       0x27 c:/altera/12.1sp1/nios2eds/bin/gnu/h-i686-mingw32/bin/../lib/gcc/nios2-elf/4.1.2/../../../../nios2-elf/lib\libc.a(lib_a-findfp.o)
 .comment       0x00000000       0x27 c:/altera/12.1sp1/nios2eds/bin/gnu/h-i686-mingw32/bin/../lib/gcc/nios2-elf/4.1.2/../../../../nios2-elf/lib\libc.a(lib_a-freer.o)
 .comment       0x00000000       0x27 c:/altera/12.1sp1/nios2eds/bin/gnu/h-i686-mingw32/bin/../lib/gcc/nios2-elf/4.1.2/../../../../nios2-elf/lib\libc.a(lib_a-fvwrite.o)
 .comment       0x00000000       0x27 c:/altera/12.1sp1/nios2eds/bin/gnu/h-i686-mingw32/bin/../lib/gcc/nios2-elf/4.1.2/../../../../nios2-elf/lib\libc.a(lib_a-fwalk.o)
 .comment       0x00000000       0x27 c:/altera/12.1sp1/nios2eds/bin/gnu/h-i686-mingw32/bin/../lib/gcc/nios2-elf/4.1.2/../../../../nios2-elf/lib\libc.a(lib_a-impure.o)
 .comment       0x00000000       0x27 c:/altera/12.1sp1/nios2eds/bin/gnu/h-i686-mingw32/bin/../lib/gcc/nios2-elf/4.1.2/../../../../nios2-elf/lib\libc.a(lib_a-locale.o)
 .comment       0x00000000       0x27 c:/altera/12.1sp1/nios2eds/bin/gnu/h-i686-mingw32/bin/../lib/gcc/nios2-elf/4.1.2/../../../../nios2-elf/lib\libc.a(lib_a-makebuf.o)
 .comment       0x00000000       0x27 c:/altera/12.1sp1/nios2eds/bin/gnu/h-i686-mingw32/bin/../lib/gcc/nios2-elf/4.1.2/../../../../nios2-elf/lib\libc.a(lib_a-mallocr.o)
 .comment       0x00000000       0x27 c:/altera/12.1sp1/nios2eds/bin/gnu/h-i686-mingw32/bin/../lib/gcc/nios2-elf/4.1.2/../../../../nios2-elf/lib\libc.a(lib_a-memchr.o)
 .comment       0x00000000       0x27 c:/altera/12.1sp1/nios2eds/bin/gnu/h-i686-mingw32/bin/../lib/gcc/nios2-elf/4.1.2/../../../../nios2-elf/lib\libc.a(lib_a-memcpy.o)
 .comment       0x00000000       0x27 c:/altera/12.1sp1/nios2eds/bin/gnu/h-i686-mingw32/bin/../lib/gcc/nios2-elf/4.1.2/../../../../nios2-elf/lib\libc.a(lib_a-memmove.o)
 .comment       0x00000000       0x27 c:/altera/12.1sp1/nios2eds/bin/gnu/h-i686-mingw32/bin/../lib/gcc/nios2-elf/4.1.2/../../../../nios2-elf/lib\libc.a(lib_a-mprec.o)
 .comment       0x00000000       0x27 c:/altera/12.1sp1/nios2eds/bin/gnu/h-i686-mingw32/bin/../lib/gcc/nios2-elf/4.1.2/../../../../nios2-elf/lib\libc.a(lib_a-reallocr.o)
 .comment       0x00000000       0x27 c:/altera/12.1sp1/nios2eds/bin/gnu/h-i686-mingw32/bin/../lib/gcc/nios2-elf/4.1.2/../../../../nios2-elf/lib\libc.a(lib_a-s_isinfd.o)
 .comment       0x00000000       0x27 c:/altera/12.1sp1/nios2eds/bin/gnu/h-i686-mingw32/bin/../lib/gcc/nios2-elf/4.1.2/../../../../nios2-elf/lib\libc.a(lib_a-s_isnand.o)
 .comment       0x00000000       0x27 c:/altera/12.1sp1/nios2eds/bin/gnu/h-i686-mingw32/bin/../lib/gcc/nios2-elf/4.1.2/../../../../nios2-elf/lib\libc.a(lib_a-sbrkr.o)
 .comment       0x00000000       0x27 c:/altera/12.1sp1/nios2eds/bin/gnu/h-i686-mingw32/bin/../lib/gcc/nios2-elf/4.1.2/../../../../nios2-elf/lib\libc.a(lib_a-stdio.o)
 .comment       0x00000000       0x27 c:/altera/12.1sp1/nios2eds/bin/gnu/h-i686-mingw32/bin/../lib/gcc/nios2-elf/4.1.2/../../../../nios2-elf/lib\libc.a(lib_a-strcmp.o)
 .comment       0x00000000       0x27 c:/altera/12.1sp1/nios2eds/bin/gnu/h-i686-mingw32/bin/../lib/gcc/nios2-elf/4.1.2/../../../../nios2-elf/lib\libc.a(lib_a-writer.o)
 .comment       0x00000000       0x27 c:/altera/12.1sp1/nios2eds/bin/gnu/h-i686-mingw32/bin/../lib/gcc/nios2-elf/4.1.2/../../../../nios2-elf/lib\libc.a(lib_a-callocr.o)
 .comment       0x00000000       0x27 c:/altera/12.1sp1/nios2eds/bin/gnu/h-i686-mingw32/bin/../lib/gcc/nios2-elf/4.1.2/../../../../nios2-elf/lib\libc.a(lib_a-closer.o)
 .comment       0x00000000       0x27 c:/altera/12.1sp1/nios2eds/bin/gnu/h-i686-mingw32/bin/../lib/gcc/nios2-elf/4.1.2/../../../../nios2-elf/lib\libc.a(lib_a-fclose.o)
 .comment       0x00000000       0x27 c:/altera/12.1sp1/nios2eds/bin/gnu/h-i686-mingw32/bin/../lib/gcc/nios2-elf/4.1.2/../../../../nios2-elf/lib\libc.a(lib_a-fstatr.o)
 .comment       0x00000000       0x27 c:/altera/12.1sp1/nios2eds/bin/gnu/h-i686-mingw32/bin/../lib/gcc/nios2-elf/4.1.2/../../../../nios2-elf/lib\libc.a(lib_a-int_errno.o)
 .comment       0x00000000       0x27 c:/altera/12.1sp1/nios2eds/bin/gnu/h-i686-mingw32/bin/../lib/gcc/nios2-elf/4.1.2/../../../../nios2-elf/lib\libc.a(lib_a-isattyr.o)
 .comment       0x00000000       0x27 c:/altera/12.1sp1/nios2eds/bin/gnu/h-i686-mingw32/bin/../lib/gcc/nios2-elf/4.1.2/../../../../nios2-elf/lib\libc.a(lib_a-lseekr.o)
 .comment       0x00000000       0x27 c:/altera/12.1sp1/nios2eds/bin/gnu/h-i686-mingw32/bin/../lib/gcc/nios2-elf/4.1.2/../../../../nios2-elf/lib\libc.a(lib_a-readr.o)
 .comment       0x00000000       0x27 c:/altera/12.1sp1/nios2eds/bin/gnu/h-i686-mingw32/bin/../lib/gcc/nios2-elf/4.1.2\libgcc.a(_udivdi3.o)
 .comment       0x00000000       0x27 c:/altera/12.1sp1/nios2eds/bin/gnu/h-i686-mingw32/bin/../lib/gcc/nios2-elf/4.1.2\libgcc.a(_umoddi3.o)
 .comment       0x00000000       0x27 c:/altera/12.1sp1/nios2eds/bin/gnu/h-i686-mingw32/bin/../lib/gcc/nios2-elf/4.1.2\libgcc.a(_addsub_df.o)
 .comment       0x00000000       0x27 c:/altera/12.1sp1/nios2eds/bin/gnu/h-i686-mingw32/bin/../lib/gcc/nios2-elf/4.1.2\libgcc.a(_mul_df.o)
 .comment       0x00000000       0x27 c:/altera/12.1sp1/nios2eds/bin/gnu/h-i686-mingw32/bin/../lib/gcc/nios2-elf/4.1.2\libgcc.a(_div_df.o)
 .comment       0x00000000       0x27 c:/altera/12.1sp1/nios2eds/bin/gnu/h-i686-mingw32/bin/../lib/gcc/nios2-elf/4.1.2\libgcc.a(_eq_df.o)
 .comment       0x00000000       0x27 c:/altera/12.1sp1/nios2eds/bin/gnu/h-i686-mingw32/bin/../lib/gcc/nios2-elf/4.1.2\libgcc.a(_ne_df.o)
 .comment       0x00000000       0x27 c:/altera/12.1sp1/nios2eds/bin/gnu/h-i686-mingw32/bin/../lib/gcc/nios2-elf/4.1.2\libgcc.a(_gt_df.o)
 .comment       0x00000000       0x27 c:/altera/12.1sp1/nios2eds/bin/gnu/h-i686-mingw32/bin/../lib/gcc/nios2-elf/4.1.2\libgcc.a(_ge_df.o)
 .comment       0x00000000       0x27 c:/altera/12.1sp1/nios2eds/bin/gnu/h-i686-mingw32/bin/../lib/gcc/nios2-elf/4.1.2\libgcc.a(_lt_df.o)
 .comment       0x00000000       0x27 c:/altera/12.1sp1/nios2eds/bin/gnu/h-i686-mingw32/bin/../lib/gcc/nios2-elf/4.1.2\libgcc.a(_si_to_df.o)
 .comment       0x00000000       0x27 c:/altera/12.1sp1/nios2eds/bin/gnu/h-i686-mingw32/bin/../lib/gcc/nios2-elf/4.1.2\libgcc.a(_df_to_si.o)
 .comment       0x00000000       0x27 c:/altera/12.1sp1/nios2eds/bin/gnu/h-i686-mingw32/bin/../lib/gcc/nios2-elf/4.1.2\libgcc.a(_thenan_df.o)
 .comment       0x00000000       0x27 c:/altera/12.1sp1/nios2eds/bin/gnu/h-i686-mingw32/bin/../lib/gcc/nios2-elf/4.1.2\libgcc.a(_usi_to_df.o)
 .comment       0x00000000       0x27 c:/altera/12.1sp1/nios2eds/bin/gnu/h-i686-mingw32/bin/../lib/gcc/nios2-elf/4.1.2\libgcc.a(lib2-divmod.o)
 .comment       0x00000000       0x27 c:/altera/12.1sp1/nios2eds/bin/gnu/h-i686-mingw32/bin/../lib/gcc/nios2-elf/4.1.2\libgcc.a(_muldi3.o)
 .comment       0x00000000       0x27 c:/altera/12.1sp1/nios2eds/bin/gnu/h-i686-mingw32/bin/../lib/gcc/nios2-elf/4.1.2\libgcc.a(_clz.o)
 .comment       0x00000000       0x27 c:/altera/12.1sp1/nios2eds/bin/gnu/h-i686-mingw32/bin/../lib/gcc/nios2-elf/4.1.2\libgcc.a(_clzsi2.o)
 .comment       0x00000000       0x27 c:/altera/12.1sp1/nios2eds/bin/gnu/h-i686-mingw32/bin/../lib/gcc/nios2-elf/4.1.2\libgcc.a(_pack_df.o)
 .comment       0x00000000       0x27 c:/altera/12.1sp1/nios2eds/bin/gnu/h-i686-mingw32/bin/../lib/gcc/nios2-elf/4.1.2\libgcc.a(_unpack_df.o)
 .comment       0x00000000       0x27 c:/altera/12.1sp1/nios2eds/bin/gnu/h-i686-mingw32/bin/../lib/gcc/nios2-elf/4.1.2\libgcc.a(_fpcmp_parts_df.o)
 .comment       0x00000000       0x27 ../UARTNow_bsp/\libucosii_bsp.a(alt_close.o)
 .comment       0x00000000       0x27 ../UARTNow_bsp/\libucosii_bsp.a(alt_dev.o)
 .comment       0x00000000       0x27 ../UARTNow_bsp/\libucosii_bsp.a(alt_errno.o)
 .comment       0x00000000       0x27 ../UARTNow_bsp/\libucosii_bsp.a(alt_fstat.o)
 .comment       0x00000000       0x27 ../UARTNow_bsp/\libucosii_bsp.a(alt_irq_register.o)
 .comment       0x00000000       0x27 ../UARTNow_bsp/\libucosii_bsp.a(alt_irq_vars.o)
 .comment       0x00000000       0x27 ../UARTNow_bsp/\libucosii_bsp.a(alt_isatty.o)
 .comment       0x00000000       0x27 ../UARTNow_bsp/\libucosii_bsp.a(alt_load.o)
 .comment       0x00000000       0x27 ../UARTNow_bsp/\libucosii_bsp.a(alt_lseek.o)
 .comment       0x00000000       0x27 ../UARTNow_bsp/\libucosii_bsp.a(alt_main.o)
 .comment       0x00000000       0x27 ../UARTNow_bsp/\libucosii_bsp.a(alt_read.o)
 .comment       0x00000000       0x27 ../UARTNow_bsp/\libucosii_bsp.a(alt_release_fd.o)
 .comment       0x00000000       0x27 ../UARTNow_bsp/\libucosii_bsp.a(alt_sbrk.o)
 .comment       0x00000000       0x27 ../UARTNow_bsp/\libucosii_bsp.a(alt_write.o)
 .comment       0x00000000       0x27 ../UARTNow_bsp/\libucosii_bsp.a(alt_env_lock.o)
 .comment       0x00000000       0x27 ../UARTNow_bsp/\libucosii_bsp.a(alt_malloc_lock.o)
 .comment       0x00000000       0x27 ../UARTNow_bsp/\libucosii_bsp.a(os_core.o)
 .comment       0x00000000       0x27 ../UARTNow_bsp/\libucosii_bsp.a(os_dbg.o)
 .comment       0x00000000       0x27 ../UARTNow_bsp/\libucosii_bsp.a(os_flag.o)
 .comment       0x00000000       0x27 ../UARTNow_bsp/\libucosii_bsp.a(os_mem.o)
 .comment       0x00000000       0x27 ../UARTNow_bsp/\libucosii_bsp.a(os_q.o)
 .comment       0x00000000       0x27 ../UARTNow_bsp/\libucosii_bsp.a(os_sem.o)
 .comment       0x00000000       0x27 ../UARTNow_bsp/\libucosii_bsp.a(os_task.o)
 .comment       0x00000000       0x27 ../UARTNow_bsp/\libucosii_bsp.a(os_time.o)
 .comment       0x00000000       0x27 ../UARTNow_bsp/\libucosii_bsp.a(alt_sys_init.o)
 .comment       0x00000000       0x27 ../UARTNow_bsp/\libucosii_bsp.a(altera_avalon_jtag_uart_fd.o)
 .comment       0x00000000       0x27 ../UARTNow_bsp/\libucosii_bsp.a(altera_avalon_jtag_uart_init.o)
 .comment       0x00000000       0x27 ../UARTNow_bsp/\libucosii_bsp.a(altera_avalon_jtag_uart_ioctl.o)
 .comment       0x00000000       0x27 ../UARTNow_bsp/\libucosii_bsp.a(altera_avalon_jtag_uart_read.o)
 .comment       0x00000000       0x27 ../UARTNow_bsp/\libucosii_bsp.a(altera_avalon_jtag_uart_write.o)
 .comment       0x00000000       0x27 ../UARTNow_bsp/\libucosii_bsp.a(altera_avalon_timer_sc.o)
 .comment       0x00000000       0x27 ../UARTNow_bsp/\libucosii_bsp.a(altera_avalon_uart_fd.o)
 .comment       0x00000000       0x27 ../UARTNow_bsp/\libucosii_bsp.a(altera_avalon_uart_init.o)
 .comment       0x00000000       0x27 ../UARTNow_bsp/\libucosii_bsp.a(altera_avalon_uart_read.o)
 .comment       0x00000000       0x27 ../UARTNow_bsp/\libucosii_bsp.a(altera_avalon_uart_write.o)
 .comment       0x00000000       0x27 ../UARTNow_bsp/\libucosii_bsp.a(altera_up_avalon_rs232.o)
 .comment       0x00000000       0x27 ../UARTNow_bsp/\libucosii_bsp.a(alt_alarm_start.o)
 .comment       0x00000000       0x27 ../UARTNow_bsp/\libucosii_bsp.a(alt_dcache_flush_all.o)
 .comment       0x00000000       0x27 ../UARTNow_bsp/\libucosii_bsp.a(alt_dev_llist_insert.o)
 .comment       0x00000000       0x27 ../UARTNow_bsp/\libucosii_bsp.a(alt_do_ctors.o)
 .comment       0x00000000       0x27 ../UARTNow_bsp/\libucosii_bsp.a(alt_do_dtors.o)
 .comment       0x00000000       0x27 ../UARTNow_bsp/\libucosii_bsp.a(alt_find_dev.o)
 .comment       0x00000000       0x27 ../UARTNow_bsp/\libucosii_bsp.a(alt_icache_flush_all.o)
 .comment       0x00000000       0x27 ../UARTNow_bsp/\libucosii_bsp.a(alt_io_redirect.o)
 .comment       0x00000000       0x27 ../UARTNow_bsp/\libucosii_bsp.a(alt_irq_handler.o)
 .comment       0x00000000       0x27 ../UARTNow_bsp/\libucosii_bsp.a(alt_open.o)
 .comment       0x00000000       0x27 ../UARTNow_bsp/\libucosii_bsp.a(alt_tick.o)
 .comment       0x00000000       0x27 ../UARTNow_bsp/\libucosii_bsp.a(altera_nios2_qsys_irq.o)
 .comment       0x00000000       0x27 ../UARTNow_bsp/\libucosii_bsp.a(os_cpu_c.o)
 .comment       0x00000000       0x27 ../UARTNow_bsp/\libucosii_bsp.a(alt_find_file.o)
 .comment       0x00000000       0x27 ../UARTNow_bsp/\libucosii_bsp.a(alt_get_fd.o)