Archive member included because of file (symbol)

c:/altera/12.1sp1/nios2eds/bin/gnu/h-i686-mingw32/bin/../lib/gcc/nios2-elf/4.1.2/../../../../nios2-elf/lib\libc.a(lib_a-printf.o)
                              obj/default/main.o (printf)
c:/altera/12.1sp1/nios2eds/bin/gnu/h-i686-mingw32/bin/../lib/gcc/nios2-elf/4.1.2/../../../../nios2-elf/lib\libc.a(lib_a-puts.o)
                              obj/default/main.o (puts)
c:/altera/12.1sp1/nios2eds/bin/gnu/h-i686-mingw32/bin/../lib/gcc/nios2-elf/4.1.2/../../../../nios2-elf/lib\libc.a(lib_a-strlen.o)
                              c:/altera/12.1sp1/nios2eds/bin/gnu/h-i686-mingw32/bin/../lib/gcc/nios2-elf/4.1.2/../../../../nios2-elf/lib\libc.a(lib_a-puts.o) (strlen)
c:/altera/12.1sp1/nios2eds/bin/gnu/h-i686-mingw32/bin/../lib/gcc/nios2-elf/4.1.2/../../../../nios2-elf/lib\libc.a(lib_a-vfprintf.o)
                              c:/altera/12.1sp1/nios2eds/bin/gnu/h-i686-mingw32/bin/../lib/gcc/nios2-elf/4.1.2/../../../../nios2-elf/lib\libc.a(lib_a-printf.o) (___vfprintf_internal_r)
c:/altera/12.1sp1/nios2eds/bin/gnu/h-i686-mingw32/bin/../lib/gcc/nios2-elf/4.1.2/../../../../nios2-elf/lib\libc.a(lib_a-wsetup.o)
                              c:/altera/12.1sp1/nios2eds/bin/gnu/h-i686-mingw32/bin/../lib/gcc/nios2-elf/4.1.2/../../../../nios2-elf/lib\libc.a(lib_a-vfprintf.o) (__swsetup_r)
c:/altera/12.1sp1/nios2eds/bin/gnu/h-i686-mingw32/bin/../lib/gcc/nios2-elf/4.1.2/../../../../nios2-elf/lib\libc.a(lib_a-dtoa.o)
                              c:/altera/12.1sp1/nios2eds/bin/gnu/h-i686-mingw32/bin/../lib/gcc/nios2-elf/4.1.2/../../../../nios2-elf/lib\libc.a(lib_a-vfprintf.o) (_dtoa_r)
c:/altera/12.1sp1/nios2eds/bin/gnu/h-i686-mingw32/bin/../lib/gcc/nios2-elf/4.1.2/../../../../nios2-elf/lib\libc.a(lib_a-fflush.o)
                              c:/altera/12.1sp1/nios2eds/bin/gnu/h-i686-mingw32/bin/../lib/gcc/nios2-elf/4.1.2/../../../../nios2-elf/lib\libc.a(lib_a-vfprintf.o) (_fflush_r)
c:/altera/12.1sp1/nios2eds/bin/gnu/h-i686-mingw32/bin/../lib/gcc/nios2-elf/4.1.2/../../../../nios2-elf/lib\libc.a(lib_a-findfp.o)
                              c:/altera/12.1sp1/nios2eds/bin/gnu/h-i686-mingw32/bin/../lib/gcc/nios2-elf/4.1.2/../../../../nios2-elf/lib\libc.a(lib_a-vfprintf.o) (__sinit)
c:/altera/12.1sp1/nios2eds/bin/gnu/h-i686-mingw32/bin/../lib/gcc/nios2-elf/4.1.2/../../../../nios2-elf/lib\libc.a(lib_a-freer.o)
                              c:/altera/12.1sp1/nios2eds/bin/gnu/h-i686-mingw32/bin/../lib/gcc/nios2-elf/4.1.2/../../../../nios2-elf/lib\libc.a(lib_a-wsetup.o) (_free_r)
c:/altera/12.1sp1/nios2eds/bin/gnu/h-i686-mingw32/bin/../lib/gcc/nios2-elf/4.1.2/../../../../nios2-elf/lib\libc.a(lib_a-fvwrite.o)
                              c:/altera/12.1sp1/nios2eds/bin/gnu/h-i686-mingw32/bin/../lib/gcc/nios2-elf/4.1.2/../../../../nios2-elf/lib\libc.a(lib_a-puts.o) (__sfvwrite_r)
c:/altera/12.1sp1/nios2eds/bin/gnu/h-i686-mingw32/bin/../lib/gcc/nios2-elf/4.1.2/../../../../nios2-elf/lib\libc.a(lib_a-fwalk.o)
                              c:/altera/12.1sp1/nios2eds/bin/gnu/h-i686-mingw32/bin/../lib/gcc/nios2-elf/4.1.2/../../../../nios2-elf/lib\libc.a(lib_a-fflush.o) (_fwalk_reent)
c:/altera/12.1sp1/nios2eds/bin/gnu/h-i686-mingw32/bin/../lib/gcc/nios2-elf/4.1.2/../../../../nios2-elf/lib\libc.a(lib_a-impure.o)
                              c:/altera/12.1sp1/nios2eds/bin/gnu/h-i686-mingw32/bin/../lib/gcc/nios2-elf/4.1.2/../../../../nios2-elf/lib\libc.a(lib_a-printf.o) (_impure_ptr)
c:/altera/12.1sp1/nios2eds/bin/gnu/h-i686-mingw32/bin/../lib/gcc/nios2-elf/4.1.2/../../../../nios2-elf/lib\libc.a(lib_a-locale.o)
                              c:/altera/12.1sp1/nios2eds/bin/gnu/h-i686-mingw32/bin/../lib/gcc/nios2-elf/4.1.2/../../../../nios2-elf/lib\libc.a(lib_a-vfprintf.o) (_localeconv_r)
c:/altera/12.1sp1/nios2eds/bin/gnu/h-i686-mingw32/bin/../lib/gcc/nios2-elf/4.1.2/../../../../nios2-elf/lib\libc.a(lib_a-makebuf.o)
                              c:/altera/12.1sp1/nios2eds/bin/gnu/h-i686-mingw32/bin/../lib/gcc/nios2-elf/4.1.2/../../../../nios2-elf/lib\libc.a(lib_a-wsetup.o) (__smakebuf_r)
c:/altera/12.1sp1/nios2eds/bin/gnu/h-i686-mingw32/bin/../lib/gcc/nios2-elf/4.1.2/../../../../nios2-elf/lib\libc.a(lib_a-mallocr.o)
                              c:/altera/12.1sp1/nios2eds/bin/gnu/h-i686-mingw32/bin/../lib/gcc/nios2-elf/4.1.2/../../../../nios2-elf/lib\libc.a(lib_a-findfp.o) (_malloc_r)
c:/altera/12.1sp1/nios2eds/bin/gnu/h-i686-mingw32/bin/../lib/gcc/nios2-elf/4.1.2/../../../../nios2-elf/lib\libc.a(lib_a-memchr.o)
                              c:/altera/12.1sp1/nios2eds/bin/gnu/h-i686-mingw32/bin/../lib/gcc/nios2-elf/4.1.2/../../../../nios2-elf/lib\libc.a(lib_a-vfprintf.o) (memchr)
c:/altera/12.1sp1/nios2eds/bin/gnu/h-i686-mingw32/bin/../lib/gcc/nios2-elf/4.1.2/../../../../nios2-elf/lib\libc.a(lib_a-memcpy.o)
                              c:/altera/12.1sp1/nios2eds/bin/gnu/h-i686-mingw32/bin/../lib/gcc/nios2-elf/4.1.2/../../../../nios2-elf/lib\libc.a(lib_a-dtoa.o) (memcpy)
[...]
Memory Configuration

Name             Origin             Length             Attributes
reset            0x01000000         0x00000020
sdram            0x01000020         0x00ffffe0
*default*        0x00000000         0xffffffff

Linker script and memory map

LOAD ../UARTNow_bsp//obj/HAL/src/crt0.o
LOAD obj/default/main.o
LOAD c:/altera/12.1sp1/nios2eds/bin/gnu/h-i686-mingw32/bin/../lib/gcc/nios2-elf/4.1.2/../../../../nios2-elf/lib\libstdc++.a
LOAD c:/altera/12.1sp1/nios2eds/bin/gnu/h-i686-mingw32/bin/../lib/gcc/nios2-elf/4.1.2/../../../../nios2-elf/lib\libm.a
LOAD c:/altera/12.1sp1/nios2eds/bin/gnu/h-i686-mingw32/bin/../lib/gcc/nios2-elf/4.1.2\libgcc.a
START GROUP
LOAD c:/altera/12.1sp1/nios2eds/bin/gnu/h-i686-mingw32/bin/../lib/gcc/nios2-elf/4.1.2/../../../../nios2-elf/lib\libc.a
LOAD c:/altera/12.1sp1/nios2eds/bin/gnu/h-i686-mingw32/bin/../lib/gcc/nios2-elf/4.1.2\libgcc.a
LOAD ../UARTNow_bsp/\libucosii_bsp.a
END GROUP
LOAD c:/altera/12.1sp1/nios2eds/bin/gnu/h-i686-mingw32/bin/../lib/gcc/nios2-elf/4.1.2\libgcc.a
                0x01000000                __alt_mem_sdram = 0x1000000

.entry          0x01000000       0x20
 *(.entry)
 .entry         0x01000000       0x20 ../UARTNow_bsp//obj/HAL/src/crt0.o
                0x01000000                __reset

.exceptions     0x01000020      0x1a0
                0x01000020                PROVIDE (__ram_exceptions_start, ABSOLUTE (.))
                0x01000020                . = ALIGN (0x20)
 *(.irq)
 *(.exceptions.entry.label)
 .exceptions.entry.label
                0x01000020        0x0 ../UARTNow_bsp/\libucosii_bsp.a(alt_irq_entry.o)
                0x01000020                alt_irq_entry
 .exceptions.entry.label
                0x01000020        0x0 ../UARTNow_bsp/\libucosii_bsp.a(alt_exception_entry.o)
                0x01000020                alt_exception
 *(.exceptions.entry.user)
 *(.exceptions.entry)
 .exceptions.entry
                0x01000020       0x54 ../UARTNow_bsp/\libucosii_bsp.a(alt_exception_entry.o)
 *(.exceptions.irqtest.user)
 *(.exceptions.irqtest)
 .exceptions.irqtest
                0x01000074       0x10 ../UARTNow_bsp/\libucosii_bsp.a(alt_irq_entry.o)
 *(.exceptions.irqhandler.user)
 *(.exceptions.irqhandler)
 .exceptions.irqhandler
                0x01000084        0x4 ../UARTNow_bsp/\libucosii_bsp.a(alt_irq_entry.o)
 *(.exceptions.irqreturn.user)
 *(.exceptions.irqreturn)
 .exceptions.irqreturn
                0x01000088        0x4 ../UARTNow_bsp/\libucosii_bsp.a(alt_irq_entry.o)
 *(.exceptions.notirq.label)
 .exceptions.notirq.label
                0x0100008c        0x0 ../UARTNow_bsp/\libucosii_bsp.a(alt_irq_entry.o)
 *(.exceptions.notirq.user)
 *(.exceptions.notirq)
 .exceptions.notirq
                0x0100008c        0x8 ../UARTNow_bsp/\libucosii_bsp.a(alt_exception_entry.o)
 *(.exceptions.soft.user)
 *(.exceptions.soft)
 *(.exceptions.unknown.user)
 *(.exceptions.unknown)
 .exceptions.unknown
                0x01000094        0x4 ../UARTNow_bsp/\libucosii_bsp.a(alt_exception_entry.o)
 *(.exceptions.exit.label)
 .exceptions.exit.label
                0x01000098        0x0 ../UARTNow_bsp/\libucosii_bsp.a(alt_irq_entry.o)
 .exceptions.exit.label
                0x01000098        0x0 ../UARTNow_bsp/\libucosii_bsp.a(alt_exception_entry.o)
 *(.exceptions.exit.user)
 *(.exceptions.exit)
 .exceptions.exit
                0x01000098       0x54 ../UARTNow_bsp/\libucosii_bsp.a(alt_exception_entry.o)
 *(.exceptions)
 .exceptions    0x010000ec       0xd4 ../UARTNow_bsp/\libucosii_bsp.a(alt_irq_handler.o)
                0x010000ec                alt_irq_handler
                0x010001c0                PROVIDE (__ram_exceptions_end, ABSOLUTE (.))
                0x01000020                PROVIDE (__flash_exceptions_start, LOADADDR (.exceptions))

.text           0x010001c0    0x161a0
                0x010001c0                PROVIDE (stext, ABSOLUTE (.))
 *(.interp)
 *(.hash)
 *(.dynsym)
 *(.dynstr)
 *(.gnu.version)
 *(.gnu.version_d)
 *(.gnu.version_r)
 *(.rel.init)
 *(.rela.init)
 *(.rel.text .rel.text.* .rel.gnu.linkonce.t.*)
 *(.rela.text .rela.text.* .rela.gnu.linkonce.t.*)
 *(.rel.fini)
 *(.rela.fini)
 *(.rel.rodata .rel.rodata.* .rel.gnu.linkonce.r.*)
 *(.rela.rodata .rela.rodata.* .rela.gnu.linkonce.r.*)
 *(.rel.data .rel.data.* .rel.gnu.linkonce.d.*)
 *(.rela.data .rela.data.* .rela.gnu.linkonce.d.*)
 *(.rel.tdata .rel.tdata.* .rel.gnu.linkonce.td.*)
 *(.rela.tdata .rela.tdata.* .rela.gnu.linkonce.td.*)
 *(.rel.tbss .rel.tbss.* .rel.gnu.linkonce.tb.*)
 *(.rela.tbss .rela.tbss.* .rela.gnu.linkonce.tb.*)
 *(.rel.ctors)
 *(.rela.ctors)
 *(.rel.dtors)
 *(.rela.dtors)
 *(.rel.got)
 *(.rela.got)
 *(.rel.sdata .rel.sdata.* .rel.gnu.linkonce.s.*)
 *(.rela.sdata .rela.sdata.* .rela.gnu.linkonce.s.*)
 *(.rel.sbss .rel.sbss.* .rel.gnu.linkonce.sb.*)
 *(.rela.sbss .rela.sbss.* .rela.gnu.linkonce.sb.*)
 *(.rel.sdata2 .rel.sdata2.* .rel.gnu.linkonce.s2.*)
 *(.rela.sdata2 .rela.sdata2.* .rela.gnu.linkonce.s2.*)
 *(.rel.sbss2 .rel.sbss2.* .rel.gnu.linkonce.sb2.*)
 *(.rela.sbss2 .rela.sbss2.* .rela.gnu.linkonce.sb2.*)
 *(.rel.bss .rel.bss.* .rel.gnu.linkonce.b.*)
 *(.rela.bss .rela.bss.* .rela.gnu.linkonce.b.*)
 *(.rel.plt)
 *(.rela.plt)
 *(.rel.dyn)
 *(.init)
 *(.plt)
 *(.text .stub .text.* .gnu.linkonce.t.*)
 .text          0x010001c0       0x4c ../UARTNow_bsp//obj/HAL/src/crt0.o
                0x010001c0                _start
 .text          0x0100020c      0x2dc obj/default/main.o
                0x0100020c                sendToggle
                0x01000250                uart_isr
                0x01000280                readFromUart
                0x010002b4                writeToUart
                0x01000340                waitXbeeGuardTime
                0x01000378                sendXbeeConfigureStart
                0x010003d4                receiveXbeeConfigureConfirm
                0x01000430                uart_test_task
                0x01000470                main
 .text          0x010004e8       0x78 c:/altera/12.1sp1/nios2eds/bin/gnu/h-i686-mingw32/bin/../lib/gcc/nios2-elf/4.1.2/../../../../nios2-elf/lib\libc.a(lib_a-printf.o)
                0x010004e8                printf
                0x0100052c                _printf_r
 .text          0x01000560       0xb4 c:/altera/12.1sp1/nios2eds/bin/gnu/h-i686-mingw32/bin/../lib/gcc/nios2-elf/4.1.2/../../../../nios2-elf/lib\libc.a(lib_a-puts.o)
                0x01000560                _puts_r
                0x01000600                puts
 .text          0x01000614       0x74 c:/altera/12.1sp1/nios2eds/bin/gnu/h-i686-mingw32/bin/../lib/gcc/nios2-elf/4.1.2/../../../../nios2-elf/lib\libc.a(lib_a-strlen.o)
                0x01000614                strlen
 .text          0x01000688     0x1f28 c:/altera/12.1sp1/nios2eds/bin/gnu/h-i686-mingw32/bin/../lib/gcc/nios2-elf/4.1.2/../../../../nios2-elf/lib\libc.a(lib_a-vfprintf.o)
                0x010006e0                ___vfprintf_internal_r
                0x0100258c                __vfprintf_internal
 .text          0x010025b0      0x13c c:/altera/12.1sp1/nios2eds/bin/gnu/h-i686-mingw32/bin/../lib/gcc/nios2-elf/4.1.2/../../../../nios2-elf/lib\libc.a(lib_a-wsetup.o)
                0x010025b0                __swsetup_r
 .text          0x010026ec     0x17cc c:/altera/12.1sp1/nios2eds/bin/gnu/h-i686-mingw32/bin/../lib/gcc/nios2-elf/4.1.2/../../../../nios2-elf/lib\libc.a(lib_a-dtoa.o)
                0x01002904                _dtoa_r
 .text          0x01003eb8      0x230 c:/altera/12.1sp1/nios2eds/bin/gnu/h-i686-mingw32/bin/../lib/gcc/nios2-elf/4.1.2/../../../../nios2-elf/lib\libc.a(lib_a-fflush.o)
                0x01003eb8                _fflush_r
                0x010040b4                fflush
 .text          0x010040e8      0x2c0 c:/altera/12.1sp1/nios2eds/bin/gnu/h-i686-mingw32/bin/../lib/gcc/nios2-elf/4.1.2/../../../../nios2-elf/lib\libc.a(lib_a-findfp.o)
                0x01004140                __sfp_lock_acquire
                0x01004144                __sfp_lock_release
                0x01004148                __sinit_lock_acquire
                0x0100414c                __sinit_lock_release
                0x01004150                __sinit
                0x01004204                __fp_unlock_all
                0x0100421c                __fp_lock_all
                0x01004234                _cleanup_r
                0x01004240                _cleanup
                0x01004250                __sfmoreglue
                0x010042b8                __sfp
 .text          0x010043a8      0x440 c:/altera/12.1sp1/nios2eds/bin/gnu/h-i686-mingw32/bin/../lib/gcc/nios2-elf/4.1.2/../../../../nios2-elf/lib\libc.a(lib_a-freer.o)
                0x010043a8                _malloc_trim_r
                0x010044d4                _free_r
 .text          0x010047e8      0x49c c:/altera/12.1sp1/nios2eds/bin/gnu/h-i686-mingw32/bin/../lib/gcc/nios2-elf/4.1.2/../../../../nios2-elf/lib\libc.a(lib_a-fvwrite.o)
                0x010047e8                __sfvwrite_r
 .text          0x01004c84      0x180 c:/altera/12.1sp1/nios2eds/bin/gnu/h-i686-mingw32/bin/../lib/gcc/nios2-elf/4.1.2/../../../../nios2-elf/lib\libc.a(lib_a-fwalk.o)
                0x01004c84                _fwalk_reent
                0x01004d4c                _fwalk
 .text          0x01004e04        0x0 c:/altera/12.1sp1/nios2eds/bin/gnu/h-i686-mingw32/bin/../lib/gcc/nios2-elf/4.1.2/../../../../nios2-elf/lib\libc.a(lib_a-impure.o)
 .text          0x01004e04       0xc4 c:/altera/12.1sp1/nios2eds/bin/gnu/h-i686-mingw32/bin/../lib/gcc/nios2-elf/4.1.2/../../../../nios2-elf/lib\libc.a(lib_a-locale.o)
                0x01004e04                __locale_charset
                0x01004e0c                _localeconv_r
                0x01004e18                localeconv
                0x01004e28                _setlocale_r
                0x01004eac                setlocale
 .text          0x01004ec8      0x194 c:/altera/12.1sp1/nios2eds/bin/gnu/h-i686-mingw32/bin/../lib/gcc/nios2-elf/4.1.2/../../../../nios2-elf/lib\libc.a(lib_a-makebuf.o)
                0x01004ec8                __smakebuf_r
 .text          0x0100505c      0x740 c:/altera/12.1sp1/nios2eds/bin/gnu/h-i686-mingw32/bin/../lib/gcc/nios2-elf/4.1.2/../../../../nios2-elf/lib\libc.a(lib_a-mallocr.o)
                0x0100505c                _malloc_r
 .text          0x0100579c       0xe4 c:/altera/12.1sp1/nios2eds/bin/gnu/h-i686-mingw32/bin/../lib/gcc/nios2-elf/4.1.2/../../../../nios2-elf/lib\libc.a(lib_a-memchr.o)
                0x0100579c                memchr
 .text          0x01005880       0xa0 c:/altera/12.1sp1/nios2eds/bin/gnu/h-i686-mingw32/bin/../lib/gcc/nios2-elf/4.1.2/../../../../nios2-elf/lib\libc.a(lib_a-memcpy.o)
                0x01005880                memcpy
 .text          0x01005920       0xe0 c:/altera/12.1sp1/nios2eds/bin/gnu/h-i686-mingw32/bin/../lib/gcc/nios2-elf/4.1.2/../../../../nios2-elf/lib\libc.a(lib_a-memmove.o)
                0x01005920                memmove
 .text          0x01005a00       0x98 c:/altera/12.1sp1/nios2eds/bin/gnu/h-i686-mingw32/bin/../lib/gcc/nios2-elf/4.1.2/../../../../nios2-elf/lib\libc.a(lib_a-memset.o)
                0x01005a00                memset
 .text          0x01005a98      0xff4 c:/altera/12.1sp1/nios2eds/bin/gnu/h-i686-mingw32/bin/../lib/gcc/nios2-elf/4.1.2/../../../../nios2-elf/lib\libc.a(lib_a-mprec.o)
                0x01005a98                _Bfree
                0x01005ac0                __hi0bits
                0x01005b30                __lo0bits
                0x01005bf4                __mcmp
                0x01005c54                __ulp
                0x01005cd4                __b2d
                0x01005df4                __ratio
                0x01005ea4                _mprec_log10
                0x01005f38                __copybits
                0x01005f90                __any_on
                0x01006018                _Balloc
                0x010060d4                __d2b
                0x01006250                __mdiff
                0x010063dc                __lshift
                0x01006528                __multiply
                0x01006710                __i2b
                0x0100674c                __multadd
                0x0100684c                __pow5mult
                0x0100696c                __s2b
 .text          0x01006a8c      0x5f4 c:/altera/12.1sp1/nios2eds/bin/gnu/h-i686-mingw32/bin/../lib/gcc/nios2-elf/4.1.2/../../../../nios2-elf/lib\libc.a(lib_a-reallocr.o)
                0x01006a8c                _realloc_r
 .text          0x01007080       0x40 c:/altera/12.1sp1/nios2eds/bin/gnu/h-i686-mingw32/bin/../lib/gcc/nios2-elf/4.1.2/../../../../nios2-elf/lib\libc.a(lib_a-s_isinfd.o)
                0x01007080                __isinfd
 .text          0x010070c0       0x30 c:/altera/12.1sp1/nios2eds/bin/gnu/h-i686-mingw32/bin/../lib/gcc/nios2-elf/4.1.2/../../../../nios2-elf/lib\libc.a(lib_a-s_isnand.o)
                0x010070c0                __isnand
 .text          0x010070f0       0x70 c:/altera/12.1sp1/nios2eds/bin/gnu/h-i686-mingw32/bin/../lib/gcc/nios2-elf/4.1.2/../../../../nios2-elf/lib\libc.a(lib_a-sbrkr.o)
                0x010070f0                _sbrk_r
 .text          0x01007160      0x14c c:/altera/12.1sp1/nios2eds/bin/gnu/h-i686-mingw32/bin/../lib/gcc/nios2-elf/4.1.2/../../../../nios2-elf/lib\libc.a(lib_a-stdio.o)
                0x01007160                __sclose
                0x01007168                __sseek
                0x010071d0                __swrite
                0x0100724c                __sread
 .text          0x010072ac       0xbc c:/altera/12.1sp1/nios2eds/bin/gnu/h-i686-mingw32/bin/../lib/gcc/nios2-elf/4.1.2/../../../../nios2-elf/lib\libc.a(lib_a-strcmp.o)
                0x010072ac                strcmp
 .text          0x01007368       0x78 c:/altera/12.1sp1/nios2eds/bin/gnu/h-i686-mingw32/bin/../lib/gcc/nios2-elf/4.1.2/../../../../nios2-elf/lib\libc.a(lib_a-writer.o)
                0x01007368                _write_r
 .text          0x010073e0       0xb4 c:/altera/12.1sp1/nios2eds/bin/gnu/h-i686-mingw32/bin/../lib/gcc/nios2-elf/4.1.2/../../../../nios2-elf/lib\libc.a(lib_a-callocr.o)
                0x010073e0                _calloc_r
 .text          0x01007494       0x70 c:/altera/12.1sp1/nios2eds/bin/gnu/h-i686-mingw32/bin/../lib/gcc/nios2-elf/4.1.2/../../../../nios2-elf/lib\libc.a(lib_a-closer.o)
                0x01007494                _close_r
 .text          0x01007504      0x124 c:/altera/12.1sp1/nios2eds/bin/gnu/h-i686-mingw32/bin/../lib/gcc/nios2-elf/4.1.2/../../../../nios2-elf/lib\libc.a(lib_a-fclose.o)
                0x01007504                _fclose_r
                0x01007614                fclose
 .text          0x01007628       0x74 c:/altera/12.1sp1/nios2eds/bin/gnu/h-i686-mingw32/bin/../lib/gcc/nios2-elf/4.1.2/../../../../nios2-elf/lib\libc.a(lib_a-fstatr.o)
                0x01007628                _fstat_r
 .text          0x0100769c        0x0 c:/altera/12.1sp1/nios2eds/bin/gnu/h-i686-mingw32/bin/../lib/gcc/nios2-elf/4.1.2/../../../../nios2-elf/lib\libc.a(lib_a-int_errno.o)
 .text          0x0100769c       0x70 c:/altera/12.1sp1/nios2eds/bin/gnu/h-i686-mingw32/bin/../lib/gcc/nios2-elf/4.1.2/../../../../nios2-elf/lib\libc.a(lib_a-isattyr.o)
                0x0100769c                _isatty_r
 .text          0x0100770c       0x78 c:/altera/12.1sp1/nios2eds/bin/gnu/h-i686-mingw32/bin/../lib/gcc/nios2-elf/4.1.2/../../../../nios2-elf/lib\libc.a(lib_a-lseekr.o)
                0x0100770c                _lseek_r
 .text          0x01007784       0x78 c:/altera/12.1sp1/nios2eds/bin/gnu/h-i686-mingw32/bin/../lib/gcc/nios2-elf/4.1.2/../../../../nios2-elf/lib\libc.a(lib_a-readr.o)
                0x01007784                _read_r
 .text          0x010077fc      0x5dc c:/altera/12.1sp1/nios2eds/bin/gnu/h-i686-mingw32/bin/../lib/gcc/nios2-elf/4.1.2\libgcc.a(_udivdi3.o)
                0x010077fc                __udivdi3
 .text          0x01007dd8      0x5b0 c:/altera/12.1sp1/nios2eds/bin/gnu/h-i686-mingw32/bin/../lib/gcc/nios2-elf/4.1.2\libgcc.a(_umoddi3.o)
                0x01007dd8                __umoddi3
 .text          0x01008388      0x504 c:/altera/12.1sp1/nios2eds/bin/gnu/h-i686-mingw32/bin/../lib/gcc/nios2-elf/4.1.2\libgcc.a(_addsub_df.o)
                0x01008798                __subdf3
                0x01008818                __adddf3
 .text          0x0100888c      0x3c4 c:/altera/12.1sp1/nios2eds/bin/gnu/h-i686-mingw32/bin/../lib/gcc/nios2-elf/4.1.2\libgcc.a(_mul_df.o)
                0x0100888c                __muldf3
 .text          0x01008c50      0x258 c:/altera/12.1sp1/nios2eds/bin/gnu/h-i686-mingw32/bin/../lib/gcc/nios2-elf/4.1.2\libgcc.a(_div_df.o)
                0x01008c50                __divdf3
 .text          0x01008ea8       0x88 c:/altera/12.1sp1/nios2eds/bin/gnu/h-i686-mingw32/bin/../lib/gcc/nios2-elf/4.1.2\libgcc.a(_eq_df.o)
                0x01008ea8                __eqdf2
 .text          0x01008f30       0x88 c:/altera/12.1sp1/nios2eds/bin/gnu/h-i686-mingw32/bin/../lib/gcc/nios2-elf/4.1.2\libgcc.a(_ne_df.o)
                0x01008f30                __nedf2
 .text          0x01008fb8       0x88 c:/altera/12.1sp1/nios2eds/bin/gnu/h-i686-mingw32/bin/../lib/gcc/nios2-elf/4.1.2\libgcc.a(_gt_df.o)
                0x01008fb8                __gtdf2
 .text          0x01009040       0x88 c:/altera/12.1sp1/nios2eds/bin/gnu/h-i686-mingw32/bin/../lib/gcc/nios2-elf/4.1.2\libgcc.a(_ge_df.o)
                0x01009040                __gedf2
 .text          0x010090c8       0x88 c:/altera/12.1sp1/nios2eds/bin/gnu/h-i686-mingw32/bin/../lib/gcc/nios2-elf/4.1.2\libgcc.a(_lt_df.o)
                0x010090c8                __ltdf2
 .text          0x01009150       0xf8 c:/altera/12.1sp1/nios2eds/bin/gnu/h-i686-mingw32/bin/../lib/gcc/nios2-elf/4.1.2\libgcc.a(_si_to_df.o)
                0x01009150                __floatsidf
 .text          0x01009248       0xd8 c:/altera/12.1sp1/nios2eds/bin/gnu/h-i686-mingw32/bin/../lib/gcc/nios2-elf/4.1.2\libgcc.a(_df_to_si.o)
                0x01009248                __fixdfsi
 .text          0x01009320        0x0 c:/altera/12.1sp1/nios2eds/bin/gnu/h-i686-mingw32/bin/../lib/gcc/nios2-elf/4.1.2\libgcc.a(_thenan_df.o)
 .text          0x01009320      0x194 c:/altera/12.1sp1/nios2eds/bin/gnu/h-i686-mingw32/bin/../lib/gcc/nios2-elf/4.1.2\libgcc.a(_usi_to_df.o)
                0x01009320                __floatunsidf
 .text          0x010094b4      0x14c c:/altera/12.1sp1/nios2eds/bin/gnu/h-i686-mingw32/bin/../lib/gcc/nios2-elf/4.1.2\libgcc.a(lib2-divmod.o)
                0x01009530                __divsi3
                0x01009590                __modsi3
                0x010095f0                __udivsi3
                0x010095f8                __umodsi3
 .text          0x01009600       0x98 c:/altera/12.1sp1/nios2eds/bin/gnu/h-i686-mingw32/bin/../lib/gcc/nios2-elf/4.1.2\libgcc.a(_muldi3.o)
                0x01009600                __muldi3
 .text          0x01009698        0x0 c:/altera/12.1sp1/nios2eds/bin/gnu/h-i686-mingw32/bin/../lib/gcc/nios2-elf/4.1.2\libgcc.a(_clz.o)
 .text          0x01009698       0x80 c:/altera/12.1sp1/nios2eds/bin/gnu/h-i686-mingw32/bin/../lib/gcc/nios2-elf/4.1.2\libgcc.a(_clzsi2.o)
                0x01009698                __clzsi2
 .text          0x01009718      0x314 c:/altera/12.1sp1/nios2eds/bin/gnu/h-i686-mingw32/bin/../lib/gcc/nios2-elf/4.1.2\libgcc.a(_pack_df.o)
                0x01009718                __pack_d
 .text          0x01009a2c      0x138 c:/altera/12.1sp1/nios2eds/bin/gnu/h-i686-mingw32/bin/../lib/gcc/nios2-elf/4.1.2\libgcc.a(_unpack_df.o)
                0x01009a2c                __unpack_d
 .text          0x01009b64       0xc8 c:/altera/12.1sp1/nios2eds/bin/gnu/h-i686-mingw32/bin/../lib/gcc/nios2-elf/4.1.2\libgcc.a(_fpcmp_parts_df.o)
                0x01009b64                __fpcmp_parts_d
 .text          0x01009c2c      0x15c ../UARTNow_bsp/\libucosii_bsp.a(alt_close.o)
                0x01009c2c                close
 .text          0x01009d88       0x2c ../UARTNow_bsp/\libucosii_bsp.a(alt_dev.o)
 .text          0x01009db4        0x0 ../UARTNow_bsp/\libucosii_bsp.a(alt_errno.o)
 .text          0x01009db4      0x134 ../UARTNow_bsp/\libucosii_bsp.a(alt_fstat.o)
                0x01009db4                fstat
 .text          0x01009ee8      0x120 ../UARTNow_bsp/\libucosii_bsp.a(alt_isatty.o)
                0x01009ee8                isatty
 .text          0x0100a008       0xec ../UARTNow_bsp/\libucosii_bsp.a(alt_load.o)
                0x0100a008                alt_load
 .text          0x0100a0f4      0x150 ../UARTNow_bsp/\libucosii_bsp.a(alt_lseek.o)
                0x0100a0f4                lseek
 .text          0x0100a244       0xc8 ../UARTNow_bsp/\libucosii_bsp.a(alt_main.o)
                0x0100a244                alt_main
 .text          0x0100a30c      0x180 ../UARTNow_bsp/\libucosii_bsp.a(alt_read.o)
                0x0100a30c                read
 .text          0x0100a48c       0x60 ../UARTNow_bsp/\libucosii_bsp.a(alt_release_fd.o)
                0x0100a48c                alt_release_fd
 .text          0x0100a4ec       0xbc ../UARTNow_bsp/\libucosii_bsp.a(alt_sbrk.o)
                0x0100a4ec                sbrk
 .text          0x0100a5a8      0x180 ../UARTNow_bsp/\libucosii_bsp.a(alt_write.o)
                0x0100a5a8                write
 .text          0x0100a728      0x108 ../UARTNow_bsp/\libucosii_bsp.a(alt_env_lock.o)
                0x0100a728                __env_lock
                0x0100a7d4                __env_unlock
 .text          0x0100a830      0x1d8 ../UARTNow_bsp/\libucosii_bsp.a(alt_malloc_lock.o)
                0x0100a830                __malloc_lock
                0x0100a938                __malloc_unlock
 .text          0x0100aa08     0x2128 ../UARTNow_bsp/\libucosii_bsp.a(os_core.o)
                0x0100aa08                OSEventNameGet
                0x0100ab38                OSEventNameSet
                0x0100ac7c                OSEventPendMulti
                0x0100b330                OSInit
                0x0100b384                OSIntEnter
                0x0100b400                OSIntExit
                0x0100b500                OSSchedLock
                0x0100b58c                OSSchedUnlock
                0x0100b670                OSStart
                0x0100b6e0                OSStatInit
                0x0100b78c                OSTimeTick
                0x0100b9cc                OSVersion
                0x0100b9ec                OS_Dummy
                0x0100ba08                OS_EventTaskRdy
                0x0100bb9c                OS_EventTaskWait
                0x0100bcac                OS_EventTaskWaitMulti
                0x0100be00                OS_EventTaskRemove
                0x0100beb8                OS_EventTaskRemoveMulti
                0x0100bfbc                OS_EventWaitListInit
                0x0100c388                OS_MemClr
                0x0100c3dc                OS_MemCopy
                0x0100c448                OS_Sched
                0x0100c58c                OS_StrCopy
                0x0100c60c                OS_StrLen
                0x0100c664                OS_TaskIdle
                0x0100c6c0                OS_TaskStat
                0x0100c788                OS_TaskStatStkChk
                0x0100c850                OS_TCBInit
 .text          0x0100cb30      0x18c ../UARTNow_bsp/\libucosii_bsp.a(os_dbg.o)
                0x0100cb30                OSDebugInit
 .text          0x0100ccbc     0x193c ../UARTNow_bsp/\libucosii_bsp.a(os_flag.o)
                0x0100ccbc                OSFlagAccept
                0x0100cff0                OSFlagCreate
                0x0100d12c                OSFlagDel
                0x0100d3d4                OSFlagNameGet
                0x0100d518                OSFlagNameSet
                0x0100d66c                OSFlagPend
                0x0100dcb0                OSFlagPendGetFlagsRdy
                0x0100dd18                OSFlagPost
                0x0100e0c0                OSFlagQuery
                0x0100e358                OS_FlagInit
                0x0100e54c                OS_FlagUnlink
 .text          0x0100e5f8      0x808 ../UARTNow_bsp/\libucosii_bsp.a(os_mem.o)
                0x0100e5f8                OSMemCreate
                0x0100e814                OSMemGet
                0x0100e918                OSMemNameGet
                0x0100ea24                OSMemNameSet
                0x0100eb44                OSMemPut
                0x0100ec34                OSMemQuery
                0x0100ed30                OS_MemInit
 .text          0x0100ee00     0x1334 ../UARTNow_bsp/\libucosii_bsp.a(os_q.o)
                0x0100ee00                OSQAccept
                0x0100ef54                OSQCreate
                0x0100f168                OSQDel
                0x0100f468                OSQFlush
                0x0100f530                OSQPend
                0x0100f850                OSQPendAbort
                0x0100f9cc                OSQPost
                0x0100fb4c                OSQPostFront
                0x0100fcd4                OSQPostOpt
                0x0100ff08                OSQQuery
                0x01010088                OS_QInit
 .text          0x01010134      0xbc8 ../UARTNow_bsp/\libucosii_bsp.a(os_sem.o)
                0x01010134                OSSemAccept
                0x010101f4                OSSemCreate
                0x01010308                OSSemDel
                0x010105a8                OSSemPend
                0x01010824                OSSemPendAbort
                0x010109a0                OSSemPost
                0x01010ac8                OSSemQuery
                0x01010bf8                OSSemSet
 .text          0x01010cfc     0x1a40 ../UARTNow_bsp/\libucosii_bsp.a(os_task.o)
                0x01010cfc                OSTaskChangePrio
                0x01011270                OSTaskCreate
                0x01011444                OSTaskCreateExt
                0x01011644                OSTaskDel
                0x01011a50                OSTaskDelReq
                0x01011bc0                OSTaskNameGet
                0x01011d78                OSTaskNameSet
                0x01011f3c                OSTaskResume
                0x01012154                OSTaskStkChk
                0x01012350                OSTaskSuspend
                0x0101257c                OSTaskQuery
                0x010126c0                OS_TaskStkClr
 .text          0x0101273c      0x598 ../UARTNow_bsp/\libucosii_bsp.a(os_time.o)
                0x0101273c                OSTimeDly
                0x01012888                OSTimeDlyHMSM
                0x010129fc                OSTimeDlyResume
                0x01012c0c                OSTimeGet
                0x01012c70                OSTimeSet
 .text          0x01012cd4      0x114 ../UARTNow_bsp/\libucosii_bsp.a(alt_sys_init.o)
                0x01012cd4                alt_irq_init
                0x01012d08                alt_sys_init
 .text          0x01012de8      0x148 ../UARTNow_bsp/\libucosii_bsp.a(altera_avalon_jtag_uart_fd.o)
                0x01012de8                altera_avalon_jtag_uart_read_fd
                0x01012e40                altera_avalon_jtag_uart_write_fd
                0x01012e98                altera_avalon_jtag_uart_close_fd
                0x01012ee0                altera_avalon_jtag_uart_ioctl_fd
 .text          0x01012f30      0x580 ../UARTNow_bsp/\libucosii_bsp.a(altera_avalon_jtag_uart_init.o)
                0x01012f30                altera_avalon_jtag_uart_init
                0x0101343c                altera_avalon_jtag_uart_close
 .text          0x010134b0       0xf4 ../UARTNow_bsp/\libucosii_bsp.a(altera_avalon_jtag_uart_ioctl.o)
                0x010134b0                altera_avalon_jtag_uart_ioctl
 .text          0x010135a4      0x2c0 ../UARTNow_bsp/\libucosii_bsp.a(altera_avalon_jtag_uart_read.o)
                0x010135a4                altera_avalon_jtag_uart_read
 .text          0x01013864      0x2dc ../UARTNow_bsp/\libucosii_bsp.a(altera_avalon_jtag_uart_write.o)
                0x01013864                altera_avalon_jtag_uart_write
 .text          0x01013b40       0xfc ../UARTNow_bsp/\libucosii_bsp.a(altera_avalon_timer_sc.o)
                0x01013bb4                alt_avalon_timer_sc_init
 .text          0x01013c3c       0xf8 ../UARTNow_bsp/\libucosii_bsp.a(altera_avalon_uart_fd.o)
                0x01013c3c                altera_avalon_uart_read_fd
                0x01013c94                altera_avalon_uart_write_fd
                0x01013cec                altera_avalon_uart_close_fd
 .text          0x01013d34      0x578 ../UARTNow_bsp/\libucosii_bsp.a(altera_avalon_uart_init.o)
                0x01013d34                altera_avalon_uart_init
                0x0101424c                altera_avalon_uart_close
 .text          0x010142ac      0x310 ../UARTNow_bsp/\libucosii_bsp.a(altera_avalon_uart_read.o)
                0x010142ac                altera_avalon_uart_read
 .text          0x010145bc      0x2a8 ../UARTNow_bsp/\libucosii_bsp.a(altera_avalon_uart_write.o)
                0x010145bc                altera_avalon_uart_write
 .text          0x01014864      0x398 ../UARTNow_bsp/\libucosii_bsp.a(altera_up_avalon_rs232.o)
                0x01014864                alt_up_rs232_enable_read_interrupt
                0x010148b8                alt_up_rs232_disable_read_interrupt
                0x01014910                alt_up_rs232_get_used_space_in_read_FIFO
                0x0101494c                alt_up_rs232_get_available_space_in_write_FIFO
                0x0101498c                alt_up_rs232_check_parity
                0x010149dc                alt_up_rs232_write_data
                0x01014a24                alt_up_rs232_read_data
                0x01014a98                alt_up_rs232_read_fd
                0x01014b28                alt_up_rs232_write_fd
                0x01014bbc                alt_up_rs232_open_dev
 .text          0x01014bfc      0x154 ../UARTNow_bsp/\libucosii_bsp.a(alt_alarm_start.o)
                0x01014bfc                alt_alarm_start
 .text          0x01014d50       0x44 ../UARTNow_bsp/\libucosii_bsp.a(alt_dcache_flush_all.o)
                0x01014d50                alt_dcache_flush_all
 .text          0x01014d94      0x114 ../UARTNow_bsp/\libucosii_bsp.a(alt_dev_llist_insert.o)
                0x01014d94                alt_dev_llist_insert
 .text          0x01014ea8       0x64 ../UARTNow_bsp/\libucosii_bsp.a(alt_do_ctors.o)
                0x01014ea8                _do_ctors
 .text          0x01014f0c       0x64 ../UARTNow_bsp/\libucosii_bsp.a(alt_do_dtors.o)
                0x01014f0c                _do_dtors
 .text          0x01014f70       0x94 ../UARTNow_bsp/\libucosii_bsp.a(alt_find_dev.o)
                0x01014f70                alt_find_dev
 .text          0x01015004       0x30 ../UARTNow_bsp/\libucosii_bsp.a(alt_icache_flush_all.o)
                0x01015004                alt_icache_flush_all
 .text          0x01015034      0x13c ../UARTNow_bsp/\libucosii_bsp.a(alt_io_redirect.o)
                0x010150f8                alt_io_redirect
 .text          0x01015170      0x1c0 ../UARTNow_bsp/\libucosii_bsp.a(alt_irq_register.o)
                0x01015170                alt_irq_register
 .text          0x01015330        0x0 ../UARTNow_bsp/\libucosii_bsp.a(alt_irq_vars.o)
 .text          0x01015330      0x2c4 ../UARTNow_bsp/\libucosii_bsp.a(alt_open.o)
                0x0101540c                open
 .text          0x010155f4      0x1a8 ../UARTNow_bsp/\libucosii_bsp.a(alt_tick.o)
                0x010155f4                alt_alarm_stop
                0x0101568c                alt_tick
 .text          0x0101579c       0x20 ../UARTNow_bsp/\libucosii_bsp.a(altera_nios2_qsys_irq.o)
                0x0101579c                altera_nios2_qsys_irq_init
 .text          0x010157bc       0xd0 ../UARTNow_bsp/\libucosii_bsp.a(os_cpu_a.o)
                0x010157bc                OSCtxSw
                0x010157bc                OSIntCtxSw
                0x01015848                OSStartHighRdy
                0x01015868                OSStartTsk
 .text          0x0101588c      0x418 ../UARTNow_bsp/\libucosii_bsp.a(os_cpu_c.o)
                0x0101588c                OSTaskStkInit
                0x01015b9c                OSTaskCreateHook
                0x01015bbc                OSTaskDelHook
                0x01015bdc                OSTaskSwHook
                0x01015bf8                OSTaskStatHook
                0x01015c14                OSTimeTickHook
                0x01015c30                OSInitHookBegin
                0x01015c4c                OSInitHookEnd
                0x01015c68                OSTaskIdleHook
                0x01015c84                OSTCBInitHook
 .text          0x01015ca4      0x120 ../UARTNow_bsp/\libucosii_bsp.a(alt_find_file.o)
                0x01015ca4                alt_find_file
 .text          0x01015dc4       0xf4 ../UARTNow_bsp/\libucosii_bsp.a(alt_get_fd.o)
                0x01015dc4                alt_get_fd
 .text          0x01015eb8       0x90 ../UARTNow_bsp/\libucosii_bsp.a(alt_icache_flush.o)
                0x01015eb8                alt_icache_flush
 .text          0x01015f48        0x0 ../UARTNow_bsp/\libucosii_bsp.a(alt_irq_entry.o)
 .text          0x01015f48        0x0 ../UARTNow_bsp/\libucosii_bsp.a(alt_irq_handler.o)
 .text          0x01015f48        0x0 ../UARTNow_bsp/\libucosii_bsp.a(alt_exception_entry.o)
 .text          0x01015f48       0x14 c:/altera/12.1sp1/nios2eds/bin/gnu/h-i686-mingw32/bin/../lib/gcc/nios2-elf/4.1.2/../../../../nios2-elf/lib\libc.a(lib_a-atexit.o)
                0x01015f48                atexit
 .text          0x01015f5c       0x38 c:/altera/12.1sp1/nios2eds/bin/gnu/h-i686-mingw32/bin/../lib/gcc/nios2-elf/4.1.2/../../../../nios2-elf/lib\libc.a(lib_a-exit.o)
                0x01015f5c                exit
 .text          0x01015f94       0x74 c:/altera/12.1sp1/nios2eds/bin/gnu/h-i686-mingw32/bin/../lib/gcc/nios2-elf/4.1.2/../../../../nios2-elf/lib\libc.a(lib_a-memcmp.o)
                0x01015f94                memcmp
 .text          0x01016008      0x134 c:/altera/12.1sp1/nios2eds/bin/gnu/h-i686-mingw32/bin/../lib/gcc/nios2-elf/4.1.2/../../../../nios2-elf/lib\libc.a(lib_a-__atexit.o)
                0x01016008                __register_exitproc
 .text          0x0101613c      0x1b4 c:/altera/12.1sp1/nios2eds/bin/gnu/h-i686-mingw32/bin/../lib/gcc/nios2-elf/4.1.2/../../../../nios2-elf/lib\libc.a(lib_a-__call_atexit.o)
                0x01016140                __call_exitprocs
 .text          0x010162f0       0x6c ../UARTNow_bsp/\libucosii_bsp.a(alt_exit.o)
                0x01016330                _exit
 *(.gnu.warning.*)
 *(.fini)
                0x0101635c                PROVIDE (__etext, ABSOLUTE (.))
                0x0101635c                PROVIDE (_etext, ABSOLUTE (.))
                0x0101635c                PROVIDE (etext, ABSOLUTE (.))
 *(.eh_frame_hdr)
                0x0101635c                . = ALIGN (0x4)
                0x0101635c                PROVIDE (__preinit_array_start, ABSOLUTE (.))
 *(.preinit_array)
                0x0101635c                PROVIDE (__preinit_array_end, ABSOLUTE (.))
                0x0101635c                PROVIDE (__init_array_start, ABSOLUTE (.))
 *(.init_array)
                0x0101635c                PROVIDE (__init_array_end, ABSOLUTE (.))
                0x0101635c                PROVIDE (__fini_array_start, ABSOLUTE (.))
 *(.fini_array)
                0x0101635c                PROVIDE (__fini_array_end, ABSOLUTE (.))
 *(.eh_frame)
 *(.gcc_except_table)
 *(.dynamic)
                0x0101635c                PROVIDE (__CTOR_LIST__, ABSOLUTE (.))
 *(.ctors)
 *(SORT(.ctors.*))
 .ctors.65535   0x0101635c        0x4 c:/altera/12.1sp1/nios2eds/bin/gnu/h-i686-mingw32/bin/../lib/gcc/nios2-elf/4.1.2/../../../../nios2-elf/lib\libc.a(lib_a-__call_atexit.o)
                0x01016360                PROVIDE (__CTOR_END__, ABSOLUTE (.))
                0x01016360                PROVIDE (__DTOR_LIST__, ABSOLUTE (.))
 *(.dtors)
 *(SORT(.dtors.*))
                0x01016360                PROVIDE (__DTOR_END__, ABSOLUTE (.))
 *(.jcr)
                0x01016360                . = ALIGN (0x4)

.rodata         0x01016360      0x4f4
                0x01016360                PROVIDE (__ram_rodata_start, ABSOLUTE (.))
                0x01016360                . = ALIGN (0x4)
 *(.rodata .rodata.* .gnu.linkonce.r.*)
 .rodata        0x01016360       0x5c obj/default/main.o
 .rodata.str1.4
                0x010163bc        0x2 c:/altera/12.1sp1/nios2eds/bin/gnu/h-i686-mingw32/bin/../lib/gcc/nios2-elf/4.1.2/../../../../nios2-elf/lib\libc.a(lib_a-puts.o)
                                  0x4 (size before relaxing)
 *fill*         0x010163be        0x2 00
 .rodata.str1.4
                0x010163c0       0x5e c:/altera/12.1sp1/nios2eds/bin/gnu/h-i686-mingw32/bin/../lib/gcc/nios2-elf/4.1.2/../../../../nios2-elf/lib\libc.a(lib_a-vfprintf.o)
                                 0x60 (size before relaxing)
 .rodata        0x0101641e       0x20 c:/altera/12.1sp1/nios2eds/bin/gnu/h-i686-mingw32/bin/../lib/gcc/nios2-elf/4.1.2/../../../../nios2-elf/lib\libc.a(lib_a-vfprintf.o)
 *fill*         0x0101643e        0x2 00
 .rodata.str1.4
                0x01016440       0x10 c:/altera/12.1sp1/nios2eds/bin/gnu/h-i686-mingw32/bin/../lib/gcc/nios2-elf/4.1.2/../../../../nios2-elf/lib\libc.a(lib_a-dtoa.o)
                                 0x14 (size before relaxing)
 .rodata.str1.4
                0x01016450        0x2 c:/altera/12.1sp1/nios2eds/bin/gnu/h-i686-mingw32/bin/../lib/gcc/nios2-elf/4.1.2/../../../../nios2-elf/lib\libc.a(lib_a-impure.o)
                                  0x4 (size before relaxing)
 *fill*         0x01016452        0x2 00
 .rodata.str1.4
                0x01016454       0x10 c:/altera/12.1sp1/nios2eds/bin/gnu/h-i686-mingw32/bin/../lib/gcc/nios2-elf/4.1.2/../../../../nios2-elf/lib\libc.a(lib_a-locale.o)
                                 0x18 (size before relaxing)
 .rodata        0x01016464       0x30 c:/altera/12.1sp1/nios2eds/bin/gnu/h-i686-mingw32/bin/../lib/gcc/nios2-elf/4.1.2/../../../../nios2-elf/lib\libc.a(lib_a-locale.o)
 .rodata        0x01016494      0x124 c:/altera/12.1sp1/nios2eds/bin/gnu/h-i686-mingw32/bin/../lib/gcc/nios2-elf/4.1.2/../../../../nios2-elf/lib\libc.a(lib_a-mprec.o)
                0x01016494                __mprec_tens
                0x0101655c                __mprec_bigtens
                0x01016584                __mprec_tinytens
 .rodata        0x010165b8       0x14 c:/altera/12.1sp1/nios2eds/bin/gnu/h-i686-mingw32/bin/../lib/gcc/nios2-elf/4.1.2\libgcc.a(_thenan_df.o)
                0x010165b8                __thenan_df
 .rodata        0x010165cc      0x100 c:/altera/12.1sp1/nios2eds/bin/gnu/h-i686-mingw32/bin/../lib/gcc/nios2-elf/4.1.2\libgcc.a(_clz.o)
                0x010165cc                __clz_tab
 .rodata        0x010166cc        0xc ../UARTNow_bsp/\libucosii_bsp.a(alt_dev.o)
 .rodata        0x010166d8       0x14 ../UARTNow_bsp/\libucosii_bsp.a(alt_main.o)
 .rodata        0x010166ec      0x120 ../UARTNow_bsp/\libucosii_bsp.a(os_core.o)
                0x010166ec                OSUnMapTbl
 .rodata        0x0101680c       0x44 ../UARTNow_bsp/\libucosii_bsp.a(alt_sys_init.o)
 .rodata        0x01016850        0x4 ../UARTNow_bsp/\libucosii_bsp.a(os_cpu_c.o)
 *(.rodata1)
                0x01016854                . = ALIGN (0x4)
                0x01016854                PROVIDE (__ram_rodata_end, ABSOLUTE (.))
                0x01016360                PROVIDE (__flash_rodata_start, LOADADDR (.rodata))

.rwdata         0x01016854     0x1cb0 load address 0x01018504
                0x01016854                PROVIDE (__ram_rwdata_start, ABSOLUTE (.))
                0x01016854                . = ALIGN (0x4)
 *(.got.plt)
 *(.got)
 *(.data1)
 *(.data .data.* .gnu.linkonce.d.*)
 .data          0x01016854        0x0 ../UARTNow_bsp//obj/HAL/src/crt0.o
 .data          0x01016854        0x0 obj/default/main.o
 .data          0x01016854        0x0 c:/altera/12.1sp1/nios2eds/bin/gnu/h-i686-mingw32/bin/../lib/gcc/nios2-elf/4.1.2/../../../../nios2-elf/lib\libc.a(lib_a-printf.o)
 .data          0x01016854        0x0 c:/altera/12.1sp1/nios2eds/bin/gnu/h-i686-mingw32/bin/../lib/gcc/nios2-elf/4.1.2/../../../../nios2-elf/lib\libc.a(lib_a-puts.o)
 .data          0x01016854        0x0 c:/altera/12.1sp1/nios2eds/bin/gnu/h-i686-mingw32/bin/../lib/gcc/nios2-elf/4.1.2/../../../../nios2-elf/lib\libc.a(lib_a-strlen.o)
 .data          0x01016854        0x0 c:/altera/12.1sp1/nios2eds/bin/gnu/h-i686-mingw32/bin/../lib/gcc/nios2-elf/4.1.2/../../../../nios2-elf/lib\libc.a(lib_a-vfprintf.o)
 .data          0x01016854        0x0 c:/altera/12.1sp1/nios2eds/bin/gnu/h-i686-mingw32/bin/../lib/gcc/nios2-elf/4.1.2/../../../../nios2-elf/lib\libc.a(lib_a-wsetup.o)
 .data          0x01016854        0x0 c:/altera/12.1sp1/nios2eds/bin/gnu/h-i686-mingw32/bin/../lib/gcc/nios2-elf/4.1.2/../../../../nios2-elf/lib\libc.a(lib_a-dtoa.o)
 .data          0x01016854        0x0 c:/altera/12.1sp1/nios2eds/bin/gnu/h-i686-mingw32/bin/../lib/gcc/nios2-elf/4.1.2/../../../../nios2-elf/lib\libc.a(lib_a-fflush.o)
 .data          0x01016854        0x0 c:/altera/12.1sp1/nios2eds/bin/gnu/h-i686-mingw32/bin/../lib/gcc/nios2-elf/4.1.2/../../../../nios2-elf/lib\libc.a(lib_a-findfp.o)
 .data          0x01016854        0x0 c:/altera/12.1sp1/nios2eds/bin/gnu/h-i686-mingw32/bin/../lib/gcc/nios2-elf/4.1.2/../../../../nios2-elf/lib\libc.a(lib_a-freer.o)
 .data          0x01016854        0x0 c:/altera/12.1sp1/nios2eds/bin/gnu/h-i686-mingw32/bin/../lib/gcc/nios2-elf/4.1.2/../../../../nios2-elf/lib\libc.a(lib_a-fvwrite.o)
 .data          0x01016854        0x0 c:/altera/12.1sp1/nios2eds/bin/gnu/h-i686-mingw32/bin/../lib/gcc/nios2-elf/4.1.2/../../../../nios2-elf/lib\libc.a(lib_a-fwalk.o)
 .data          0x01016854      0x400 c:/altera/12.1sp1/nios2eds/bin/gnu/h-i686-mingw32/bin/../lib/gcc/nios2-elf/4.1.2/../../../../nios2-elf/lib\libc.a(lib_a-impure.o)
 .data          0x01016c54        0xc c:/altera/12.1sp1/nios2eds/bin/gnu/h-i686-mingw32/bin/../lib/gcc/nios2-elf/4.1.2/../../../../nios2-elf/lib\libc.a(lib_a-locale.o)
                0x01016c54                __lc_ctype
 .data          0x01016c60        0x0 c:/altera/12.1sp1/nios2eds/bin/gnu/h-i686-mingw32/bin/../lib/gcc/nios2-elf/4.1.2/../../../../nios2-elf/lib\libc.a(lib_a-makebuf.o)
 .data          0x01016c60      0x408 c:/altera/12.1sp1/nios2eds/bin/gnu/h-i686-mingw32/bin/../lib/gcc/nios2-elf/4.1.2/../../../../nios2-elf/lib\libc.a(lib_a-mallocr.o)
                0x01016c60                __malloc_av_
 .data          0x01017068        0x0 c:/altera/12.1sp1/nios2eds/bin/gnu/h-i686-mingw32/bin/../lib/gcc/nios2-elf/4.1.2/../../../../nios2-elf/lib\libc.a(lib_a-memchr.o)
 .data          0x01017068        0x0 c:/altera/12.1sp1/nios2eds/bin/gnu/h-i686-mingw32/bin/../lib/gcc/nios2-elf/4.1.2/../../../../nios2-elf/lib\libc.a(lib_a-memcpy.o)
 .data          0x01017068        0x0 c:/altera/12.1sp1/nios2eds/bin/gnu/h-i686-mingw32/bin/../lib/gcc/nios2-elf/4.1.2/../../../../nios2-elf/lib\libc.a(lib_a-memmove.o)
 .data          0x01017068        0x0 c:/altera/12.1sp1/nios2eds/bin/gnu/h-i686-mingw32/bin/../lib/gcc/nios2-elf/4.1.2/../../../../nios2-elf/lib\libc.a(lib_a-memset.o)
 .data          0x01017068        0x0 c:/altera/12.1sp1/nios2eds/bin/gnu/h-i686-mingw32/bin/../lib/gcc/nios2-elf/4.1.2/../../../../nios2-elf/lib\libc.a(lib_a-mprec.o)
 .data          0x01017068        0x0 c:/altera/12.1sp1/nios2eds/bin/gnu/h-i686-mingw32/bin/../lib/gcc/nios2-elf/4.1.2/../../../../nios2-elf/lib\libc.a(lib_a-reallocr.o)
 .data          0x01017068        0x0 c:/altera/12.1sp1/nios2eds/bin/gnu/h-i686-mingw32/bin/../lib/gcc/nios2-elf/4.1.2/../../../../nios2-elf/lib\libc.a(lib_a-s_isinfd.o)
 .data          0x01017068        0x0 c:/altera/12.1sp1/nios2eds/bin/gnu/h-i686-mingw32/bin/../lib/gcc/nios2-elf/4.1.2/../../../../nios2-elf/lib\libc.a(lib_a-s_isnand.o)
 .data          0x01017068        0x0 c:/altera/12.1sp1/nios2eds/bin/gnu/h-i686-mingw32/bin/../lib/gcc/nios2-elf/4.1.2/../../../../nios2-elf/lib\libc.a(lib_a-sbrkr.o)
 .data          0x01017068        0x0 c:/altera/12.1sp1/nios2eds/bin/gnu/h-i686-mingw32/bin/../lib/gcc/nios2-elf/4.1.2/../../../../nios2-elf/lib\libc.a(lib_a-stdio.o)
 .data          0x01017068        0x0 c:/altera/12.1sp1/nios2eds/bin/gnu/h-i686-mingw32/bin/../lib/gcc/nios2-elf/4.1.2/../../../../nios2-elf/lib\libc.a(lib_a-strcmp.o)
 .data          0x01017068        0x0 c:/altera/12.1sp1/nios2eds/bin/gnu/h-i686-mingw32/bin/../lib/gcc/nios2-elf/4.1.2/../../../../nios2-elf/lib\libc.a(lib_a-writer.o)
 .data          0x01017068        0x0 c:/altera/12.1sp1/nios2eds/bin/gnu/h-i686-mingw32/bin/../lib/gcc/nios2-elf/4.1.2/../../../../nios2-elf/lib\libc.a(lib_a-callocr.o)
 .data          0x01017068        0x0 c:/altera/12.1sp1/nios2eds/bin/gnu/h-i686-mingw32/bin/../lib/gcc/nios2-elf/4.1.2/../../../../nios2-elf/lib\libc.a(lib_a-closer.o)
 .data          0x01017068        0x0 c:/altera/12.1sp1/nios2eds/bin/gnu/h-i686-mingw32/bin/../lib/gcc/nios2-elf/4.1.2/../../../../nios2-elf/lib\libc.a(lib_a-fclose.o)
 .data          0x01017068        0x0 c:/altera/12.1sp1/nios2eds/bin/gnu/h-i686-mingw32/bin/../lib/gcc/nios2-elf/4.1.2/../../../../nios2-elf/lib\libc.a(lib_a-fstatr.o)
 .data          0x01017068        0x0 c:/altera/12.1sp1/nios2eds/bin/gnu/h-i686-mingw32/bin/../lib/gcc/nios2-elf/4.1.2/../../../../nios2-elf/lib\libc.a(lib_a-int_errno.o)
 .data          0x01017068        0x0 c:/altera/12.1sp1/nios2eds/bin/gnu/h-i686-mingw32/bin/../lib/gcc/nios2-elf/4.1.2/../../../../nios2-elf/lib\libc.a(lib_a-isattyr.o)
 .data          0x01017068        0x0 c:/altera/12.1sp1/nios2eds/bin/gnu/h-i686-mingw32/bin/../lib/gcc/nios2-elf/4.1.2/../../../../nios2-elf/lib\libc.a(lib_a-lseekr.o)
 .data          0x01017068        0x0 c:/altera/12.1sp1/nios2eds/bin/gnu/h-i686-mingw32/bin/../lib/gcc/nios2-elf/4.1.2/../../../../nios2-elf/lib\libc.a(lib_a-readr.o)
 .data          0x01017068        0x0 c:/altera/12.1sp1/nios2eds/bin/gnu/h-i686-mingw32/bin/../lib/gcc/nios2-elf/4.1.2\libgcc.a(_udivdi3.o)
 .data          0x01017068        0x0 c:/altera/12.1sp1/nios2eds/bin/gnu/h-i686-mingw32/bin/../lib/gcc/nios2-elf/4.1.2\libgcc.a(_umoddi3.o)
 .data          0x01017068        0x0 c:/altera/12.1sp1/nios2eds/bin/gnu/h-i686-mingw32/bin/../lib/gcc/nios2-elf/4.1.2\libgcc.a(_addsub_df.o)
 .data          0x01017068        0x0 c:/altera/12.1sp1/nios2eds/bin/gnu/h-i686-mingw32/bin/../lib/gcc/nios2-elf/4.1.2\libgcc.a(_mul_df.o)
 .data          0x01017068        0x0 c:/altera/12.1sp1/nios2eds/bin/gnu/h-i686-mingw32/bin/../lib/gcc/nios2-elf/4.1.2\libgcc.a(_div_df.o)
 .data          0x01017068        0x0 c:/altera/12.1sp1/nios2eds/bin/gnu/h-i686-mingw32/bin/../lib/gcc/nios2-elf/4.1.2\libgcc.a(_eq_df.o)
 .data          0x01017068        0x0 c:/altera/12.1sp1/nios2eds/bin/gnu/h-i686-mingw32/bin/../lib/gcc/nios2-elf/4.1.2\libgcc.a(_ne_df.o)
 .data          0x01017068        0x0 c:/altera/12.1sp1/nios2eds/bin/gnu/h-i686-mingw32/bin/../lib/gcc/nios2-elf/4.1.2\libgcc.a(_gt_df.o)
 .data          0x01017068        0x0 c:/altera/12.1sp1/nios2eds/bin/gnu/h-i686-mingw32/bin/../lib/gcc/nios2-elf/4.1.2\libgcc.a(_ge_df.o)
 .data          0x01017068        0x0 c:/altera/12.1sp1/nios2eds/bin/gnu/h-i686-mingw32/bin/../lib/gcc/nios2-elf/4.1.2\libgcc.a(_lt_df.o)
 .data          0x01017068        0x0 c:/altera/12.1sp1/nios2eds/bin/gnu/h-i686-mingw32/bin/../lib/gcc/nios2-elf/4.1.2\libgcc.a(_si_to_df.o)
 .data          0x01017068        0x0 c:/altera/12.1sp1/nios2eds/bin/gnu/h-i686-mingw32/bin/../lib/gcc/nios2-elf/4.1.2\libgcc.a(_df_to_si.o)
 .data          0x01017068        0x0 c:/altera/12.1sp1/nios2eds/bin/gnu/h-i686-mingw32/bin/../lib/gcc/nios2-elf/4.1.2\libgcc.a(_thenan_df.o)
 .data          0x01017068        0x0 c:/altera/12.1sp1/nios2eds/bin/gnu/h-i686-mingw32/bin/../lib/gcc/nios2-elf/4.1.2\libgcc.a(_usi_to_df.o)
 .data          0x01017068        0x0 c:/altera/12.1sp1/nios2eds/bin/gnu/h-i686-mingw32/bin/../lib/gcc/nios2-elf/4.1.2\libgcc.a(lib2-divmod.o)
 .data          0x01017068        0x0 c:/altera/12.1sp1/nios2eds/bin/gnu/h-i686-mingw32/bin/../lib/gcc/nios2-elf/4.1.2\libgcc.a(_muldi3.o)
 .data          0x01017068        0x0 c:/altera/12.1sp1/nios2eds/bin/gnu/h-i686-mingw32/bin/../lib/gcc/nios2-elf/4.1.2\libgcc.a(_clz.o)
 .data          0x01017068        0x0 c:/altera/12.1sp1/nios2eds/bin/gnu/h-i686-mingw32/bin/../lib/gcc/nios2-elf/4.1.2\libgcc.a(_clzsi2.o)
 .data          0x01017068        0x0 c:/altera/12.1sp1/nios2eds/bin/gnu/h-i686-mingw32/bin/../lib/gcc/nios2-elf/4.1.2\libgcc.a(_pack_df.o)
 .data          0x01017068        0x0 c:/altera/12.1sp1/nios2eds/bin/gnu/h-i686-mingw32/bin/../lib/gcc/nios2-elf/4.1.2\libgcc.a(_unpack_df.o)
 .data          0x01017068        0x0 c:/altera/12.1sp1/nios2eds/bin/gnu/h-i686-mingw32/bin/../lib/gcc/nios2-elf/4.1.2\libgcc.a(_fpcmp_parts_df.o)
 .data          0x01017068        0x0 ../UARTNow_bsp/\libucosii_bsp.a(alt_close.o)
 .data          0x01017068      0x1a8 ../UARTNow_bsp/\libucosii_bsp.a(alt_dev.o)
                0x01017068                alt_dev_null
                0x01017090                alt_fd_list
 .data          0x01017210        0x0 ../UARTNow_bsp/\libucosii_bsp.a(alt_errno.o)
 .data          0x01017210        0x0 ../UARTNow_bsp/\libucosii_bsp.a(alt_fstat.o)
 .data          0x01017210        0x0 ../UARTNow_bsp/\libucosii_bsp.a(alt_isatty.o)
 .data          0x01017210        0x0 ../UARTNow_bsp/\libucosii_bsp.a(alt_load.o)
 .data          0x01017210        0x0 ../UARTNow_bsp/\libucosii_bsp.a(alt_lseek.o)
 .data          0x01017210        0x0 ../UARTNow_bsp/\libucosii_bsp.a(alt_main.o)
 .data          0x01017210        0x0 ../UARTNow_bsp/\libucosii_bsp.a(alt_read.o)
 .data          0x01017210        0x0 ../UARTNow_bsp/\libucosii_bsp.a(alt_release_fd.o)
 .data          0x01017210        0x0 ../UARTNow_bsp/\libucosii_bsp.a(alt_sbrk.o)
 .data          0x01017210        0x0 ../UARTNow_bsp/\libucosii_bsp.a(alt_write.o)
 .data          0x01017210        0x0 ../UARTNow_bsp/\libucosii_bsp.a(alt_env_lock.o)
 .data          0x01017210        0x0 ../UARTNow_bsp/\libucosii_bsp.a(alt_malloc_lock.o)
 .data          0x01017210        0x0 ../UARTNow_bsp/\libucosii_bsp.a(os_core.o)
 .data          0x01017210        0x0 ../UARTNow_bsp/\libucosii_bsp.a(os_dbg.o)
 .data          0x01017210        0x0 ../UARTNow_bsp/\libucosii_bsp.a(os_flag.o)
 .data          0x01017210        0x0 ../UARTNow_bsp/\libucosii_bsp.a(os_mem.o)
 .data          0x01017210        0x0 ../UARTNow_bsp/\libucosii_bsp.a(os_q.o)
 .data          0x01017210        0x0 ../UARTNow_bsp/\libucosii_bsp.a(os_sem.o)
 .data          0x01017210        0x0 ../UARTNow_bsp/\libucosii_bsp.a(os_task.o)
 .data          0x01017210        0x0 ../UARTNow_bsp/\libucosii_bsp.a(os_time.o)
 .data          0x01017210     0x1238 ../UARTNow_bsp/\libucosii_bsp.a(alt_sys_init.o)
 .data          0x01018448        0x0 ../UARTNow_bsp/\libucosii_bsp.a(altera_avalon_jtag_uart_fd.o)
 .data          0x01018448        0x0 ../UARTNow_bsp/\libucosii_bsp.a(altera_avalon_jtag_uart_init.o)
 .data          0x01018448        0x0 ../UARTNow_bsp/\libucosii_bsp.a(altera_avalon_jtag_uart_ioctl.o)
 .data          0x01018448        0x0 ../UARTNow_bsp/\libucosii_bsp.a(altera_avalon_jtag_uart_read.o)
 .data          0x01018448        0x0 ../UARTNow_bsp/\libucosii_bsp.a(altera_avalon_jtag_uart_write.o)
 .data          0x01018448        0x0 ../UARTNow_bsp/\libucosii_bsp.a(altera_avalon_timer_sc.o)
 .data          0x01018448        0x0 ../UARTNow_bsp/\libucosii_bsp.a(altera_avalon_uart_fd.o)
 .data          0x01018448        0x0 ../UARTNow_bsp/\libucosii_bsp.a(altera_avalon_uart_init.o)
 .data          0x01018448        0x0 ../UARTNow_bsp/\libucosii_bsp.a(altera_avalon_uart_read.o)
 .data          0x01018448        0x0 ../UARTNow_bsp/\libucosii_bsp.a(altera_avalon_uart_write.o)
 .data          0x01018448        0x0 ../UARTNow_bsp/\libucosii_bsp.a(altera_up_avalon_rs232.o)
 .data          0x01018448        0x0 ../UARTNow_bsp/\libucosii_bsp.a(alt_alarm_start.o)
 .data          0x01018448        0x0 ../UARTNow_bsp/\libucosii_bsp.a(alt_dcache_flush_all.o)
 .data          0x01018448        0x0 ../UARTNow_bsp/\libucosii_bsp.a(alt_dev_llist_insert.o)
 .data          0x01018448        0x0 ../UARTNow_bsp/\libucosii_bsp.a(alt_do_ctors.o)
 .data          0x01018448        0x0 ../UARTNow_bsp/\libucosii_bsp.a(alt_do_dtors.o)
 .data          0x01018448        0x0 ../UARTNow_bsp/\libucosii_bsp.a(alt_find_dev.o)
 .data          0x01018448        0x0 ../UARTNow_bsp/\libucosii_bsp.a(alt_icache_flush_all.o)
 .data          0x01018448        0x0 ../UARTNow_bsp/\libucosii_bsp.a(alt_io_redirect.o)
 .data          0x01018448        0x0 ../UARTNow_bsp/\libucosii_bsp.a(alt_irq_register.o)
 .data          0x01018448        0x0 ../UARTNow_bsp/\libucosii_bsp.a(alt_irq_vars.o)
 .data          0x01018448        0x0 ../UARTNow_bsp/\libucosii_bsp.a(alt_open.o)
 .data          0x01018448        0x0 ../UARTNow_bsp/\libucosii_bsp.a(alt_tick.o)
 .data          0x01018448        0x0 ../UARTNow_bsp/\libucosii_bsp.a(altera_nios2_qsys_irq.o)
 .data          0x01018448        0x0 ../UARTNow_bsp/\libucosii_bsp.a(os_cpu_a.o)
 .data          0x01018448        0x0 ../UARTNow_bsp/\libucosii_bsp.a(os_cpu_c.o)
 .data          0x01018448        0x0 ../UARTNow_bsp/\libucosii_bsp.a(alt_find_file.o)
 .data          0x01018448        0x0 ../UARTNow_bsp/\libucosii_bsp.a(alt_get_fd.o)
 .data          0x01018448        0x0 ../UARTNow_bsp/\libucosii_bsp.a(alt_icache_flush.o)
 .data          0x01018448        0x0 ../UARTNow_bsp/\libucosii_bsp.a(alt_irq_entry.o)
 .data          0x01018448        0x0 ../UARTNow_bsp/\libucosii_bsp.a(alt_irq_handler.o)
 .data          0x01018448        0x0 ../UARTNow_bsp/\libucosii_bsp.a(alt_exception_entry.o)
 .data          0x01018448        0x0 c:/altera/12.1sp1/nios2eds/bin/gnu/h-i686-mingw32/bin/../lib/gcc/nios2-elf/4.1.2/../../../../nios2-elf/lib\libc.a(lib_a-atexit.o)
 .data          0x01018448        0x0 c:/altera/12.1sp1/nios2eds/bin/gnu/h-i686-mingw32/bin/../lib/gcc/nios2-elf/4.1.2/../../../../nios2-elf/lib\libc.a(lib_a-exit.o)
 .data          0x01018448        0x0 c:/altera/12.1sp1/nios2eds/bin/gnu/h-i686-mingw32/bin/../lib/gcc/nios2-elf/4.1.2/../../../../nios2-elf/lib\libc.a(lib_a-memcmp.o)
 .data          0x01018448        0x0 c:/altera/12.1sp1/nios2eds/bin/gnu/h-i686-mingw32/bin/../lib/gcc/nios2-elf/4.1.2/../../../../nios2-elf/lib\libc.a(lib_a-__atexit.o)
 .data          0x01018448        0x0 c:/altera/12.1sp1/nios2eds/bin/gnu/h-i686-mingw32/bin/../lib/gcc/nios2-elf/4.1.2/../../../../nios2-elf/lib\libc.a(lib_a-__call_atexit.o)
 .data          0x01018448        0x0 ../UARTNow_bsp/\libucosii_bsp.a(alt_exit.o)
                0x01020448                _gp = ABSOLUTE ((. + 0x8000))
                0x01020448                PROVIDE (gp, _gp)
 *(.rwdata .rwdata.*)
 *(.sdata .sdata.* .gnu.linkonce.s.*)
 .sdata         0x01018448        0x8 c:/altera/12.1sp1/nios2eds/bin/gnu/h-i686-mingw32/bin/../lib/gcc/nios2-elf/4.1.2/../../../../nios2-elf/lib\libc.a(lib_a-impure.o)
                0x01018448                _impure_ptr
                0x0101844c                _global_impure_ptr
 .sdata         0x01018450        0x8 c:/altera/12.1sp1/nios2eds/bin/gnu/h-i686-mingw32/bin/../lib/gcc/nios2-elf/4.1.2/../../../../nios2-elf/lib\libc.a(lib_a-locale.o)
                0x01018450                __mb_cur_max
 .sdata         0x01018458        0x8 c:/altera/12.1sp1/nios2eds/bin/gnu/h-i686-mingw32/bin/../lib/gcc/nios2-elf/4.1.2/../../../../nios2-elf/lib\libc.a(lib_a-mallocr.o)
                0x01018458                __malloc_trim_threshold
                0x0101845c                __malloc_sbrk_base
 .sdata         0x01018460       0x14 ../UARTNow_bsp/\libucosii_bsp.a(alt_dev.o)
                0x01018460                alt_fs_list
                0x01018468                alt_dev_list
                0x01018470                alt_max_fd
 .sdata         0x01018474        0x4 ../UARTNow_bsp/\libucosii_bsp.a(alt_errno.o)
                0x01018474                alt_errno
 .sdata         0x01018478        0x4 ../UARTNow_bsp/\libucosii_bsp.a(alt_sbrk.o)
 .sdata         0x0101847c        0x4 ../UARTNow_bsp/\libucosii_bsp.a(alt_env_lock.o)
 .sdata         0x01018480        0x4 ../UARTNow_bsp/\libucosii_bsp.a(alt_malloc_lock.o)
 .sdata         0x01018484       0x74 ../UARTNow_bsp/\libucosii_bsp.a(os_dbg.o)
                0x01018484                OSDebugEn
                0x01018488                OSEndiannessTest
                0x0101848c                OSEventEn
                0x0101848e                OSEventMax
                0x01018490                OSEventNameSize
                0x01018492                OSEventSize
                0x01018494                OSEventTblSize
                0x01018496                OSEventMultiEn
                0x01018498                OSFlagEn
                0x0101849a                OSFlagGrpSize
                0x0101849c                OSFlagNodeSize
                0x0101849e                OSFlagWidth
                0x010184a0                OSFlagMax
                0x010184a2                OSFlagNameSize
                0x010184a4                OSLowestPrio
                0x010184a6                OSMboxEn
                0x010184a8                OSMemEn
                0x010184aa                OSMemMax
                0x010184ac                OSMemNameSize
                0x010184ae                OSMemSize
                0x010184b0                OSMemTblSize
                0x010184b2                OSMutexEn
                0x010184b4                OSPtrSize
                0x010184b6                OSQEn
                0x010184b8                OSQMax
                0x010184ba                OSQSize
                0x010184bc                OSRdyTblSize
                0x010184be                OSSemEn
                0x010184c0                OSStkWidth
                0x010184c2                OSTaskCreateEn
                0x010184c4                OSTaskCreateExtEn
                0x010184c6                OSTaskDelEn
                0x010184c8                OSTaskIdleStkSize
                0x010184ca                OSTaskProfileEn
                0x010184cc                OSTaskMax
                0x010184ce                OSTaskNameSize
                0x010184d0                OSTaskStatEn
                0x010184d2                OSTaskStatStkSize
                0x010184d4                OSTaskStatStkChkEn
                0x010184d6                OSTaskSwHookEn
                0x010184d8                OSTCBPrioTblMax
                0x010184da                OSTCBSize
                0x010184dc                OSTicksPerSec
                0x010184de                OSTimeTickHookEn
                0x010184e0                OSVersionNbr
                0x010184e2                OSTmrEn
                0x010184e4                OSTmrCfgMax
                0x010184e6                OSTmrCfgNameSize
                0x010184e8                OSTmrCfgWheelSize
                0x010184ea                OSTmrCfgTicksPerSec
                0x010184ec                OSTmrSize
                0x010184ee                OSTmrTblSize
                0x010184f0                OSTmrWheelSize
                0x010184f2                OSTmrWheelTblSize
                0x010184f4                OSDataSize
 .sdata         0x010184f8        0x4 ../UARTNow_bsp/\libucosii_bsp.a(alt_irq_vars.o)
                0x010184f8                alt_priority_mask
 .sdata         0x010184fc        0x8 ../UARTNow_bsp/\libucosii_bsp.a(alt_tick.o)
                0x010184fc                alt_alarm_list
 *(.sdata2 .sdata2.* .gnu.linkonce.s2.*)
                0x01018504                . = ALIGN (0x4)
                0x01018504                _edata = ABSOLUTE (.)
                0x01018504                PROVIDE (edata, ABSOLUTE (.))
                0x01018504                PROVIDE (__ram_rwdata_end, ABSOLUTE (.))
                0x01018504                PROVIDE (__flash_rwdata_start, LOADADDR (.rwdata))

.bss            0x0101a1b4     0x7588
                0x0101a1b4                __bss_start = ABSOLUTE (.)
                0x0101a1b4                PROVIDE (__sbss_start, ABSOLUTE (.))
                0x0101a1b4                PROVIDE (___sbss_start, ABSOLUTE (.))
 *(.dynsbss)
 *(.sbss .sbss.* .gnu.linkonce.sb.*)
 .sbss          0x0101a1b4        0x4 obj/default/main.o
                0x0101a1b4                queue
 .sbss          0x0101a1b8        0xc c:/altera/12.1sp1/nios2eds/bin/gnu/h-i686-mingw32/bin/../lib/gcc/nios2-elf/4.1.2/../../../../nios2-elf/lib\libc.a(lib_a-locale.o)
                0x0101a1b8                __nlocale_changed
                0x0101a1bc                __mlocale_changed
                0x0101a1c0                _PathLocale
 .sbss          0x0101a1c4        0xc c:/altera/12.1sp1/nios2eds/bin/gnu/h-i686-mingw32/bin/../lib/gcc/nios2-elf/4.1.2/../../../../nios2-elf/lib\libc.a(lib_a-mallocr.o)
                0x0101a1c4                __malloc_top_pad
                0x0101a1c8                __malloc_max_sbrked_mem
                0x0101a1cc                __malloc_max_total_mem
 .sbss          0x0101a1d0        0x4 c:/altera/12.1sp1/nios2eds/bin/gnu/h-i686-mingw32/bin/../lib/gcc/nios2-elf/4.1.2/../../../../nios2-elf/lib\libc.a(lib_a-int_errno.o)
                0x0101a1d0                errno
 .sbss          0x0101a1d4        0x4 ../UARTNow_bsp/\libucosii_bsp.a(alt_dev.o)
                0x0101a1d4                alt_fd_list_lock
 .sbss          0x0101a1d8        0xc ../UARTNow_bsp/\libucosii_bsp.a(alt_main.o)
                0x0101a1d8                alt_argc
                0x0101a1dc                alt_argv
                0x0101a1e0                alt_envp
 .sbss          0x0101a1e4        0x8 ../UARTNow_bsp/\libucosii_bsp.a(alt_env_lock.o)
                0x0101a1e8                alt_envsem
 .sbss          0x0101a1ec        0x8 ../UARTNow_bsp/\libucosii_bsp.a(alt_malloc_lock.o)
                0x0101a1f0                alt_heapsem
 .sbss          0x0101a1f4       0x50 ../UARTNow_bsp/\libucosii_bsp.a(os_core.o)
                0x0101a1f4                OSLockNesting
                0x0101a1f5                OSRunning
                0x0101a1f8                OSIdleCtr
                0x0101a1fc                OSPrioHighRdy
                0x0101a1fd                OSPrioCur
                0x0101a200                OSTCBList
                0x0101a204                OSTickStepState
                0x0101a208                OSCtxSwCtr
                0x0101a20c                OSIdleCtrMax
                0x0101a210                OSTCBFreeList
                0x0101a214                OSCPUUsage
                0x0101a215                OSTaskCtr
                0x0101a218                OSMemFreeList
                0x0101a21c                OSTCBHighRdy
                0x0101a220                OSQFreeList
                0x0101a224                OSRdyGrp
                0x0101a225                OSRdyTbl
                0x0101a228                OSEventFreeList
                0x0101a22c                OSIntNesting
                0x0101a230                OSTCBCur
                0x0101a234                OSTime
                0x0101a238                OSFlagFreeList
                0x0101a23c                OSStatRdy
                0x0101a240                OSIdleCtrRun
 .sbss          0x0101a244        0x4 ../UARTNow_bsp/\libucosii_bsp.a(alt_irq_vars.o)
                0x0101a244                alt_irq_active
 .sbss          0x0101a248        0x8 ../UARTNow_bsp/\libucosii_bsp.a(alt_tick.o)
                0x0101a248                _alt_tick_rate
                0x0101a24c                _alt_nticks
 *(.sbss2 .sbss2.* .gnu.linkonce.sb2.*)
 *(.scommon)
                0x0101a250                PROVIDE (__sbss_end, ABSOLUTE (.))
                0x0101a250                PROVIDE (___sbss_end, ABSOLUTE (.))
 *(.dynbss)
 *(.bss .bss.* .gnu.linkonce.b.*)
 .bss           0x0101a250        0x0 ../UARTNow_bsp//obj/HAL/src/crt0.o
 .bss           0x0101a250        0x0 obj/default/main.o
 .bss           0x0101a250        0x0 c:/altera/12.1sp1/nios2eds/bin/gnu/h-i686-mingw32/bin/../lib/gcc/nios2-elf/4.1.2/../../../../nios2-elf/lib\libc.a(lib_a-printf.o)
 .bss           0x0101a250        0x0 c:/altera/12.1sp1/nios2eds/bin/gnu/h-i686-mingw32/bin/../lib/gcc/nios2-elf/4.1.2/../../../../nios2-elf/lib\libc.a(lib_a-puts.o)
 .bss           0x0101a250        0x0 c:/altera/12.1sp1/nios2eds/bin/gnu/h-i686-mingw32/bin/../lib/gcc/nios2-elf/4.1.2/../../../../nios2-elf/lib\libc.a(lib_a-strlen.o)
 .bss           0x0101a250        0x0 c:/altera/12.1sp1/nios2eds/bin/gnu/h-i686-mingw32/bin/../lib/gcc/nios2-elf/4.1.2/../../../../nios2-elf/lib\libc.a(lib_a-vfprintf.o)
 .bss           0x0101a250        0x0 c:/altera/12.1sp1/nios2eds/bin/gnu/h-i686-mingw32/bin/../lib/gcc/nios2-elf/4.1.2/../../../../nios2-elf/lib\libc.a(lib_a-wsetup.o)
 .bss           0x0101a250        0x0 c:/altera/12.1sp1/nios2eds/bin/gnu/h-i686-mingw32/bin/../lib/gcc/nios2-elf/4.1.2/../../../../nios2-elf/lib\libc.a(lib_a-dtoa.o)
 .bss           0x0101a250        0x0 c:/altera/12.1sp1/nios2eds/bin/gnu/h-i686-mingw32/bin/../lib/gcc/nios2-elf/4.1.2/../../../../nios2-elf/lib\libc.a(lib_a-fflush.o)
 .bss           0x0101a250        0x0 c:/altera/12.1sp1/nios2eds/bin/gnu/h-i686-mingw32/bin/../lib/gcc/nios2-elf/4.1.2/../../../../nios2-elf/lib\libc.a(lib_a-findfp.o)
 .bss           0x0101a250        0x0 c:/altera/12.1sp1/nios2eds/bin/gnu/h-i686-mingw32/bin/../lib/gcc/nios2-elf/4.1.2/../../../../nios2-elf/lib\libc.a(lib_a-freer.o)
 .bss           0x0101a250        0x0 c:/altera/12.1sp1/nios2eds/bin/gnu/h-i686-mingw32/bin/../lib/gcc/nios2-elf/4.1.2/../../../../nios2-elf/lib\libc.a(lib_a-fvwrite.o)
 .bss           0x0101a250        0x0 c:/altera/12.1sp1/nios2eds/bin/gnu/h-i686-mingw32/bin/../lib/gcc/nios2-elf/4.1.2/../../../../nios2-elf/lib\libc.a(lib_a-fwalk.o)
 .bss           0x0101a250        0x0 c:/altera/12.1sp1/nios2eds/bin/gnu/h-i686-mingw32/bin/../lib/gcc/nios2-elf/4.1.2/../../../../nios2-elf/lib\libc.a(lib_a-impure.o)
 .bss           0x0101a250        0x0 c:/altera/12.1sp1/nios2eds/bin/gnu/h-i686-mingw32/bin/../lib/gcc/nios2-elf/4.1.2/../../../../nios2-elf/lib\libc.a(lib_a-locale.o)
 .bss           0x0101a250        0x0 c:/altera/12.1sp1/nios2eds/bin/gnu/h-i686-mingw32/bin/../lib/gcc/nios2-elf/4.1.2/../../../../nios2-elf/lib\libc.a(lib_a-makebuf.o)
 .bss           0x0101a250       0x28 c:/altera/12.1sp1/nios2eds/bin/gnu/h-i686-mingw32/bin/../lib/gcc/nios2-elf/4.1.2/../../../../nios2-elf/lib\libc.a(lib_a-mallocr.o)
                0x0101a250                __malloc_current_mallinfo
 .bss           0x0101a278        0x0 c:/altera/12.1sp1/nios2eds/bin/gnu/h-i686-mingw32/bin/../lib/gcc/nios2-elf/4.1.2/../../../../nios2-elf/lib\libc.a(lib_a-memchr.o)
 .bss           0x0101a278        0x0 c:/altera/12.1sp1/nios2eds/bin/gnu/h-i686-mingw32/bin/../lib/gcc/nios2-elf/4.1.2/../../../../nios2-elf/lib\libc.a(lib_a-memcpy.o)
 .bss           0x0101a278        0x0 c:/altera/12.1sp1/nios2eds/bin/gnu/h-i686-mingw32/bin/../lib/gcc/nios2-elf/4.1.2/../../../../nios2-elf/lib\libc.a(lib_a-memmove.o)
 .bss           0x0101a278        0x0 c:/altera/12.1sp1/nios2eds/bin/gnu/h-i686-mingw32/bin/../lib/gcc/nios2-elf/4.1.2/../../../../nios2-elf/lib\libc.a(lib_a-memset.o)
 .bss           0x0101a278        0x0 c:/altera/12.1sp1/nios2eds/bin/gnu/h-i686-mingw32/bin/../lib/gcc/nios2-elf/4.1.2/../../../../nios2-elf/lib\libc.a(lib_a-mprec.o)
 .bss           0x0101a278        0x0 c:/altera/12.1sp1/nios2eds/bin/gnu/h-i686-mingw32/bin/../lib/gcc/nios2-elf/4.1.2/../../../../nios2-elf/lib\libc.a(lib_a-reallocr.o)
 .bss           0x0101a278        0x0 c:/altera/12.1sp1/nios2eds/bin/gnu/h-i686-mingw32/bin/../lib/gcc/nios2-elf/4.1.2/../../../../nios2-elf/lib\libc.a(lib_a-s_isinfd.o)
 .bss           0x0101a278        0x0 c:/altera/12.1sp1/nios2eds/bin/gnu/h-i686-mingw32/bin/../lib/gcc/nios2-elf/4.1.2/../../../../nios2-elf/lib\libc.a(lib_a-s_isnand.o)
 .bss           0x0101a278        0x0 c:/altera/12.1sp1/nios2eds/bin/gnu/h-i686-mingw32/bin/../lib/gcc/nios2-elf/4.1.2/../../../../nios2-elf/lib\libc.a(lib_a-sbrkr.o)
 .bss           0x0101a278        0x0 c:/altera/12.1sp1/nios2eds/bin/gnu/h-i686-mingw32/bin/../lib/gcc/nios2-elf/4.1.2/../../../../nios2-elf/lib\libc.a(lib_a-stdio.o)
 .bss           0x0101a278        0x0 c:/altera/12.1sp1/nios2eds/bin/gnu/h-i686-mingw32/bin/../lib/gcc/nios2-elf/4.1.2/../../../../nios2-elf/lib\libc.a(lib_a-strcmp.o)
 .bss           0x0101a278        0x0 c:/altera/12.1sp1/nios2eds/bin/gnu/h-i686-mingw32/bin/../lib/gcc/nios2-elf/4.1.2/../../../../nios2-elf/lib\libc.a(lib_a-writer.o)
 .bss           0x0101a278        0x0 c:/altera/12.1sp1/nios2eds/bin/gnu/h-i686-mingw32/bin/../lib/gcc/nios2-elf/4.1.2/../../../../nios2-elf/lib\libc.a(lib_a-callocr.o)
 .bss           0x0101a278        0x0 c:/altera/12.1sp1/nios2eds/bin/gnu/h-i686-mingw32/bin/../lib/gcc/nios2-elf/4.1.2/../../../../nios2-elf/lib\libc.a(lib_a-closer.o)
 .bss           0x0101a278        0x0 c:/altera/12.1sp1/nios2eds/bin/gnu/h-i686-mingw32/bin/../lib/gcc/nios2-elf/4.1.2/../../../../nios2-elf/lib\libc.a(lib_a-fclose.o)
 .bss           0x0101a278        0x0 c:/altera/12.1sp1/nios2eds/bin/gnu/h-i686-mingw32/bin/../lib/gcc/nios2-elf/4.1.2/../../../../nios2-elf/lib\libc.a(lib_a-fstatr.o)
 .bss           0x0101a278        0x0 c:/altera/12.1sp1/nios2eds/bin/gnu/h-i686-mingw32/bin/../lib/gcc/nios2-elf/4.1.2/../../../../nios2-elf/lib\libc.a(lib_a-int_errno.o)
 .bss           0x0101a278        0x0 c:/altera/12.1sp1/nios2eds/bin/gnu/h-i686-mingw32/bin/../lib/gcc/nios2-elf/4.1.2/../../../../nios2-elf/lib\libc.a(lib_a-isattyr.o)
 .bss           0x0101a278        0x0 c:/altera/12.1sp1/nios2eds/bin/gnu/h-i686-mingw32/bin/../lib/gcc/nios2-elf/4.1.2/../../../../nios2-elf/lib\libc.a(lib_a-lseekr.o)
 .bss           0x0101a278        0x0 c:/altera/12.1sp1/nios2eds/bin/gnu/h-i686-mingw32/bin/../lib/gcc/nios2-elf/4.1.2/../../../../nios2-elf/lib\libc.a(lib_a-readr.o)
 .bss           0x0101a278        0x0 c:/altera/12.1sp1/nios2eds/bin/gnu/h-i686-mingw32/bin/../lib/gcc/nios2-elf/4.1.2\libgcc.a(_udivdi3.o)
 .bss           0x0101a278        0x0 c:/altera/12.1sp1/nios2eds/bin/gnu/h-i686-mingw32/bin/../lib/gcc/nios2-elf/4.1.2\libgcc.a(_umoddi3.o)
 .bss           0x0101a278        0x0 c:/altera/12.1sp1/nios2eds/bin/gnu/h-i686-mingw32/bin/../lib/gcc/nios2-elf/4.1.2\libgcc.a(_addsub_df.o)
 .bss           0x0101a278        0x0 c:/altera/12.1sp1/nios2eds/bin/gnu/h-i686-mingw32/bin/../lib/gcc/nios2-elf/4.1.2\libgcc.a(_mul_df.o)
 .bss           0x0101a278        0x0 c:/altera/12.1sp1/nios2eds/bin/gnu/h-i686-mingw32/bin/../lib/gcc/nios2-elf/4.1.2\libgcc.a(_div_df.o)
 .bss           0x0101a278        0x0 c:/altera/12.1sp1/nios2eds/bin/gnu/h-i686-mingw32/bin/../lib/gcc/nios2-elf/4.1.2\libgcc.a(_eq_df.o)
 .bss           0x0101a278        0x0 c:/altera/12.1sp1/nios2eds/bin/gnu/h-i686-mingw32/bin/../lib/gcc/nios2-elf/4.1.2\libgcc.a(_ne_df.o)
 .bss           0x0101a278        0x0 c:/altera/12.1sp1/nios2eds/bin/gnu/h-i686-mingw32/bin/../lib/gcc/nios2-elf/4.1.2\libgcc.a(_gt_df.o)
 .bss           0x0101a278        0x0 c:/altera/12.1sp1/nios2eds/bin/gnu/h-i686-mingw32/bin/../lib/gcc/nios2-elf/4.1.2\libgcc.a(_ge_df.o)
 .bss           0x0101a278        0x0 c:/altera/12.1sp1/nios2eds/bin/gnu/h-i686-mingw32/bin/../lib/gcc/nios2-elf/4.1.2\libgcc.a(_lt_df.o)
 .bss           0x0101a278        0x0 c:/altera/12.1sp1/nios2eds/bin/gnu/h-i686-mingw32/bin/../lib/gcc/nios2-elf/4.1.2\libgcc.a(_si_to_df.o)
 .bss           0x0101a278        0x0 c:/altera/12.1sp1/nios2eds/bin/gnu/h-i686-mingw32/bin/../lib/gcc/nios2-elf/4.1.2\libgcc.a(_df_to_si.o)
 .bss           0x0101a278        0x0 c:/altera/12.1sp1/nios2eds/bin/gnu/h-i686-mingw32/bin/../lib/gcc/nios2-elf/4.1.2\libgcc.a(_thenan_df.o)
 .bss           0x0101a278        0x0 c:/altera/12.1sp1/nios2eds/bin/gnu/h-i686-mingw32/bin/../lib/gcc/nios2-elf/4.1.2\libgcc.a(_usi_to_df.o)
 .bss           0x0101a278        0x0 c:/altera/12.1sp1/nios2eds/bin/gnu/h-i686-mingw32/bin/../lib/gcc/nios2-elf/4.1.2\libgcc.a(lib2-divmod.o)
 .bss           0x0101a278        0x0 c:/altera/12.1sp1/nios2eds/bin/gnu/h-i686-mingw32/bin/../lib/gcc/nios2-elf/4.1.2\libgcc.a(_muldi3.o)
 .bss           0x0101a278        0x0 c:/altera/12.1sp1/nios2eds/bin/gnu/h-i686-mingw32/bin/../lib/gcc/nios2-elf/4.1.2\libgcc.a(_clz.o)
 .bss           0x0101a278        0x0 c:/altera/12.1sp1/nios2eds/bin/gnu/h-i686-mingw32/bin/../lib/gcc/nios2-elf/4.1.2\libgcc.a(_clzsi2.o)
 .bss           0x0101a278        0x0 c:/altera/12.1sp1/nios2eds/bin/gnu/h-i686-mingw32/bin/../lib/gcc/nios2-elf/4.1.2\libgcc.a(_pack_df.o)
 .bss           0x0101a278        0x0 c:/altera/12.1sp1/nios2eds/bin/gnu/h-i686-mingw32/bin/../lib/gcc/nios2-elf/4.1.2\libgcc.a(_unpack_df.o)
 .bss           0x0101a278        0x0 c:/altera/12.1sp1/nios2eds/bin/gnu/h-i686-mingw32/bin/../lib/gcc/nios2-elf/4.1.2\libgcc.a(_fpcmp_parts_df.o)
 .bss           0x0101a278        0x0 ../UARTNow_bsp/\libucosii_bsp.a(alt_close.o)
 .bss           0x0101a278        0x0 ../UARTNow_bsp/\libucosii_bsp.a(alt_dev.o)
 .bss           0x0101a278        0x0 ../UARTNow_bsp/\libucosii_bsp.a(alt_errno.o)
 .bss           0x0101a278        0x0 ../UARTNow_bsp/\libucosii_bsp.a(alt_fstat.o)
 .bss           0x0101a278        0x0 ../UARTNow_bsp/\libucosii_bsp.a(alt_isatty.o)
 .bss           0x0101a278        0x0 ../UARTNow_bsp/\libucosii_bsp.a(alt_load.o)
 .bss           0x0101a278        0x0 ../UARTNow_bsp/\libucosii_bsp.a(alt_lseek.o)
 .bss           0x0101a278        0x0 ../UARTNow_bsp/\libucosii_bsp.a(alt_main.o)
 .bss           0x0101a278        0x0 ../UARTNow_bsp/\libucosii_bsp.a(alt_read.o)
 .bss           0x0101a278        0x0 ../UARTNow_bsp/\libucosii_bsp.a(alt_release_fd.o)
 .bss           0x0101a278        0x0 ../UARTNow_bsp/\libucosii_bsp.a(alt_sbrk.o)
 .bss           0x0101a278        0x0 ../UARTNow_bsp/\libucosii_bsp.a(alt_write.o)
 .bss           0x0101a278        0x0 ../UARTNow_bsp/\libucosii_bsp.a(alt_env_lock.o)
 .bss           0x0101a278        0x0 ../UARTNow_bsp/\libucosii_bsp.a(alt_malloc_lock.o)
 .bss           0x0101a278        0x0 ../UARTNow_bsp/\libucosii_bsp.a(os_core.o)
 .bss           0x0101a278        0x0 ../UARTNow_bsp/\libucosii_bsp.a(os_dbg.o)
 .bss           0x0101a278        0x0 ../UARTNow_bsp/\libucosii_bsp.a(os_flag.o)
 .bss           0x0101a278        0x0 ../UARTNow_bsp/\libucosii_bsp.a(os_mem.o)
 .bss           0x0101a278        0x0 ../UARTNow_bsp/\libucosii_bsp.a(os_q.o)
 .bss           0x0101a278        0x0 ../UARTNow_bsp/\libucosii_bsp.a(os_sem.o)
 .bss           0x0101a278        0x0 ../UARTNow_bsp/\libucosii_bsp.a(os_task.o)
 .bss           0x0101a278        0x0 ../UARTNow_bsp/\libucosii_bsp.a(os_time.o)
 .bss           0x0101a278        0x0 ../UARTNow_bsp/\libucosii_bsp.a(alt_sys_init.o)
 .bss           0x0101a278        0x0 ../UARTNow_bsp/\libucosii_bsp.a(altera_avalon_jtag_uart_fd.o)
 .bss           0x0101a278        0x0 ../UARTNow_bsp/\libucosii_bsp.a(altera_avalon_jtag_uart_init.o)
 .bss           0x0101a278        0x0 ../UARTNow_bsp/\libucosii_bsp.a(altera_avalon_jtag_uart_ioctl.o)
 .bss           0x0101a278        0x0 ../UARTNow_bsp/\libucosii_bsp.a(altera_avalon_jtag_uart_read.o)
 .bss           0x0101a278        0x0 ../UARTNow_bsp/\libucosii_bsp.a(altera_avalon_jtag_uart_write.o)
 .bss           0x0101a278        0x0 ../UARTNow_bsp/\libucosii_bsp.a(altera_avalon_timer_sc.o)
 .bss           0x0101a278        0x0 ../UARTNow_bsp/\libucosii_bsp.a(altera_avalon_uart_fd.o)
 .bss           0x0101a278        0x0 ../UARTNow_bsp/\libucosii_bsp.a(altera_avalon_uart_init.o)
 .bss           0x0101a278        0x0 ../UARTNow_bsp/\libucosii_bsp.a(altera_avalon_uart_read.o)
 .bss           0x0101a278        0x0 ../UARTNow_bsp/\libucosii_bsp.a(altera_avalon_uart_write.o)
 .bss           0x0101a278        0x0 ../UARTNow_bsp/\libucosii_bsp.a(altera_up_avalon_rs232.o)
 .bss           0x0101a278        0x0 ../UARTNow_bsp/\libucosii_bsp.a(alt_alarm_start.o)
 .bss           0x0101a278        0x0 ../UARTNow_bsp/\libucosii_bsp.a(alt_dcache_flush_all.o)
 .bss           0x0101a278        0x0 ../UARTNow_bsp/\libucosii_bsp.a(alt_dev_llist_insert.o)
 .bss           0x0101a278        0x0 ../UARTNow_bsp/\libucosii_bsp.a(alt_do_ctors.o)
 .bss           0x0101a278        0x0 ../UARTNow_bsp/\libucosii_bsp.a(alt_do_dtors.o)
 .bss           0x0101a278        0x0 ../UARTNow_bsp/\libucosii_bsp.a(alt_find_dev.o)
 .bss           0x0101a278        0x0 ../UARTNow_bsp/\libucosii_bsp.a(alt_icache_flush_all.o)
 .bss           0x0101a278        0x0 ../UARTNow_bsp/\libucosii_bsp.a(alt_io_redirect.o)
 .bss           0x0101a278        0x0 ../UARTNow_bsp/\libucosii_bsp.a(alt_irq_register.o)
 .bss           0x0101a278        0x0 ../UARTNow_bsp/\libucosii_bsp.a(alt_irq_vars.o)
 .bss           0x0101a278        0x0 ../UARTNow_bsp/\libucosii_bsp.a(alt_open.o)
 .bss           0x0101a278        0x0 ../UARTNow_bsp/\libucosii_bsp.a(alt_tick.o)
 .bss           0x0101a278        0x0 ../UARTNow_bsp/\libucosii_bsp.a(altera_nios2_qsys_irq.o)
 .bss           0x0101a278        0x0 ../UARTNow_bsp/\libucosii_bsp.a(os_cpu_a.o)
 .bss           0x0101a278        0x0 ../UARTNow_bsp/\libucosii_bsp.a(os_cpu_c.o)
 .bss           0x0101a278        0x0 ../UARTNow_bsp/\libucosii_bsp.a(alt_find_file.o)
 .bss           0x0101a278        0x0 ../UARTNow_bsp/\libucosii_bsp.a(alt_get_fd.o)
 .bss           0x0101a278        0x0 ../UARTNow_bsp/\libucosii_bsp.a(alt_icache_flush.o)
 .bss           0x0101a278        0x0 ../UARTNow_bsp/\libucosii_bsp.a(alt_irq_entry.o)
 .bss           0x0101a278        0x0 ../UARTNow_bsp/\libucosii_bsp.a(alt_irq_handler.o)
 .bss           0x0101a278        0x0 ../UARTNow_bsp/\libucosii_bsp.a(alt_exception_entry.o)
 .bss           0x0101a278        0x0 c:/altera/12.1sp1/nios2eds/bin/gnu/h-i686-mingw32/bin/../lib/gcc/nios2-elf/4.1.2/../../../../nios2-elf/lib\libc.a(lib_a-atexit.o)
 .bss           0x0101a278        0x0 c:/altera/12.1sp1/nios2eds/bin/gnu/h-i686-mingw32/bin/../lib/gcc/nios2-elf/4.1.2/../../../../nios2-elf/lib\libc.a(lib_a-exit.o)
 .bss           0x0101a278        0x0 c:/altera/12.1sp1/nios2eds/bin/gnu/h-i686-mingw32/bin/../lib/gcc/nios2-elf/4.1.2/../../../../nios2-elf/lib\libc.a(lib_a-memcmp.o)
 .bss           0x0101a278        0x0 c:/altera/12.1sp1/nios2eds/bin/gnu/h-i686-mingw32/bin/../lib/gcc/nios2-elf/4.1.2/../../../../nios2-elf/lib\libc.a(lib_a-__atexit.o)
 .bss           0x0101a278        0x0 c:/altera/12.1sp1/nios2eds/bin/gnu/h-i686-mingw32/bin/../lib/gcc/nios2-elf/4.1.2/../../../../nios2-elf/lib\libc.a(lib_a-__call_atexit.o)
 .bss           0x0101a278        0x0 ../UARTNow_bsp/\libucosii_bsp.a(alt_exit.o)
 *(COMMON)
 COMMON         0x0101a278     0x4010 obj/default/main.o
                0x0101a278                task1_stk
                0x0101c278                messages
                0x0101c288                task2_stk
 COMMON         0x0101e288     0x3224 ../UARTNow_bsp/\libucosii_bsp.a(os_core.o)
                0x0101e288                OSFlagTbl
                0x0101e5f8                OSMemTbl
                0x0101f228                OSTaskStatStk
                0x0101fa28                OSQTbl
                0x0101fc08                OSTaskIdleStk
                0x01020408                OSEventTbl
                0x01020f48                OSTCBTbl
                0x01021458                OSTCBPrioTbl
 COMMON         0x010214ac      0x100 ../UARTNow_bsp/\libucosii_bsp.a(alt_irq_handler.o)
                0x010214ac                alt_irq
 COMMON         0x010215ac      0x190 c:/altera/12.1sp1/nios2eds/bin/gnu/h-i686-mingw32/bin/../lib/gcc/nios2-elf/4.1.2/../../../../nios2-elf/lib\libc.a(lib_a-atexit.o)
                0x010215ac                _atexit0
                0x0102173c                . = ALIGN (0x4)
                0x0102173c                __bss_end = ABSOLUTE (.)

.sdram          0x0102173c        0x0
                0x0102173c                PROVIDE (_alt_partition_sdram_start, ABSOLUTE (.))
 *(.sdram. sdram.*)
                0x0102173c                . = ALIGN (0x4)
                0x0102173c                PROVIDE (_alt_partition_sdram_end, ABSOLUTE (.))
                0x0102173c                _end = ABSOLUTE (.)
                0x0102173c                end = ABSOLUTE (.)
                0x0102173c                __alt_stack_base = ABSOLUTE (.)
                0x0102173c                PROVIDE (_alt_partition_sdram_load_addr, LOADADDR (.sdram))

.stab
 *(.stab)

.stabstr
 *(.stabstr)

.stab.excl
 *(.stab.excl)

.stab.exclstr
 *(.stab.exclstr)

.stab.index
 *(.stab.index)

.stab.indexstr
 *(.stab.indexstr)

.comment        0x00000000       0x26
 *(.comment)
 .comment       0x00000000       0x26 obj/default/main.o
                                 0x27 (size before relaxing)
 .comment       0x00000000       0x27 c:/altera/12.1sp1/nios2eds/bin/gnu/h-i686-mingw32/bin/../lib/gcc/nios2-elf/4.1.2/../../../../nios2-elf/lib\libc.a(lib_a-printf.o)
 .comment       0x00000000       0x27 c:/altera/12.1sp1/nios2eds/bin/gnu/h-i686-mingw32/bin/../lib/gcc/nios2-elf/4.1.2/../../../../nios2-elf/lib\libc.a(lib_a-puts.o)
 .comment       0x00000000       0x27 c:/altera/12.1sp1/nios2eds/bin/gnu/h-i686-mingw32/bin/../lib/gcc/nios2-elf/4.1.2/../../../../nios2-elf/lib\libc.a(lib_a-strlen.o)
 .comment       0x00000000       0x27 c:/altera/12.1sp1/nios2eds/bin/gnu/h-i686-mingw32/bin/../lib/gcc/nios2-elf/4.1.2/../../../../nios2-elf/lib\libc.a(lib_a-vfprintf.o)
 .comment       0x00000000       0x27 c:/altera/12.1sp1/nios2eds/bin/gnu/h-i686-mingw32/bin/../lib/gcc/nios2-elf/4.1.2/../../../../nios2-elf/lib\libc.a(lib_a-wsetup.o)
 .comment       0x00000000       0x27 c:/altera/12.1sp1/nios2eds/bin/gnu/h-i686-mingw32/bin/../lib/gcc/nios2-elf/4.1.2/../../../../nios2-elf/lib\libc.a(lib_a-dtoa.o)
 .comment       0x00000000       0x27 c:/altera/12.1sp1/nios2eds/bin/gnu/h-i686-mingw32/bin/../lib/gcc/nios2-elf/4.1.2/../../../../nios2-elf/lib\libc.a(lib_a-fflush.o)
 .comment       0x00000000       0x27 c:/altera/12.1sp1/nios2eds/bin/gnu/h-i686-mingw32/bin/../lib/gcc/nios2-elf/4.1.2/../../../../nios2-elf/lib\libc.a(lib_a-findfp.o)
 .comment       0x00000000       0x27 c:/altera/12.1sp1/nios2eds/bin/gnu/h-i686-mingw32/bin/../lib/gcc/nios2-elf/4.1.2/../../../../nios2-elf/lib\libc.a(lib_a-freer.o)
 .comment       0x00000000       0x27 c:/altera/12.1sp1/nios2eds/bin/gnu/h-i686-mingw32/bin/../lib/gcc/nios2-elf/4.1.2/../../../../nios2-elf/lib\libc.a(lib_a-fvwrite.o)
 .comment       0x00000000       0x27 c:/altera/12.1sp1/nios2eds/bin/gnu/h-i686-mingw32/bin/../lib/gcc/nios2-elf/4.1.2/../../../../nios2-elf/lib\libc.a(lib_a-fwalk.o)
 .comment       0x00000000       0x27 c:/altera/12.1sp1/nios2eds/bin/gnu/h-i686-mingw32/bin/../lib/gcc/nios2-elf/4.1.2/../../../../nios2-elf/lib\libc.a(lib_a-impure.o)
 .comment       0x00000000       0x27 c:/altera/12.1sp1/nios2eds/bin/gnu/h-i686-mingw32/bin/../lib/gcc/nios2-elf/4.1.2/../../../../nios2-elf/lib\libc.a(lib_a-locale.o)
 .comment       0x00000000       0x27 c:/altera/12.1sp1/nios2eds/bin/gnu/h-i686-mingw32/bin/../lib/gcc/nios2-elf/4.1.2/../../../../nios2-elf/lib\libc.a(lib_a-makebuf.o)
 .comment       0x00000000       0x27 c:/altera/12.1sp1/nios2eds/bin/gnu/h-i686-mingw32/bin/../lib/gcc/nios2-elf/4.1.2/../../../../nios2-elf/lib\libc.a(lib_a-mallocr.o)
 .comment       0x00000000       0x27 c:/altera/12.1sp1/nios2eds/bin/gnu/h-i686-mingw32/bin/../lib/gcc/nios2-elf/4.1.2/../../../../nios2-elf/lib\libc.a(lib_a-memchr.o)
 .comment       0x00000000       0x27 c:/altera/12.1sp1/nios2eds/bin/gnu/h-i686-mingw32/bin/../lib/gcc/nios2-elf/4.1.2/../../../../nios2-elf/lib\libc.a(lib_a-memcpy.o)
 .comment       0x00000000       0x27 c:/altera/12.1sp1/nios2eds/bin/gnu/h-i686-mingw32/bin/../lib/gcc/nios2-elf/4.1.2/../../../../nios2-elf/lib\libc.a(lib_a-memmove.o)
 .comment       0x00000000       0x27 c:/altera/12.1sp1/nios2eds/bin/gnu/h-i686-mingw32/bin/../lib/gcc/nios2-elf/4.1.2/../../../../nios2-elf/lib\libc.a(lib_a-memset.o)
 .comment       0x00000000       0x27 c:/altera/12.1sp1/nios2eds/bin/gnu/h-i686-mingw32/bin/../lib/gcc/nios2-elf/4.1.2/../../../../nios2-elf/lib\libc.a(lib_a-mprec.o)
 .comment       0x00000000       0x27 c:/altera/12.1sp1/nios2eds/bin/gnu/h-i686-mingw32/bin/../lib/gcc/nios2-elf/4.1.2/../../../../nios2-elf/lib\libc.a(lib_a-reallocr.o)
 .comment       0x00000000       0x27 c:/altera/12.1sp1/nios2eds/bin/gnu/h-i686-mingw32/bin/../lib/gcc/nios2-elf/4.1.2/../../../../nios2-elf/lib\libc.a(lib_a-s_isinfd.o)
 .comment       0x00000000       0x27 c:/altera/12.1sp1/nios2eds/bin/gnu/h-i686-mingw32/bin/../lib/gcc/nios2-elf/4.1.2/../../../../nios2-elf/lib\libc.a(lib_a-s_isnand.o)
 .comment       0x00000000       0x27 c:/altera/12.1sp1/nios2eds/bin/gnu/h-i686-mingw32/bin/../lib/gcc/nios2-elf/4.1.2/../../../../nios2-elf/lib\libc.a(lib_a-sbrkr.o)
 .comment       0x00000000       0x27 c:/altera/12.1sp1/nios2eds/bin/gnu/h-i686-mingw32/bin/../lib/gcc/nios2-elf/4.1.2/../../../../nios2-elf/lib\libc.a(lib_a-stdio.o)
 .comment       0x00000000       0x27 c:/altera/12.1sp1/nios2eds/bin/gnu/h-i686-mingw32/bin/../lib/gcc/nios2-elf/4.1.2/../../../../nios2-elf/lib\libc.a(lib_a-strcmp.o)
 .comment       0x00000000       0x27 c:/altera/12.1sp1/nios2eds/bin/gnu/h-i686-mingw32/bin/../lib/gcc/nios2-elf/4.1.2/../../../../nios2-elf/lib\libc.a(lib_a-writer.o)
 .comment       0x00000000       0x27 c:/altera/12.1sp1/nios2eds/bin/gnu/h-i686-mingw32/bin/../lib/gcc/nios2-elf/4.1.2/../../../../nios2-elf/lib\libc.a(lib_a-callocr.o)
 .comment       0x00000000       0x27 c:/altera/12.1sp1/nios2eds/bin/gnu/h-i686-mingw32/bin/../lib/gcc/nios2-elf/4.1.2/../../../../nios2-elf/lib\libc.a(lib_a-closer.o)
 .comment       0x00000000       0x27 c:/altera/12.1sp1/nios2eds/bin/gnu/h-i686-mingw32/bin/../lib/gcc/nios2-elf/4.1.2/../../../../nios2-elf/lib\libc.a(lib_a-fclose.o)
 .comment       0x00000000       0x27 c:/altera/12.1sp1/nios2eds/bin/gnu/h-i686-mingw32/bin/../lib/gcc/nios2-elf/4.1.2/../../../../nios2-elf/lib\libc.a(lib_a-fstatr.o)
 .comment       0x00000000       0x27 c:/altera/12.1sp1/nios2eds/bin/gnu/h-i686-mingw32/bin/../lib/gcc/nios2-elf/4.1.2/../../../../nios2-elf/lib\libc.a(lib_a-int_errno.o)
 .comment       0x00000000       0x27 c:/altera/12.1sp1/nios2eds/bin/gnu/h-i686-mingw32/bin/../lib/gcc/nios2-elf/4.1.2/../../../../nios2-elf/lib\libc.a(lib_a-isattyr.o)
 .comment       0x00000000       0x27 c:/altera/12.1sp1/nios2eds/bin/gnu/h-i686-mingw32/bin/../lib/gcc/nios2-elf/4.1.2/../../../../nios2-elf/lib\libc.a(lib_a-lseekr.o)
 .comment       0x00000000       0x27 c:/altera/12.1sp1/nios2eds/bin/gnu/h-i686-mingw32/bin/../lib/gcc/nios2-elf/4.1.2/../../../../nios2-elf/lib\libc.a(lib_a-readr.o)
 .comment       0x00000000       0x27 c:/altera/12.1sp1/nios2eds/bin/gnu/h-i686-mingw32/bin/../lib/gcc/nios2-elf/4.1.2\libgcc.a(_udivdi3.o)
 .comment       0x00000000       0x27 c:/altera/12.1sp1/nios2eds/bin/gnu/h-i686-mingw32/bin/../lib/gcc/nios2-elf/4.1.2\libgcc.a(_umoddi3.o)
 .comment       0x00000000       0x27 c:/altera/12.1sp1/nios2eds/bin/gnu/h-i686-mingw32/bin/../lib/gcc/nios2-elf/4.1.2\libgcc.a(_addsub_df.o)
 .comment       0x00000000       0x27 c:/altera/12.1sp1/nios2eds/bin/gnu/h-i686-mingw32/bin/../lib/gcc/nios2-elf/4.1.2\libgcc.a(_mul_df.o)
 .comment       0x00000000       0x27 c:/altera/12.1sp1/nios2eds/bin/gnu/h-i686-mingw32/bin/../lib/gcc/nios2-elf/4.1.2\libgcc.a(_div_df.o)
 .comment       0x00000000       0x27 c:/altera/12.1sp1/nios2eds/bin/gnu/h-i686-mingw32/bin/../lib/gcc/nios2-elf/4.1.2\libgcc.a(_eq_df.o)
 .comment       0x00000000       0x27 c:/altera/12.1sp1/nios2eds/bin/gnu/h-i686-mingw32/bin/../lib/gcc/nios2-elf/4.1.2\libgcc.a(_ne_df.o)
 .comment       0x00000000       0x27 c:/altera/12.1sp1/nios2eds/bin/gnu/h-i686-mingw32/bin/../lib/gcc/nios2-elf/4.1.2\libgcc.a(_gt_df.o)
 .comment       0x00000000       0x27 c:/altera/12.1sp1/nios2eds/bin/gnu/h-i686-mingw32/bin/../lib/gcc/nios2-elf/4.1.2\libgcc.a(_ge_df.o)
 .comment       0x00000000       0x27 c:/altera/12.1sp1/nios2eds/bin/gnu/h-i686-mingw32/bin/../lib/gcc/nios2-elf/4.1.2\libgcc.a(_lt_df.o)
 .comment       0x00000000       0x27 c:/altera/12.1sp1/nios2eds/bin/gnu/h-i686-mingw32/bin/../lib/gcc/nios2-elf/4.1.2\libgcc.a(_si_to_df.o)
 .comment       0x00000000       0x27 c:/altera/12.1sp1/nios2eds/bin/gnu/h-i686-mingw32/bin/../lib/gcc/nios2-elf/4.1.2\libgcc.a(_df_to_si.o)
 .comment       0x00000000       0x27 c:/altera/12.1sp1/nios2eds/bin/gnu/h-i686-mingw32/bin/../lib/gcc/nios2-elf/4.1.2\libgcc.a(_thenan_df.o)
 .comment       0x00000000       0x27 c:/altera/12.1sp1/nios2eds/bin/gnu/h-i686-mingw32/bin/../lib/gcc/nios2-elf/4.1.2\libgcc.a(_usi_to_df.o)
 .comment       0x00000000       0x27 c:/altera/12.1sp1/nios2eds/bin/gnu/h-i686-mingw32/bin/../lib/gcc/nios2-elf/4.1.2\libgcc.a(lib2-divmod.o)
 .comment       0x00000000       0x27 c:/altera/12.1sp1/nios2eds/bin/gnu/h-i686-mingw32/bin/../lib/gcc/nios2-elf/4.1.2\libgcc.a(_muldi3.o)
 .comment       0x00000000       0x27 c:/altera/12.1sp1/nios2eds/bin/gnu/h-i686-mingw32/bin/../lib/gcc/nios2-elf/4.1.2\libgcc.a(_clz.o)
 .comment       0x00000000       0x27 c:/altera/12.1sp1/nios2eds/bin/gnu/h-i686-mingw32/bin/../lib/gcc/nios2-elf/4.1.2\libgcc.a(_clzsi2.o)
 .comment       0x00000000       0x27 c:/altera/12.1sp1/nios2eds/bin/gnu/h-i686-mingw32/bin/../lib/gcc/nios2-elf/4.1.2\libgcc.a(_pack_df.o)
 .comment       0x00000000       0x27 c:/altera/12.1sp1/nios2eds/bin/gnu/h-i686-mingw32/bin/../lib/gcc/nios2-elf/4.1.2\libgcc.a(_unpack_df.o)
 .comment       0x00000000       0x27 c:/altera/12.1sp1/nios2eds/bin/gnu/h-i686-mingw32/bin/../lib/gcc/nios2-elf/4.1.2\libgcc.a(_fpcmp_parts_df.o)
 .comment       0x00000000       0x27 ../UARTNow_bsp/\libucosii_bsp.a(alt_close.o)
 .comment       0x00000000       0x27 ../UARTNow_bsp/\libucosii_bsp.a(alt_dev.o)
 .comment       0x00000000       0x27 ../UARTNow_bsp/\libucosii_bsp.a(alt_errno.o)
 .comment       0x00000000       0x27 ../UARTNow_bsp/\libucosii_bsp.a(alt_fstat.o)
 .comment       0x00000000       0x27 ../UARTNow_bsp/\libucosii_bsp.a(alt_isatty.o)
 .comment       0x00000000       0x27 ../UARTNow_bsp/\libucosii_bsp.a(alt_load.o)
 .comment       0x00000000       0x27 ../UARTNow_bsp/\libucosii_bsp.a(alt_lseek.o)
 .comment       0x00000000       0x27 ../UARTNow_bsp/\libucosii_bsp.a(alt_main.o)
 .comment       0x00000000       0x27 ../UARTNow_bsp/\libucosii_bsp.a(alt_read.o)
 .comment       0x00000000       0x27 ../UARTNow_bsp/\libucosii_bsp.a(alt_release_fd.o)
 .comment       0x00000000       0x27 ../UARTNow_bsp/\libucosii_bsp.a(alt_sbrk.o)
 .comment       0x00000000       0x27 ../UARTNow_bsp/\libucosii_bsp.a(alt_write.o)
 .comment       0x00000000       0x27 ../UARTNow_bsp/\libucosii_bsp.a(alt_env_lock.o)
 .comment       0x00000000       0x27 ../UARTNow_bsp/\libucosii_bsp.a(alt_malloc_lock.o)
 .comment       0x00000000       0x27 ../UARTNow_bsp/\libucosii_bsp.a(os_core.o)
 .comment       0x00000000       0x27 ../UARTNow_bsp/\libucosii_bsp.a(os_dbg.o)
 .comment       0x00000000       0x27 ../UARTNow_bsp/\libucosii_bsp.a(os_flag.o)
 .comment       0x00000000       0x27 ../UARTNow_bsp/\libucosii_bsp.a(os_mem.o)
 .comment       0x00000000       0x27 ../UARTNow_bsp/\libucosii_bsp.a(os_q.o)
 .comment       0x00000000       0x27 ../UARTNow_bsp/\libucosii_bsp.a(os_sem.o)
 .comment       0x00000000       0x27 ../UARTNow_bsp/\libucosii_bsp.a(os_task.o)
 .comment       0x00000000       0x27 ../UARTNow_bsp/\libucosii_bsp.a(os_time.o)
 .comment       0x00000000       0x27 ../UARTNow_bsp/\libucosii_bsp.a(alt_sys_init.o)
 .comment       0x00000000       0x27 ../UARTNow_bsp/\libucosii_bsp.a(altera_avalon_jtag_uart_fd.o)
 .comment       0x00000000       0x27 ../UARTNow_bsp/\libucosii_bsp.a(altera_avalon_jtag_uart_init.o)
 .comment       0x00000000       0x27 ../UARTNow_bsp/\libucosii_bsp.a(altera_avalon_jtag_uart_ioctl.o)
 .comment       0x00000000       0x27 ../UARTNow_bsp/\libucosii_bsp.a(altera_avalon_jtag_uart_read.o)
 .comment       0x00000000       0x27 ../UARTNow_bsp/\libucosii_bsp.a(altera_avalon_jtag_uart_write.o)
 .comment       0x00000000       0x27 ../UARTNow_bsp/\libucosii_bsp.a(altera_avalon_timer_sc.o)
 .comment       0x00000000       0x27 ../UARTNow_bsp/\libucosii_bsp.a(altera_avalon_uart_fd.o)
 .comment       0x00000000       0x27 ../UARTNow_bsp/\libucosii_bsp.a(altera_avalon_uart_init.o)
 .comment       0x00000000       0x27 ../UARTNow_bsp/\libucosii_bsp.a(altera_avalon_uart_read.o)
 .comment       0x00000000       0x27 ../UARTNow_bsp/\libucosii_bsp.a(altera_avalon_uart_write.o)
 .comment       0x00000000       0x27 ../UARTNow_bsp/\libucosii_bsp.a(altera_up_avalon_rs232.o)
 .comment       0x00000000       0x27 ../UARTNow_bsp/\libucosii_bsp.a(alt_alarm_start.o)
 .comment       0x00000000       0x27 ../UARTNow_bsp/\libucosii_bsp.a(alt_dcache_flush_all.o)
 .comment       0x00000000       0x27 ../UARTNow_bsp/\libucosii_bsp.a(alt_dev_llist_insert.o)
 .comment       0x00000000       0x27 ../UARTNow_bsp/\libucosii_bsp.a(alt_do_ctors.o)
 .comment       0x00000000       0x27 ../UARTNow_bsp/\libucosii_bsp.a(alt_do_dtors.o)
 .comment       0x00000000       0x27 ../UARTNow_bsp/\libucosii_bsp.a(alt_find_dev.o)
 .comment       0x00000000       0x27 ../UARTNow_bsp/\libucosii_bsp.a(alt_icache_flush_all.o)
 .comment       0x00000000       0x27 ../UARTNow_bsp/\libucosii_bsp.a(alt_io_redirect.o)
 .comment       0x00000000       0x27 ../UARTNow_bsp/\libucosii_bsp.a(alt_irq_register.o)
 .comment       0x00000000       0x27 ../UARTNow_bsp/\libucosii_bsp.a(alt_irq_vars.o)
 .comment       0x00000000       0x27 ../UARTNow_bsp/\libucosii_bsp.a(alt_open.o)
 .comment       0x00000000       0x27 ../UARTNow_bsp/\libucosii_bsp.a(alt_tick.o)
 .comment       0x00000000       0x27 ../UARTNow_bsp/\libucosii_bsp.a(altera_nios2_qsys_irq.o)
 .comment       0x00000000       0x27 ../UARTNow_bsp/\libucosii_bsp.a(os_cpu_c.o)
 .comment       0x00000000       0x27 ../UARTNow_bsp/\libucosii_bsp.a(alt_find_file.o)
 .comment       0x00000000       0x27 ../UARTNow_bsp/\libucosii_bsp.a(alt_get_fd.o)
 .comment       0x00000000       0x27 ../UARTNow_bsp/\libucosii_bsp.a(alt_icache_flush.o)
 .comment       0x00000000       0x27 ../UARTNow_bsp/\libucosii_bsp.a(alt_irq_handler.o)
 .comment       0x00000000       0x27 c:/altera/12.1sp1/nios2eds/bin/gnu/h-i686-mingw32/bin/../lib/gcc/nios2-elf/4.1.2/../../../../nios2-elf/lib\libc.a(lib_a-atexit.o)