Archive member included because of file (symbol)

c:/altera/12.1sp1/nios2eds/bin/gnu/h-i686-mingw32/bin/../lib/gcc/nios2-elf/4.1.2/../../../../nios2-elf/lib\libc.a(lib_a-puts.o)
                              obj/default/hello_ucosii.o (puts)
c:/altera/12.1sp1/nios2eds/bin/gnu/h-i686-mingw32/bin/../lib/gcc/nios2-elf/4.1.2/../../../../nios2-elf/lib\libc.a(lib_a-strlen.o)
                              c:/altera/12.1sp1/nios2eds/bin/gnu/h-i686-mingw32/bin/../lib/gcc/nios2-elf/4.1.2/../../../../nios2-elf/lib\libc.a(lib_a-puts.o) (strlen)
c:/altera/12.1sp1/nios2eds/bin/gnu/h-i686-mingw32/bin/../lib/gcc/nios2-elf/4.1.2/../../../../nios2-elf/lib\libc.a(lib_a-fvwrite.o)
                              c:/altera/12.1sp1/nios2eds/bin/gnu/h-i686-mingw32/bin/../lib/gcc/nios2-elf/4.1.2/../../../../nios2-elf/lib\libc.a(lib_a-puts.o) (__sfvwrite_r)
c:/altera/12.1sp1/nios2eds/bin/gnu/h-i686-mingw32/bin/../lib/gcc/nios2-elf/4.1.2/../../../../nios2-elf/lib\libc.a(lib_a-impure.o)
                              c:/altera/12.1sp1/nios2eds/bin/gnu/h-i686-mingw32/bin/../lib/gcc/nios2-elf/4.1.2/../../../../nios2-elf/lib\libc.a(lib_a-puts.o) (_impure_ptr)
c:/altera/12.1sp1/nios2eds/bin/gnu/h-i686-mingw32/bin/../lib/gcc/nios2-elf/4.1.2/../../../../nios2-elf/lib\libc.a(lib_a-mallocr.o)
                              c:/altera/12.1sp1/nios2eds/bin/gnu/h-i686-mingw32/bin/../lib/gcc/nios2-elf/4.1.2/../../../../nios2-elf/lib\libc.a(lib_a-fvwrite.o) (_malloc_r)
c:/altera/12.1sp1/nios2eds/bin/gnu/h-i686-mingw32/bin/../lib/gcc/nios2-elf/4.1.2/../../../../nios2-elf/lib\libc.a(lib_a-memchr.o)
                              c:/altera/12.1sp1/nios2eds/bin/gnu/h-i686-mingw32/bin/../lib/gcc/nios2-elf/4.1.2/../../../../nios2-elf/lib\libc.a(lib_a-fvwrite.o) (memchr)
c:/altera/12.1sp1/nios2eds/bin/gnu/h-i686-mingw32/bin/../lib/gcc/nios2-elf/4.1.2/../../../../nios2-elf/lib\libc.a(lib_a-memcpy.o)
                              c:/altera/12.1sp1/nios2eds/bin/gnu/h-i686-mingw32/bin/../lib/gcc/nios2-elf/4.1.2/../../../../nios2-elf/lib\libc.a(lib_a-fvwrite.o) (memcpy)
c:/altera/12.1sp1/nios2eds/bin/gnu/h-i686-mingw32/bin/../lib/gcc/nios2-elf/4.1.2/../../../../nios2-elf/lib\libc.a(lib_a-memmove.o)
                              c:/altera/12.1sp1/nios2eds/bin/gnu/h-i686-mingw32/bin/../lib/gcc/nios2-elf/4.1.2/../../../../nios2-elf/lib\libc.a(lib_a-fvwrite.o) (memmove)
c:/altera/12.1sp1/nios2eds/bin/gnu/h-i686-mingw32/bin/../lib/gcc/nios2-elf/4.1.2/../../../../nios2-elf/lib\libc.a(lib_a-reallocr.o)
                              c:/altera/12.1sp1/nios2eds/bin/gnu/h-i686-mingw32/bin/../lib/gcc/nios2-elf/4.1.2/../../../../nios2-elf/lib\libc.a(lib_a-fvwrite.o) (_realloc_r)
c:/altera/12.1sp1/nios2eds/bin/gnu/h-i686-mingw32/bin/../lib/gcc/nios2-elf/4.1.2/../../../../nios2-elf/lib\libc.a(lib_a-sbrkr.o)
                              c:/altera/12.1sp1/nios2eds/bin/gnu/h-i686-mingw32/bin/../lib/gcc/nios2-elf/4.1.2/../../../../nios2-elf/lib\libc.a(lib_a-mallocr.o) (_sbrk_r)
c:/altera/12.1sp1/nios2eds/bin/gnu/h-i686-mingw32/bin/../lib/gcc/nios2-elf/4.1.2/../../../../nios2-elf/lib\libc.a(lib_a-wsetup.o)
                              c:/altera/12.1sp1/nios2eds/bin/gnu/h-i686-mingw32/bin/../lib/gcc/nios2-elf/4.1.2/../../../../nios2-elf/lib\libc.a(lib_a-fvwrite.o) (__swsetup_r)
c:/altera/12.1sp1/nios2eds/bin/gnu/h-i686-mingw32/bin/../lib/gcc/nios2-elf/4.1.2/../../../../nios2-elf/lib\libc.a(lib_a-fflush.o)
                              c:/altera/12.1sp1/nios2eds/bin/gnu/h-i686-mingw32/bin/../lib/gcc/nios2-elf/4.1.2/../../../../nios2-elf/lib\libc.a(lib_a-fvwrite.o) (_fflush_r)
c:/altera/12.1sp1/nios2eds/bin/gnu/h-i686-mingw32/bin/../lib/gcc/nios2-elf/4.1.2/../../../../nios2-elf/lib\libc.a(lib_a-findfp.o)
                              c:/altera/12.1sp1/nios2eds/bin/gnu/h-i686-mingw32/bin/../lib/gcc/nios2-elf/4.1.2/../../../../nios2-elf/lib\libc.a(lib_a-wsetup.o) (__sinit)
c:/altera/12.1sp1/nios2eds/bin/gnu/h-i686-mingw32/bin/../lib/gcc/nios2-elf/4.1.2/../../../../nios2-elf/lib\libc.a(lib_a-freer.o)
                              c:/altera/12.1sp1/nios2eds/bin/gnu/h-i686-mingw32/bin/../lib/gcc/nios2-elf/4.1.2/../../../../nios2-elf/lib\libc.a(lib_a-fvwrite.o) (_free_r)
c:/altera/12.1sp1/nios2eds/bin/gnu/h-i686-mingw32/bin/../lib/gcc/nios2-elf/4.1.2/../../../../nios2-elf/lib\libc.a(lib_a-fwalk.o)
                              c:/altera/12.1sp1/nios2eds/bin/gnu/h-i686-mingw32/bin/../lib/gcc/nios2-elf/4.1.2/../../../../nios2-elf/lib\libc.a(lib_a-fflush.o) (_fwalk_reent)
c:/altera/12.1sp1/nios2eds/bin/gnu/h-i686-mingw32/bin/../lib/gcc/nios2-elf/4.1.2/../../../../nios2-elf/lib\libc.a(lib_a-int_errno.o)
                              c:/altera/12.1sp1/nios2eds/bin/gnu/h-i686-mingw32/bin/../lib/gcc/nios2-elf/4.1.2/../../../../nios2-elf/lib\libc.a(lib_a-sbrkr.o) (errno)
c:/altera/12.1sp1/nios2eds/bin/gnu/h-i686-mingw32/bin/../lib/gcc/nios2-elf/4.1.2/../../../../nios2-elf/lib\libc.a(lib_a-makebuf.o)
[...]
Memory Configuration

Name             Origin             Length             Attributes
reset            0x01000000         0x00000020
sdram            0x01000020         0x00ffffe0
*default*        0x00000000         0xffffffff

Linker script and memory map

LOAD ../HelloMatt_bsp//obj/HAL/src/crt0.o
LOAD obj/default/hello_ucosii.o
LOAD c:/altera/12.1sp1/nios2eds/bin/gnu/h-i686-mingw32/bin/../lib/gcc/nios2-elf/4.1.2/../../../../nios2-elf/lib\libstdc++.a
LOAD c:/altera/12.1sp1/nios2eds/bin/gnu/h-i686-mingw32/bin/../lib/gcc/nios2-elf/4.1.2/../../../../nios2-elf/lib\libm.a
LOAD c:/altera/12.1sp1/nios2eds/bin/gnu/h-i686-mingw32/bin/../lib/gcc/nios2-elf/4.1.2\libgcc.a
START GROUP
LOAD c:/altera/12.1sp1/nios2eds/bin/gnu/h-i686-mingw32/bin/../lib/gcc/nios2-elf/4.1.2/../../../../nios2-elf/lib\libc.a
LOAD c:/altera/12.1sp1/nios2eds/bin/gnu/h-i686-mingw32/bin/../lib/gcc/nios2-elf/4.1.2\libgcc.a
LOAD ../HelloMatt_bsp/\libucosii_bsp.a
END GROUP
LOAD c:/altera/12.1sp1/nios2eds/bin/gnu/h-i686-mingw32/bin/../lib/gcc/nios2-elf/4.1.2\libgcc.a
                0x01000000                __alt_mem_sdram = 0x1000000

.entry          0x01000000       0x20
 *(.entry)
 .entry         0x01000000       0x20 ../HelloMatt_bsp//obj/HAL/src/crt0.o
                0x01000000                __reset

.exceptions     0x01000020      0x19c
                0x01000020                PROVIDE (__ram_exceptions_start, ABSOLUTE (.))
                0x01000020                . = ALIGN (0x20)
 *(.irq)
 *(.exceptions.entry.label)
 .exceptions.entry.label
                0x01000020        0x0 ../HelloMatt_bsp/\libucosii_bsp.a(alt_irq_entry.o)
                0x01000020                alt_irq_entry
 .exceptions.entry.label
                0x01000020        0x0 ../HelloMatt_bsp/\libucosii_bsp.a(alt_exception_entry.o)
                0x01000020                alt_exception
 *(.exceptions.entry.user)
 *(.exceptions.entry)
 .exceptions.entry
                0x01000020       0x54 ../HelloMatt_bsp/\libucosii_bsp.a(alt_exception_entry.o)
 *(.exceptions.irqtest.user)
 *(.exceptions.irqtest)
 .exceptions.irqtest
                0x01000074       0x10 ../HelloMatt_bsp/\libucosii_bsp.a(alt_irq_entry.o)
 *(.exceptions.irqhandler.user)
 *(.exceptions.irqhandler)
 .exceptions.irqhandler
                0x01000084        0x4 ../HelloMatt_bsp/\libucosii_bsp.a(alt_irq_entry.o)
 *(.exceptions.irqreturn.user)
 *(.exceptions.irqreturn)
 .exceptions.irqreturn
                0x01000088        0x4 ../HelloMatt_bsp/\libucosii_bsp.a(alt_irq_entry.o)
 *(.exceptions.notirq.label)
 .exceptions.notirq.label
                0x0100008c        0x0 ../HelloMatt_bsp/\libucosii_bsp.a(alt_irq_entry.o)
 *(.exceptions.notirq.user)
 *(.exceptions.notirq)
 .exceptions.notirq
                0x0100008c        0x8 ../HelloMatt_bsp/\libucosii_bsp.a(alt_exception_entry.o)
 *(.exceptions.soft.user)
 *(.exceptions.soft)
 *(.exceptions.unknown.user)
 *(.exceptions.unknown)
 .exceptions.unknown
                0x01000094        0x4 ../HelloMatt_bsp/\libucosii_bsp.a(alt_exception_entry.o)
 *(.exceptions.exit.label)
 .exceptions.exit.label
                0x01000098        0x0 ../HelloMatt_bsp/\libucosii_bsp.a(alt_irq_entry.o)
 .exceptions.exit.label
                0x01000098        0x0 ../HelloMatt_bsp/\libucosii_bsp.a(alt_exception_entry.o)
 *(.exceptions.exit.user)
 *(.exceptions.exit)
 .exceptions.exit
                0x01000098       0x54 ../HelloMatt_bsp/\libucosii_bsp.a(alt_exception_entry.o)
 *(.exceptions)
 .exceptions    0x010000ec       0xd0 ../HelloMatt_bsp/\libucosii_bsp.a(alt_irq_handler.o)
                0x010000ec                alt_irq_handler
                0x010001bc                PROVIDE (__ram_exceptions_end, ABSOLUTE (.))
                0x01000020                PROVIDE (__flash_exceptions_start, LOADADDR (.exceptions))

.text           0x010001bc     0xf04c
                0x010001bc                PROVIDE (stext, ABSOLUTE (.))
 *(.interp)
 *(.hash)
 *(.dynsym)
 *(.dynstr)
 *(.gnu.version)
 *(.gnu.version_d)
 *(.gnu.version_r)
 *(.rel.init)
 *(.rela.init)
 *(.rel.text .rel.text.* .rel.gnu.linkonce.t.*)
 *(.rela.text .rela.text.* .rela.gnu.linkonce.t.*)
 *(.rel.fini)
 *(.rela.fini)
 *(.rel.rodata .rel.rodata.* .rel.gnu.linkonce.r.*)
 *(.rela.rodata .rela.rodata.* .rela.gnu.linkonce.r.*)
 *(.rel.data .rel.data.* .rel.gnu.linkonce.d.*)
 *(.rela.data .rela.data.* .rela.gnu.linkonce.d.*)
 *(.rel.tdata .rel.tdata.* .rel.gnu.linkonce.td.*)
 *(.rela.tdata .rela.tdata.* .rela.gnu.linkonce.td.*)
 *(.rel.tbss .rel.tbss.* .rel.gnu.linkonce.tb.*)
 *(.rela.tbss .rela.tbss.* .rela.gnu.linkonce.tb.*)
 *(.rel.ctors)
 *(.rela.ctors)
 *(.rel.dtors)
 *(.rela.dtors)
 *(.rel.got)
 *(.rela.got)
 *(.rel.sdata .rel.sdata.* .rel.gnu.linkonce.s.*)
 *(.rela.sdata .rela.sdata.* .rela.gnu.linkonce.s.*)
 *(.rel.sbss .rel.sbss.* .rel.gnu.linkonce.sb.*)
 *(.rela.sbss .rela.sbss.* .rela.gnu.linkonce.sb.*)
 *(.rel.sdata2 .rel.sdata2.* .rel.gnu.linkonce.s2.*)
 *(.rela.sdata2 .rela.sdata2.* .rela.gnu.linkonce.s2.*)
 *(.rel.sbss2 .rel.sbss2.* .rel.gnu.linkonce.sb2.*)
 *(.rela.sbss2 .rela.sbss2.* .rela.gnu.linkonce.sb2.*)
 *(.rel.bss .rel.bss.* .rel.gnu.linkonce.b.*)
 *(.rela.bss .rela.bss.* .rela.gnu.linkonce.b.*)
 *(.rel.plt)
 *(.rela.plt)
 *(.rel.dyn)
 *(.init)
 *(.plt)
 *(.text .stub .text.* .gnu.linkonce.t.*)
 .text          0x010001bc       0x4c ../HelloMatt_bsp//obj/HAL/src/crt0.o
                0x010001bc                _start
 .text          0x01000208      0x11c obj/default/hello_ucosii.o
                0x01000208                task1
                0x01000240                task2
                0x01000278                main
 .text          0x01000324       0xb4 c:/altera/12.1sp1/nios2eds/bin/gnu/h-i686-mingw32/bin/../lib/gcc/nios2-elf/4.1.2/../../../../nios2-elf/lib\libc.a(lib_a-puts.o)
                0x01000324                _puts_r
                0x010003c4                puts
 .text          0x010003d8       0x74 c:/altera/12.1sp1/nios2eds/bin/gnu/h-i686-mingw32/bin/../lib/gcc/nios2-elf/4.1.2/../../../../nios2-elf/lib\libc.a(lib_a-strlen.o)
                0x010003d8                strlen
 .text          0x0100044c      0x49c c:/altera/12.1sp1/nios2eds/bin/gnu/h-i686-mingw32/bin/../lib/gcc/nios2-elf/4.1.2/../../../../nios2-elf/lib\libc.a(lib_a-fvwrite.o)
                0x0100044c                __sfvwrite_r
 .text          0x010008e8        0x0 c:/altera/12.1sp1/nios2eds/bin/gnu/h-i686-mingw32/bin/../lib/gcc/nios2-elf/4.1.2/../../../../nios2-elf/lib\libc.a(lib_a-impure.o)
 .text          0x010008e8      0x740 c:/altera/12.1sp1/nios2eds/bin/gnu/h-i686-mingw32/bin/../lib/gcc/nios2-elf/4.1.2/../../../../nios2-elf/lib\libc.a(lib_a-mallocr.o)
                0x010008e8                _malloc_r
 .text          0x01001028       0xe4 c:/altera/12.1sp1/nios2eds/bin/gnu/h-i686-mingw32/bin/../lib/gcc/nios2-elf/4.1.2/../../../../nios2-elf/lib\libc.a(lib_a-memchr.o)
                0x01001028                memchr
 .text          0x0100110c       0xa0 c:/altera/12.1sp1/nios2eds/bin/gnu/h-i686-mingw32/bin/../lib/gcc/nios2-elf/4.1.2/../../../../nios2-elf/lib\libc.a(lib_a-memcpy.o)
                0x0100110c                memcpy
 .text          0x010011ac       0xe0 c:/altera/12.1sp1/nios2eds/bin/gnu/h-i686-mingw32/bin/../lib/gcc/nios2-elf/4.1.2/../../../../nios2-elf/lib\libc.a(lib_a-memmove.o)
                0x010011ac                memmove
 .text          0x0100128c      0x5f4 c:/altera/12.1sp1/nios2eds/bin/gnu/h-i686-mingw32/bin/../lib/gcc/nios2-elf/4.1.2/../../../../nios2-elf/lib\libc.a(lib_a-reallocr.o)
                0x0100128c                _realloc_r
 .text          0x01001880       0x70 c:/altera/12.1sp1/nios2eds/bin/gnu/h-i686-mingw32/bin/../lib/gcc/nios2-elf/4.1.2/../../../../nios2-elf/lib\libc.a(lib_a-sbrkr.o)
                0x01001880                _sbrk_r
 .text          0x010018f0      0x13c c:/altera/12.1sp1/nios2eds/bin/gnu/h-i686-mingw32/bin/../lib/gcc/nios2-elf/4.1.2/../../../../nios2-elf/lib\libc.a(lib_a-wsetup.o)
                0x010018f0                __swsetup_r
 .text          0x01001a2c      0x230 c:/altera/12.1sp1/nios2eds/bin/gnu/h-i686-mingw32/bin/../lib/gcc/nios2-elf/4.1.2/../../../../nios2-elf/lib\libc.a(lib_a-fflush.o)
                0x01001a2c                _fflush_r
                0x01001c28                fflush
 .text          0x01001c5c      0x2c0 c:/altera/12.1sp1/nios2eds/bin/gnu/h-i686-mingw32/bin/../lib/gcc/nios2-elf/4.1.2/../../../../nios2-elf/lib\libc.a(lib_a-findfp.o)
                0x01001cb4                __sfp_lock_acquire
                0x01001cb8                __sfp_lock_release
                0x01001cbc                __sinit_lock_acquire
                0x01001cc0                __sinit_lock_release
                0x01001cc4                __sinit
                0x01001d78                __fp_unlock_all
                0x01001d90                __fp_lock_all
                0x01001da8                _cleanup_r
                0x01001db4                _cleanup
                0x01001dc4                __sfmoreglue
                0x01001e2c                __sfp
 .text          0x01001f1c      0x440 c:/altera/12.1sp1/nios2eds/bin/gnu/h-i686-mingw32/bin/../lib/gcc/nios2-elf/4.1.2/../../../../nios2-elf/lib\libc.a(lib_a-freer.o)
                0x01001f1c                _malloc_trim_r
                0x01002048                _free_r
 .text          0x0100235c      0x180 c:/altera/12.1sp1/nios2eds/bin/gnu/h-i686-mingw32/bin/../lib/gcc/nios2-elf/4.1.2/../../../../nios2-elf/lib\libc.a(lib_a-fwalk.o)
                0x0100235c                _fwalk_reent
                0x01002424                _fwalk
 .text          0x010024dc        0x0 c:/altera/12.1sp1/nios2eds/bin/gnu/h-i686-mingw32/bin/../lib/gcc/nios2-elf/4.1.2/../../../../nios2-elf/lib\libc.a(lib_a-int_errno.o)
 .text          0x010024dc      0x194 c:/altera/12.1sp1/nios2eds/bin/gnu/h-i686-mingw32/bin/../lib/gcc/nios2-elf/4.1.2/../../../../nios2-elf/lib\libc.a(lib_a-makebuf.o)
                0x010024dc                __smakebuf_r
 .text          0x01002670       0x98 c:/altera/12.1sp1/nios2eds/bin/gnu/h-i686-mingw32/bin/../lib/gcc/nios2-elf/4.1.2/../../../../nios2-elf/lib\libc.a(lib_a-memset.o)
                0x01002670                memset
 .text          0x01002708      0x14c c:/altera/12.1sp1/nios2eds/bin/gnu/h-i686-mingw32/bin/../lib/gcc/nios2-elf/4.1.2/../../../../nios2-elf/lib\libc.a(lib_a-stdio.o)
                0x01002708                __sclose
                0x01002710                __sseek
                0x01002778                __swrite
                0x010027f4                __sread
 .text          0x01002854       0x78 c:/altera/12.1sp1/nios2eds/bin/gnu/h-i686-mingw32/bin/../lib/gcc/nios2-elf/4.1.2/../../../../nios2-elf/lib\libc.a(lib_a-writer.o)
                0x01002854                _write_r
 .text          0x010028cc       0x70 c:/altera/12.1sp1/nios2eds/bin/gnu/h-i686-mingw32/bin/../lib/gcc/nios2-elf/4.1.2/../../../../nios2-elf/lib\libc.a(lib_a-closer.o)
                0x010028cc                _close_r
 .text          0x0100293c      0x124 c:/altera/12.1sp1/nios2eds/bin/gnu/h-i686-mingw32/bin/../lib/gcc/nios2-elf/4.1.2/../../../../nios2-elf/lib\libc.a(lib_a-fclose.o)
                0x0100293c                _fclose_r
                0x01002a4c                fclose
 .text          0x01002a60       0x74 c:/altera/12.1sp1/nios2eds/bin/gnu/h-i686-mingw32/bin/../lib/gcc/nios2-elf/4.1.2/../../../../nios2-elf/lib\libc.a(lib_a-fstatr.o)
                0x01002a60                _fstat_r
 .text          0x01002ad4       0x70 c:/altera/12.1sp1/nios2eds/bin/gnu/h-i686-mingw32/bin/../lib/gcc/nios2-elf/4.1.2/../../../../nios2-elf/lib\libc.a(lib_a-isattyr.o)
                0x01002ad4                _isatty_r
 .text          0x01002b44       0x78 c:/altera/12.1sp1/nios2eds/bin/gnu/h-i686-mingw32/bin/../lib/gcc/nios2-elf/4.1.2/../../../../nios2-elf/lib\libc.a(lib_a-lseekr.o)
                0x01002b44                _lseek_r
 .text          0x01002bbc       0x78 c:/altera/12.1sp1/nios2eds/bin/gnu/h-i686-mingw32/bin/../lib/gcc/nios2-elf/4.1.2/../../../../nios2-elf/lib\libc.a(lib_a-readr.o)
                0x01002bbc                _read_r
 .text          0x01002c34      0x15c ../HelloMatt_bsp/\libucosii_bsp.a(alt_close.o)
                0x01002c34                close
 .text          0x01002d90       0x2c ../HelloMatt_bsp/\libucosii_bsp.a(alt_dev.o)
 .text          0x01002dbc        0x0 ../HelloMatt_bsp/\libucosii_bsp.a(alt_errno.o)
 .text          0x01002dbc      0x134 ../HelloMatt_bsp/\libucosii_bsp.a(alt_fstat.o)
                0x01002dbc                fstat
 .text          0x01002ef0      0x120 ../HelloMatt_bsp/\libucosii_bsp.a(alt_isatty.o)
                0x01002ef0                isatty
 .text          0x01003010       0xec ../HelloMatt_bsp/\libucosii_bsp.a(alt_load.o)
                0x01003010                alt_load
 .text          0x010030fc      0x150 ../HelloMatt_bsp/\libucosii_bsp.a(alt_lseek.o)
                0x010030fc                lseek
 .text          0x0100324c       0xc8 ../HelloMatt_bsp/\libucosii_bsp.a(alt_main.o)
                0x0100324c                alt_main
 .text          0x01003314      0x180 ../HelloMatt_bsp/\libucosii_bsp.a(alt_read.o)
                0x01003314                read
 .text          0x01003494       0x60 ../HelloMatt_bsp/\libucosii_bsp.a(alt_release_fd.o)
                0x01003494                alt_release_fd
 .text          0x010034f4       0xbc ../HelloMatt_bsp/\libucosii_bsp.a(alt_sbrk.o)
                0x010034f4                sbrk
 .text          0x010035b0      0x180 ../HelloMatt_bsp/\libucosii_bsp.a(alt_write.o)
                0x010035b0                write
 .text          0x01003730      0x108 ../HelloMatt_bsp/\libucosii_bsp.a(alt_env_lock.o)
                0x01003730                __env_lock
                0x010037dc                __env_unlock
 .text          0x01003838      0x1d8 ../HelloMatt_bsp/\libucosii_bsp.a(alt_malloc_lock.o)
                0x01003838                __malloc_lock
                0x01003940                __malloc_unlock
 .text          0x01003a10     0x2128 ../HelloMatt_bsp/\libucosii_bsp.a(os_core.o)
                0x01003a10                OSEventNameGet
                0x01003b40                OSEventNameSet
                0x01003c84                OSEventPendMulti
                0x01004338                OSInit
                0x0100438c                OSIntEnter
                0x01004408                OSIntExit
                0x01004508                OSSchedLock
                0x01004594                OSSchedUnlock
                0x01004678                OSStart
                0x010046e8                OSStatInit
                0x01004794                OSTimeTick
                0x010049d4                OSVersion
                0x010049f4                OS_Dummy
                0x01004a10                OS_EventTaskRdy
                0x01004ba4                OS_EventTaskWait
                0x01004cb4                OS_EventTaskWaitMulti
                0x01004e08                OS_EventTaskRemove
                0x01004ec0                OS_EventTaskRemoveMulti
                0x01004fc4                OS_EventWaitListInit
                0x01005390                OS_MemClr
                0x010053e4                OS_MemCopy
                0x01005450                OS_Sched
                0x01005594                OS_StrCopy
                0x01005614                OS_StrLen
                0x0100566c                OS_TaskIdle
                0x010056c8                OS_TaskStat
                0x01005790                OS_TaskStatStkChk
                0x01005858                OS_TCBInit
 .text          0x01005b38      0x18c ../HelloMatt_bsp/\libucosii_bsp.a(os_dbg.o)
                0x01005b38                OSDebugInit
 .text          0x01005cc4     0x193c ../HelloMatt_bsp/\libucosii_bsp.a(os_flag.o)
                0x01005cc4                OSFlagAccept
                0x01005ff8                OSFlagCreate
                0x01006134                OSFlagDel
                0x010063dc                OSFlagNameGet
                0x01006520                OSFlagNameSet
                0x01006674                OSFlagPend
                0x01006cb8                OSFlagPendGetFlagsRdy
                0x01006d20                OSFlagPost
                0x010070c8                OSFlagQuery
                0x01007360                OS_FlagInit
                0x01007554                OS_FlagUnlink
 .text          0x01007600      0x808 ../HelloMatt_bsp/\libucosii_bsp.a(os_mem.o)
                0x01007600                OSMemCreate
                0x0100781c                OSMemGet
                0x01007920                OSMemNameGet
                0x01007a2c                OSMemNameSet
                0x01007b4c                OSMemPut
                0x01007c3c                OSMemQuery
                0x01007d38                OS_MemInit
 .text          0x01007e08     0x1334 ../HelloMatt_bsp/\libucosii_bsp.a(os_q.o)
                0x01007e08                OSQAccept
                0x01007f5c                OSQCreate
                0x01008170                OSQDel
                0x01008470                OSQFlush
                0x01008538                OSQPend
                0x01008858                OSQPendAbort
                0x010089d4                OSQPost
                0x01008b54                OSQPostFront
                0x01008cdc                OSQPostOpt
                0x01008f10                OSQQuery
                0x01009090                OS_QInit
 .text          0x0100913c      0xbc8 ../HelloMatt_bsp/\libucosii_bsp.a(os_sem.o)
                0x0100913c                OSSemAccept
                0x010091fc                OSSemCreate
                0x01009310                OSSemDel
                0x010095b0                OSSemPend
                0x0100982c                OSSemPendAbort
                0x010099a8                OSSemPost
                0x01009ad0                OSSemQuery
                0x01009c00                OSSemSet
 .text          0x01009d04     0x1a40 ../HelloMatt_bsp/\libucosii_bsp.a(os_task.o)
                0x01009d04                OSTaskChangePrio
                0x0100a278                OSTaskCreate
                0x0100a44c                OSTaskCreateExt
                0x0100a64c                OSTaskDel
                0x0100aa58                OSTaskDelReq
                0x0100abc8                OSTaskNameGet
                0x0100ad80                OSTaskNameSet
                0x0100af44                OSTaskResume
                0x0100b15c                OSTaskStkChk
                0x0100b358                OSTaskSuspend
                0x0100b584                OSTaskQuery
                0x0100b6c8                OS_TaskStkClr
 .text          0x0100b744      0x598 ../HelloMatt_bsp/\libucosii_bsp.a(os_time.o)
                0x0100b744                OSTimeDly
                0x0100b890                OSTimeDlyHMSM
                0x0100ba04                OSTimeDlyResume
                0x0100bc14                OSTimeGet
                0x0100bc78                OSTimeSet
 .text          0x0100bcdc       0xe8 ../HelloMatt_bsp/\libucosii_bsp.a(alt_sys_init.o)
                0x0100bcdc                alt_irq_init
                0x0100bd10                alt_sys_init
 .text          0x0100bdc4      0x148 ../HelloMatt_bsp/\libucosii_bsp.a(altera_avalon_jtag_uart_fd.o)
                0x0100bdc4                altera_avalon_jtag_uart_read_fd
                0x0100be1c                altera_avalon_jtag_uart_write_fd
                0x0100be74                altera_avalon_jtag_uart_close_fd
                0x0100bebc                altera_avalon_jtag_uart_ioctl_fd
 .text          0x0100bf0c      0x584 ../HelloMatt_bsp/\libucosii_bsp.a(altera_avalon_jtag_uart_init.o)
                0x0100bf0c                altera_avalon_jtag_uart_init
                0x0100c41c                altera_avalon_jtag_uart_close
 .text          0x0100c490       0xf4 ../HelloMatt_bsp/\libucosii_bsp.a(altera_avalon_jtag_uart_ioctl.o)
                0x0100c490                altera_avalon_jtag_uart_ioctl
 .text          0x0100c584      0x2c0 ../HelloMatt_bsp/\libucosii_bsp.a(altera_avalon_jtag_uart_read.o)
                0x0100c584                altera_avalon_jtag_uart_read
 .text          0x0100c844      0x2dc ../HelloMatt_bsp/\libucosii_bsp.a(altera_avalon_jtag_uart_write.o)
                0x0100c844                altera_avalon_jtag_uart_write
 .text          0x0100cb20      0x100 ../HelloMatt_bsp/\libucosii_bsp.a(altera_avalon_timer_sc.o)
                0x0100cb90                alt_avalon_timer_sc_init
 .text          0x0100cc20       0xf8 ../HelloMatt_bsp/\libucosii_bsp.a(altera_avalon_uart_fd.o)
                0x0100cc20                altera_avalon_uart_read_fd
                0x0100cc78                altera_avalon_uart_write_fd
                0x0100ccd0                altera_avalon_uart_close_fd
 .text          0x0100cd18      0x57c ../HelloMatt_bsp/\libucosii_bsp.a(altera_avalon_uart_init.o)
                0x0100cd18                altera_avalon_uart_init
                0x0100d234                altera_avalon_uart_close
 .text          0x0100d294      0x310 ../HelloMatt_bsp/\libucosii_bsp.a(altera_avalon_uart_read.o)
                0x0100d294                altera_avalon_uart_read
 .text          0x0100d5a4      0x2a8 ../HelloMatt_bsp/\libucosii_bsp.a(altera_avalon_uart_write.o)
                0x0100d5a4                altera_avalon_uart_write
 .text          0x0100d84c      0x154 ../HelloMatt_bsp/\libucosii_bsp.a(alt_alarm_start.o)
                0x0100d84c                alt_alarm_start
 .text          0x0100d9a0       0x44 ../HelloMatt_bsp/\libucosii_bsp.a(alt_dcache_flush_all.o)
                0x0100d9a0                alt_dcache_flush_all
 .text          0x0100d9e4      0x114 ../HelloMatt_bsp/\libucosii_bsp.a(alt_dev_llist_insert.o)
                0x0100d9e4                alt_dev_llist_insert
 .text          0x0100daf8       0x64 ../HelloMatt_bsp/\libucosii_bsp.a(alt_do_ctors.o)
                0x0100daf8                _do_ctors
 .text          0x0100db5c       0x64 ../HelloMatt_bsp/\libucosii_bsp.a(alt_do_dtors.o)
                0x0100db5c                _do_dtors
 .text          0x0100dbc0       0x30 ../HelloMatt_bsp/\libucosii_bsp.a(alt_icache_flush_all.o)
                0x0100dbc0                alt_icache_flush_all
 .text          0x0100dbf0      0x1d4 ../HelloMatt_bsp/\libucosii_bsp.a(alt_iic.o)
                0x0100dbf0                alt_ic_isr_register
                0x0100dc40                alt_ic_irq_enable
                0x0100dcdc                alt_ic_irq_disable
                0x0100dd7c                alt_ic_irq_enabled
 .text          0x0100ddc4       0xf8 ../HelloMatt_bsp/\libucosii_bsp.a(alt_iic_isr_register.o)
                0x0100ddc4                alt_iic_isr_register
 .text          0x0100debc      0x13c ../HelloMatt_bsp/\libucosii_bsp.a(alt_io_redirect.o)
                0x0100df80                alt_io_redirect
 .text          0x0100dff8        0x0 ../HelloMatt_bsp/\libucosii_bsp.a(alt_irq_entry.o)
 .text          0x0100dff8        0x0 ../HelloMatt_bsp/\libucosii_bsp.a(alt_irq_handler.o)
 .text          0x0100dff8        0x0 ../HelloMatt_bsp/\libucosii_bsp.a(alt_irq_vars.o)
 .text          0x0100dff8      0x2c4 ../HelloMatt_bsp/\libucosii_bsp.a(alt_open.o)
                0x0100e0d4                open
 .text          0x0100e2bc      0x1a8 ../HelloMatt_bsp/\libucosii_bsp.a(alt_tick.o)
                0x0100e2bc                alt_alarm_stop
                0x0100e354                alt_tick
 .text          0x0100e464       0x20 ../HelloMatt_bsp/\libucosii_bsp.a(altera_nios2_qsys_irq.o)
                0x0100e464                altera_nios2_qsys_irq_init
 .text          0x0100e484       0xd0 ../HelloMatt_bsp/\libucosii_bsp.a(os_cpu_a.o)
                0x0100e484                OSCtxSw
                0x0100e484                OSIntCtxSw
                0x0100e510                OSStartHighRdy
                0x0100e530                OSStartTsk
 .text          0x0100e554      0x418 ../HelloMatt_bsp/\libucosii_bsp.a(os_cpu_c.o)
                0x0100e554                OSTaskStkInit
                0x0100e864                OSTaskCreateHook
                0x0100e884                OSTaskDelHook
                0x0100e8a4                OSTaskSwHook
                0x0100e8c0                OSTaskStatHook
                0x0100e8dc                OSTimeTickHook
                0x0100e8f8                OSInitHookBegin
                0x0100e914                OSInitHookEnd
                0x0100e930                OSTaskIdleHook
                0x0100e94c                OSTCBInitHook
 .text          0x0100e96c        0x0 ../HelloMatt_bsp/\libucosii_bsp.a(alt_exception_entry.o)
 .text          0x0100e96c       0x94 ../HelloMatt_bsp/\libucosii_bsp.a(alt_find_dev.o)
                0x0100e96c                alt_find_dev
 .text          0x0100ea00      0x120 ../HelloMatt_bsp/\libucosii_bsp.a(alt_find_file.o)
                0x0100ea00                alt_find_file
 .text          0x0100eb20       0xf4 ../HelloMatt_bsp/\libucosii_bsp.a(alt_get_fd.o)
                0x0100eb20                alt_get_fd
 .text          0x0100ec14       0x90 ../HelloMatt_bsp/\libucosii_bsp.a(alt_icache_flush.o)
                0x0100ec14                alt_icache_flush
 .text          0x0100eca4       0x14 c:/altera/12.1sp1/nios2eds/bin/gnu/h-i686-mingw32/bin/../lib/gcc/nios2-elf/4.1.2/../../../../nios2-elf/lib\libc.a(lib_a-atexit.o)
                0x0100eca4                atexit
 .text          0x0100ecb8       0x38 c:/altera/12.1sp1/nios2eds/bin/gnu/h-i686-mingw32/bin/../lib/gcc/nios2-elf/4.1.2/../../../../nios2-elf/lib\libc.a(lib_a-exit.o)
                0x0100ecb8                exit
 .text          0x0100ecf0       0x74 c:/altera/12.1sp1/nios2eds/bin/gnu/h-i686-mingw32/bin/../lib/gcc/nios2-elf/4.1.2/../../../../nios2-elf/lib\libc.a(lib_a-memcmp.o)
                0x0100ecf0                memcmp
 .text          0x0100ed64      0x134 c:/altera/12.1sp1/nios2eds/bin/gnu/h-i686-mingw32/bin/../lib/gcc/nios2-elf/4.1.2/../../../../nios2-elf/lib\libc.a(lib_a-__atexit.o)
                0x0100ed64                __register_exitproc
 .text          0x0100ee98      0x1b4 c:/altera/12.1sp1/nios2eds/bin/gnu/h-i686-mingw32/bin/../lib/gcc/nios2-elf/4.1.2/../../../../nios2-elf/lib\libc.a(lib_a-__call_atexit.o)
                0x0100ee9c                __call_exitprocs
 .text          0x0100f04c      0x14c c:/altera/12.1sp1/nios2eds/bin/gnu/h-i686-mingw32/bin/../lib/gcc/nios2-elf/4.1.2\libgcc.a(lib2-divmod.o)
                0x0100f0c8                __divsi3
                0x0100f128                __modsi3
                0x0100f188                __udivsi3
                0x0100f190                __umodsi3
 .text          0x0100f198       0x6c ../HelloMatt_bsp/\libucosii_bsp.a(alt_exit.o)
                0x0100f1d8                _exit
 *(.gnu.warning.*)
 *(.fini)
                0x0100f204                PROVIDE (__etext, ABSOLUTE (.))
                0x0100f204                PROVIDE (_etext, ABSOLUTE (.))
                0x0100f204                PROVIDE (etext, ABSOLUTE (.))
 *(.eh_frame_hdr)
                0x0100f204                . = ALIGN (0x4)
                0x0100f204                PROVIDE (__preinit_array_start, ABSOLUTE (.))
 *(.preinit_array)
                0x0100f204                PROVIDE (__preinit_array_end, ABSOLUTE (.))
                0x0100f204                PROVIDE (__init_array_start, ABSOLUTE (.))
 *(.init_array)
                0x0100f204                PROVIDE (__init_array_end, ABSOLUTE (.))
                0x0100f204                PROVIDE (__fini_array_start, ABSOLUTE (.))
 *(.fini_array)
                0x0100f204                PROVIDE (__fini_array_end, ABSOLUTE (.))
 *(.eh_frame)
 *(.gcc_except_table)
 *(.dynamic)
                0x0100f204                PROVIDE (__CTOR_LIST__, ABSOLUTE (.))
 *(.ctors)
 *(SORT(.ctors.*))
 .ctors.65535   0x0100f204        0x4 c:/altera/12.1sp1/nios2eds/bin/gnu/h-i686-mingw32/bin/../lib/gcc/nios2-elf/4.1.2/../../../../nios2-elf/lib\libc.a(lib_a-__call_atexit.o)
                0x0100f208                PROVIDE (__CTOR_END__, ABSOLUTE (.))
                0x0100f208                PROVIDE (__DTOR_LIST__, ABSOLUTE (.))
 *(.dtors)
 *(SORT(.dtors.*))
                0x0100f208                PROVIDE (__DTOR_END__, ABSOLUTE (.))
 *(.jcr)
                0x0100f208                . = ALIGN (0x4)

.rodata         0x0100f208      0x194
                0x0100f208                PROVIDE (__ram_rodata_start, ABSOLUTE (.))
                0x0100f208                . = ALIGN (0x4)
 *(.rodata .rodata.* .gnu.linkonce.r.*)
 .rodata        0x0100f208       0x28 obj/default/hello_ucosii.o
 .rodata.str1.4
                0x0100f230        0x2 c:/altera/12.1sp1/nios2eds/bin/gnu/h-i686-mingw32/bin/../lib/gcc/nios2-elf/4.1.2/../../../../nios2-elf/lib\libc.a(lib_a-puts.o)
                                  0x4 (size before relaxing)
 *fill*         0x0100f232        0x2 00
 .rodata.str1.4
                0x0100f234        0x4 c:/altera/12.1sp1/nios2eds/bin/gnu/h-i686-mingw32/bin/../lib/gcc/nios2-elf/4.1.2/../../../../nios2-elf/lib\libc.a(lib_a-impure.o)
 .rodata        0x0100f238        0xc ../HelloMatt_bsp/\libucosii_bsp.a(alt_dev.o)
 .rodata        0x0100f244       0x14 ../HelloMatt_bsp/\libucosii_bsp.a(alt_main.o)
 .rodata        0x0100f258      0x120 ../HelloMatt_bsp/\libucosii_bsp.a(os_core.o)
                0x0100f258                OSUnMapTbl
 .rodata        0x0100f378       0x20 ../HelloMatt_bsp/\libucosii_bsp.a(alt_sys_init.o)
 .rodata        0x0100f398        0x4 ../HelloMatt_bsp/\libucosii_bsp.a(os_cpu_c.o)
 *(.rodata1)
                0x0100f39c                . = ALIGN (0x4)
                0x0100f39c                PROVIDE (__ram_rodata_end, ABSOLUTE (.))
                0x0100f208                PROVIDE (__flash_rodata_start, LOADADDR (.rodata))

.rwdata         0x0100f39c     0x1ba0 load address 0x01010f3c
                0x0100f39c                PROVIDE (__ram_rwdata_start, ABSOLUTE (.))
                0x0100f39c                . = ALIGN (0x4)
 *(.got.plt)
 *(.got)
 *(.data1)
 *(.data .data.* .gnu.linkonce.d.*)
 .data          0x0100f39c        0x0 ../HelloMatt_bsp//obj/HAL/src/crt0.o
 .data          0x0100f39c        0x0 obj/default/hello_ucosii.o
 .data          0x0100f39c        0x0 c:/altera/12.1sp1/nios2eds/bin/gnu/h-i686-mingw32/bin/../lib/gcc/nios2-elf/4.1.2/../../../../nios2-elf/lib\libc.a(lib_a-puts.o)
 .data          0x0100f39c        0x0 c:/altera/12.1sp1/nios2eds/bin/gnu/h-i686-mingw32/bin/../lib/gcc/nios2-elf/4.1.2/../../../../nios2-elf/lib\libc.a(lib_a-strlen.o)
 .data          0x0100f39c        0x0 c:/altera/12.1sp1/nios2eds/bin/gnu/h-i686-mingw32/bin/../lib/gcc/nios2-elf/4.1.2/../../../../nios2-elf/lib\libc.a(lib_a-fvwrite.o)
 .data          0x0100f39c      0x400 c:/altera/12.1sp1/nios2eds/bin/gnu/h-i686-mingw32/bin/../lib/gcc/nios2-elf/4.1.2/../../../../nios2-elf/lib\libc.a(lib_a-impure.o)
 .data          0x0100f79c      0x408 c:/altera/12.1sp1/nios2eds/bin/gnu/h-i686-mingw32/bin/../lib/gcc/nios2-elf/4.1.2/../../../../nios2-elf/lib\libc.a(lib_a-mallocr.o)
                0x0100f79c                __malloc_av_
 .data          0x0100fba4        0x0 c:/altera/12.1sp1/nios2eds/bin/gnu/h-i686-mingw32/bin/../lib/gcc/nios2-elf/4.1.2/../../../../nios2-elf/lib\libc.a(lib_a-memchr.o)
 .data          0x0100fba4        0x0 c:/altera/12.1sp1/nios2eds/bin/gnu/h-i686-mingw32/bin/../lib/gcc/nios2-elf/4.1.2/../../../../nios2-elf/lib\libc.a(lib_a-memcpy.o)
 .data          0x0100fba4        0x0 c:/altera/12.1sp1/nios2eds/bin/gnu/h-i686-mingw32/bin/../lib/gcc/nios2-elf/4.1.2/../../../../nios2-elf/lib\libc.a(lib_a-memmove.o)
 .data          0x0100fba4        0x0 c:/altera/12.1sp1/nios2eds/bin/gnu/h-i686-mingw32/bin/../lib/gcc/nios2-elf/4.1.2/../../../../nios2-elf/lib\libc.a(lib_a-reallocr.o)
 .data          0x0100fba4        0x0 c:/altera/12.1sp1/nios2eds/bin/gnu/h-i686-mingw32/bin/../lib/gcc/nios2-elf/4.1.2/../../../../nios2-elf/lib\libc.a(lib_a-sbrkr.o)
 .data          0x0100fba4        0x0 c:/altera/12.1sp1/nios2eds/bin/gnu/h-i686-mingw32/bin/../lib/gcc/nios2-elf/4.1.2/../../../../nios2-elf/lib\libc.a(lib_a-wsetup.o)
 .data          0x0100fba4        0x0 c:/altera/12.1sp1/nios2eds/bin/gnu/h-i686-mingw32/bin/../lib/gcc/nios2-elf/4.1.2/../../../../nios2-elf/lib\libc.a(lib_a-fflush.o)
 .data          0x0100fba4        0x0 c:/altera/12.1sp1/nios2eds/bin/gnu/h-i686-mingw32/bin/../lib/gcc/nios2-elf/4.1.2/../../../../nios2-elf/lib\libc.a(lib_a-findfp.o)
 .data          0x0100fba4        0x0 c:/altera/12.1sp1/nios2eds/bin/gnu/h-i686-mingw32/bin/../lib/gcc/nios2-elf/4.1.2/../../../../nios2-elf/lib\libc.a(lib_a-freer.o)
 .data          0x0100fba4        0x0 c:/altera/12.1sp1/nios2eds/bin/gnu/h-i686-mingw32/bin/../lib/gcc/nios2-elf/4.1.2/../../../../nios2-elf/lib\libc.a(lib_a-fwalk.o)
 .data          0x0100fba4        0x0 c:/altera/12.1sp1/nios2eds/bin/gnu/h-i686-mingw32/bin/../lib/gcc/nios2-elf/4.1.2/../../../../nios2-elf/lib\libc.a(lib_a-int_errno.o)
 .data          0x0100fba4        0x0 c:/altera/12.1sp1/nios2eds/bin/gnu/h-i686-mingw32/bin/../lib/gcc/nios2-elf/4.1.2/../../../../nios2-elf/lib\libc.a(lib_a-makebuf.o)
 .data          0x0100fba4        0x0 c:/altera/12.1sp1/nios2eds/bin/gnu/h-i686-mingw32/bin/../lib/gcc/nios2-elf/4.1.2/../../../../nios2-elf/lib\libc.a(lib_a-memset.o)
 .data          0x0100fba4        0x0 c:/altera/12.1sp1/nios2eds/bin/gnu/h-i686-mingw32/bin/../lib/gcc/nios2-elf/4.1.2/../../../../nios2-elf/lib\libc.a(lib_a-stdio.o)
 .data          0x0100fba4        0x0 c:/altera/12.1sp1/nios2eds/bin/gnu/h-i686-mingw32/bin/../lib/gcc/nios2-elf/4.1.2/../../../../nios2-elf/lib\libc.a(lib_a-writer.o)
 .data          0x0100fba4        0x0 c:/altera/12.1sp1/nios2eds/bin/gnu/h-i686-mingw32/bin/../lib/gcc/nios2-elf/4.1.2/../../../../nios2-elf/lib\libc.a(lib_a-closer.o)
 .data          0x0100fba4        0x0 c:/altera/12.1sp1/nios2eds/bin/gnu/h-i686-mingw32/bin/../lib/gcc/nios2-elf/4.1.2/../../../../nios2-elf/lib\libc.a(lib_a-fclose.o)
 .data          0x0100fba4        0x0 c:/altera/12.1sp1/nios2eds/bin/gnu/h-i686-mingw32/bin/../lib/gcc/nios2-elf/4.1.2/../../../../nios2-elf/lib\libc.a(lib_a-fstatr.o)
 .data          0x0100fba4        0x0 c:/altera/12.1sp1/nios2eds/bin/gnu/h-i686-mingw32/bin/../lib/gcc/nios2-elf/4.1.2/../../../../nios2-elf/lib\libc.a(lib_a-isattyr.o)
 .data          0x0100fba4        0x0 c:/altera/12.1sp1/nios2eds/bin/gnu/h-i686-mingw32/bin/../lib/gcc/nios2-elf/4.1.2/../../../../nios2-elf/lib\libc.a(lib_a-lseekr.o)
 .data          0x0100fba4        0x0 c:/altera/12.1sp1/nios2eds/bin/gnu/h-i686-mingw32/bin/../lib/gcc/nios2-elf/4.1.2/../../../../nios2-elf/lib\libc.a(lib_a-readr.o)
 .data          0x0100fba4        0x0 ../HelloMatt_bsp/\libucosii_bsp.a(alt_close.o)
 .data          0x0100fba4      0x1a8 ../HelloMatt_bsp/\libucosii_bsp.a(alt_dev.o)
                0x0100fba4                alt_dev_null
                0x0100fbcc                alt_fd_list
 .data          0x0100fd4c        0x0 ../HelloMatt_bsp/\libucosii_bsp.a(alt_errno.o)
 .data          0x0100fd4c        0x0 ../HelloMatt_bsp/\libucosii_bsp.a(alt_fstat.o)
 .data          0x0100fd4c        0x0 ../HelloMatt_bsp/\libucosii_bsp.a(alt_isatty.o)
 .data          0x0100fd4c        0x0 ../HelloMatt_bsp/\libucosii_bsp.a(alt_load.o)
 .data          0x0100fd4c        0x0 ../HelloMatt_bsp/\libucosii_bsp.a(alt_lseek.o)
 .data          0x0100fd4c        0x0 ../HelloMatt_bsp/\libucosii_bsp.a(alt_main.o)
 .data          0x0100fd4c        0x0 ../HelloMatt_bsp/\libucosii_bsp.a(alt_read.o)
 .data          0x0100fd4c        0x0 ../HelloMatt_bsp/\libucosii_bsp.a(alt_release_fd.o)
 .data          0x0100fd4c        0x0 ../HelloMatt_bsp/\libucosii_bsp.a(alt_sbrk.o)
 .data          0x0100fd4c        0x0 ../HelloMatt_bsp/\libucosii_bsp.a(alt_write.o)
 .data          0x0100fd4c        0x0 ../HelloMatt_bsp/\libucosii_bsp.a(alt_env_lock.o)
 .data          0x0100fd4c        0x0 ../HelloMatt_bsp/\libucosii_bsp.a(alt_malloc_lock.o)
 .data          0x0100fd4c        0x0 ../HelloMatt_bsp/\libucosii_bsp.a(os_core.o)
 .data          0x0100fd4c        0x0 ../HelloMatt_bsp/\libucosii_bsp.a(os_dbg.o)
 .data          0x0100fd4c        0x0 ../HelloMatt_bsp/\libucosii_bsp.a(os_flag.o)
 .data          0x0100fd4c        0x0 ../HelloMatt_bsp/\libucosii_bsp.a(os_mem.o)
 .data          0x0100fd4c        0x0 ../HelloMatt_bsp/\libucosii_bsp.a(os_q.o)
 .data          0x0100fd4c        0x0 ../HelloMatt_bsp/\libucosii_bsp.a(os_sem.o)
 .data          0x0100fd4c        0x0 ../HelloMatt_bsp/\libucosii_bsp.a(os_task.o)
 .data          0x0100fd4c        0x0 ../HelloMatt_bsp/\libucosii_bsp.a(os_time.o)
 .data          0x0100fd4c     0x113c ../HelloMatt_bsp/\libucosii_bsp.a(alt_sys_init.o)
 .data          0x01010e88        0x0 ../HelloMatt_bsp/\libucosii_bsp.a(altera_avalon_jtag_uart_fd.o)
 .data          0x01010e88        0x0 ../HelloMatt_bsp/\libucosii_bsp.a(altera_avalon_jtag_uart_init.o)
 .data          0x01010e88        0x0 ../HelloMatt_bsp/\libucosii_bsp.a(altera_avalon_jtag_uart_ioctl.o)
 .data          0x01010e88        0x0 ../HelloMatt_bsp/\libucosii_bsp.a(altera_avalon_jtag_uart_read.o)
 .data          0x01010e88        0x0 ../HelloMatt_bsp/\libucosii_bsp.a(altera_avalon_jtag_uart_write.o)
 .data          0x01010e88        0x0 ../HelloMatt_bsp/\libucosii_bsp.a(altera_avalon_timer_sc.o)
 .data          0x01010e88        0x0 ../HelloMatt_bsp/\libucosii_bsp.a(altera_avalon_uart_fd.o)
 .data          0x01010e88        0x0 ../HelloMatt_bsp/\libucosii_bsp.a(altera_avalon_uart_init.o)
 .data          0x01010e88        0x0 ../HelloMatt_bsp/\libucosii_bsp.a(altera_avalon_uart_read.o)
 .data          0x01010e88        0x0 ../HelloMatt_bsp/\libucosii_bsp.a(altera_avalon_uart_write.o)
 .data          0x01010e88        0x0 ../HelloMatt_bsp/\libucosii_bsp.a(alt_alarm_start.o)
 .data          0x01010e88        0x0 ../HelloMatt_bsp/\libucosii_bsp.a(alt_dcache_flush_all.o)
 .data          0x01010e88        0x0 ../HelloMatt_bsp/\libucosii_bsp.a(alt_dev_llist_insert.o)
 .data          0x01010e88        0x0 ../HelloMatt_bsp/\libucosii_bsp.a(alt_do_ctors.o)
 .data          0x01010e88        0x0 ../HelloMatt_bsp/\libucosii_bsp.a(alt_do_dtors.o)
 .data          0x01010e88        0x0 ../HelloMatt_bsp/\libucosii_bsp.a(alt_icache_flush_all.o)
 .data          0x01010e88        0x0 ../HelloMatt_bsp/\libucosii_bsp.a(alt_iic.o)
 .data          0x01010e88        0x0 ../HelloMatt_bsp/\libucosii_bsp.a(alt_iic_isr_register.o)
 .data          0x01010e88        0x0 ../HelloMatt_bsp/\libucosii_bsp.a(alt_io_redirect.o)
 .data          0x01010e88        0x0 ../HelloMatt_bsp/\libucosii_bsp.a(alt_irq_entry.o)
 .data          0x01010e88        0x0 ../HelloMatt_bsp/\libucosii_bsp.a(alt_irq_handler.o)
 .data          0x01010e88        0x0 ../HelloMatt_bsp/\libucosii_bsp.a(alt_irq_vars.o)
 .data          0x01010e88        0x0 ../HelloMatt_bsp/\libucosii_bsp.a(alt_open.o)
 .data          0x01010e88        0x0 ../HelloMatt_bsp/\libucosii_bsp.a(alt_tick.o)
 .data          0x01010e88        0x0 ../HelloMatt_bsp/\libucosii_bsp.a(altera_nios2_qsys_irq.o)
 .data          0x01010e88        0x0 ../HelloMatt_bsp/\libucosii_bsp.a(os_cpu_a.o)
 .data          0x01010e88        0x0 ../HelloMatt_bsp/\libucosii_bsp.a(os_cpu_c.o)
 .data          0x01010e88        0x0 ../HelloMatt_bsp/\libucosii_bsp.a(alt_exception_entry.o)
 .data          0x01010e88        0x0 ../HelloMatt_bsp/\libucosii_bsp.a(alt_find_dev.o)
 .data          0x01010e88        0x0 ../HelloMatt_bsp/\libucosii_bsp.a(alt_find_file.o)
 .data          0x01010e88        0x0 ../HelloMatt_bsp/\libucosii_bsp.a(alt_get_fd.o)
 .data          0x01010e88        0x0 ../HelloMatt_bsp/\libucosii_bsp.a(alt_icache_flush.o)
 .data          0x01010e88        0x0 c:/altera/12.1sp1/nios2eds/bin/gnu/h-i686-mingw32/bin/../lib/gcc/nios2-elf/4.1.2/../../../../nios2-elf/lib\libc.a(lib_a-atexit.o)
 .data          0x01010e88        0x0 c:/altera/12.1sp1/nios2eds/bin/gnu/h-i686-mingw32/bin/../lib/gcc/nios2-elf/4.1.2/../../../../nios2-elf/lib\libc.a(lib_a-exit.o)
 .data          0x01010e88        0x0 c:/altera/12.1sp1/nios2eds/bin/gnu/h-i686-mingw32/bin/../lib/gcc/nios2-elf/4.1.2/../../../../nios2-elf/lib\libc.a(lib_a-memcmp.o)
 .data          0x01010e88        0x0 c:/altera/12.1sp1/nios2eds/bin/gnu/h-i686-mingw32/bin/../lib/gcc/nios2-elf/4.1.2/../../../../nios2-elf/lib\libc.a(lib_a-__atexit.o)
 .data          0x01010e88        0x0 c:/altera/12.1sp1/nios2eds/bin/gnu/h-i686-mingw32/bin/../lib/gcc/nios2-elf/4.1.2/../../../../nios2-elf/lib\libc.a(lib_a-__call_atexit.o)
 .data          0x01010e88        0x0 c:/altera/12.1sp1/nios2eds/bin/gnu/h-i686-mingw32/bin/../lib/gcc/nios2-elf/4.1.2\libgcc.a(lib2-divmod.o)
 .data          0x01010e88        0x0 ../HelloMatt_bsp/\libucosii_bsp.a(alt_exit.o)
                0x01018e88                _gp = ABSOLUTE ((. + 0x8000))
                0x01018e88                PROVIDE (gp, _gp)
 *(.rwdata .rwdata.*)
 *(.sdata .sdata.* .gnu.linkonce.s.*)
 .sdata         0x01010e88        0x8 c:/altera/12.1sp1/nios2eds/bin/gnu/h-i686-mingw32/bin/../lib/gcc/nios2-elf/4.1.2/../../../../nios2-elf/lib\libc.a(lib_a-impure.o)
                0x01010e88                _impure_ptr
                0x01010e8c                _global_impure_ptr
 .sdata         0x01010e90        0x8 c:/altera/12.1sp1/nios2eds/bin/gnu/h-i686-mingw32/bin/../lib/gcc/nios2-elf/4.1.2/../../../../nios2-elf/lib\libc.a(lib_a-mallocr.o)
                0x01010e90                __malloc_trim_threshold
                0x01010e94                __malloc_sbrk_base
 .sdata         0x01010e98       0x14 ../HelloMatt_bsp/\libucosii_bsp.a(alt_dev.o)
                0x01010e98                alt_fs_list
                0x01010ea0                alt_dev_list
                0x01010ea8                alt_max_fd
 .sdata         0x01010eac        0x4 ../HelloMatt_bsp/\libucosii_bsp.a(alt_errno.o)
                0x01010eac                alt_errno
 .sdata         0x01010eb0        0x4 ../HelloMatt_bsp/\libucosii_bsp.a(alt_sbrk.o)
 .sdata         0x01010eb4        0x4 ../HelloMatt_bsp/\libucosii_bsp.a(alt_env_lock.o)
 .sdata         0x01010eb8        0x4 ../HelloMatt_bsp/\libucosii_bsp.a(alt_malloc_lock.o)
 .sdata         0x01010ebc       0x74 ../HelloMatt_bsp/\libucosii_bsp.a(os_dbg.o)
                0x01010ebc                OSDebugEn
                0x01010ec0                OSEndiannessTest
                0x01010ec4                OSEventEn
                0x01010ec6                OSEventMax
                0x01010ec8                OSEventNameSize
                0x01010eca                OSEventSize
                0x01010ecc                OSEventTblSize
                0x01010ece                OSEventMultiEn
                0x01010ed0                OSFlagEn
                0x01010ed2                OSFlagGrpSize
                0x01010ed4                OSFlagNodeSize
                0x01010ed6                OSFlagWidth
                0x01010ed8                OSFlagMax
                0x01010eda                OSFlagNameSize
                0x01010edc                OSLowestPrio
                0x01010ede                OSMboxEn
                0x01010ee0                OSMemEn
                0x01010ee2                OSMemMax
                0x01010ee4                OSMemNameSize
                0x01010ee6                OSMemSize
                0x01010ee8                OSMemTblSize
                0x01010eea                OSMutexEn
                0x01010eec                OSPtrSize
                0x01010eee                OSQEn
                0x01010ef0                OSQMax
                0x01010ef2                OSQSize
                0x01010ef4                OSRdyTblSize
                0x01010ef6                OSSemEn
                0x01010ef8                OSStkWidth
                0x01010efa                OSTaskCreateEn
                0x01010efc                OSTaskCreateExtEn
                0x01010efe                OSTaskDelEn
                0x01010f00                OSTaskIdleStkSize
                0x01010f02                OSTaskProfileEn
                0x01010f04                OSTaskMax
                0x01010f06                OSTaskNameSize
                0x01010f08                OSTaskStatEn
                0x01010f0a                OSTaskStatStkSize
                0x01010f0c                OSTaskStatStkChkEn
                0x01010f0e                OSTaskSwHookEn
                0x01010f10                OSTCBPrioTblMax
                0x01010f12                OSTCBSize
                0x01010f14                OSTicksPerSec
                0x01010f16                OSTimeTickHookEn
                0x01010f18                OSVersionNbr
                0x01010f1a                OSTmrEn
                0x01010f1c                OSTmrCfgMax
                0x01010f1e                OSTmrCfgNameSize
                0x01010f20                OSTmrCfgWheelSize
                0x01010f22                OSTmrCfgTicksPerSec
                0x01010f24                OSTmrSize
                0x01010f26                OSTmrTblSize
                0x01010f28                OSTmrWheelSize
                0x01010f2a                OSTmrWheelTblSize
                0x01010f2c                OSDataSize
 .sdata         0x01010f30        0x4 ../HelloMatt_bsp/\libucosii_bsp.a(alt_irq_vars.o)
                0x01010f30                alt_priority_mask
 .sdata         0x01010f34        0x8 ../HelloMatt_bsp/\libucosii_bsp.a(alt_tick.o)
                0x01010f34                alt_alarm_list
 *(.sdata2 .sdata2.* .gnu.linkonce.s2.*)
                0x01010f3c                . = ALIGN (0x4)
                0x01010f3c                _edata = ABSOLUTE (.)
                0x01010f3c                PROVIDE (edata, ABSOLUTE (.))
                0x01010f3c                PROVIDE (__ram_rwdata_end, ABSOLUTE (.))
                0x01010f3c                PROVIDE (__flash_rwdata_start, LOADADDR (.rwdata))

.bss            0x01012adc     0x7568
                0x01012adc                __bss_start = ABSOLUTE (.)
                0x01012adc                PROVIDE (__sbss_start, ABSOLUTE (.))
                0x01012adc                PROVIDE (___sbss_start, ABSOLUTE (.))
 *(.dynsbss)
 *(.sbss .sbss.* .gnu.linkonce.sb.*)
 .sbss          0x01012adc        0xc c:/altera/12.1sp1/nios2eds/bin/gnu/h-i686-mingw32/bin/../lib/gcc/nios2-elf/4.1.2/../../../../nios2-elf/lib\libc.a(lib_a-mallocr.o)
                0x01012adc                __malloc_top_pad
                0x01012ae0                __malloc_max_sbrked_mem
                0x01012ae4                __malloc_max_total_mem
 .sbss          0x01012ae8        0x4 c:/altera/12.1sp1/nios2eds/bin/gnu/h-i686-mingw32/bin/../lib/gcc/nios2-elf/4.1.2/../../../../nios2-elf/lib\libc.a(lib_a-int_errno.o)
                0x01012ae8                errno
 .sbss          0x01012aec        0x4 ../HelloMatt_bsp/\libucosii_bsp.a(alt_dev.o)
                0x01012aec                alt_fd_list_lock
 .sbss          0x01012af0        0xc ../HelloMatt_bsp/\libucosii_bsp.a(alt_main.o)
                0x01012af0                alt_argc
                0x01012af4                alt_argv
                0x01012af8                alt_envp
 .sbss          0x01012afc        0x8 ../HelloMatt_bsp/\libucosii_bsp.a(alt_env_lock.o)
                0x01012b00                alt_envsem
 .sbss          0x01012b04        0x8 ../HelloMatt_bsp/\libucosii_bsp.a(alt_malloc_lock.o)
                0x01012b08                alt_heapsem
 .sbss          0x01012b0c       0x50 ../HelloMatt_bsp/\libucosii_bsp.a(os_core.o)
                0x01012b0c                OSLockNesting
                0x01012b0d                OSRunning
                0x01012b10                OSIdleCtr
                0x01012b14                OSPrioHighRdy
                0x01012b15                OSPrioCur
                0x01012b18                OSTCBList
                0x01012b1c                OSTickStepState
                0x01012b20                OSCtxSwCtr
                0x01012b24                OSIdleCtrMax
                0x01012b28                OSTCBFreeList
                0x01012b2c                OSCPUUsage
                0x01012b2d                OSTaskCtr
                0x01012b30                OSMemFreeList
                0x01012b34                OSTCBHighRdy
                0x01012b38                OSQFreeList
                0x01012b3c                OSRdyGrp
                0x01012b3d                OSRdyTbl
                0x01012b40                OSEventFreeList
                0x01012b44                OSIntNesting
                0x01012b48                OSTCBCur
                0x01012b4c                OSTime
                0x01012b50                OSFlagFreeList
                0x01012b54                OSStatRdy
                0x01012b58                OSIdleCtrRun
 .sbss          0x01012b5c        0x4 ../HelloMatt_bsp/\libucosii_bsp.a(alt_irq_vars.o)
                0x01012b5c                alt_irq_active
 .sbss          0x01012b60        0x8 ../HelloMatt_bsp/\libucosii_bsp.a(alt_tick.o)
                0x01012b60                _alt_tick_rate
                0x01012b64                _alt_nticks
 *(.sbss2 .sbss2.* .gnu.linkonce.sb2.*)
 *(.scommon)
                0x01012b68                PROVIDE (__sbss_end, ABSOLUTE (.))
                0x01012b68                PROVIDE (___sbss_end, ABSOLUTE (.))
 *(.dynbss)
 *(.bss .bss.* .gnu.linkonce.b.*)
 .bss           0x01012b68        0x0 ../HelloMatt_bsp//obj/HAL/src/crt0.o
 .bss           0x01012b68        0x0 obj/default/hello_ucosii.o
 .bss           0x01012b68        0x0 c:/altera/12.1sp1/nios2eds/bin/gnu/h-i686-mingw32/bin/../lib/gcc/nios2-elf/4.1.2/../../../../nios2-elf/lib\libc.a(lib_a-puts.o)
 .bss           0x01012b68        0x0 c:/altera/12.1sp1/nios2eds/bin/gnu/h-i686-mingw32/bin/../lib/gcc/nios2-elf/4.1.2/../../../../nios2-elf/lib\libc.a(lib_a-strlen.o)
 .bss           0x01012b68        0x0 c:/altera/12.1sp1/nios2eds/bin/gnu/h-i686-mingw32/bin/../lib/gcc/nios2-elf/4.1.2/../../../../nios2-elf/lib\libc.a(lib_a-fvwrite.o)
 .bss           0x01012b68        0x0 c:/altera/12.1sp1/nios2eds/bin/gnu/h-i686-mingw32/bin/../lib/gcc/nios2-elf/4.1.2/../../../../nios2-elf/lib\libc.a(lib_a-impure.o)
 .bss           0x01012b68       0x28 c:/altera/12.1sp1/nios2eds/bin/gnu/h-i686-mingw32/bin/../lib/gcc/nios2-elf/4.1.2/../../../../nios2-elf/lib\libc.a(lib_a-mallocr.o)
                0x01012b68                __malloc_current_mallinfo
 .bss           0x01012b90        0x0 c:/altera/12.1sp1/nios2eds/bin/gnu/h-i686-mingw32/bin/../lib/gcc/nios2-elf/4.1.2/../../../../nios2-elf/lib\libc.a(lib_a-memchr.o)
 .bss           0x01012b90        0x0 c:/altera/12.1sp1/nios2eds/bin/gnu/h-i686-mingw32/bin/../lib/gcc/nios2-elf/4.1.2/../../../../nios2-elf/lib\libc.a(lib_a-memcpy.o)
 .bss           0x01012b90        0x0 c:/altera/12.1sp1/nios2eds/bin/gnu/h-i686-mingw32/bin/../lib/gcc/nios2-elf/4.1.2/../../../../nios2-elf/lib\libc.a(lib_a-memmove.o)
 .bss           0x01012b90        0x0 c:/altera/12.1sp1/nios2eds/bin/gnu/h-i686-mingw32/bin/../lib/gcc/nios2-elf/4.1.2/../../../../nios2-elf/lib\libc.a(lib_a-reallocr.o)
 .bss           0x01012b90        0x0 c:/altera/12.1sp1/nios2eds/bin/gnu/h-i686-mingw32/bin/../lib/gcc/nios2-elf/4.1.2/../../../../nios2-elf/lib\libc.a(lib_a-sbrkr.o)
 .bss           0x01012b90        0x0 c:/altera/12.1sp1/nios2eds/bin/gnu/h-i686-mingw32/bin/../lib/gcc/nios2-elf/4.1.2/../../../../nios2-elf/lib\libc.a(lib_a-wsetup.o)
 .bss           0x01012b90        0x0 c:/altera/12.1sp1/nios2eds/bin/gnu/h-i686-mingw32/bin/../lib/gcc/nios2-elf/4.1.2/../../../../nios2-elf/lib\libc.a(lib_a-fflush.o)
 .bss           0x01012b90        0x0 c:/altera/12.1sp1/nios2eds/bin/gnu/h-i686-mingw32/bin/../lib/gcc/nios2-elf/4.1.2/../../../../nios2-elf/lib\libc.a(lib_a-findfp.o)
 .bss           0x01012b90        0x0 c:/altera/12.1sp1/nios2eds/bin/gnu/h-i686-mingw32/bin/../lib/gcc/nios2-elf/4.1.2/../../../../nios2-elf/lib\libc.a(lib_a-freer.o)
 .bss           0x01012b90        0x0 c:/altera/12.1sp1/nios2eds/bin/gnu/h-i686-mingw32/bin/../lib/gcc/nios2-elf/4.1.2/../../../../nios2-elf/lib\libc.a(lib_a-fwalk.o)
 .bss           0x01012b90        0x0 c:/altera/12.1sp1/nios2eds/bin/gnu/h-i686-mingw32/bin/../lib/gcc/nios2-elf/4.1.2/../../../../nios2-elf/lib\libc.a(lib_a-int_errno.o)
 .bss           0x01012b90        0x0 c:/altera/12.1sp1/nios2eds/bin/gnu/h-i686-mingw32/bin/../lib/gcc/nios2-elf/4.1.2/../../../../nios2-elf/lib\libc.a(lib_a-makebuf.o)
 .bss           0x01012b90        0x0 c:/altera/12.1sp1/nios2eds/bin/gnu/h-i686-mingw32/bin/../lib/gcc/nios2-elf/4.1.2/../../../../nios2-elf/lib\libc.a(lib_a-memset.o)
 .bss           0x01012b90        0x0 c:/altera/12.1sp1/nios2eds/bin/gnu/h-i686-mingw32/bin/../lib/gcc/nios2-elf/4.1.2/../../../../nios2-elf/lib\libc.a(lib_a-stdio.o)
 .bss           0x01012b90        0x0 c:/altera/12.1sp1/nios2eds/bin/gnu/h-i686-mingw32/bin/../lib/gcc/nios2-elf/4.1.2/../../../../nios2-elf/lib\libc.a(lib_a-writer.o)
 .bss           0x01012b90        0x0 c:/altera/12.1sp1/nios2eds/bin/gnu/h-i686-mingw32/bin/../lib/gcc/nios2-elf/4.1.2/../../../../nios2-elf/lib\libc.a(lib_a-closer.o)
 .bss           0x01012b90        0x0 c:/altera/12.1sp1/nios2eds/bin/gnu/h-i686-mingw32/bin/../lib/gcc/nios2-elf/4.1.2/../../../../nios2-elf/lib\libc.a(lib_a-fclose.o)
 .bss           0x01012b90        0x0 c:/altera/12.1sp1/nios2eds/bin/gnu/h-i686-mingw32/bin/../lib/gcc/nios2-elf/4.1.2/../../../../nios2-elf/lib\libc.a(lib_a-fstatr.o)
 .bss           0x01012b90        0x0 c:/altera/12.1sp1/nios2eds/bin/gnu/h-i686-mingw32/bin/../lib/gcc/nios2-elf/4.1.2/../../../../nios2-elf/lib\libc.a(lib_a-isattyr.o)
 .bss           0x01012b90        0x0 c:/altera/12.1sp1/nios2eds/bin/gnu/h-i686-mingw32/bin/../lib/gcc/nios2-elf/4.1.2/../../../../nios2-elf/lib\libc.a(lib_a-lseekr.o)
 .bss           0x01012b90        0x0 c:/altera/12.1sp1/nios2eds/bin/gnu/h-i686-mingw32/bin/../lib/gcc/nios2-elf/4.1.2/../../../../nios2-elf/lib\libc.a(lib_a-readr.o)
 .bss           0x01012b90        0x0 ../HelloMatt_bsp/\libucosii_bsp.a(alt_close.o)
 .bss           0x01012b90        0x0 ../HelloMatt_bsp/\libucosii_bsp.a(alt_dev.o)
 .bss           0x01012b90        0x0 ../HelloMatt_bsp/\libucosii_bsp.a(alt_errno.o)
 .bss           0x01012b90        0x0 ../HelloMatt_bsp/\libucosii_bsp.a(alt_fstat.o)
 .bss           0x01012b90        0x0 ../HelloMatt_bsp/\libucosii_bsp.a(alt_isatty.o)
 .bss           0x01012b90        0x0 ../HelloMatt_bsp/\libucosii_bsp.a(alt_load.o)
 .bss           0x01012b90        0x0 ../HelloMatt_bsp/\libucosii_bsp.a(alt_lseek.o)
 .bss           0x01012b90        0x0 ../HelloMatt_bsp/\libucosii_bsp.a(alt_main.o)
 .bss           0x01012b90        0x0 ../HelloMatt_bsp/\libucosii_bsp.a(alt_read.o)
 .bss           0x01012b90        0x0 ../HelloMatt_bsp/\libucosii_bsp.a(alt_release_fd.o)
 .bss           0x01012b90        0x0 ../HelloMatt_bsp/\libucosii_bsp.a(alt_sbrk.o)
 .bss           0x01012b90        0x0 ../HelloMatt_bsp/\libucosii_bsp.a(alt_write.o)
 .bss           0x01012b90        0x0 ../HelloMatt_bsp/\libucosii_bsp.a(alt_env_lock.o)
 .bss           0x01012b90        0x0 ../HelloMatt_bsp/\libucosii_bsp.a(alt_malloc_lock.o)
 .bss           0x01012b90        0x0 ../HelloMatt_bsp/\libucosii_bsp.a(os_core.o)
 .bss           0x01012b90        0x0 ../HelloMatt_bsp/\libucosii_bsp.a(os_dbg.o)
 .bss           0x01012b90        0x0 ../HelloMatt_bsp/\libucosii_bsp.a(os_flag.o)
 .bss           0x01012b90        0x0 ../HelloMatt_bsp/\libucosii_bsp.a(os_mem.o)
 .bss           0x01012b90        0x0 ../HelloMatt_bsp/\libucosii_bsp.a(os_q.o)
 .bss           0x01012b90        0x0 ../HelloMatt_bsp/\libucosii_bsp.a(os_sem.o)
 .bss           0x01012b90        0x0 ../HelloMatt_bsp/\libucosii_bsp.a(os_task.o)
 .bss           0x01012b90        0x0 ../HelloMatt_bsp/\libucosii_bsp.a(os_time.o)
 .bss           0x01012b90        0x0 ../HelloMatt_bsp/\libucosii_bsp.a(alt_sys_init.o)
 .bss           0x01012b90        0x0 ../HelloMatt_bsp/\libucosii_bsp.a(altera_avalon_jtag_uart_fd.o)
 .bss           0x01012b90        0x0 ../HelloMatt_bsp/\libucosii_bsp.a(altera_avalon_jtag_uart_init.o)
 .bss           0x01012b90        0x0 ../HelloMatt_bsp/\libucosii_bsp.a(altera_avalon_jtag_uart_ioctl.o)
 .bss           0x01012b90        0x0 ../HelloMatt_bsp/\libucosii_bsp.a(altera_avalon_jtag_uart_read.o)
 .bss           0x01012b90        0x0 ../HelloMatt_bsp/\libucosii_bsp.a(altera_avalon_jtag_uart_write.o)
 .bss           0x01012b90        0x0 ../HelloMatt_bsp/\libucosii_bsp.a(altera_avalon_timer_sc.o)
 .bss           0x01012b90        0x0 ../HelloMatt_bsp/\libucosii_bsp.a(altera_avalon_uart_fd.o)
 .bss           0x01012b90        0x0 ../HelloMatt_bsp/\libucosii_bsp.a(altera_avalon_uart_init.o)
 .bss           0x01012b90        0x0 ../HelloMatt_bsp/\libucosii_bsp.a(altera_avalon_uart_read.o)
 .bss           0x01012b90        0x0 ../HelloMatt_bsp/\libucosii_bsp.a(altera_avalon_uart_write.o)
 .bss           0x01012b90        0x0 ../HelloMatt_bsp/\libucosii_bsp.a(alt_alarm_start.o)
 .bss           0x01012b90        0x0 ../HelloMatt_bsp/\libucosii_bsp.a(alt_dcache_flush_all.o)
 .bss           0x01012b90        0x0 ../HelloMatt_bsp/\libucosii_bsp.a(alt_dev_llist_insert.o)
 .bss           0x01012b90        0x0 ../HelloMatt_bsp/\libucosii_bsp.a(alt_do_ctors.o)
 .bss           0x01012b90        0x0 ../HelloMatt_bsp/\libucosii_bsp.a(alt_do_dtors.o)
 .bss           0x01012b90        0x0 ../HelloMatt_bsp/\libucosii_bsp.a(alt_icache_flush_all.o)
 .bss           0x01012b90        0x0 ../HelloMatt_bsp/\libucosii_bsp.a(alt_iic.o)
 .bss           0x01012b90        0x0 ../HelloMatt_bsp/\libucosii_bsp.a(alt_iic_isr_register.o)
 .bss           0x01012b90        0x0 ../HelloMatt_bsp/\libucosii_bsp.a(alt_io_redirect.o)
 .bss           0x01012b90        0x0 ../HelloMatt_bsp/\libucosii_bsp.a(alt_irq_entry.o)
 .bss           0x01012b90        0x0 ../HelloMatt_bsp/\libucosii_bsp.a(alt_irq_handler.o)
 .bss           0x01012b90        0x0 ../HelloMatt_bsp/\libucosii_bsp.a(alt_irq_vars.o)
 .bss           0x01012b90        0x0 ../HelloMatt_bsp/\libucosii_bsp.a(alt_open.o)
 .bss           0x01012b90        0x0 ../HelloMatt_bsp/\libucosii_bsp.a(alt_tick.o)
 .bss           0x01012b90        0x0 ../HelloMatt_bsp/\libucosii_bsp.a(altera_nios2_qsys_irq.o)
 .bss           0x01012b90        0x0 ../HelloMatt_bsp/\libucosii_bsp.a(os_cpu_a.o)
 .bss           0x01012b90        0x0 ../HelloMatt_bsp/\libucosii_bsp.a(os_cpu_c.o)
 .bss           0x01012b90        0x0 ../HelloMatt_bsp/\libucosii_bsp.a(alt_exception_entry.o)
 .bss           0x01012b90        0x0 ../HelloMatt_bsp/\libucosii_bsp.a(alt_find_dev.o)
 .bss           0x01012b90        0x0 ../HelloMatt_bsp/\libucosii_bsp.a(alt_find_file.o)
 .bss           0x01012b90        0x0 ../HelloMatt_bsp/\libucosii_bsp.a(alt_get_fd.o)
 .bss           0x01012b90        0x0 ../HelloMatt_bsp/\libucosii_bsp.a(alt_icache_flush.o)
 .bss           0x01012b90        0x0 c:/altera/12.1sp1/nios2eds/bin/gnu/h-i686-mingw32/bin/../lib/gcc/nios2-elf/4.1.2/../../../../nios2-elf/lib\libc.a(lib_a-atexit.o)
 .bss           0x01012b90        0x0 c:/altera/12.1sp1/nios2eds/bin/gnu/h-i686-mingw32/bin/../lib/gcc/nios2-elf/4.1.2/../../../../nios2-elf/lib\libc.a(lib_a-exit.o)
 .bss           0x01012b90        0x0 c:/altera/12.1sp1/nios2eds/bin/gnu/h-i686-mingw32/bin/../lib/gcc/nios2-elf/4.1.2/../../../../nios2-elf/lib\libc.a(lib_a-memcmp.o)
 .bss           0x01012b90        0x0 c:/altera/12.1sp1/nios2eds/bin/gnu/h-i686-mingw32/bin/../lib/gcc/nios2-elf/4.1.2/../../../../nios2-elf/lib\libc.a(lib_a-__atexit.o)
 .bss           0x01012b90        0x0 c:/altera/12.1sp1/nios2eds/bin/gnu/h-i686-mingw32/bin/../lib/gcc/nios2-elf/4.1.2/../../../../nios2-elf/lib\libc.a(lib_a-__call_atexit.o)
 .bss           0x01012b90        0x0 c:/altera/12.1sp1/nios2eds/bin/gnu/h-i686-mingw32/bin/../lib/gcc/nios2-elf/4.1.2\libgcc.a(lib2-divmod.o)
 .bss           0x01012b90        0x0 ../HelloMatt_bsp/\libucosii_bsp.a(alt_exit.o)
 *(COMMON)
 COMMON         0x01012b90     0x4000 obj/default/hello_ucosii.o
                0x01012b90                task1_stk
                0x01014b90                task2_stk
 COMMON         0x01016b90     0x3224 ../HelloMatt_bsp/\libucosii_bsp.a(os_core.o)
                0x01016b90                OSFlagTbl
                0x01016f00                OSMemTbl
                0x01017b30                OSTaskStatStk
                0x01018330                OSQTbl
                0x01018510                OSTaskIdleStk
                0x01018d10                OSEventTbl
                0x01019850                OSTCBTbl
                0x01019d60                OSTCBPrioTbl
 COMMON         0x01019db4      0x100 ../HelloMatt_bsp/\libucosii_bsp.a(alt_irq_handler.o)
                0x01019db4                alt_irq
 COMMON         0x01019eb4      0x190 c:/altera/12.1sp1/nios2eds/bin/gnu/h-i686-mingw32/bin/../lib/gcc/nios2-elf/4.1.2/../../../../nios2-elf/lib\libc.a(lib_a-atexit.o)
                0x01019eb4                _atexit0
                0x0101a044                . = ALIGN (0x4)
                0x0101a044                __bss_end = ABSOLUTE (.)

.sdram          0x0101a044        0x0
                0x0101a044                PROVIDE (_alt_partition_sdram_start, ABSOLUTE (.))
 *(.sdram. sdram.*)
                0x0101a044                . = ALIGN (0x4)
                0x0101a044                PROVIDE (_alt_partition_sdram_end, ABSOLUTE (.))
                0x0101a044                _end = ABSOLUTE (.)
                0x0101a044                end = ABSOLUTE (.)
                0x0101a044                __alt_stack_base = ABSOLUTE (.)
                0x0101a044                PROVIDE (_alt_partition_sdram_load_addr, LOADADDR (.sdram))

.stab
 *(.stab)

.stabstr
 *(.stabstr)

.stab.excl
 *(.stab.excl)

.stab.exclstr
 *(.stab.exclstr)

.stab.index
 *(.stab.index)

.stab.indexstr
 *(.stab.indexstr)

.comment        0x00000000       0x26
 *(.comment)
 .comment       0x00000000       0x26 obj/default/hello_ucosii.o
                                 0x27 (size before relaxing)
 .comment       0x00000000       0x27 c:/altera/12.1sp1/nios2eds/bin/gnu/h-i686-mingw32/bin/../lib/gcc/nios2-elf/4.1.2/../../../../nios2-elf/lib\libc.a(lib_a-puts.o)
 .comment       0x00000000       0x27 c:/altera/12.1sp1/nios2eds/bin/gnu/h-i686-mingw32/bin/../lib/gcc/nios2-elf/4.1.2/../../../../nios2-elf/lib\libc.a(lib_a-strlen.o)
 .comment       0x00000000       0x27 c:/altera/12.1sp1/nios2eds/bin/gnu/h-i686-mingw32/bin/../lib/gcc/nios2-elf/4.1.2/../../../../nios2-elf/lib\libc.a(lib_a-fvwrite.o)
 .comment       0x00000000       0x27 c:/altera/12.1sp1/nios2eds/bin/gnu/h-i686-mingw32/bin/../lib/gcc/nios2-elf/4.1.2/../../../../nios2-elf/lib\libc.a(lib_a-impure.o)
 .comment       0x00000000       0x27 c:/altera/12.1sp1/nios2eds/bin/gnu/h-i686-mingw32/bin/../lib/gcc/nios2-elf/4.1.2/../../../../nios2-elf/lib\libc.a(lib_a-mallocr.o)
 .comment       0x00000000       0x27 c:/altera/12.1sp1/nios2eds/bin/gnu/h-i686-mingw32/bin/../lib/gcc/nios2-elf/4.1.2/../../../../nios2-elf/lib\libc.a(lib_a-memchr.o)
 .comment       0x00000000       0x27 c:/altera/12.1sp1/nios2eds/bin/gnu/h-i686-mingw32/bin/../lib/gcc/nios2-elf/4.1.2/../../../../nios2-elf/lib\libc.a(lib_a-memcpy.o)
 .comment       0x00000000       0x27 c:/altera/12.1sp1/nios2eds/bin/gnu/h-i686-mingw32/bin/../lib/gcc/nios2-elf/4.1.2/../../../../nios2-elf/lib\libc.a(lib_a-memmove.o)
 .comment       0x00000000       0x27 c:/altera/12.1sp1/nios2eds/bin/gnu/h-i686-mingw32/bin/../lib/gcc/nios2-elf/4.1.2/../../../../nios2-elf/lib\libc.a(lib_a-reallocr.o)
 .comment       0x00000000       0x27 c:/altera/12.1sp1/nios2eds/bin/gnu/h-i686-mingw32/bin/../lib/gcc/nios2-elf/4.1.2/../../../../nios2-elf/lib\libc.a(lib_a-sbrkr.o)
 .comment       0x00000000       0x27 c:/altera/12.1sp1/nios2eds/bin/gnu/h-i686-mingw32/bin/../lib/gcc/nios2-elf/4.1.2/../../../../nios2-elf/lib\libc.a(lib_a-wsetup.o)
 .comment       0x00000000       0x27 c:/altera/12.1sp1/nios2eds/bin/gnu/h-i686-mingw32/bin/../lib/gcc/nios2-elf/4.1.2/../../../../nios2-elf/lib\libc.a(lib_a-fflush.o)
 .comment       0x00000000       0x27 c:/altera/12.1sp1/nios2eds/bin/gnu/h-i686-mingw32/bin/../lib/gcc/nios2-elf/4.1.2/../../../../nios2-elf/lib\libc.a(lib_a-findfp.o)
 .comment       0x00000000       0x27 c:/altera/12.1sp1/nios2eds/bin/gnu/h-i686-mingw32/bin/../lib/gcc/nios2-elf/4.1.2/../../../../nios2-elf/lib\libc.a(lib_a-freer.o)
 .comment       0x00000000       0x27 c:/altera/12.1sp1/nios2eds/bin/gnu/h-i686-mingw32/bin/../lib/gcc/nios2-elf/4.1.2/../../../../nios2-elf/lib\libc.a(lib_a-fwalk.o)
 .comment       0x00000000       0x27 c:/altera/12.1sp1/nios2eds/bin/gnu/h-i686-mingw32/bin/../lib/gcc/nios2-elf/4.1.2/../../../../nios2-elf/lib\libc.a(lib_a-int_errno.o)
 .comment       0x00000000       0x27 c:/altera/12.1sp1/nios2eds/bin/gnu/h-i686-mingw32/bin/../lib/gcc/nios2-elf/4.1.2/../../../../nios2-elf/lib\libc.a(lib_a-makebuf.o)
 .comment       0x00000000       0x27 c:/altera/12.1sp1/nios2eds/bin/gnu/h-i686-mingw32/bin/../lib/gcc/nios2-elf/4.1.2/../../../../nios2-elf/lib\libc.a(lib_a-memset.o)
 .comment       0x00000000       0x27 c:/altera/12.1sp1/nios2eds/bin/gnu/h-i686-mingw32/bin/../lib/gcc/nios2-elf/4.1.2/../../../../nios2-elf/lib\libc.a(lib_a-stdio.o)
 .comment       0x00000000       0x27 c:/altera/12.1sp1/nios2eds/bin/gnu/h-i686-mingw32/bin/../lib/gcc/nios2-elf/4.1.2/../../../../nios2-elf/lib\libc.a(lib_a-writer.o)
 .comment       0x00000000       0x27 c:/altera/12.1sp1/nios2eds/bin/gnu/h-i686-mingw32/bin/../lib/gcc/nios2-elf/4.1.2/../../../../nios2-elf/lib\libc.a(lib_a-closer.o)
 .comment       0x00000000       0x27 c:/altera/12.1sp1/nios2eds/bin/gnu/h-i686-mingw32/bin/../lib/gcc/nios2-elf/4.1.2/../../../../nios2-elf/lib\libc.a(lib_a-fclose.o)
 .comment       0x00000000       0x27 c:/altera/12.1sp1/nios2eds/bin/gnu/h-i686-mingw32/bin/../lib/gcc/nios2-elf/4.1.2/../../../../nios2-elf/lib\libc.a(lib_a-fstatr.o)
 .comment       0x00000000       0x27 c:/altera/12.1sp1/nios2eds/bin/gnu/h-i686-mingw32/bin/../lib/gcc/nios2-elf/4.1.2/../../../../nios2-elf/lib\libc.a(lib_a-isattyr.o)
 .comment       0x00000000       0x27 c:/altera/12.1sp1/nios2eds/bin/gnu/h-i686-mingw32/bin/../lib/gcc/nios2-elf/4.1.2/../../../../nios2-elf/lib\libc.a(lib_a-lseekr.o)
 .comment       0x00000000       0x27 c:/altera/12.1sp1/nios2eds/bin/gnu/h-i686-mingw32/bin/../lib/gcc/nios2-elf/4.1.2/../../../../nios2-elf/lib\libc.a(lib_a-readr.o)
 .comment       0x00000000       0x27 ../HelloMatt_bsp/\libucosii_bsp.a(alt_close.o)
 .comment       0x00000000       0x27 ../HelloMatt_bsp/\libucosii_bsp.a(alt_dev.o)
 .comment       0x00000000       0x27 ../HelloMatt_bsp/\libucosii_bsp.a(alt_errno.o)
 .comment       0x00000000       0x27 ../HelloMatt_bsp/\libucosii_bsp.a(alt_fstat.o)
 .comment       0x00000000       0x27 ../HelloMatt_bsp/\libucosii_bsp.a(alt_isatty.o)
 .comment       0x00000000       0x27 ../HelloMatt_bsp/\libucosii_bsp.a(alt_load.o)
 .comment       0x00000000       0x27 ../HelloMatt_bsp/\libucosii_bsp.a(alt_lseek.o)
 .comment       0x00000000       0x27 ../HelloMatt_bsp/\libucosii_bsp.a(alt_main.o)
 .comment       0x00000000       0x27 ../HelloMatt_bsp/\libucosii_bsp.a(alt_read.o)
 .comment       0x00000000       0x27 ../HelloMatt_bsp/\libucosii_bsp.a(alt_release_fd.o)
 .comment       0x00000000       0x27 ../HelloMatt_bsp/\libucosii_bsp.a(alt_sbrk.o)
 .comment       0x00000000       0x27 ../HelloMatt_bsp/\libucosii_bsp.a(alt_write.o)
 .comment       0x00000000       0x27 ../HelloMatt_bsp/\libucosii_bsp.a(alt_env_lock.o)
 .comment       0x00000000       0x27 ../HelloMatt_bsp/\libucosii_bsp.a(alt_malloc_lock.o)
 .comment       0x00000000       0x27 ../HelloMatt_bsp/\libucosii_bsp.a(os_core.o)
 .comment       0x00000000       0x27 ../HelloMatt_bsp/\libucosii_bsp.a(os_dbg.o)
 .comment       0x00000000       0x27 ../HelloMatt_bsp/\libucosii_bsp.a(os_flag.o)
 .comment       0x00000000       0x27 ../HelloMatt_bsp/\libucosii_bsp.a(os_mem.o)
 .comment       0x00000000       0x27 ../HelloMatt_bsp/\libucosii_bsp.a(os_q.o)
 .comment       0x00000000       0x27 ../HelloMatt_bsp/\libucosii_bsp.a(os_sem.o)
 .comment       0x00000000       0x27 ../HelloMatt_bsp/\libucosii_bsp.a(os_task.o)
 .comment       0x00000000       0x27 ../HelloMatt_bsp/\libucosii_bsp.a(os_time.o)
 .comment       0x00000000       0x27 ../HelloMatt_bsp/\libucosii_bsp.a(alt_sys_init.o)
 .comment       0x00000000       0x27 ../HelloMatt_bsp/\libucosii_bsp.a(altera_avalon_jtag_uart_fd.o)
 .comment       0x00000000       0x27 ../HelloMatt_bsp/\libucosii_bsp.a(altera_avalon_jtag_uart_init.o)
 .comment       0x00000000       0x27 ../HelloMatt_bsp/\libucosii_bsp.a(altera_avalon_jtag_uart_ioctl.o)
 .comment       0x00000000       0x27 ../HelloMatt_bsp/\libucosii_bsp.a(altera_avalon_jtag_uart_read.o)
 .comment       0x00000000       0x27 ../HelloMatt_bsp/\libucosii_bsp.a(altera_avalon_jtag_uart_write.o)
 .comment       0x00000000       0x27 ../HelloMatt_bsp/\libucosii_bsp.a(altera_avalon_timer_sc.o)
 .comment       0x00000000       0x27 ../HelloMatt_bsp/\libucosii_bsp.a(altera_avalon_uart_fd.o)
 .comment       0x00000000       0x27 ../HelloMatt_bsp/\libucosii_bsp.a(altera_avalon_uart_init.o)
 .comment       0x00000000       0x27 ../HelloMatt_bsp/\libucosii_bsp.a(altera_avalon_uart_read.o)
 .comment       0x00000000       0x27 ../HelloMatt_bsp/\libucosii_bsp.a(altera_avalon_uart_write.o)
 .comment       0x00000000       0x27 ../HelloMatt_bsp/\libucosii_bsp.a(alt_alarm_start.o)
 .comment       0x00000000       0x27 ../HelloMatt_bsp/\libucosii_bsp.a(alt_dcache_flush_all.o)
 .comment       0x00000000       0x27 ../HelloMatt_bsp/\libucosii_bsp.a(alt_dev_llist_insert.o)
 .comment       0x00000000       0x27 ../HelloMatt_bsp/\libucosii_bsp.a(alt_do_ctors.o)
 .comment       0x00000000       0x27 ../HelloMatt_bsp/\libucosii_bsp.a(alt_do_dtors.o)
 .comment       0x00000000       0x27 ../HelloMatt_bsp/\libucosii_bsp.a(alt_icache_flush_all.o)
 .comment       0x00000000       0x27 ../HelloMatt_bsp/\libucosii_bsp.a(alt_iic.o)
 .comment       0x00000000       0x27 ../HelloMatt_bsp/\libucosii_bsp.a(alt_iic_isr_register.o)
 .comment       0x00000000       0x27 ../HelloMatt_bsp/\libucosii_bsp.a(alt_io_redirect.o)
 .comment       0x00000000       0x27 ../HelloMatt_bsp/\libucosii_bsp.a(alt_irq_handler.o)
 .comment       0x00000000       0x27 ../HelloMatt_bsp/\libucosii_bsp.a(alt_irq_vars.o)
 .comment       0x00000000       0x27 ../HelloMatt_bsp/\libucosii_bsp.a(alt_open.o)
 .comment       0x00000000       0x27 ../HelloMatt_bsp/\libucosii_bsp.a(alt_tick.o)
 .comment       0x00000000       0x27 ../HelloMatt_bsp/\libucosii_bsp.a(altera_nios2_qsys_irq.o)
 .comment       0x00000000       0x27 ../HelloMatt_bsp/\libucosii_bsp.a(os_cpu_c.o)
 .comment       0x00000000       0x27 ../HelloMatt_bsp/\libucosii_bsp.a(alt_find_dev.o)
 .comment       0x00000000       0x27 ../HelloMatt_bsp/\libucosii_bsp.a(alt_find_file.o)
 .comment       0x00000000       0x27 ../HelloMatt_bsp/\libucosii_bsp.a(alt_get_fd.o)
 .comment       0x00000000       0x27 ../HelloMatt_bsp/\libucosii_bsp.a(alt_icache_flush.o)
 .comment       0x00000000       0x27 c:/altera/12.1sp1/nios2eds/bin/gnu/h-i686-mingw32/bin/../lib/gcc/nios2-elf/4.1.2/../../../../nios2-elf/lib\libc.a(lib_a-atexit.o)
 .comment       0x00000000       0x27 c:/altera/12.1sp1/nios2eds/bin/gnu/h-i686-mingw32/bin/../lib/gcc/nios2-elf/4.1.2/../../../../nios2-elf/lib\libc.a(lib_a-exit.o)
 .comment       0x00000000       0x27 c:/altera/12.1sp1/nios2eds/bin/gnu/h-i686-mingw32/bin/../lib/gcc/nios2-elf/4.1.2/../../../../nios2-elf/lib\libc.a(lib_a-memcmp.o)
 .comment       0x00000000       0x27 c:/altera/12.1sp1/nios2eds/bin/gnu/h-i686-mingw32/bin/../lib/gcc/nios2-elf/4.1.2/../../../../nios2-elf/lib\libc.a(lib_a-__atexit.o)
 .comment       0x00000000       0x27 c:/altera/12.1sp1/nios2eds/bin/gnu/h-i686-mingw32/bin/../lib/gcc/nios2-elf/4.1.2/../../../../nios2-elf/lib\libc.a(lib_a-__call_atexit.o)
 .comment       0x00000000       0x27 c:/altera/12.1sp1/nios2eds/bin/gnu/h-i686-mingw32/bin/../lib/gcc/nios2-elf/4.1.2\libgcc.a(lib2-divmod.o)
 .comment       0x00000000       0x27 ../HelloMatt_bsp/\libucosii_bsp.a(alt_exit.o)

.debug
 *(.debug)

.line
 *(.line)

.debug_srcinfo
 *(.debug_srcinfo)

.debug_sfnames
 *(.debug_sfnames)

.debug_aranges  0x00000000      0xaf8
 *(.debug_aranges)
 .debug_aranges
                0x00000000       0x28 ../HelloMatt_bsp//obj/HAL/src/crt0.o
 .debug_aranges
                0x00000028       0x20 obj/default/hello_ucosii.o
 .debug_aranges
                0x00000048       0x20 c:/altera/12.1sp1/nios2eds/bin/gnu/h-i686-mingw32/bin/../lib/gcc/nios2-elf/4.1.2/../../../../nios2-elf/lib\libc.a(lib_a-puts.o)
 .debug_aranges
                0x00000068       0x20 c:/altera/12.1sp1/nios2eds/bin/gnu/h-i686-mingw32/bin/../lib/gcc/nios2-elf/4.1.2/../../../../nios2-elf/lib\libc.a(lib_a-strlen.o)
 .debug_aranges
                0x00000088       0x20 c:/altera/12.1sp1/nios2eds/bin/gnu/h-i686-mingw32/bin/../lib/gcc/nios2-elf/4.1.2/../../../../nios2-elf/lib\libc.a(lib_a-fvwrite.o)
 .debug_aranges
                0x000000a8       0x20 c:/altera/12.1sp1/nios2eds/bin/gnu/h-i686-mingw32/bin/../lib/gcc/nios2-elf/4.1.2/../../../../nios2-elf/lib\libc.a(lib_a-mallocr.o)
 .debug_aranges
                0x000000c8       0x20 c:/altera/12.1sp1/nios2eds/bin/gnu/h-i686-mingw32/bin/../lib/gcc/nios2-elf/4.1.2/../../../../nios2-elf/lib\libc.a(lib_a-memchr.o)
 .debug_aranges
                0x000000e8       0x20 c:/altera/12.1sp1/nios2eds/bin/gnu/h-i686-mingw32/bin/../lib/gcc/nios2-elf/4.1.2/../../../../nios2-elf/lib\libc.a(lib_a-memcpy.o)
 .debug_aranges
                0x00000108       0x20 c:/altera/12.1sp1/nios2eds/bin/gnu/h-i686-mingw32/bin/../lib/gcc/nios2-elf/4.1.2/../../../../nios2-elf/lib\libc.a(lib_a-memmove.o)
 .debug_aranges
                0x00000128       0x20 c:/altera/12.1sp1/nios2eds/bin/gnu/h-i686-mingw32/bin/../lib/gcc/nios2-elf/4.1.2/../../../../nios2-elf/lib\libc.a(lib_a-reallocr.o)
 .debug_aranges
                0x00000148       0x20 c:/altera/12.1sp1/nios2eds/bin/gnu/h-i686-mingw32/bin/../lib/gcc/nios2-elf/4.1.2/../../../../nios2-elf/lib\libc.a(lib_a-sbrkr.o)
 .debug_aranges
                0x00000168       0x20 c:/altera/12.1sp1/nios2eds/bin/gnu/h-i686-mingw32/bin/../lib/gcc/nios2-elf/4.1.2/../../../../nios2-elf/lib\libc.a(lib_a-wsetup.o)
 .debug_aranges
                0x00000188       0x20 c:/altera/12.1sp1/nios2eds/bin/gnu/h-i686-mingw32/bin/../lib/gcc/nios2-elf/4.1.2/../../../../nios2-elf/lib\libc.a(lib_a-fflush.o)
 .debug_aranges
                0x000001a8       0x20 c:/altera/12.1sp1/nios2eds/bin/gnu/h-i686-mingw32/bin/../lib/gcc/nios2-elf/4.1.2/../../../../nios2-elf/lib\libc.a(lib_a-findfp.o)
 .debug_aranges
                0x000001c8       0x20 c:/altera/12.1sp1/nios2eds/bin/gnu/h-i686-mingw32/bin/../lib/gcc/nios2-elf/4.1.2/../../../../nios2-elf/lib\libc.a(lib_a-freer.o)
 .debug_aranges
                0x000001e8       0x20 c:/altera/12.1sp1/nios2eds/bin/gnu/h-i686-mingw32/bin/../lib/gcc/nios2-elf/4.1.2/../../../../nios2-elf/lib\libc.a(lib_a-fwalk.o)
 .debug_aranges
                0x00000208       0x20 c:/altera/12.1sp1/nios2eds/bin/gnu/h-i686-mingw32/bin/../lib/gcc/nios2-elf/4.1.2/../../../../nios2-elf/lib\libc.a(lib_a-makebuf.o)
 .debug_aranges
                0x00000228       0x20 c:/altera/12.1sp1/nios2eds/bin/gnu/h-i686-mingw32/bin/../lib/gcc/nios2-elf/4.1.2/../../../../nios2-elf/lib\libc.a(lib_a-memset.o)
 .debug_aranges
                0x00000248       0x20 c:/altera/12.1sp1/nios2eds/bin/gnu/h-i686-mingw32/bin/../lib/gcc/nios2-elf/4.1.2/../../../../nios2-elf/lib\libc.a(lib_a-stdio.o)
 .debug_aranges
                0x00000268       0x20 c:/altera/12.1sp1/nios2eds/bin/gnu/h-i686-mingw32/bin/../lib/gcc/nios2-elf/4.1.2/../../../../nios2-elf/lib\libc.a(lib_a-writer.o)
 .debug_aranges
                0x00000288       0x20 c:/altera/12.1sp1/nios2eds/bin/gnu/h-i686-mingw32/bin/../lib/gcc/nios2-elf/4.1.2/../../../../nios2-elf/lib\libc.a(lib_a-closer.o)
 .debug_aranges
                0x000002a8       0x20 c:/altera/12.1sp1/nios2eds/bin/gnu/h-i686-mingw32/bin/../lib/gcc/nios2-elf/4.1.2/../../../../nios2-elf/lib\libc.a(lib_a-fclose.o)
 .debug_aranges
                0x000002c8       0x20 c:/altera/12.1sp1/nios2eds/bin/gnu/h-i686-mingw32/bin/../lib/gcc/nios2-elf/4.1.2/../../../../nios2-elf/lib\libc.a(lib_a-fstatr.o)
 .debug_aranges
                0x000002e8       0x20 c:/altera/12.1sp1/nios2eds/bin/gnu/h-i686-mingw32/bin/../lib/gcc/nios2-elf/4.1.2/../../../../nios2-elf/lib\libc.a(lib_a-isattyr.o)
 .debug_aranges
                0x00000308       0x20 c:/altera/12.1sp1/nios2eds/bin/gnu/h-i686-mingw32/bin/../lib/gcc/nios2-elf/4.1.2/../../../../nios2-elf/lib\libc.a(lib_a-lseekr.o)
 .debug_aranges
                0x00000328       0x20 c:/altera/12.1sp1/nios2eds/bin/gnu/h-i686-mingw32/bin/../lib/gcc/nios2-elf/4.1.2/../../../../nios2-elf/lib\libc.a(lib_a-readr.o)
 .debug_aranges
                0x00000348       0x20 ../HelloMatt_bsp/\libucosii_bsp.a(alt_close.o)
 .debug_aranges
                0x00000368       0x20 ../HelloMatt_bsp/\libucosii_bsp.a(alt_dev.o)
 .debug_aranges
                0x00000388       0x20 ../HelloMatt_bsp/\libucosii_bsp.a(alt_fstat.o)
 .debug_aranges
                0x000003a8       0x20 ../HelloMatt_bsp/\libucosii_bsp.a(alt_isatty.o)
 .debug_aranges
                0x000003c8       0x20 ../HelloMatt_bsp/\libucosii_bsp.a(alt_load.o)
 .debug_aranges
                0x000003e8       0x20 ../HelloMatt_bsp/\libucosii_bsp.a(alt_lseek.o)
 .debug_aranges
                0x00000408       0x20 ../HelloMatt_bsp/\libucosii_bsp.a(alt_main.o)
 .debug_aranges
                0x00000428       0x20 ../HelloMatt_bsp/\libucosii_bsp.a(alt_read.o)
 .debug_aranges
                0x00000448       0x20 ../HelloMatt_bsp/\libucosii_bsp.a(alt_release_fd.o)
 .debug_aranges
                0x00000468       0x20 ../HelloMatt_bsp/\libucosii_bsp.a(alt_sbrk.o)
 .debug_aranges
                0x00000488       0x20 ../HelloMatt_bsp/\libucosii_bsp.a(alt_write.o)
 .debug_aranges
                0x000004a8       0x20 ../HelloMatt_bsp/\libucosii_bsp.a(alt_env_lock.o)
 .debug_aranges
                0x000004c8       0x20 ../HelloMatt_bsp/\libucosii_bsp.a(alt_malloc_lock.o)
 .debug_aranges
                0x000004e8       0x20 ../HelloMatt_bsp/\libucosii_bsp.a(os_core.o)
 .debug_aranges
                0x00000508       0x20 ../HelloMatt_bsp/\libucosii_bsp.a(os_dbg.o)
 .debug_aranges
                0x00000528       0x20 ../HelloMatt_bsp/\libucosii_bsp.a(os_flag.o)
 .debug_aranges
                0x00000548       0x20 ../HelloMatt_bsp/\libucosii_bsp.a(os_mem.o)
 .debug_aranges
                0x00000568       0x20 ../HelloMatt_bsp/\libucosii_bsp.a(os_q.o)
 .debug_aranges
                0x00000588       0x20 ../HelloMatt_bsp/\libucosii_bsp.a(os_sem.o)
 .debug_aranges
                0x000005a8       0x20 ../HelloMatt_bsp/\libucosii_bsp.a(os_task.o)
 .debug_aranges
                0x000005c8       0x20 ../HelloMatt_bsp/\libucosii_bsp.a(os_time.o)
 .debug_aranges
                0x000005e8       0x20 ../HelloMatt_bsp/\libucosii_bsp.a(alt_sys_init.o)
 .debug_aranges
                0x00000608       0x20 ../HelloMatt_bsp/\libucosii_bsp.a(altera_avalon_jtag_uart_fd.o)
 .debug_aranges
                0x00000628       0x20 ../HelloMatt_bsp/\libucosii_bsp.a(altera_avalon_jtag_uart_init.o)
 .debug_aranges
                0x00000648       0x20 ../HelloMatt_bsp/\libucosii_bsp.a(altera_avalon_jtag_uart_ioctl.o)
 .debug_aranges
                0x00000668       0x20 ../HelloMatt_bsp/\libucosii_bsp.a(altera_avalon_jtag_uart_read.o)
 .debug_aranges
                0x00000688       0x20 ../HelloMatt_bsp/\libucosii_bsp.a(altera_avalon_jtag_uart_write.o)
 .debug_aranges
                0x000006a8       0x20 ../HelloMatt_bsp/\libucosii_bsp.a(altera_avalon_timer_sc.o)
 .debug_aranges
                0x000006c8       0x20 ../HelloMatt_bsp/\libucosii_bsp.a(altera_avalon_uart_fd.o)
 .debug_aranges
                0x000006e8       0x20 ../HelloMatt_bsp/\libucosii_bsp.a(altera_avalon_uart_init.o)
 .debug_aranges
                0x00000708       0x20 ../HelloMatt_bsp/\libucosii_bsp.a(altera_avalon_uart_read.o)
 .debug_aranges
                0x00000728       0x20 ../HelloMatt_bsp/\libucosii_bsp.a(altera_avalon_uart_write.o)
 .debug_aranges
                0x00000748       0x20 ../HelloMatt_bsp/\libucosii_bsp.a(alt_alarm_start.o)
 .debug_aranges
                0x00000768       0x20 ../HelloMatt_bsp/\libucosii_bsp.a(alt_dcache_flush_all.o)
 .debug_aranges
                0x00000788       0x20 ../HelloMatt_bsp/\libucosii_bsp.a(alt_dev_llist_insert.o)
 .debug_aranges
                0x000007a8       0x20 ../HelloMatt_bsp/\libucosii_bsp.a(alt_do_ctors.o)
 .debug_aranges
                0x000007c8       0x20 ../HelloMatt_bsp/\libucosii_bsp.a(alt_do_dtors.o)
 .debug_aranges
                0x000007e8       0x20 ../HelloMatt_bsp/\libucosii_bsp.a(alt_icache_flush_all.o)
 .debug_aranges
                0x00000808       0x20 ../HelloMatt_bsp/\libucosii_bsp.a(alt_iic.o)
 .debug_aranges
                0x00000828       0x20 ../HelloMatt_bsp/\libucosii_bsp.a(alt_iic_isr_register.o)
 .debug_aranges
                0x00000848       0x20 ../HelloMatt_bsp/\libucosii_bsp.a(alt_io_redirect.o)
 .debug_aranges
                0x00000868       0x30 ../HelloMatt_bsp/\libucosii_bsp.a(alt_irq_entry.o)
 .debug_aranges
                0x00000898       0x28 ../HelloMatt_bsp/\libucosii_bsp.a(alt_irq_handler.o)
 .debug_aranges
                0x000008c0       0x20 ../HelloMatt_bsp/\libucosii_bsp.a(alt_open.o)
 .debug_aranges
                0x000008e0       0x20 ../HelloMatt_bsp/\libucosii_bsp.a(alt_tick.o)
 .debug_aranges
                0x00000900       0x20 ../HelloMatt_bsp/\libucosii_bsp.a(altera_nios2_qsys_irq.o)
 .debug_aranges
                0x00000920       0x20 ../HelloMatt_bsp/\libucosii_bsp.a(os_cpu_a.o)
 .debug_aranges
                0x00000940       0x20 ../HelloMatt_bsp/\libucosii_bsp.a(os_cpu_c.o)
 .debug_aranges
                0x00000960       0x38 ../HelloMatt_bsp/\libucosii_bsp.a(alt_exception_entry.o)
 .debug_aranges
                0x00000998       0x20 ../HelloMatt_bsp/\libucosii_bsp.a(alt_find_dev.o)
 .debug_aranges
                0x000009b8       0x20 ../HelloMatt_bsp/\libucosii_bsp.a(alt_find_file.o)
 .debug_aranges
                0x000009d8       0x20 ../HelloMatt_bsp/\libucosii_bsp.a(alt_get_fd.o)
 .debug_aranges
                0x000009f8       0x20 ../HelloMatt_bsp/\libucosii_bsp.a(alt_icache_flush.o)
 .debug_aranges
                0x00000a18       0x20 c:/altera/12.1sp1/nios2eds/bin/gnu/h-i686-mingw32/bin/../lib/gcc/nios2-elf/4.1.2/../../../../nios2-elf/lib\libc.a(lib_a-atexit.o)
 .debug_aranges
                0x00000a38       0x20 c:/altera/12.1sp1/nios2eds/bin/gnu/h-i686-mingw32/bin/../lib/gcc/nios2-elf/4.1.2/../../../../nios2-elf/lib\libc.a(lib_a-exit.o)
 .debug_aranges
                0x00000a58       0x20 c:/altera/12.1sp1/nios2eds/bin/gnu/h-i686-mingw32/bin/../lib/gcc/nios2-elf/4.1.2/../../../../nios2-elf/lib\libc.a(lib_a-memcmp.o)
 .debug_aranges
                0x00000a78       0x20 c:/altera/12.1sp1/nios2eds/bin/gnu/h-i686-mingw32/bin/../lib/gcc/nios2-elf/4.1.2/../../../../nios2-elf/lib\libc.a(lib_a-__atexit.o)
 .debug_aranges
                0x00000a98       0x20 c:/altera/12.1sp1/nios2eds/bin/gnu/h-i686-mingw32/bin/../lib/gcc/nios2-elf/4.1.2/../../../../nios2-elf/lib\libc.a(lib_a-__call_atexit.o)
 .debug_aranges
                0x00000ab8       0x20 c:/altera/12.1sp1/nios2eds/bin/gnu/h-i686-mingw32/bin/../lib/gcc/nios2-elf/4.1.2\libgcc.a(lib2-divmod.o)
 .debug_aranges
                0x00000ad8       0x20 ../HelloMatt_bsp/\libucosii_bsp.a(alt_exit.o)

.debug_pubnames
                0x00000000     0x1b98
 *(.debug_pubnames)
 .debug_pubnames
                0x00000000       0x4b obj/default/hello_ucosii.o
 .debug_pubnames
                0x0000004b       0x27 c:/altera/12.1sp1/nios2eds/bin/gnu/h-i686-mingw32/bin/../lib/gcc/nios2-elf/4.1.2/../../../../nios2-elf/lib\libc.a(lib_a-puts.o)
 .debug_pubnames
                0x00000072       0x1d c:/altera/12.1sp1/nios2eds/bin/gnu/h-i686-mingw32/bin/../lib/gcc/nios2-elf/4.1.2/../../../../nios2-elf/lib\libc.a(lib_a-strlen.o)
 .debug_pubnames
                0x0000008f       0x23 c:/altera/12.1sp1/nios2eds/bin/gnu/h-i686-mingw32/bin/../lib/gcc/nios2-elf/4.1.2/../../../../nios2-elf/lib\libc.a(lib_a-fvwrite.o)
 .debug_pubnames
                0x000000b2       0x39 c:/altera/12.1sp1/nios2eds/bin/gnu/h-i686-mingw32/bin/../lib/gcc/nios2-elf/4.1.2/../../../../nios2-elf/lib\libc.a(lib_a-impure.o)
 .debug_pubnames
                0x000000eb       0xce c:/altera/12.1sp1/nios2eds/bin/gnu/h-i686-mingw32/bin/../lib/gcc/nios2-elf/4.1.2/../../../../nios2-elf/lib\libc.a(lib_a-mallocr.o)
 .debug_pubnames
                0x000001b9       0x1d c:/altera/12.1sp1/nios2eds/bin/gnu/h-i686-mingw32/bin/../lib/gcc/nios2-elf/4.1.2/../../../../nios2-elf/lib\libc.a(lib_a-memchr.o)
 .debug_pubnames
                0x000001d6       0x1d c:/altera/12.1sp1/nios2eds/bin/gnu/h-i686-mingw32/bin/../lib/gcc/nios2-elf/4.1.2/../../../../nios2-elf/lib\libc.a(lib_a-memcpy.o)
 .debug_pubnames
                0x000001f3       0x1e c:/altera/12.1sp1/nios2eds/bin/gnu/h-i686-mingw32/bin/../lib/gcc/nios2-elf/4.1.2/../../../../nios2-elf/lib\libc.a(lib_a-memmove.o)
 .debug_pubnames
                0x00000211       0x21 c:/altera/12.1sp1/nios2eds/bin/gnu/h-i686-mingw32/bin/../lib/gcc/nios2-elf/4.1.2/../../../../nios2-elf/lib\libc.a(lib_a-reallocr.o)
 .debug_pubnames
                0x00000232       0x1e c:/altera/12.1sp1/nios2eds/bin/gnu/h-i686-mingw32/bin/../lib/gcc/nios2-elf/4.1.2/../../../../nios2-elf/lib\libc.a(lib_a-sbrkr.o)
 .debug_pubnames
                0x00000250       0x22 c:/altera/12.1sp1/nios2eds/bin/gnu/h-i686-mingw32/bin/../lib/gcc/nios2-elf/4.1.2/../../../../nios2-elf/lib\libc.a(lib_a-wsetup.o)
 .debug_pubnames
                0x00000272       0x2b c:/altera/12.1sp1/nios2eds/bin/gnu/h-i686-mingw32/bin/../lib/gcc/nios2-elf/4.1.2/../../../../nios2-elf/lib\libc.a(lib_a-fflush.o)
 .debug_pubnames
                0x0000029d       0xdb c:/altera/12.1sp1/nios2eds/bin/gnu/h-i686-mingw32/bin/../lib/gcc/nios2-elf/4.1.2/../../../../nios2-elf/lib\libc.a(lib_a-findfp.o)
 .debug_pubnames
                0x00000378       0x31 c:/altera/12.1sp1/nios2eds/bin/gnu/h-i686-mingw32/bin/../lib/gcc/nios2-elf/4.1.2/../../../../nios2-elf/lib\libc.a(lib_a-freer.o)
 .debug_pubnames
                0x000003a9       0x2e c:/altera/12.1sp1/nios2eds/bin/gnu/h-i686-mingw32/bin/../lib/gcc/nios2-elf/4.1.2/../../../../nios2-elf/lib\libc.a(lib_a-fwalk.o)
 .debug_pubnames
                0x000003d7       0x1c c:/altera/12.1sp1/nios2eds/bin/gnu/h-i686-mingw32/bin/../lib/gcc/nios2-elf/4.1.2/../../../../nios2-elf/lib\libc.a(lib_a-int_errno.o)
 .debug_pubnames
                0x000003f3       0x23 c:/altera/12.1sp1/nios2eds/bin/gnu/h-i686-mingw32/bin/../lib/gcc/nios2-elf/4.1.2/../../../../nios2-elf/lib\libc.a(lib_a-makebuf.o)
 .debug_pubnames
                0x00000416       0x1d c:/altera/12.1sp1/nios2eds/bin/gnu/h-i686-mingw32/bin/../lib/gcc/nios2-elf/4.1.2/../../../../nios2-elf/lib\libc.a(lib_a-memset.o)
 .debug_pubnames
                0x00000433       0x44 c:/altera/12.1sp1/nios2eds/bin/gnu/h-i686-mingw32/bin/../lib/gcc/nios2-elf/4.1.2/../../../../nios2-elf/lib\libc.a(lib_a-stdio.o)
 .debug_pubnames
                0x00000477       0x1f c:/altera/12.1sp1/nios2eds/bin/gnu/h-i686-mingw32/bin/../lib/gcc/nios2-elf/4.1.2/../../../../nios2-elf/lib\libc.a(lib_a-writer.o)
 .debug_pubnames
                0x00000496       0x1f c:/altera/12.1sp1/nios2eds/bin/gnu/h-i686-mingw32/bin/../lib/gcc/nios2-elf/4.1.2/../../../../nios2-elf/lib\libc.a(lib_a-closer.o)
 .debug_pubnames
                0x000004b5       0x2b c:/altera/12.1sp1/nios2eds/bin/gnu/h-i686-mingw32/bin/../lib/gcc/nios2-elf/4.1.2/../../../../nios2-elf/lib\libc.a(lib_a-fclose.o)
 .debug_pubnames
                0x000004e0       0x1f c:/altera/12.1sp1/nios2eds/bin/gnu/h-i686-mingw32/bin/../lib/gcc/nios2-elf/4.1.2/../../../../nios2-elf/lib\libc.a(lib_a-fstatr.o)
 .debug_pubnames
                0x000004ff       0x20 c:/altera/12.1sp1/nios2eds/bin/gnu/h-i686-mingw32/bin/../lib/gcc/nios2-elf/4.1.2/../../../../nios2-elf/lib\libc.a(lib_a-isattyr.o)
 .debug_pubnames
                0x0000051f       0x1f c:/altera/12.1sp1/nios2eds/bin/gnu/h-i686-mingw32/bin/../lib/gcc/nios2-elf/4.1.2/../../../../nios2-elf/lib\libc.a(lib_a-lseekr.o)
 .debug_pubnames
                0x0000053e       0x1e c:/altera/12.1sp1/nios2eds/bin/gnu/h-i686-mingw32/bin/../lib/gcc/nios2-elf/4.1.2/../../../../nios2-elf/lib\libc.a(lib_a-readr.o)
 .debug_pubnames
                0x0000055c       0x1c ../HelloMatt_bsp/\libucosii_bsp.a(alt_close.o)
 .debug_pubnames
                0x00000578       0x78 ../HelloMatt_bsp/\libucosii_bsp.a(alt_dev.o)
 .debug_pubnames
                0x000005f0       0x20 ../HelloMatt_bsp/\libucosii_bsp.a(alt_errno.o)
 .debug_pubnames
                0x00000610       0x1c ../HelloMatt_bsp/\libucosii_bsp.a(alt_fstat.o)
 .debug_pubnames
                0x0000062c       0x1d ../HelloMatt_bsp/\libucosii_bsp.a(alt_isatty.o)
 .debug_pubnames
                0x00000649       0x1f ../HelloMatt_bsp/\libucosii_bsp.a(alt_load.o)
 .debug_pubnames
                0x00000668       0x1c ../HelloMatt_bsp/\libucosii_bsp.a(alt_lseek.o)
 .debug_pubnames
                0x00000684       0x46 ../HelloMatt_bsp/\libucosii_bsp.a(alt_main.o)
 .debug_pubnames
                0x000006ca       0x1b ../HelloMatt_bsp/\libucosii_bsp.a(alt_read.o)
 .debug_pubnames
                0x000006e5       0x25 ../HelloMatt_bsp/\libucosii_bsp.a(alt_release_fd.o)
 .debug_pubnames
                0x0000070a       0x1b ../HelloMatt_bsp/\libucosii_bsp.a(alt_sbrk.o)
 .debug_pubnames
                0x00000725       0x1c ../HelloMatt_bsp/\libucosii_bsp.a(alt_write.o)
 .debug_pubnames
                0x00000741       0x41 ../HelloMatt_bsp/\libucosii_bsp.a(alt_env_lock.o)
 .debug_pubnames
                0x00000782       0x48 ../HelloMatt_bsp/\libucosii_bsp.a(alt_malloc_lock.o)
 .debug_pubnames
                0x000007ca      0x3f8 ../HelloMatt_bsp/\libucosii_bsp.a(os_core.o)
 .debug_pubnames
                0x00000bc2      0x3c5 ../HelloMatt_bsp/\libucosii_bsp.a(os_dbg.o)
 .debug_pubnames
                0x00000f87       0xd0 ../HelloMatt_bsp/\libucosii_bsp.a(os_flag.o)
 .debug_pubnames
                0x00001057       0x7c ../HelloMatt_bsp/\libucosii_bsp.a(os_mem.o)
 .debug_pubnames
                0x000010d3       0xa9 ../HelloMatt_bsp/\libucosii_bsp.a(os_q.o)
 .debug_pubnames
                0x0000117c       0x8a ../HelloMatt_bsp/\libucosii_bsp.a(os_sem.o)
 .debug_pubnames
                0x00001206       0xe5 ../HelloMatt_bsp/\libucosii_bsp.a(os_task.o)
 .debug_pubnames
                0x000012eb       0x62 ../HelloMatt_bsp/\libucosii_bsp.a(os_time.o)
 .debug_pubnames
                0x0000134d       0x34 ../HelloMatt_bsp/\libucosii_bsp.a(alt_sys_init.o)
 .debug_pubnames
                0x00001381       0xa5 ../HelloMatt_bsp/\libucosii_bsp.a(altera_avalon_jtag_uart_fd.o)
 .debug_pubnames
                0x00001426       0x55 ../HelloMatt_bsp/\libucosii_bsp.a(altera_avalon_jtag_uart_init.o)
 .debug_pubnames
                0x0000147b       0x34 ../HelloMatt_bsp/\libucosii_bsp.a(altera_avalon_jtag_uart_ioctl.o)
 .debug_pubnames
                0x000014af       0x33 ../HelloMatt_bsp/\libucosii_bsp.a(altera_avalon_jtag_uart_read.o)
 .debug_pubnames
                0x000014e2       0x34 ../HelloMatt_bsp/\libucosii_bsp.a(altera_avalon_jtag_uart_write.o)
 .debug_pubnames
                0x00001516       0x2f ../HelloMatt_bsp/\libucosii_bsp.a(altera_avalon_timer_sc.o)
 .debug_pubnames
                0x00001545       0x71 ../HelloMatt_bsp/\libucosii_bsp.a(altera_avalon_uart_fd.o)
 .debug_pubnames
                0x000015b6       0x4b ../HelloMatt_bsp/\libucosii_bsp.a(altera_avalon_uart_init.o)
 .debug_pubnames
                0x00001601       0x2e ../HelloMatt_bsp/\libucosii_bsp.a(altera_avalon_uart_read.o)
 .debug_pubnames
                0x0000162f       0x2f ../HelloMatt_bsp/\libucosii_bsp.a(altera_avalon_uart_write.o)
 .debug_pubnames
                0x0000165e       0x26 ../HelloMatt_bsp/\libucosii_bsp.a(alt_alarm_start.o)
 .debug_pubnames
                0x00001684       0x2b ../HelloMatt_bsp/\libucosii_bsp.a(alt_dcache_flush_all.o)
 .debug_pubnames
                0x000016af       0x2b ../HelloMatt_bsp/\libucosii_bsp.a(alt_dev_llist_insert.o)
 .debug_pubnames
                0x000016da       0x20 ../HelloMatt_bsp/\libucosii_bsp.a(alt_do_ctors.o)
 .debug_pubnames
                0x000016fa       0x20 ../HelloMatt_bsp/\libucosii_bsp.a(alt_do_dtors.o)
 .debug_pubnames
                0x0000171a       0x2b ../HelloMatt_bsp/\libucosii_bsp.a(alt_icache_flush_all.o)
 .debug_pubnames
                0x00001745       0x6e ../HelloMatt_bsp/\libucosii_bsp.a(alt_iic.o)
 .debug_pubnames
                0x000017b3       0x2b ../HelloMatt_bsp/\libucosii_bsp.a(alt_iic_isr_register.o)
 .debug_pubnames
                0x000017de       0x26 ../HelloMatt_bsp/\libucosii_bsp.a(alt_io_redirect.o)
 .debug_pubnames
                0x00001804       0x32 ../HelloMatt_bsp/\libucosii_bsp.a(alt_irq_handler.o)
 .debug_pubnames
                0x00001836       0x3b ../HelloMatt_bsp/\libucosii_bsp.a(alt_irq_vars.o)
 .debug_pubnames
                0x00001871       0x1b ../HelloMatt_bsp/\libucosii_bsp.a(alt_open.o)
 .debug_pubnames
                0x0000188c       0x68 ../HelloMatt_bsp/\libucosii_bsp.a(alt_tick.o)
 .debug_pubnames
                0x000018f4       0x31 ../HelloMatt_bsp/\libucosii_bsp.a(altera_nios2_qsys_irq.o)
 .debug_pubnames
                0x00001925       0xcd ../HelloMatt_bsp/\libucosii_bsp.a(os_cpu_c.o)
 .debug_pubnames
                0x000019f2       0x23 ../HelloMatt_bsp/\libucosii_bsp.a(alt_find_dev.o)
 .debug_pubnames
                0x00001a15       0x24 ../HelloMatt_bsp/\libucosii_bsp.a(alt_find_file.o)
 .debug_pubnames
                0x00001a39       0x21 ../HelloMatt_bsp/\libucosii_bsp.a(alt_get_fd.o)
 .debug_pubnames
                0x00001a5a       0x27 ../HelloMatt_bsp/\libucosii_bsp.a(alt_icache_flush.o)
 .debug_pubnames